Archive member included to satisfy reference by file (symbol)

lib/libacconeer.a(acc_rss.o)  out/obj/reg_interface.o (symbol from plugin) (acc_rss_activate)
lib/libacconeer.a(acc_service_envelope.o)
                              out/obj/reg_interface.o (symbol from plugin) (acc_service_envelope_configuration_create)
lib/libacconeer.a(acc_service_manager.o)
                              acc_rss.o (symbol from plugin) (acc_service_manager_activate)
lib/libacconeer.a(acc_service_sparse.o)
                              out/obj/reg_interface.o (symbol from plugin) (acc_service_sparse_configuration_create)
lib/libacconeer.a(acc_service.o)
                              acc_service_envelope.o (symbol from plugin) (acc_service_get_base_configuration)
lib/libacconeer.a(acc_base_configuration.o)
                              acc_service.o (symbol from plugin) (acc_base_configuration_sensor_get)
lib/libacconeer.a(acc_rss_integration.o)
                              acc_rss.o (symbol from plugin) (concrete_hal)
lib/libacconeer.a(acc_pipeline_direct.o)
                              acc_service_sparse.o (symbol from plugin) (acc_pipeline_direct_assemble)
lib/libacconeer.a(acc_pipeline_envelope.o)
                              acc_service_envelope.o (symbol from plugin) (acc_pipeline_envelope_assemble)
lib/libacconeer.a(acc_radar_engine_linear.o)
                              acc_service_envelope.o (symbol from plugin) (acc_radar_engine_linear_create)
lib/libacconeer.a(acc_radar_engine_sparse.o)
                              acc_service_sparse.o (symbol from plugin) (acc_radar_engine_sparse_create)
lib/libacconeer.a(acc_radar_engine.o)
                              acc_radar_engine_linear.o (symbol from plugin) (acc_radar_engine_acquire_adc_data)
lib/libacconeer.a(acc_radar_engine_common_sweep_w_dly.o)
                              acc_radar_engine_linear.o (symbol from plugin) (acc_radar_engine_common_sweep_w_dly_initialize_range)
lib/libacconeer.a(acc_radar_engine_common.o)
                              acc_radar_engine_linear.o (symbol from plugin) (acc_radar_engine_common_get_timeout_ms)
lib/libacconeer.a(acc_sensor_comm_r2.o)
                              acc_radar_engine_linear.o (symbol from plugin) (acc_sensor_r2_get_max_header_length)
lib/libacconeer.a(acc_sensor_manager.o)
                              acc_rss.o (symbol from plugin) (acc_sensor_manager_activate)
lib/libacconeer.a(acc_sensor_protocol_r2.o)
                              acc_radar_engine_linear.o (symbol from plugin) (acc_sensor_protocol_r2_ack_event)
lib/libacconeer.a(acc_sweep_manager.o)
                              acc_sensor_manager.o (symbol from plugin) (acc_sweep_manager_prepare)
lib/libacconeer.a(acc_utils.o)
                              acc_rss_integration.o (symbol from plugin) (acc_utils_swap16_array)
lib/libacconeer.a(acc_alg_cca.o)
                              acc_radar_engine_linear.o (symbol from plugin) (acc_alg_cca_calculate)
lib/libacconeer.a(acc_assert.o)
                              acc_rss_integration.o (symbol from plugin) (acc_assert_fail)
lib/libacconeer.a(acc_element.o)
                              acc_pipeline_envelope.o (symbol from plugin) (acc_element_sizeof)
lib/libacconeer.a(acc_element_abs.o)
                              acc_pipeline_envelope.o (symbol from plugin) (acc_element_abs_init)
lib/libacconeer.a(acc_element_centering.o)
                              acc_pipeline_envelope.o (symbol from plugin) (acc_element_centering_init)
lib/libacconeer.a(acc_element_converter.o)
                              acc_pipeline_envelope.o (symbol from plugin) (acc_element_converter_init)
lib/libacconeer.a(acc_element_crop.o)
                              acc_pipeline_envelope.o (symbol from plugin) (acc_element_crop_init)
lib/libacconeer.a(acc_element_depth_domain_low_pass_filter.o)
                              acc_pipeline_envelope.o (symbol from plugin) (acc_element_depth_domain_low_pass_filter_init)
lib/libacconeer.a(acc_element_iq_mixer.o)
                              acc_pipeline_envelope.o (symbol from plugin) (acc_element_iq_mixer_init)
lib/libacconeer.a(acc_element_noise_level_normalization.o)
                              acc_pipeline_envelope.o (symbol from plugin) (acc_element_noise_level_normalization_init)
lib/libacconeer.a(acc_element_phase_compensation.o)
                              acc_pipeline_envelope.o (symbol from plugin) (acc_element_phase_compensation_init)
lib/libacconeer.a(acc_element_saturation_check.o)
                              acc_pipeline_direct.o (symbol from plugin) (acc_element_saturation_check_init)
lib/libacconeer.a(acc_element_time_domain_low_pass_filter.o)
                              acc_pipeline_envelope.o (symbol from plugin) (acc_element_time_domain_low_pass_filter_init)
lib/libacconeer.a(acc_element_sink_callback.o)
                              acc_pipeline_direct.o (symbol from plugin) (acc_element_sink_callback_init)
lib/libacconeer.a(acc_element_source_adc.o)
[...]
Memory Configuration

Name             Origin             Length             Attributes
RAM              0x0000000020000000 0x0000000000009000 xrw
FLASH            0x0000000008000000 0x0000000000020000 xr
*default*        0x0000000000000000 0xffffffffffffffff

Linker script and memory map

LOAD /mnt/d/Git/acconeer/compilers/gcc-arm-none-eabi-7-2018-q2-update/bin/../lib/gcc/arm-none-eabi/7.3.1/thumb/v6-m/crti.o
LOAD /mnt/d/Git/acconeer/compilers/gcc-arm-none-eabi-7-2018-q2-update/bin/../lib/gcc/arm-none-eabi/7.3.1/thumb/v6-m/crtbegin.o
LOAD /mnt/d/Git/acconeer/compilers/gcc-arm-none-eabi-7-2018-q2-update/bin/../lib/gcc/arm-none-eabi/7.3.1/../../../../arm-none-eabi/lib/thumb/v6-m/crt0.o
LOAD /tmp/ccIX0lZb.ltrans0.ltrans.o
LOAD /tmp/ccIX0lZb.ltrans1.ltrans.o
LOAD out/obj/syscalls.o
LOAD out/obj/startup_stm32g071xx.o
LOAD out/obj/sysmem.o
START GROUP
LOAD lib/libacc_detector_distance.a
LOAD lib/libacc_detector_presence.a
LOAD lib/libacc_rf_certification_test.a
LOAD lib/libacconeer.a
LOAD /mnt/d/Git/acconeer/compilers/gcc-arm-none-eabi-7-2018-q2-update/bin/../lib/gcc/arm-none-eabi/7.3.1/../../../../arm-none-eabi/lib/thumb/v6-m/libm.a
LOAD out/lib/libwrapprintf.a
LOAD out/lib/libstm32cube_fw_g0.a
END GROUP
START GROUP
LOAD /mnt/d/Git/acconeer/compilers/gcc-arm-none-eabi-7-2018-q2-update/bin/../lib/gcc/arm-none-eabi/7.3.1/thumb/v6-m/libgcc.a
LOAD /mnt/d/Git/acconeer/compilers/gcc-arm-none-eabi-7-2018-q2-update/bin/../lib/gcc/arm-none-eabi/7.3.1/../../../../arm-none-eabi/lib/thumb/v6-m/libc_nano.a
END GROUP
START GROUP
LOAD /mnt/d/Git/acconeer/compilers/gcc-arm-none-eabi-7-2018-q2-update/bin/../lib/gcc/arm-none-eabi/7.3.1/thumb/v6-m/libgcc.a
LOAD /mnt/d/Git/acconeer/compilers/gcc-arm-none-eabi-7-2018-q2-update/bin/../lib/gcc/arm-none-eabi/7.3.1/../../../../arm-none-eabi/lib/thumb/v6-m/libc_nano.a
LOAD /mnt/d/Git/acconeer/compilers/gcc-arm-none-eabi-7-2018-q2-update/bin/../lib/gcc/arm-none-eabi/7.3.1/../../../../arm-none-eabi/lib/thumb/v6-m/libnosys.a
END GROUP
START GROUP
LOAD /mnt/d/Git/acconeer/compilers/gcc-arm-none-eabi-7-2018-q2-update/bin/../lib/gcc/arm-none-eabi/7.3.1/thumb/v6-m/libgcc.a
LOAD /mnt/d/Git/acconeer/compilers/gcc-arm-none-eabi-7-2018-q2-update/bin/../lib/gcc/arm-none-eabi/7.3.1/../../../../arm-none-eabi/lib/thumb/v6-m/libc_nano.a
LOAD /mnt/d/Git/acconeer/compilers/gcc-arm-none-eabi-7-2018-q2-update/bin/../lib/gcc/arm-none-eabi/7.3.1/../../../../arm-none-eabi/lib/thumb/v6-m/libnosys.a
END GROUP
LOAD /mnt/d/Git/acconeer/compilers/gcc-arm-none-eabi-7-2018-q2-update/bin/../lib/gcc/arm-none-eabi/7.3.1/thumb/v6-m/crtend.o
LOAD /mnt/d/Git/acconeer/compilers/gcc-arm-none-eabi-7-2018-q2-update/bin/../lib/gcc/arm-none-eabi/7.3.1/thumb/v6-m/crtn.o
                0x0000000020009000                _estack = 0x20009000
                0x0000000000000200                _Min_Heap_Size = 0x200
                0x0000000000001400                _Min_Stack_Size = 0x1400

.isr_vector     0x0000000008000000       0xbc
                0x0000000008000000                . = ALIGN (0x4)
 *(.isr_vector)
 .isr_vector    0x0000000008000000       0xbc out/obj/startup_stm32g071xx.o
                0x0000000008000000                g_pfnVectors
                0x00000000080000bc                . = ALIGN (0x4)

.text           0x00000000080000bc    0x143b0
                0x00000000080000bc                . = ALIGN (0x4)
 *(.text)
 .text          0x00000000080000bc       0x48 /mnt/d/Git/acconeer/compilers/gcc-arm-none-eabi-7-2018-q2-update/bin/../lib/gcc/arm-none-eabi/7.3.1/thumb/v6-m/crtbegin.o
 .text          0x0000000008000104     0x9134 /tmp/ccIX0lZb.ltrans0.ltrans.o
                0x0000000008000300                filter_no_operation.lto_priv.167
                0x0000000008000598                reset.lto_priv.162.lto_priv.249
                0x0000000008001518                acc_sensor_protocol_r2_ack_event
                0x0000000008002898                acc_assert_fail
                0x00000000080028b8                do_phase_compensation_q3_12.lto_priv.250
                0x0000000008002b60                acc_sensor_protocol_r2_wait_for_specific_event
                0x0000000008002bc0                acc_sensor_protocol_r2_is_sensor_running
                0x0000000008002bda                acc_sensor_protocol_r2_run_program
                0x0000000008002e6c                acc_sensor_manager_hibernate_enter.lto_priv.247
                0x0000000008002ea4                acc_rss_integration_mem_alloc_debug
                0x0000000008002ec8                acc_rss_integration_sensor_device_transfer
                0x0000000008002f04                acc_sensor_r2_load_confmem
                0x0000000008002f6c                acc_rss_integration_sensor_device_power_off
                0x0000000008003d28                acc_sensor_manager_power_on_and_start_sensor.lto_priv.248
                0x00000000080040b0                acc_rss_integration_get_sensor_reference_frequency
                0x00000000080057a8                HAL_UART_RxCpltCallback
                0x0000000008005810                RegInt_getreg
                0x0000000008005b08                RegInt_setregf
                0x0000000008007310                SystemInit
                0x0000000008007320                USART1_IRQHandler
                0x00000000080074c4                I2C1_IRQHandler
                0x0000000008007558                DMA1_Channel2_3_IRQHandler
                0x0000000008007568                DMA1_Channel1_IRQHandler
                0x0000000008007578                EXTI4_15_IRQHandler
                0x0000000008007582                EXTI2_3_IRQHandler
                0x000000000800758c                RTC_TAMP_IRQHandler
                0x00000000080075ec                SysTick_Handler
                0x00000000080075fc                PendSV_Handler
                0x00000000080075fe                NMI_Handler
                0x0000000008007600                SVC_Handler
                0x0000000008007602                HardFault_Handler
                0x0000000008009208                acc_sensor_r2_conf_write_instr
 .text          0x0000000008009238     0x3ff4 /tmp/ccIX0lZb.ltrans1.ltrans.o
                0x0000000008009458                UART_DMAAbortOnError.lto_priv.342
                0x000000000800967c                validate.lto_priv.161
                0x00000000080096e4                reset.lto_priv.166.lto_priv.328
                0x00000000080096e6                consume.lto_priv.327
                0x00000000080096fc                validate.lto_priv.160
                0x0000000008009750                reset.lto_priv.165
                0x0000000008009760                filter_q3_12_complex.lto_priv.274
                0x00000000080097e0                validate.lto_priv.159
                0x0000000008009834                event.lto_priv.171
                0x0000000008009850                saturation_check_i16.lto_priv.331
                0x00000000080098ac                validate.lto_priv.158
                0x000000000800991c                event.lto_priv.170.lto_priv.339
                0x0000000008009b48                event.lto_priv.172
                0x0000000008009b7a                reset.lto_priv.164.lto_priv.329
                0x0000000008009b82                reset.lto_priv.163.lto_priv.340
                0x0000000008009b8a                phase_compensate_q3_12_complex.lto_priv.341
                0x0000000008009b9e                SPI_WaitFlagStateUntilTimeout.part.0.constprop.157
                0x0000000008009c08                HAL_RTCEx_DeactivateWakeUpTimer.constprop.148
                0x0000000008009c88                HAL_RTCEx_SetWakeUpTimer_IT.constprop.147
                0x0000000008009d44                acc_integration_sleep_us.constprop.145
                0x0000000008009d88                HAL_GPIO_DeInit.constprop.142
                0x0000000008009e38                HAL_UART_Transmit_IT.constprop.119
                0x0000000008009f00                RTC_ExitInitMode.constprop.106
                0x0000000008009f50                RTC_EnterInitMode.constprop.105
                0x0000000008009f94                FLASH_WaitForLastOperation.constprop.92
                0x000000000800a010                HAL_UART_Receive_IT.constprop.83
                0x000000000800a12c                acc_rss_integration_mem_calloc_debug.constprop.77
                0x000000000800a144                Reg_regor.constprop.73
                0x000000000800a15c                internal_buffer_processed_read.constprop.30
                0x000000000800a1e8                acc_sensor_reg_write
                0x000000000800a202                acc_diagnostic_log_data_i16.constprop.20
                0x000000000800a204                acc_confprogram_live_patch.constprop.16
                0x000000000800a334                get_dt.constprop.10
                0x000000000800a36c                points_to_meter.constprop.9
                0x000000000800a398                UARTEx_SetNbDataToProcess.lto_priv.643
                0x000000000800a3fc                HAL_UARTEx_DisableFifoMode
                0x000000000800a434                HAL_UART_Transmit
                0x000000000800a508                RTC_ByteToBcd2
                0x000000000800a51e                HAL_RTC_SetAlarm_IT.constprop.129
                0x000000000800a65c                HAL_InitTick
                0x000000000800a6b8                HAL_DMA_DeInit.part.1
                0x000000000800a73c                HAL_DMA_IRQHandler
                0x000000000800a7e4                HAL_DMA_Abort_IT
                0x000000000800a860                I2C_ITError.lto_priv.644
                0x000000000800ab90                HAL_RCC_GetSysClockFreq
                0x000000000800ac1c                HAL_GPIO_EXTI_IRQHandler
                0x000000000800ac34                HAL_GPIO_Init
                0x000000000800ad84                HAL_UART_Init.constprop.94
                0x000000000800b868                biquad_q3_12_complex_direct_form_1.lto_priv.639
                0x000000000800b964                acc_confprogram_copy
                0x000000000800b964                acc_utils_uint32_to_transfer_buffer
                0x000000000800b9f4                acc_confprogram_patch_offset
                0x000000000800bb18                acc_diagnostic_log_data_u16
                0x000000000800bb1a                acc_diagnostic_log_scalar
                0x000000000800bb1c                acc_diagnostic_log_array
                0x000000000800bb1e                acc_diagnostic_log_set_parameter
                0x000000000800bb20                acc_diagnostic_log_declare_parameter
                0x000000000800bb22                acc_diagnostic_log_set_scope
                0x000000000800bb24                accumulator_mod.lto_priv.638
                0x000000000800bb60                acc_alg_basic_saturation_check_u16
                0x000000000800bbbc                saturation_check_u16.lto_priv.330
                0x000000000800bbc4                eval_even_poly_f32.lto_priv.642
                0x000000000800bbf6                quarter_pi_cos_sin_f32.lto_priv.641
                0x000000000800bc3c                acc_alg_basic_math_q3_12_sin
                0x000000000800bc68                acc_alg_basic_math_q3_12_complex_scalar_abs
                0x000000000800bccc                internal_reg_read.lto_priv.640
                0x000000000800bd1a                acc_sensor_diagnostics_r2_sensor_status
                0x000000000800c110                acc_sensor_protocol_r2_wait_for_event.constprop.27
                0x000000000800c264                acc_sensor_protocol_r2_stop.constprop.25
                0x000000000800c2f0                acc_sensor_protocol_r2_prepare_load.constprop.21
                0x000000000800c3e0                acc_cpd_linear_sweep_get_info
                0x000000000800c40a                acc_cpd_linear_sweep_update_program
                0x000000000800c460                acc_probes_execute
                0x000000000800c47c                acc_cpd_linear_sweep_load_program
                0x000000000800cd54                acc_probes_execute_primitive_probe
                0x000000000800cd6c                acc_probes_execute_uint16
                0x000000000800cd8a                acc_cpd_cbank_and_vana_calibration
                0x000000000800d084                acc_element_source_adc_inject_data
                0x000000000800d0ac                acc_element_source_adc_produce
 .text          0x000000000800d22c      0x334 /mnt/d/Git/acconeer/compilers/gcc-arm-none-eabi-7-2018-q2-update/bin/../lib/gcc/arm-none-eabi/7.3.1/thumb/v6-m/libgcc.a(addsf3.o)
                0x000000000800d22c                __aeabi_fadd
 .text          0x000000000800d560      0x224 /mnt/d/Git/acconeer/compilers/gcc-arm-none-eabi-7-2018-q2-update/bin/../lib/gcc/arm-none-eabi/7.3.1/thumb/v6-m/libgcc.a(divsf3.o)
                0x000000000800d560                __aeabi_fdiv
 .text          0x000000000800d784      0x264 /mnt/d/Git/acconeer/compilers/gcc-arm-none-eabi-7-2018-q2-update/bin/../lib/gcc/arm-none-eabi/7.3.1/thumb/v6-m/libgcc.a(mulsf3.o)
                0x000000000800d784                __aeabi_fmul
 .text          0x000000000800d9e8      0x388 /mnt/d/Git/acconeer/compilers/gcc-arm-none-eabi-7-2018-q2-update/bin/../lib/gcc/arm-none-eabi/7.3.1/thumb/v6-m/libgcc.a(subsf3.o)
                0x000000000800d9e8                __aeabi_fsub
 .text          0x000000000800dd70       0x3c /mnt/d/Git/acconeer/compilers/gcc-arm-none-eabi-7-2018-q2-update/bin/../lib/gcc/arm-none-eabi/7.3.1/thumb/v6-m/libgcc.a(_clzsi2.o)
                0x000000000800dd70                __clzsi2
 .text          0x000000000800ddac       0x14 /mnt/d/Git/acconeer/compilers/gcc-arm-none-eabi-7-2018-q2-update/bin/../lib/gcc/arm-none-eabi/7.3.1/thumb/v6-m/libgcc.a(_thumb1_case_sqi.o)
                0x000000000800ddac                __gnu_thumb1_case_sqi
 .text          0x000000000800ddc0       0x14 /mnt/d/Git/acconeer/compilers/gcc-arm-none-eabi-7-2018-q2-update/bin/../lib/gcc/arm-none-eabi/7.3.1/thumb/v6-m/libgcc.a(_thumb1_case_uqi.o)
                0x000000000800ddc0                __gnu_thumb1_case_uqi
 .text          0x000000000800ddd4       0x14 /mnt/d/Git/acconeer/compilers/gcc-arm-none-eabi-7-2018-q2-update/bin/../lib/gcc/arm-none-eabi/7.3.1/thumb/v6-m/libgcc.a(_thumb1_case_uhi.o)
                0x000000000800ddd4                __gnu_thumb1_case_uhi
 .text          0x000000000800dde8      0x114 /mnt/d/Git/acconeer/compilers/gcc-arm-none-eabi-7-2018-q2-update/bin/../lib/gcc/arm-none-eabi/7.3.1/thumb/v6-m/libgcc.a(_udivsi3.o)
                0x000000000800dde8                __udivsi3
                0x000000000800dde8                __aeabi_uidiv
                0x000000000800def4                __aeabi_uidivmod
 .text          0x000000000800defc      0x1d4 /mnt/d/Git/acconeer/compilers/gcc-arm-none-eabi-7-2018-q2-update/bin/../lib/gcc/arm-none-eabi/7.3.1/thumb/v6-m/libgcc.a(_divsi3.o)
                0x000000000800defc                __aeabi_idiv
                0x000000000800defc                __divsi3
                0x000000000800e0c8                __aeabi_idivmod
 .text          0x000000000800e0d0        0x4 /mnt/d/Git/acconeer/compilers/gcc-arm-none-eabi-7-2018-q2-update/bin/../lib/gcc/arm-none-eabi/7.3.1/thumb/v6-m/libgcc.a(_dvmd_tls.o)
                0x000000000800e0d0                __aeabi_ldiv0
                0x000000000800e0d0                __aeabi_idiv0
 .text          0x000000000800e0d4       0x7c /mnt/d/Git/acconeer/compilers/gcc-arm-none-eabi-7-2018-q2-update/bin/../lib/gcc/arm-none-eabi/7.3.1/thumb/v6-m/libgcc.a(_arm_cmpdf2.o)
                0x000000000800e0d4                __aeabi_cdrcmple
                0x000000000800e0e4                __aeabi_cdcmple
                0x000000000800e0e4                __aeabi_cdcmpeq
                0x000000000800e0f4                __aeabi_dcmpeq
                0x000000000800e100                __aeabi_dcmplt
                0x000000000800e114                __aeabi_dcmple
                0x000000000800e128                __aeabi_dcmpgt
                0x000000000800e13c                __aeabi_dcmpge
 .text          0x000000000800e150       0x74 /mnt/d/Git/acconeer/compilers/gcc-arm-none-eabi-7-2018-q2-update/bin/../lib/gcc/arm-none-eabi/7.3.1/thumb/v6-m/libgcc.a(_arm_cmpsf2.o)
                0x000000000800e150                __aeabi_cfrcmple
                0x000000000800e158                __aeabi_cfcmple
                0x000000000800e158                __aeabi_cfcmpeq
                0x000000000800e168                __aeabi_fcmpeq
                0x000000000800e174                __aeabi_fcmplt
                0x000000000800e188                __aeabi_fcmple
                0x000000000800e19c                __aeabi_fcmpgt
                0x000000000800e1b0                __aeabi_fcmpge
 .text          0x000000000800e1c4       0x40 /mnt/d/Git/acconeer/compilers/gcc-arm-none-eabi-7-2018-q2-update/bin/../lib/gcc/arm-none-eabi/7.3.1/thumb/v6-m/libgcc.a(_aeabi_uldivmod.o)
                0x000000000800e1c4                __aeabi_uldivmod
 .text          0x000000000800e204       0x30 /mnt/d/Git/acconeer/compilers/gcc-arm-none-eabi-7-2018-q2-update/bin/../lib/gcc/arm-none-eabi/7.3.1/thumb/v6-m/libgcc.a(_fixunssfsi.o)
                0x000000000800e204                __aeabi_f2uiz
                0x000000000800e204                __fixunssfsi
 .text          0x000000000800e234      0x184 /mnt/d/Git/acconeer/compilers/gcc-arm-none-eabi-7-2018-q2-update/bin/../lib/gcc/arm-none-eabi/7.3.1/thumb/v6-m/libgcc.a(_udivmoddi4.o)
                0x000000000800e234                __udivmoddi4
 .text          0x000000000800e3b8       0x50 /mnt/d/Git/acconeer/compilers/gcc-arm-none-eabi-7-2018-q2-update/bin/../lib/gcc/arm-none-eabi/7.3.1/thumb/v6-m/libgcc.a(eqsf2.o)
                0x000000000800e3b8                __nesf2
                0x000000000800e3b8                __eqsf2
 .text          0x000000000800e408       0x9c /mnt/d/Git/acconeer/compilers/gcc-arm-none-eabi-7-2018-q2-update/bin/../lib/gcc/arm-none-eabi/7.3.1/thumb/v6-m/libgcc.a(gesf2.o)
                0x000000000800e408                __gtsf2
                0x000000000800e408                __gesf2
 .text          0x000000000800e4a4       0xa0 /mnt/d/Git/acconeer/compilers/gcc-arm-none-eabi-7-2018-q2-update/bin/../lib/gcc/arm-none-eabi/7.3.1/thumb/v6-m/libgcc.a(lesf2.o)
                0x000000000800e4a4                __lesf2
                0x000000000800e4a4                __ltsf2
 .text          0x000000000800e544       0x2c /mnt/d/Git/acconeer/compilers/gcc-arm-none-eabi-7-2018-q2-update/bin/../lib/gcc/arm-none-eabi/7.3.1/thumb/v6-m/libgcc.a(unordsf2.o)
                0x000000000800e544                __aeabi_fcmpun
 .text          0x000000000800e570       0x40 /mnt/d/Git/acconeer/compilers/gcc-arm-none-eabi-7-2018-q2-update/bin/../lib/gcc/arm-none-eabi/7.3.1/thumb/v6-m/libgcc.a(fixsfsi.o)
                0x000000000800e570                __aeabi_f2iz
 .text          0x000000000800e5b0       0x94 /mnt/d/Git/acconeer/compilers/gcc-arm-none-eabi-7-2018-q2-update/bin/../lib/gcc/arm-none-eabi/7.3.1/thumb/v6-m/libgcc.a(floatsisf.o)
                0x000000000800e5b0                __aeabi_i2f
 .text          0x000000000800e644       0x80 /mnt/d/Git/acconeer/compilers/gcc-arm-none-eabi-7-2018-q2-update/bin/../lib/gcc/arm-none-eabi/7.3.1/thumb/v6-m/libgcc.a(floatunsisf.o)
                0x000000000800e644                __aeabi_ui2f
 .text          0x000000000800e6c4      0x638 /mnt/d/Git/acconeer/compilers/gcc-arm-none-eabi-7-2018-q2-update/bin/../lib/gcc/arm-none-eabi/7.3.1/thumb/v6-m/libgcc.a(adddf3.o)
                0x000000000800e6c4                __aeabi_dadd
 .text          0x000000000800ecfc      0x604 /mnt/d/Git/acconeer/compilers/gcc-arm-none-eabi-7-2018-q2-update/bin/../lib/gcc/arm-none-eabi/7.3.1/thumb/v6-m/libgcc.a(divdf3.o)
                0x000000000800ecfc                __aeabi_ddiv
 .text          0x000000000800f300       0x78 /mnt/d/Git/acconeer/compilers/gcc-arm-none-eabi-7-2018-q2-update/bin/../lib/gcc/arm-none-eabi/7.3.1/thumb/v6-m/libgcc.a(eqdf2.o)
                0x000000000800f300                __eqdf2
                0x000000000800f300                __nedf2
 .text          0x000000000800f378       0xc8 /mnt/d/Git/acconeer/compilers/gcc-arm-none-eabi-7-2018-q2-update/bin/../lib/gcc/arm-none-eabi/7.3.1/thumb/v6-m/libgcc.a(gedf2.o)
                0x000000000800f378                __gtdf2
                0x000000000800f378                __gedf2
 .text          0x000000000800f440       0xd0 /mnt/d/Git/acconeer/compilers/gcc-arm-none-eabi-7-2018-q2-update/bin/../lib/gcc/arm-none-eabi/7.3.1/thumb/v6-m/libgcc.a(ledf2.o)
                0x000000000800f440                __ltdf2
                0x000000000800f440                __ledf2
 .text          0x000000000800f510      0x4e4 /mnt/d/Git/acconeer/compilers/gcc-arm-none-eabi-7-2018-q2-update/bin/../lib/gcc/arm-none-eabi/7.3.1/thumb/v6-m/libgcc.a(muldf3.o)
                0x000000000800f510                __aeabi_dmul
 .text          0x000000000800f9f4      0x690 /mnt/d/Git/acconeer/compilers/gcc-arm-none-eabi-7-2018-q2-update/bin/../lib/gcc/arm-none-eabi/7.3.1/thumb/v6-m/libgcc.a(subdf3.o)
                0x000000000800f9f4                __aeabi_dsub
 .text          0x0000000008010084       0x38 /mnt/d/Git/acconeer/compilers/gcc-arm-none-eabi-7-2018-q2-update/bin/../lib/gcc/arm-none-eabi/7.3.1/thumb/v6-m/libgcc.a(unorddf2.o)
                0x0000000008010084                __aeabi_dcmpun
 .text          0x00000000080100bc       0x6c /mnt/d/Git/acconeer/compilers/gcc-arm-none-eabi-7-2018-q2-update/bin/../lib/gcc/arm-none-eabi/7.3.1/thumb/v6-m/libgcc.a(fixdfsi.o)
                0x00000000080100bc                __aeabi_d2iz
 .text          0x0000000008010128       0x74 /mnt/d/Git/acconeer/compilers/gcc-arm-none-eabi-7-2018-q2-update/bin/../lib/gcc/arm-none-eabi/7.3.1/thumb/v6-m/libgcc.a(floatsidf.o)
                0x0000000008010128                __aeabi_i2d
 .text          0x000000000801019c       0x64 /mnt/d/Git/acconeer/compilers/gcc-arm-none-eabi-7-2018-q2-update/bin/../lib/gcc/arm-none-eabi/7.3.1/thumb/v6-m/libgcc.a(floatunsidf.o)
                0x000000000801019c                __aeabi_ui2d
 .text          0x0000000008010200       0xa4 /mnt/d/Git/acconeer/compilers/gcc-arm-none-eabi-7-2018-q2-update/bin/../lib/gcc/arm-none-eabi/7.3.1/thumb/v6-m/libgcc.a(extendsfdf2.o)
                0x0000000008010200                __aeabi_f2d
 .text          0x00000000080102a4      0x108 /mnt/d/Git/acconeer/compilers/gcc-arm-none-eabi-7-2018-q2-update/bin/../lib/gcc/arm-none-eabi/7.3.1/thumb/v6-m/libgcc.a(truncdfsf2.o)
                0x00000000080102a4                __aeabi_d2f
 .text          0x00000000080103ac       0x18 /mnt/d/Git/acconeer/compilers/gcc-arm-none-eabi-7-2018-q2-update/bin/../lib/gcc/arm-none-eabi/7.3.1/thumb/v6-m/libgcc.a(_clzdi2.o)
                0x00000000080103ac                __clzdi2
 .text          0x00000000080103c4        0xe /mnt/d/Git/acconeer/compilers/gcc-arm-none-eabi-7-2018-q2-update/bin/../lib/gcc/arm-none-eabi/7.3.1/../../../../arm-none-eabi/lib/thumb/v6-m/libc_nano.a(lib_a-strlen.o)
                0x00000000080103c4                strlen
 *(.text*)
 *fill*         0x00000000080103d2        0x2 
 .text.startup  0x00000000080103d4      0xf9c /tmp/ccIX0lZb.ltrans0.ltrans.o
                0x00000000080103d4                main
 .text._write   0x0000000008011370       0x1c out/obj/syscalls.o
                0x0000000008011370                _write
 .text.Reset_Handler
                0x000000000801138c       0x50 out/obj/startup_stm32g071xx.o
                0x000000000801138c                Reset_Handler
 .text.Default_Handler
                0x00000000080113dc        0x2 out/obj/startup_stm32g071xx.o
                0x00000000080113dc                USART3_4_LPUART1_IRQHandler
                0x00000000080113dc                TIM1_CC_IRQHandler
                0x00000000080113dc                ADC1_COMP_IRQHandler
                0x00000000080113dc                PVD_IRQHandler
                0x00000000080113dc                TIM7_LPTIM2_IRQHandler
                0x00000000080113dc                SPI1_IRQHandler
                0x00000000080113dc                I2C2_IRQHandler
                0x00000000080113dc                TIM17_IRQHandler
                0x00000000080113dc                TIM16_IRQHandler
                0x00000000080113dc                TIM3_IRQHandler
                0x00000000080113dc                RCC_IRQHandler
                0x00000000080113dc                Default_Handler
                0x00000000080113dc                CEC_IRQHandler
                0x00000000080113dc                TIM14_IRQHandler
                0x00000000080113dc                TIM15_IRQHandler
                0x00000000080113dc                EXTI0_1_IRQHandler
                0x00000000080113dc                SPI2_IRQHandler
                0x00000000080113dc                TIM6_DAC_LPTIM1_IRQHandler
                0x00000000080113dc                WWDG_IRQHandler
                0x00000000080113dc                TIM2_IRQHandler
                0x00000000080113dc                DMA1_Ch4_7_DMAMUX1_OVR_IRQHandler
                0x00000000080113dc                UCPD1_2_IRQHandler
                0x00000000080113dc                USART2_IRQHandler
                0x00000000080113dc                FLASH_IRQHandler
                0x00000000080113dc                TIM1_BRK_UP_TRG_COM_IRQHandler
 *fill*         0x00000000080113de        0x2 
 .text._sbrk    0x00000000080113e0       0x40 out/obj/sysmem.o
                0x00000000080113e0                _sbrk
 .text.__ieee754_sqrtf
                0x0000000008011420       0xb4 /mnt/d/Git/acconeer/compilers/gcc-arm-none-eabi-7-2018-q2-update/bin/../lib/gcc/arm-none-eabi/7.3.1/../../../../arm-none-eabi/lib/thumb/v6-m/libm.a(lib_a-ef_sqrt.o)
                0x0000000008011420                __ieee754_sqrtf
 .text.__errno  0x00000000080114d4        0xc /mnt/d/Git/acconeer/compilers/gcc-arm-none-eabi-7-2018-q2-update/bin/../lib/gcc/arm-none-eabi/7.3.1/../../../../arm-none-eabi/lib/thumb/v6-m/libc_nano.a(lib_a-errno.o)
                0x00000000080114d4                __errno
 .text.__sflush_r
                0x00000000080114e0      0x114 /mnt/d/Git/acconeer/compilers/gcc-arm-none-eabi-7-2018-q2-update/bin/../lib/gcc/arm-none-eabi/7.3.1/../../../../arm-none-eabi/lib/thumb/v6-m/libc_nano.a(lib_a-fflush.o)
                0x00000000080114e0                __sflush_r
 .text._fflush_r
                0x00000000080115f4       0x58 /mnt/d/Git/acconeer/compilers/gcc-arm-none-eabi-7-2018-q2-update/bin/../lib/gcc/arm-none-eabi/7.3.1/../../../../arm-none-eabi/lib/thumb/v6-m/libc_nano.a(lib_a-fflush.o)
                0x00000000080115f4                _fflush_r
 .text.fflush   0x000000000801164c       0x28 /mnt/d/Git/acconeer/compilers/gcc-arm-none-eabi-7-2018-q2-update/bin/../lib/gcc/arm-none-eabi/7.3.1/../../../../arm-none-eabi/lib/thumb/v6-m/libc_nano.a(lib_a-fflush.o)
                0x000000000801164c                fflush
 .text.std      0x0000000008011674       0x48 /mnt/d/Git/acconeer/compilers/gcc-arm-none-eabi-7-2018-q2-update/bin/../lib/gcc/arm-none-eabi/7.3.1/../../../../arm-none-eabi/lib/thumb/v6-m/libc_nano.a(lib_a-findfp.o)
 .text._cleanup_r
                0x00000000080116bc       0x10 /mnt/d/Git/acconeer/compilers/gcc-arm-none-eabi-7-2018-q2-update/bin/../lib/gcc/arm-none-eabi/7.3.1/../../../../arm-none-eabi/lib/thumb/v6-m/libc_nano.a(lib_a-findfp.o)
                0x00000000080116bc                _cleanup_r
 .text.__sfmoreglue
                0x00000000080116cc       0x2c /mnt/d/Git/acconeer/compilers/gcc-arm-none-eabi-7-2018-q2-update/bin/../lib/gcc/arm-none-eabi/7.3.1/../../../../arm-none-eabi/lib/thumb/v6-m/libc_nano.a(lib_a-findfp.o)
                0x00000000080116cc                __sfmoreglue
 .text.__sinit  0x00000000080116f8       0x68 /mnt/d/Git/acconeer/compilers/gcc-arm-none-eabi-7-2018-q2-update/bin/../lib/gcc/arm-none-eabi/7.3.1/../../../../arm-none-eabi/lib/thumb/v6-m/libc_nano.a(lib_a-findfp.o)
                0x00000000080116f8                __sinit
 .text.__sfp    0x0000000008011760       0x7c /mnt/d/Git/acconeer/compilers/gcc-arm-none-eabi-7-2018-q2-update/bin/../lib/gcc/arm-none-eabi/7.3.1/../../../../arm-none-eabi/lib/thumb/v6-m/libc_nano.a(lib_a-findfp.o)
                0x0000000008011760                __sfp
 .text._fwalk_reent
                0x00000000080117dc       0x42 /mnt/d/Git/acconeer/compilers/gcc-arm-none-eabi-7-2018-q2-update/bin/../lib/gcc/arm-none-eabi/7.3.1/../../../../arm-none-eabi/lib/thumb/v6-m/libc_nano.a(lib_a-fwalk.o)
                0x00000000080117dc                _fwalk_reent
 *fill*         0x000000000801181e        0x2 
 .text.__libc_init_array
                0x0000000008011820       0x48 /mnt/d/Git/acconeer/compilers/gcc-arm-none-eabi-7-2018-q2-update/bin/../lib/gcc/arm-none-eabi/7.3.1/../../../../arm-none-eabi/lib/thumb/v6-m/libc_nano.a(lib_a-init.o)
                0x0000000008011820                __libc_init_array
 .text.memset   0x0000000008011868       0x10 /mnt/d/Git/acconeer/compilers/gcc-arm-none-eabi-7-2018-q2-update/bin/../lib/gcc/arm-none-eabi/7.3.1/../../../../arm-none-eabi/lib/thumb/v6-m/libc_nano.a(lib_a-memset.o)
                0x0000000008011868                memset
 .text._free_r  0x0000000008011878       0x94 /mnt/d/Git/acconeer/compilers/gcc-arm-none-eabi-7-2018-q2-update/bin/../lib/gcc/arm-none-eabi/7.3.1/../../../../arm-none-eabi/lib/thumb/v6-m/libc_nano.a(lib_a-nano-freer.o)
                0x0000000008011878                _free_r
 .text._malloc_r
                0x000000000801190c       0xbc /mnt/d/Git/acconeer/compilers/gcc-arm-none-eabi-7-2018-q2-update/bin/../lib/gcc/arm-none-eabi/7.3.1/../../../../arm-none-eabi/lib/thumb/v6-m/libc_nano.a(lib_a-nano-mallocr.o)
                0x000000000801190c                _malloc_r
 .text._sbrk_r  0x00000000080119c8       0x24 /mnt/d/Git/acconeer/compilers/gcc-arm-none-eabi-7-2018-q2-update/bin/../lib/gcc/arm-none-eabi/7.3.1/../../../../arm-none-eabi/lib/thumb/v6-m/libc_nano.a(lib_a-sbrkr.o)
                0x00000000080119c8                _sbrk_r
 .text.__sread  0x00000000080119ec       0x28 /mnt/d/Git/acconeer/compilers/gcc-arm-none-eabi-7-2018-q2-update/bin/../lib/gcc/arm-none-eabi/7.3.1/../../../../arm-none-eabi/lib/thumb/v6-m/libc_nano.a(lib_a-stdio.o)
                0x00000000080119ec                __sread
 .text.__swrite
                0x0000000008011a14       0x38 /mnt/d/Git/acconeer/compilers/gcc-arm-none-eabi-7-2018-q2-update/bin/../lib/gcc/arm-none-eabi/7.3.1/../../../../arm-none-eabi/lib/thumb/v6-m/libc_nano.a(lib_a-stdio.o)
                0x0000000008011a14                __swrite
 .text.__sseek  0x0000000008011a4c       0x2c /mnt/d/Git/acconeer/compilers/gcc-arm-none-eabi-7-2018-q2-update/bin/../lib/gcc/arm-none-eabi/7.3.1/../../../../arm-none-eabi/lib/thumb/v6-m/libc_nano.a(lib_a-stdio.o)
                0x0000000008011a4c                __sseek
 .text.__sclose
                0x0000000008011a78        0xc /mnt/d/Git/acconeer/compilers/gcc-arm-none-eabi-7-2018-q2-update/bin/../lib/gcc/arm-none-eabi/7.3.1/../../../../arm-none-eabi/lib/thumb/v6-m/libc_nano.a(lib_a-stdio.o)
                0x0000000008011a78                __sclose
 .text._write_r
                0x0000000008011a84       0x28 /mnt/d/Git/acconeer/compilers/gcc-arm-none-eabi-7-2018-q2-update/bin/../lib/gcc/arm-none-eabi/7.3.1/../../../../arm-none-eabi/lib/thumb/v6-m/libc_nano.a(lib_a-writer.o)
                0x0000000008011a84                _write_r
 .text._close_r
                0x0000000008011aac       0x24 /mnt/d/Git/acconeer/compilers/gcc-arm-none-eabi-7-2018-q2-update/bin/../lib/gcc/arm-none-eabi/7.3.1/../../../../arm-none-eabi/lib/thumb/v6-m/libc_nano.a(lib_a-closer.o)
                0x0000000008011aac                _close_r
 .text._lseek_r
                0x0000000008011ad0       0x28 /mnt/d/Git/acconeer/compilers/gcc-arm-none-eabi-7-2018-q2-update/bin/../lib/gcc/arm-none-eabi/7.3.1/../../../../arm-none-eabi/lib/thumb/v6-m/libc_nano.a(lib_a-lseekr.o)
                0x0000000008011ad0                _lseek_r
 .text.__malloc_lock
                0x0000000008011af8        0x2 /mnt/d/Git/acconeer/compilers/gcc-arm-none-eabi-7-2018-q2-update/bin/../lib/gcc/arm-none-eabi/7.3.1/../../../../arm-none-eabi/lib/thumb/v6-m/libc_nano.a(lib_a-mlock.o)
                0x0000000008011af8                __malloc_lock
 .text.__malloc_unlock
                0x0000000008011afa        0x2 /mnt/d/Git/acconeer/compilers/gcc-arm-none-eabi-7-2018-q2-update/bin/../lib/gcc/arm-none-eabi/7.3.1/../../../../arm-none-eabi/lib/thumb/v6-m/libc_nano.a(lib_a-mlock.o)
                0x0000000008011afa                __malloc_unlock
 .text._read_r  0x0000000008011afc       0x28 /mnt/d/Git/acconeer/compilers/gcc-arm-none-eabi-7-2018-q2-update/bin/../lib/gcc/arm-none-eabi/7.3.1/../../../../arm-none-eabi/lib/thumb/v6-m/libc_nano.a(lib_a-readr.o)
                0x0000000008011afc                _read_r
 .text._close   0x0000000008011b24       0x10 /mnt/d/Git/acconeer/compilers/gcc-arm-none-eabi-7-2018-q2-update/bin/../lib/gcc/arm-none-eabi/7.3.1/../../../../arm-none-eabi/lib/thumb/v6-m/libnosys.a(close.o)
                0x0000000008011b24                _close
 .text._lseek   0x0000000008011b34       0x10 /mnt/d/Git/acconeer/compilers/gcc-arm-none-eabi-7-2018-q2-update/bin/../lib/gcc/arm-none-eabi/7.3.1/../../../../arm-none-eabi/lib/thumb/v6-m/libnosys.a(lseek.o)
                0x0000000008011b34                _lseek
 .text._read    0x0000000008011b44       0x10 /mnt/d/Git/acconeer/compilers/gcc-arm-none-eabi-7-2018-q2-update/bin/../lib/gcc/arm-none-eabi/7.3.1/../../../../arm-none-eabi/lib/thumb/v6-m/libnosys.a(read.o)
                0x0000000008011b44                _read
 .text.cos      0x0000000008011b54       0x8c /mnt/d/Git/acconeer/compilers/gcc-arm-none-eabi-7-2018-q2-update/bin/../lib/gcc/arm-none-eabi/7.3.1/../../../../arm-none-eabi/lib/thumb/v6-m/libm.a(lib_a-s_cos.o)
                0x0000000008011b54                cos
 .text.fmaxf    0x0000000008011be0       0x2c /mnt/d/Git/acconeer/compilers/gcc-arm-none-eabi-7-2018-q2-update/bin/../lib/gcc/arm-none-eabi/7.3.1/../../../../arm-none-eabi/lib/thumb/v6-m/libm.a(lib_a-sf_fmax.o)
                0x0000000008011be0                fmaxf
 .text.__fpclassifyf
                0x0000000008011c0c       0x40 /mnt/d/Git/acconeer/compilers/gcc-arm-none-eabi-7-2018-q2-update/bin/../lib/gcc/arm-none-eabi/7.3.1/../../../../arm-none-eabi/lib/thumb/v6-m/libm.a(lib_a-sf_fpclassify.o)
                0x0000000008011c0c                __fpclassifyf
 .text.roundf   0x0000000008011c4c       0x44 /mnt/d/Git/acconeer/compilers/gcc-arm-none-eabi-7-2018-q2-update/bin/../lib/gcc/arm-none-eabi/7.3.1/../../../../arm-none-eabi/lib/thumb/v6-m/libm.a(lib_a-sf_round.o)
                0x0000000008011c4c                roundf
 .text.sqrt     0x0000000008011c90       0xc0 /mnt/d/Git/acconeer/compilers/gcc-arm-none-eabi-7-2018-q2-update/bin/../lib/gcc/arm-none-eabi/7.3.1/../../../../arm-none-eabi/lib/thumb/v6-m/libm.a(lib_a-w_sqrt.o)
                0x0000000008011c90                sqrt
 .text.expf     0x0000000008011d50       0xe8 /mnt/d/Git/acconeer/compilers/gcc-arm-none-eabi-7-2018-q2-update/bin/../lib/gcc/arm-none-eabi/7.3.1/../../../../arm-none-eabi/lib/thumb/v6-m/libm.a(lib_a-wf_exp.o)
                0x0000000008011d50                expf
 .text.log10f   0x0000000008011e38       0xf8 /mnt/d/Git/acconeer/compilers/gcc-arm-none-eabi-7-2018-q2-update/bin/../lib/gcc/arm-none-eabi/7.3.1/../../../../arm-none-eabi/lib/thumb/v6-m/libm.a(lib_a-wf_log10.o)
                0x0000000008011e38                log10f
 .text.__ieee754_rem_pio2
                0x0000000008011f30      0x420 /mnt/d/Git/acconeer/compilers/gcc-arm-none-eabi-7-2018-q2-update/bin/../lib/gcc/arm-none-eabi/7.3.1/../../../../arm-none-eabi/lib/thumb/v6-m/libm.a(lib_a-e_rem_pio2.o)
                0x0000000008011f30                __ieee754_rem_pio2
 .text.__ieee754_sqrt
                0x0000000008012350      0x1b0 /mnt/d/Git/acconeer/compilers/gcc-arm-none-eabi-7-2018-q2-update/bin/../lib/gcc/arm-none-eabi/7.3.1/../../../../arm-none-eabi/lib/thumb/v6-m/libm.a(lib_a-e_sqrt.o)
                0x0000000008012350                __ieee754_sqrt
 .text.__ieee754_expf
                0x0000000008012500      0x1f4 /mnt/d/Git/acconeer/compilers/gcc-arm-none-eabi-7-2018-q2-update/bin/../lib/gcc/arm-none-eabi/7.3.1/../../../../arm-none-eabi/lib/thumb/v6-m/libm.a(lib_a-ef_exp.o)
                0x0000000008012500                __ieee754_expf
 .text.__ieee754_log10f
                0x00000000080126f4       0xb0 /mnt/d/Git/acconeer/compilers/gcc-arm-none-eabi-7-2018-q2-update/bin/../lib/gcc/arm-none-eabi/7.3.1/../../../../arm-none-eabi/lib/thumb/v6-m/libm.a(lib_a-ef_log10.o)
                0x00000000080126f4                __ieee754_log10f
 .text.__kernel_cos
                0x00000000080127a4      0x234 /mnt/d/Git/acconeer/compilers/gcc-arm-none-eabi-7-2018-q2-update/bin/../lib/gcc/arm-none-eabi/7.3.1/../../../../arm-none-eabi/lib/thumb/v6-m/libm.a(lib_a-k_cos.o)
                0x00000000080127a4                __kernel_cos
 .text.__kernel_rem_pio2
                0x00000000080129d8      0x8c0 /mnt/d/Git/acconeer/compilers/gcc-arm-none-eabi-7-2018-q2-update/bin/../lib/gcc/arm-none-eabi/7.3.1/../../../../arm-none-eabi/lib/thumb/v6-m/libm.a(lib_a-k_rem_pio2.o)
                0x00000000080129d8                __kernel_rem_pio2
 .text.__kernel_sin
                0x0000000008013298      0x164 /mnt/d/Git/acconeer/compilers/gcc-arm-none-eabi-7-2018-q2-update/bin/../lib/gcc/arm-none-eabi/7.3.1/../../../../arm-none-eabi/lib/thumb/v6-m/libm.a(lib_a-k_sin.o)
                0x0000000008013298                __kernel_sin
 .text.fabs     0x00000000080133fc        0x8 /mnt/d/Git/acconeer/compilers/gcc-arm-none-eabi-7-2018-q2-update/bin/../lib/gcc/arm-none-eabi/7.3.1/../../../../arm-none-eabi/lib/thumb/v6-m/libm.a(lib_a-s_fabs.o)
                0x00000000080133fc                fabs
 .text.floor    0x0000000008013404      0x138 /mnt/d/Git/acconeer/compilers/gcc-arm-none-eabi-7-2018-q2-update/bin/../lib/gcc/arm-none-eabi/7.3.1/../../../../arm-none-eabi/lib/thumb/v6-m/libm.a(lib_a-s_floor.o)
                0x0000000008013404                floor
 .text.matherr  0x000000000801353c        0x4 /mnt/d/Git/acconeer/compilers/gcc-arm-none-eabi-7-2018-q2-update/bin/../lib/gcc/arm-none-eabi/7.3.1/../../../../arm-none-eabi/lib/thumb/v6-m/libm.a(lib_a-s_matherr.o)
                0x000000000801353c                matherr
 .text.nan      0x0000000008013540        0xc /mnt/d/Git/acconeer/compilers/gcc-arm-none-eabi-7-2018-q2-update/bin/../lib/gcc/arm-none-eabi/7.3.1/../../../../arm-none-eabi/lib/thumb/v6-m/libm.a(lib_a-s_nan.o)
                0x0000000008013540                nan
 .text.scalbn   0x000000000801354c       0xd0 /mnt/d/Git/acconeer/compilers/gcc-arm-none-eabi-7-2018-q2-update/bin/../lib/gcc/arm-none-eabi/7.3.1/../../../../arm-none-eabi/lib/thumb/v6-m/libm.a(lib_a-s_scalbn.o)
                0x000000000801354c                scalbn
 .text.finitef  0x000000000801361c       0x14 /mnt/d/Git/acconeer/compilers/gcc-arm-none-eabi-7-2018-q2-update/bin/../lib/gcc/arm-none-eabi/7.3.1/../../../../arm-none-eabi/lib/thumb/v6-m/libm.a(lib_a-sf_finite.o)
                0x000000000801361c                finitef
 .text.__ieee754_logf
                0x0000000008013630      0x28c /mnt/d/Git/acconeer/compilers/gcc-arm-none-eabi-7-2018-q2-update/bin/../lib/gcc/arm-none-eabi/7.3.1/../../../../arm-none-eabi/lib/thumb/v6-m/libm.a(lib_a-ef_log.o)
                0x0000000008013630                __ieee754_logf
 .text.copysign
                0x00000000080138bc       0x10 /mnt/d/Git/acconeer/compilers/gcc-arm-none-eabi-7-2018-q2-update/bin/../lib/gcc/arm-none-eabi/7.3.1/../../../../arm-none-eabi/lib/thumb/v6-m/libm.a(lib_a-s_copysign.o)
                0x00000000080138bc                copysign
 .text.out_func
                0x00000000080138cc       0x20 out/lib/libwrapprintf.a(acc_wrap_printf.o)
 .text.__wrap_puts
                0x00000000080138ec       0x24 out/lib/libwrapprintf.a(acc_wrap_printf.o)
                0x00000000080138ec                __wrap_puts
 .text.__wrap_printf
                0x0000000008013910       0x44 out/lib/libwrapprintf.a(acc_wrap_printf.o)
                0x0000000008013910                __wrap_printf
 .text.__wrap_vsnprintf
                0x0000000008013954        0x8 out/lib/libwrapprintf.a(acc_wrap_printf.o)
                0x0000000008013954                __wrap_vsnprintf
 .text._out_buffer
                0x000000000801395c        0x8 out/lib/libwrapprintf.a(printf.o)
 .text._out_null
                0x0000000008013964        0x2 out/lib/libwrapprintf.a(printf.o)
 .text._out_fct
                0x0000000008013966        0xe out/lib/libwrapprintf.a(printf.o)
 .text._ntoa_format
                0x0000000008013974      0x14a out/lib/libwrapprintf.a(printf.o)
 .text._ntoa_long
                0x0000000008013abe       0x90 out/lib/libwrapprintf.a(printf.o)
 .text._ntoa_long_long
                0x0000000008013b4e       0xa4 out/lib/libwrapprintf.a(printf.o)
 *fill*         0x0000000008013bf2        0x2 
 .text._vsnprintf
                0x0000000008013bf4      0x45c out/lib/libwrapprintf.a(printf.o)
 .text.vsnprintf_
                0x0000000008014050       0x18 out/lib/libwrapprintf.a(printf.o)
                0x0000000008014050                vsnprintf_
 .text.fctvprintf
                0x0000000008014068       0x20 out/lib/libwrapprintf.a(printf.o)
                0x0000000008014068                fctvprintf
 .text.malloc   0x0000000008014088       0x14 /mnt/d/Git/acconeer/compilers/gcc-arm-none-eabi-7-2018-q2-update/bin/../lib/gcc/arm-none-eabi/7.3.1/../../../../arm-none-eabi/lib/thumb/v6-m/libc_nano.a(lib_a-malloc.o)
                0x0000000008014088                malloc
 .text.free     0x000000000801409c       0x14 /mnt/d/Git/acconeer/compilers/gcc-arm-none-eabi-7-2018-q2-update/bin/../lib/gcc/arm-none-eabi/7.3.1/../../../../arm-none-eabi/lib/thumb/v6-m/libc_nano.a(lib_a-malloc.o)
                0x000000000801409c                free
 .text.memcpy   0x00000000080140b0       0x12 /mnt/d/Git/acconeer/compilers/gcc-arm-none-eabi-7-2018-q2-update/bin/../lib/gcc/arm-none-eabi/7.3.1/../../../../arm-none-eabi/lib/thumb/v6-m/libc_nano.a(lib_a-memcpy-stub.o)
                0x00000000080140b0                memcpy
 .text.memmove  0x00000000080140c2       0x26 /mnt/d/Git/acconeer/compilers/gcc-arm-none-eabi-7-2018-q2-update/bin/../lib/gcc/arm-none-eabi/7.3.1/../../../../arm-none-eabi/lib/thumb/v6-m/libc_nano.a(lib_a-memmove.o)
                0x00000000080140c2                memmove
 .text.putchar  0x00000000080140e8       0x28 /mnt/d/Git/acconeer/compilers/gcc-arm-none-eabi-7-2018-q2-update/bin/../lib/gcc/arm-none-eabi/7.3.1/../../../../arm-none-eabi/lib/thumb/v6-m/libc_nano.a(lib_a-putchar.o)
                0x00000000080140e8                putchar
 .text._putc_r  0x0000000008014110       0x6c /mnt/d/Git/acconeer/compilers/gcc-arm-none-eabi-7-2018-q2-update/bin/../lib/gcc/arm-none-eabi/7.3.1/../../../../arm-none-eabi/lib/thumb/v6-m/libc_nano.a(lib_a-putc.o)
                0x0000000008014110                _putc_r
 .text.__swbuf_r
                0x000000000801417c       0xac /mnt/d/Git/acconeer/compilers/gcc-arm-none-eabi-7-2018-q2-update/bin/../lib/gcc/arm-none-eabi/7.3.1/../../../../arm-none-eabi/lib/thumb/v6-m/libc_nano.a(lib_a-wbuf.o)
                0x000000000801417c                __swbuf_r
 .text.__swsetup_r
                0x0000000008014228       0xec /mnt/d/Git/acconeer/compilers/gcc-arm-none-eabi-7-2018-q2-update/bin/../lib/gcc/arm-none-eabi/7.3.1/../../../../arm-none-eabi/lib/thumb/v6-m/libc_nano.a(lib_a-wsetup.o)
                0x0000000008014228                __swsetup_r
 .text.__swhatbuf_r
                0x0000000008014314       0x50 /mnt/d/Git/acconeer/compilers/gcc-arm-none-eabi-7-2018-q2-update/bin/../lib/gcc/arm-none-eabi/7.3.1/../../../../arm-none-eabi/lib/thumb/v6-m/libc_nano.a(lib_a-makebuf.o)
                0x0000000008014314                __swhatbuf_r
 .text.__smakebuf_r
                0x0000000008014364       0x88 /mnt/d/Git/acconeer/compilers/gcc-arm-none-eabi-7-2018-q2-update/bin/../lib/gcc/arm-none-eabi/7.3.1/../../../../arm-none-eabi/lib/thumb/v6-m/libc_nano.a(lib_a-makebuf.o)
                0x0000000008014364                __smakebuf_r
 .text._fstat_r
                0x00000000080143ec       0x24 /mnt/d/Git/acconeer/compilers/gcc-arm-none-eabi-7-2018-q2-update/bin/../lib/gcc/arm-none-eabi/7.3.1/../../../../arm-none-eabi/lib/thumb/v6-m/libc_nano.a(lib_a-fstatr.o)
                0x00000000080143ec                _fstat_r
 .text._isatty_r
                0x0000000008014410       0x24 /mnt/d/Git/acconeer/compilers/gcc-arm-none-eabi-7-2018-q2-update/bin/../lib/gcc/arm-none-eabi/7.3.1/../../../../arm-none-eabi/lib/thumb/v6-m/libc_nano.a(lib_a-isattyr.o)
                0x0000000008014410                _isatty_r
 .text._fstat   0x0000000008014434       0x10 /mnt/d/Git/acconeer/compilers/gcc-arm-none-eabi-7-2018-q2-update/bin/../lib/gcc/arm-none-eabi/7.3.1/../../../../arm-none-eabi/lib/thumb/v6-m/libnosys.a(fstat.o)
                0x0000000008014434                _fstat
 .text._isatty  0x0000000008014444       0x10 /mnt/d/Git/acconeer/compilers/gcc-arm-none-eabi-7-2018-q2-update/bin/../lib/gcc/arm-none-eabi/7.3.1/../../../../arm-none-eabi/lib/thumb/v6-m/libnosys.a(isatty.o)
                0x0000000008014444                _isatty
 *(.glue_7)
 .glue_7        0x0000000008014454        0x0 linker stubs
 *(.glue_7t)
 .glue_7t       0x0000000008014454        0x0 linker stubs
 *(.eh_frame)
 .eh_frame      0x0000000008014454        0x0 /mnt/d/Git/acconeer/compilers/gcc-arm-none-eabi-7-2018-q2-update/bin/../lib/gcc/arm-none-eabi/7.3.1/thumb/v6-m/crtbegin.o
 *(.init)
 .init          0x0000000008014454        0x4 /mnt/d/Git/acconeer/compilers/gcc-arm-none-eabi-7-2018-q2-update/bin/../lib/gcc/arm-none-eabi/7.3.1/thumb/v6-m/crti.o
                0x0000000008014454                _init
 .init          0x0000000008014458        0x8 /mnt/d/Git/acconeer/compilers/gcc-arm-none-eabi-7-2018-q2-update/bin/../lib/gcc/arm-none-eabi/7.3.1/thumb/v6-m/crtn.o
 *(.fini)
 .fini          0x0000000008014460        0x4 /mnt/d/Git/acconeer/compilers/gcc-arm-none-eabi-7-2018-q2-update/bin/../lib/gcc/arm-none-eabi/7.3.1/thumb/v6-m/crti.o
                0x0000000008014460                _fini
 .fini          0x0000000008014464        0x8 /mnt/d/Git/acconeer/compilers/gcc-arm-none-eabi-7-2018-q2-update/bin/../lib/gcc/arm-none-eabi/7.3.1/thumb/v6-m/crtn.o
                0x000000000801446c                . = ALIGN (0x4)
                0x000000000801446c                _etext = .

.vfp11_veneer   0x000000000801446c        0x0
 .vfp11_veneer  0x000000000801446c        0x0 linker stubs

.v4_bx          0x000000000801446c        0x0
 .v4_bx         0x000000000801446c        0x0 linker stubs

.iplt           0x000000000801446c        0x0
 .iplt          0x000000000801446c        0x0 /mnt/d/Git/acconeer/compilers/gcc-arm-none-eabi-7-2018-q2-update/bin/../lib/gcc/arm-none-eabi/7.3.1/thumb/v6-m/crtbegin.o

.rodata         0x0000000008014470     0x8ae0
                0x0000000008014470                . = ALIGN (0x4)
 *(.rodata)
 .rodata        0x0000000008014470     0x345c /tmp/ccIX0lZb.ltrans0.ltrans.o
 .rodata        0x00000000080178cc     0x2aa4 /tmp/ccIX0lZb.ltrans1.ltrans.o
                0x0000000008017abc                __compound_literal.134.lto_priv.631
                0x0000000008017ac2                __compound_literal.133.lto_priv.629
                0x0000000008017ad4                __compound_literal.132.lto_priv.627
                0x0000000008017ae0                __compound_literal.131.lto_priv.625
                0x0000000008017ae6                __compound_literal.130.lto_priv.623
                0x0000000008017af8                __compound_literal.129.lto_priv.621
                0x0000000008017afe                __compound_literal.128.lto_priv.619
                0x0000000008017b0a                __compound_literal.127.lto_priv.617
                0x0000000008017b16                __compound_literal.126.lto_priv.615
                0x0000000008017b28                __compound_literal.125.lto_priv.613
                0x0000000008017b2e                __compound_literal.124.lto_priv.611
                0x0000000008017b34                __compound_literal.123.lto_priv.609
                0x0000000008017b3a                __compound_literal.122.lto_priv.607
                0x0000000008017b40                __compound_literal.121.lto_priv.605
                0x0000000008017b46                __compound_literal.120.lto_priv.603
                0x0000000008017b4c                __compound_literal.119.lto_priv.601
                0x0000000008017b64                __compound_literal.118.lto_priv.599
                0x0000000008017b70                __compound_literal.117.lto_priv.597
                0x0000000008017b76                __compound_literal.116.lto_priv.595
                0x0000000008017b88                __compound_literal.115.lto_priv.593
                0x0000000008017b94                __compound_literal.114.lto_priv.591
                0x0000000008017d26                __compound_literal.113.lto_priv.589
                0x0000000008017d32                __compound_literal.112.lto_priv.587
                0x0000000008017d38                __compound_literal.111.lto_priv.585
                0x0000000008017d3e                __compound_literal.110.lto_priv.583
                0x0000000008017d44                __compound_literal.109.lto_priv.581
                0x0000000008017d4a                __compound_literal.108.lto_priv.579
                0x0000000008017d68                __compound_literal.107.lto_priv.577
                0x0000000008017d6e                __compound_literal.106.lto_priv.575
                0x0000000008017d74                __compound_literal.105.lto_priv.573
                0x0000000008017d7a                __compound_literal.104.lto_priv.571
                0x0000000008017d80                __compound_literal.103.lto_priv.569
                0x0000000008017db6                __compound_literal.102.lto_priv.567
                0x0000000008017dbc                __compound_literal.101.lto_priv.565
                0x0000000008017dc2                __compound_literal.100.lto_priv.563
                0x0000000008017dc8                __compound_literal.99.lto_priv.561
                0x0000000008017dce                __compound_literal.98.lto_priv.559
                0x0000000008017dda                __compound_literal.97.lto_priv.557
                0x0000000008017dec                __compound_literal.96.lto_priv.555
                0x0000000008017df2                __compound_literal.95.lto_priv.553
                0x0000000008017df8                __compound_literal.94.lto_priv.551
                0x0000000008017e0a                __compound_literal.93.lto_priv.549
                0x0000000008017e10                __compound_literal.92.lto_priv.547
                0x0000000008017e16                __compound_literal.91.lto_priv.545
                0x0000000008017e1c                __compound_literal.90.lto_priv.543
                0x0000000008017e28                __compound_literal.89.lto_priv.541
                0x0000000008017e40                __compound_literal.88.lto_priv.539
                0x0000000008017e46                __compound_literal.87.lto_priv.537
                0x0000000008017e4c                __compound_literal.86.lto_priv.535
                0x0000000008017e52                __compound_literal.85.lto_priv.533
                0x0000000008017e58                __compound_literal.84.lto_priv.531
                0x0000000008017e5e                __compound_literal.83.lto_priv.529
                0x0000000008017e64                __compound_literal.82.lto_priv.527
                0x0000000008017e6a                __compound_literal.81.lto_priv.525
                0x0000000008017e7c                __compound_literal.80.lto_priv.523
                0x0000000008017e82                __compound_literal.79.lto_priv.521
                0x0000000008017e88                __compound_literal.78.lto_priv.519
                0x0000000008017e8e                __compound_literal.77.lto_priv.517
                0x0000000008017e94                __compound_literal.76.lto_priv.515
                0x0000000008017ea0                __compound_literal.75.lto_priv.513
                0x0000000008017ea6                __compound_literal.74.lto_priv.511
                0x0000000008017eac                __compound_literal.73.lto_priv.509
                0x0000000008017eb2                __compound_literal.72.lto_priv.507
                0x0000000008017eb8                __compound_literal.71.lto_priv.505
                0x0000000008017ebe                __compound_literal.70.lto_priv.503
                0x0000000008017ef4                __compound_literal.69.lto_priv.501
                0x0000000008017efa                __compound_literal.68.lto_priv.499
                0x0000000008017f0c                __compound_literal.67.lto_priv.497
                0x0000000008017f18                __compound_literal.66.lto_priv.495
                0x0000000008017f24                __compound_literal.65.lto_priv.493
                0x0000000008017f36                __compound_literal.64.lto_priv.491
                0x0000000008017f48                __compound_literal.63.lto_priv.489
                0x0000000008017f5a                __compound_literal.62.lto_priv.487
                0x0000000008017f60                __compound_literal.61.lto_priv.485
                0x0000000008017f66                __compound_literal.60.lto_priv.483
                0x0000000008017f72                __compound_literal.59.lto_priv.481
                0x0000000008017f84                __compound_literal.58.lto_priv.479
                0x0000000008017f8a                __compound_literal.57.lto_priv.477
                0x0000000008017f90                __compound_literal.56.lto_priv.475.lto_priv.637
                0x0000000008017fa2                __compound_literal.55.lto_priv.472
                0x0000000008017fb4                __compound_literal.54.lto_priv.469
                0x0000000008017fc0                __compound_literal.53.lto_priv.466
                0x0000000008017fc6                __compound_literal.52.lto_priv.463
                0x0000000008017ff6                __compound_literal.51.lto_priv.460
                0x0000000008017ffc                __compound_literal.50.lto_priv.457
                0x0000000008018002                __compound_literal.49.lto_priv.454
                0x0000000008018008                __compound_literal.48.lto_priv.451
                0x000000000801800e                __compound_literal.47.lto_priv.448
                0x0000000008018014                __compound_literal.46.lto_priv.445
                0x000000000801801a                __compound_literal.45.lto_priv.442
                0x0000000008018020                __compound_literal.44.lto_priv.439
                0x0000000008018026                __compound_literal.43.lto_priv.436
                0x000000000801802c                __compound_literal.42.lto_priv.433
                0x0000000008018032                __compound_literal.41.lto_priv.430
                0x0000000008018038                __compound_literal.40.lto_priv.427
                0x000000000801803e                __compound_literal.39.lto_priv.424
                0x0000000008018044                __compound_literal.38.lto_priv.421
                0x000000000801804a                __compound_literal.37.lto_priv.418
                0x0000000008018050                __compound_literal.36.lto_priv.246
                0x000000000801805c                __compound_literal.35.lto_priv.244
                0x0000000008018068                __compound_literal.34.lto_priv.242
                0x000000000801806e                __compound_literal.33.lto_priv.240
                0x0000000008018074                __compound_literal.32.lto_priv.238
                0x000000000801807a                __compound_literal.31.lto_priv.236
                0x0000000008018080                __compound_literal.30.lto_priv.234
                0x0000000008018086                __compound_literal.29.lto_priv.232
                0x000000000801808c                __compound_literal.28.lto_priv.230
                0x0000000008018092                __compound_literal.27.lto_priv.228
                0x0000000008018098                __compound_literal.26.lto_priv.226
                0x000000000801809e                __compound_literal.25.lto_priv.224
                0x00000000080180a4                __compound_literal.24.lto_priv.222
                0x00000000080180aa                __compound_literal.23.lto_priv.220.lto_priv.636
                0x00000000080180b0                __compound_literal.22.lto_priv.218.lto_priv.635
                0x00000000080180b6                __compound_literal.21.lto_priv.216
                0x00000000080180bc                __compound_literal.20.lto_priv.214
                0x00000000080180c2                __compound_literal.19.lto_priv.212.lto_priv.634
                0x00000000080180c8                __compound_literal.18.lto_priv.210
                0x00000000080180ce                __compound_literal.17.lto_priv.208
                0x00000000080180d4                __compound_literal.16.lto_priv.206
                0x00000000080180f2                __compound_literal.15.lto_priv.204
                0x00000000080180f8                __compound_literal.14.lto_priv.202
                0x00000000080180fe                __compound_literal.13.lto_priv.200
                0x0000000008018104                __compound_literal.12.lto_priv.198
                0x000000000801810a                __compound_literal.11.lto_priv.196
                0x0000000008018110                __compound_literal.10.lto_priv.194
                0x0000000008018116                __compound_literal.9.lto_priv.192.lto_priv.633
                0x000000000801811c                __compound_literal.8.lto_priv.190
                0x0000000008018122                __compound_literal.7.lto_priv.188
                0x0000000008018128                __compound_literal.6.lto_priv.186
                0x000000000801812e                __compound_literal.5.lto_priv.184
                0x0000000008018134                __compound_literal.4.lto_priv.182
                0x000000000801813a                __compound_literal.3.lto_priv.180
                0x0000000008018140                __compound_literal.2.lto_priv.178
                0x0000000008018146                __compound_literal.1.lto_priv.176
                0x000000000801814c                __compound_literal.0.lto_priv.174
                0x0000000008018152                CSWTCH.1.lto_priv.336
                0x00000000080183a4                acc_image_a111_r2c_sweep_param_table
                0x00000000080189e0                uwTickFreq
                0x00000000080189e4                log_funcs.lto_priv.312
                0x0000000008019550                acc_image_a111_r2c_sweep
 .rodata        0x000000000801a370       0x80 /mnt/d/Git/acconeer/compilers/gcc-arm-none-eabi-7-2018-q2-update/bin/../lib/gcc/arm-none-eabi/7.3.1/thumb/v6-m/libgcc.a(divsf3.o)
 .rodata        0x000000000801a3f0       0x40 /mnt/d/Git/acconeer/compilers/gcc-arm-none-eabi-7-2018-q2-update/bin/../lib/gcc/arm-none-eabi/7.3.1/thumb/v6-m/libgcc.a(mulsf3.o)
 .rodata        0x000000000801a430       0x40 /mnt/d/Git/acconeer/compilers/gcc-arm-none-eabi-7-2018-q2-update/bin/../lib/gcc/arm-none-eabi/7.3.1/thumb/v6-m/libgcc.a(divdf3.o)
 .rodata        0x000000000801a470       0x40 /mnt/d/Git/acconeer/compilers/gcc-arm-none-eabi-7-2018-q2-update/bin/../lib/gcc/arm-none-eabi/7.3.1/thumb/v6-m/libgcc.a(muldf3.o)
 *(.rodata*)
 .rodata.str1.1
                0x000000000801a4b0     0x1ccb /tmp/ccIX0lZb.ltrans0.ltrans.o
                                       0x1d61 (size before relaxing)
 .rodata.str1.1
                0x000000000801c17b      0xb64 /tmp/ccIX0lZb.ltrans1.ltrans.o
                                        0xc7e (size before relaxing)
 *fill*         0x000000000801ccdf        0x1 
 .rodata.__sf_fake_stderr
                0x000000000801cce0       0x20 /mnt/d/Git/acconeer/compilers/gcc-arm-none-eabi-7-2018-q2-update/bin/../lib/gcc/arm-none-eabi/7.3.1/../../../../arm-none-eabi/lib/thumb/v6-m/libc_nano.a(lib_a-findfp.o)
                0x000000000801cce0                __sf_fake_stderr
 .rodata.__sf_fake_stdin
                0x000000000801cd00       0x20 /mnt/d/Git/acconeer/compilers/gcc-arm-none-eabi-7-2018-q2-update/bin/../lib/gcc/arm-none-eabi/7.3.1/../../../../arm-none-eabi/lib/thumb/v6-m/libc_nano.a(lib_a-findfp.o)
                0x000000000801cd00                __sf_fake_stdin
 .rodata.__sf_fake_stdout
                0x000000000801cd20       0x20 /mnt/d/Git/acconeer/compilers/gcc-arm-none-eabi-7-2018-q2-update/bin/../lib/gcc/arm-none-eabi/7.3.1/../../../../arm-none-eabi/lib/thumb/v6-m/libc_nano.a(lib_a-findfp.o)
                0x000000000801cd20                __sf_fake_stdout
 .rodata._global_impure_ptr
                0x000000000801cd40        0x4 /mnt/d/Git/acconeer/compilers/gcc-arm-none-eabi-7-2018-q2-update/bin/../lib/gcc/arm-none-eabi/7.3.1/../../../../arm-none-eabi/lib/thumb/v6-m/libc_nano.a(lib_a-impure.o)
                0x000000000801cd40                _global_impure_ptr
 .rodata.sqrt.str1.4
                0x000000000801cd44        0x5 /mnt/d/Git/acconeer/compilers/gcc-arm-none-eabi-7-2018-q2-update/bin/../lib/gcc/arm-none-eabi/7.3.1/../../../../arm-none-eabi/lib/thumb/v6-m/libm.a(lib_a-w_sqrt.o)
 *fill*         0x000000000801cd49        0x3 
 .rodata.expf.str1.4
                0x000000000801cd4c        0x5 /mnt/d/Git/acconeer/compilers/gcc-arm-none-eabi-7-2018-q2-update/bin/../lib/gcc/arm-none-eabi/7.3.1/../../../../arm-none-eabi/lib/thumb/v6-m/libm.a(lib_a-wf_exp.o)
 *fill*         0x000000000801cd51        0x3 
 .rodata.log10f.str1.4
                0x000000000801cd54        0x8 /mnt/d/Git/acconeer/compilers/gcc-arm-none-eabi-7-2018-q2-update/bin/../lib/gcc/arm-none-eabi/7.3.1/../../../../arm-none-eabi/lib/thumb/v6-m/libm.a(lib_a-wf_log10.o)
                                          0x9 (size before relaxing)
 .rodata.npio2_hw
                0x000000000801cd5c       0x80 /mnt/d/Git/acconeer/compilers/gcc-arm-none-eabi-7-2018-q2-update/bin/../lib/gcc/arm-none-eabi/7.3.1/../../../../arm-none-eabi/lib/thumb/v6-m/libm.a(lib_a-e_rem_pio2.o)
 .rodata.two_over_pi
                0x000000000801cddc      0x108 /mnt/d/Git/acconeer/compilers/gcc-arm-none-eabi-7-2018-q2-update/bin/../lib/gcc/arm-none-eabi/7.3.1/../../../../arm-none-eabi/lib/thumb/v6-m/libm.a(lib_a-e_rem_pio2.o)
 .rodata.halF   0x000000000801cee4        0x8 /mnt/d/Git/acconeer/compilers/gcc-arm-none-eabi-7-2018-q2-update/bin/../lib/gcc/arm-none-eabi/7.3.1/../../../../arm-none-eabi/lib/thumb/v6-m/libm.a(lib_a-ef_exp.o)
 .rodata.ln2HI  0x000000000801ceec        0x8 /mnt/d/Git/acconeer/compilers/gcc-arm-none-eabi-7-2018-q2-update/bin/../lib/gcc/arm-none-eabi/7.3.1/../../../../arm-none-eabi/lib/thumb/v6-m/libm.a(lib_a-ef_exp.o)
 .rodata.ln2LO  0x000000000801cef4        0x8 /mnt/d/Git/acconeer/compilers/gcc-arm-none-eabi-7-2018-q2-update/bin/../lib/gcc/arm-none-eabi/7.3.1/../../../../arm-none-eabi/lib/thumb/v6-m/libm.a(lib_a-ef_exp.o)
 *fill*         0x000000000801cefc        0x4 
 .rodata.PIo2   0x000000000801cf00       0x40 /mnt/d/Git/acconeer/compilers/gcc-arm-none-eabi-7-2018-q2-update/bin/../lib/gcc/arm-none-eabi/7.3.1/../../../../arm-none-eabi/lib/thumb/v6-m/libm.a(lib_a-k_rem_pio2.o)
 .rodata.init_jk
                0x000000000801cf40       0x10 /mnt/d/Git/acconeer/compilers/gcc-arm-none-eabi-7-2018-q2-update/bin/../lib/gcc/arm-none-eabi/7.3.1/../../../../arm-none-eabi/lib/thumb/v6-m/libm.a(lib_a-k_rem_pio2.o)
 .rodata.__wrap_puts.str1.1
                0x000000000801cf50      0xb64 out/lib/libwrapprintf.a(acc_wrap_printf.o)
                                          0x2 (size before relaxing)
                0x000000000801dab4                . = ALIGN (0x4)

.ARM.extab
 *(.ARM.extab* .gnu.linkonce.armextab.*)

.ARM            0x000000000801cf50        0x8
                0x000000000801cf50                __exidx_start = .
 *(.ARM.exidx*)
 .ARM.exidx     0x000000000801cf50        0x8 /mnt/d/Git/acconeer/compilers/gcc-arm-none-eabi-7-2018-q2-update/bin/../lib/gcc/arm-none-eabi/7.3.1/thumb/v6-m/libgcc.a(_udivmoddi4.o)
                0x000000000801cf58                __exidx_end = .

.rel.dyn        0x000000000801cf58        0x0
 .rel.iplt      0x000000000801cf58        0x0 /mnt/d/Git/acconeer/compilers/gcc-arm-none-eabi-7-2018-q2-update/bin/../lib/gcc/arm-none-eabi/7.3.1/thumb/v6-m/crtbegin.o

.preinit_array  0x000000000801cf58        0x0
                0x000000000801cf58                PROVIDE (__preinit_array_start = .)
 *(.preinit_array*)
                0x000000000801cf58                PROVIDE (__preinit_array_end = .)

.init_array     0x000000000801cf58        0x4
                0x000000000801cf58                PROVIDE (__init_array_start = .)
 *(SORT_BY_NAME(.init_array.*))
 *(.init_array*)
 .init_array    0x000000000801cf58        0x4 /mnt/d/Git/acconeer/compilers/gcc-arm-none-eabi-7-2018-q2-update/bin/../lib/gcc/arm-none-eabi/7.3.1/thumb/v6-m/crtbegin.o
                0x000000000801cf5c                PROVIDE (__init_array_end = .)

.fini_array     0x000000000801cf5c        0x4
                [!provide]                        PROVIDE (__fini_array_start = .)
 *(SORT_BY_NAME(.fini_array.*))
 *(.fini_array*)
 .fini_array    0x000000000801cf5c        0x4 /mnt/d/Git/acconeer/compilers/gcc-arm-none-eabi-7-2018-q2-update/bin/../lib/gcc/arm-none-eabi/7.3.1/thumb/v6-m/crtbegin.o
                [!provide]                        PROVIDE (__fini_array_end = .)
                0x000000000801cf60                _sidata = LOADADDR (.data)

.data           0x0000000020000000       0x70 load address 0x000000000801cf60
                0x0000000020000000                . = ALIGN (0x4)
                0x0000000020000000                _sdata = .
 *(.data)
 .data          0x0000000020000000        0x8 /tmp/ccIX0lZb.ltrans1.ltrans.o
                0x0000000020000000                SystemCoreClock
                0x0000000020000004                uwTickPrio
 *(.data*)
 .data._impure_ptr
                0x0000000020000008        0x4 /mnt/d/Git/acconeer/compilers/gcc-arm-none-eabi-7-2018-q2-update/bin/../lib/gcc/arm-none-eabi/7.3.1/../../../../arm-none-eabi/lib/thumb/v6-m/libc_nano.a(lib_a-impure.o)
                0x0000000020000008                _impure_ptr
 .data.impure_data
                0x000000002000000c       0x60 /mnt/d/Git/acconeer/compilers/gcc-arm-none-eabi-7-2018-q2-update/bin/../lib/gcc/arm-none-eabi/7.3.1/../../../../arm-none-eabi/lib/thumb/v6-m/libc_nano.a(lib_a-impure.o)
 .data.__fdlib_version
                0x000000002000006c        0x1 /mnt/d/Git/acconeer/compilers/gcc-arm-none-eabi-7-2018-q2-update/bin/../lib/gcc/arm-none-eabi/7.3.1/../../../../arm-none-eabi/lib/thumb/v6-m/libm.a(lib_a-s_lib_ver.o)
                0x000000002000006c                __fdlib_version
                0x0000000020000070                . = ALIGN (0x4)
 *fill*         0x000000002000006d        0x3 
                0x0000000020000070                _edata = .

.igot.plt       0x0000000020000070        0x0 load address 0x000000000801cfd0
 .igot.plt      0x0000000020000070        0x0 /mnt/d/Git/acconeer/compilers/gcc-arm-none-eabi-7-2018-q2-update/bin/../lib/gcc/arm-none-eabi/7.3.1/thumb/v6-m/crtbegin.o
                0x0000000020000070                . = ALIGN (0x4)

.bss            0x0000000020000070      0x614 load address 0x000000000801cfd0
                0x0000000020000070                _sbss = .
                0x0000000020000070                __bss_start__ = _sbss
 *(.bss)
 .bss           0x0000000020000070       0x1c /mnt/d/Git/acconeer/compilers/gcc-arm-none-eabi-7-2018-q2-update/bin/../lib/gcc/arm-none-eabi/7.3.1/thumb/v6-m/crtbegin.o
 .bss           0x000000002000008c      0x308 /tmp/ccIX0lZb.ltrans0.ltrans.o
 .bss           0x0000000020000394      0x254 /tmp/ccIX0lZb.ltrans1.ltrans.o
                0x0000000020000394                hrtc
                0x00000000200003c0                uwTick
                0x00000000200003c4                concrete_hal
                0x00000000200003fc                hspi1
                0x0000000020000460                rtc_wakeup_triggered
                0x0000000020000464                pFlash
                0x000000002000047c                uart_rx_buff
                0x000000002000049c                hdma_usart1_tx
                0x00000000200004f8                hdma_usart1_rx
                0x0000000020000554                sensor_info.lto_priv.275
                0x0000000020000558                manager_func_substitution.lto_priv.276
                0x000000002000055c                huart1
 *(.bss*)
 .bss.__sbrk_heap_end
                0x00000000200005e8        0x4 out/obj/sysmem.o
 .bss.__malloc_free_list
                0x00000000200005ec        0x4 /mnt/d/Git/acconeer/compilers/gcc-arm-none-eabi-7-2018-q2-update/bin/../lib/gcc/arm-none-eabi/7.3.1/../../../../arm-none-eabi/lib/thumb/v6-m/libc_nano.a(lib_a-nano-mallocr.o)
                0x00000000200005ec                __malloc_free_list
 .bss.__malloc_sbrk_start
                0x00000000200005f0        0x4 /mnt/d/Git/acconeer/compilers/gcc-arm-none-eabi-7-2018-q2-update/bin/../lib/gcc/arm-none-eabi/7.3.1/../../../../arm-none-eabi/lib/thumb/v6-m/libc_nano.a(lib_a-nano-mallocr.o)
                0x00000000200005f0                __malloc_sbrk_start
 *(COMMON)
 COMMON         0x00000000200005f4       0x8c /tmp/ccIX0lZb.ltrans0.ltrans.o
                0x00000000200005f4                huart2
 COMMON         0x0000000020000680        0x4 /mnt/d/Git/acconeer/compilers/gcc-arm-none-eabi-7-2018-q2-update/bin/../lib/gcc/arm-none-eabi/7.3.1/../../../../arm-none-eabi/lib/thumb/v6-m/libc_nano.a(lib_a-reent.o)
                0x0000000020000680                errno
                0x0000000020000684                . = ALIGN (0x4)
                0x0000000020000684                _ebss = .
                0x0000000020000684                __bss_end__ = _ebss

._user_heap_stack
                0x0000000020000684     0x1604 load address 0x000000000801cfd0
                0x0000000020000688                . = ALIGN (0x8)
 *fill*         0x0000000020000684        0x4 
                [!provide]                        PROVIDE (end = .)
                0x0000000020000688                PROVIDE (_end = .)
                0x0000000020000888                . = (. + _Min_Heap_Size)
 *fill*         0x0000000020000688      0x200 
                0x0000000020001c88                . = (. + _Min_Stack_Size)
 *fill*         0x0000000020000888     0x1400 
                0x0000000020001c88                . = ALIGN (0x8)

/DISCARD/
 libc.a(*)
 libm.a(*)
 libgcc.a(*)

.ARM.attributes
                0x0000000000000000       0x28
 *(.ARM.attributes)
 .ARM.attributes
                0x0000000000000000       0x1e /mnt/d/Git/acconeer/compilers/gcc-arm-none-eabi-7-2018-q2-update/bin/../lib/gcc/arm-none-eabi/7.3.1/thumb/v6-m/crti.o
 .ARM.attributes
                0x000000000000001e       0x2c /mnt/d/Git/acconeer/compilers/gcc-arm-none-eabi-7-2018-q2-update/bin/../lib/gcc/arm-none-eabi/7.3.1/thumb/v6-m/crtbegin.o
 .ARM.attributes
                0x000000000000004a       0x30 /tmp/ccIX0lZb.ltrans0.ltrans.o
 .ARM.attributes
                0x000000000000007a       0x30 /tmp/ccIX0lZb.ltrans1.ltrans.o
 .ARM.attributes
                0x00000000000000aa       0x32 out/obj/syscalls.o
 .ARM.attributes
                0x00000000000000dc       0x21 out/obj/startup_stm32g071xx.o
 .ARM.attributes
                0x00000000000000fd       0x32 out/obj/sysmem.o
 .ARM.attributes
                0x000000000000012f       0x2c /mnt/d/Git/acconeer/compilers/gcc-arm-none-eabi-7-2018-q2-update/bin/../lib/gcc/arm-none-eabi/7.3.1/../../../../arm-none-eabi/lib/thumb/v6-m/libm.a(lib_a-ef_sqrt.o)
 .ARM.attributes
                0x000000000000015b       0x2c /mnt/d/Git/acconeer/compilers/gcc-arm-none-eabi-7-2018-q2-update/bin/../lib/gcc/arm-none-eabi/7.3.1/thumb/v6-m/libgcc.a(addsf3.o)
 .ARM.attributes
                0x0000000000000187       0x2c /mnt/d/Git/acconeer/compilers/gcc-arm-none-eabi-7-2018-q2-update/bin/../lib/gcc/arm-none-eabi/7.3.1/thumb/v6-m/libgcc.a(divsf3.o)
 .ARM.attributes
                0x00000000000001b3       0x2c /mnt/d/Git/acconeer/compilers/gcc-arm-none-eabi-7-2018-q2-update/bin/../lib/gcc/arm-none-eabi/7.3.1/thumb/v6-m/libgcc.a(mulsf3.o)
 .ARM.attributes
                0x00000000000001df       0x2c /mnt/d/Git/acconeer/compilers/gcc-arm-none-eabi-7-2018-q2-update/bin/../lib/gcc/arm-none-eabi/7.3.1/thumb/v6-m/libgcc.a(subsf3.o)
 .ARM.attributes
                0x000000000000020b       0x1e /mnt/d/Git/acconeer/compilers/gcc-arm-none-eabi-7-2018-q2-update/bin/../lib/gcc/arm-none-eabi/7.3.1/thumb/v6-m/libgcc.a(_clzsi2.o)
 .ARM.attributes
                0x0000000000000229       0x2c /mnt/d/Git/acconeer/compilers/gcc-arm-none-eabi-7-2018-q2-update/bin/../lib/gcc/arm-none-eabi/7.3.1/../../../../arm-none-eabi/lib/thumb/v6-m/libc_nano.a(lib_a-errno.o)
 .ARM.attributes
                0x0000000000000255       0x2c /mnt/d/Git/acconeer/compilers/gcc-arm-none-eabi-7-2018-q2-update/bin/../lib/gcc/arm-none-eabi/7.3.1/../../../../arm-none-eabi/lib/thumb/v6-m/libc_nano.a(lib_a-fflush.o)
 .ARM.attributes
                0x0000000000000281       0x2c /mnt/d/Git/acconeer/compilers/gcc-arm-none-eabi-7-2018-q2-update/bin/../lib/gcc/arm-none-eabi/7.3.1/../../../../arm-none-eabi/lib/thumb/v6-m/libc_nano.a(lib_a-findfp.o)
 .ARM.attributes
                0x00000000000002ad       0x2c /mnt/d/Git/acconeer/compilers/gcc-arm-none-eabi-7-2018-q2-update/bin/../lib/gcc/arm-none-eabi/7.3.1/../../../../arm-none-eabi/lib/thumb/v6-m/libc_nano.a(lib_a-fwalk.o)
 .ARM.attributes
                0x00000000000002d9       0x2c /mnt/d/Git/acconeer/compilers/gcc-arm-none-eabi-7-2018-q2-update/bin/../lib/gcc/arm-none-eabi/7.3.1/../../../../arm-none-eabi/lib/thumb/v6-m/libc_nano.a(lib_a-impure.o)
 .ARM.attributes
                0x0000000000000305       0x2c /mnt/d/Git/acconeer/compilers/gcc-arm-none-eabi-7-2018-q2-update/bin/../lib/gcc/arm-none-eabi/7.3.1/../../../../arm-none-eabi/lib/thumb/v6-m/libc_nano.a(lib_a-init.o)
 .ARM.attributes
                0x0000000000000331       0x2c /mnt/d/Git/acconeer/compilers/gcc-arm-none-eabi-7-2018-q2-update/bin/../lib/gcc/arm-none-eabi/7.3.1/../../../../arm-none-eabi/lib/thumb/v6-m/libc_nano.a(lib_a-memset.o)
 .ARM.attributes
                0x000000000000035d       0x2c /mnt/d/Git/acconeer/compilers/gcc-arm-none-eabi-7-2018-q2-update/bin/../lib/gcc/arm-none-eabi/7.3.1/../../../../arm-none-eabi/lib/thumb/v6-m/libc_nano.a(lib_a-nano-freer.o)
 .ARM.attributes
                0x0000000000000389       0x2c /mnt/d/Git/acconeer/compilers/gcc-arm-none-eabi-7-2018-q2-update/bin/../lib/gcc/arm-none-eabi/7.3.1/../../../../arm-none-eabi/lib/thumb/v6-m/libc_nano.a(lib_a-nano-mallocr.o)
 .ARM.attributes
                0x00000000000003b5       0x2c /mnt/d/Git/acconeer/compilers/gcc-arm-none-eabi-7-2018-q2-update/bin/../lib/gcc/arm-none-eabi/7.3.1/../../../../arm-none-eabi/lib/thumb/v6-m/libc_nano.a(lib_a-sbrkr.o)
 .ARM.attributes
                0x00000000000003e1       0x2c /mnt/d/Git/acconeer/compilers/gcc-arm-none-eabi-7-2018-q2-update/bin/../lib/gcc/arm-none-eabi/7.3.1/../../../../arm-none-eabi/lib/thumb/v6-m/libc_nano.a(lib_a-stdio.o)
 .ARM.attributes
                0x000000000000040d       0x2c /mnt/d/Git/acconeer/compilers/gcc-arm-none-eabi-7-2018-q2-update/bin/../lib/gcc/arm-none-eabi/7.3.1/../../../../arm-none-eabi/lib/thumb/v6-m/libc_nano.a(lib_a-writer.o)
 .ARM.attributes
                0x0000000000000439       0x2c /mnt/d/Git/acconeer/compilers/gcc-arm-none-eabi-7-2018-q2-update/bin/../lib/gcc/arm-none-eabi/7.3.1/../../../../arm-none-eabi/lib/thumb/v6-m/libc_nano.a(lib_a-closer.o)
 .ARM.attributes
                0x0000000000000465       0x2c /mnt/d/Git/acconeer/compilers/gcc-arm-none-eabi-7-2018-q2-update/bin/../lib/gcc/arm-none-eabi/7.3.1/../../../../arm-none-eabi/lib/thumb/v6-m/libc_nano.a(lib_a-lseekr.o)
 .ARM.attributes
                0x0000000000000491       0x2c /mnt/d/Git/acconeer/compilers/gcc-arm-none-eabi-7-2018-q2-update/bin/../lib/gcc/arm-none-eabi/7.3.1/../../../../arm-none-eabi/lib/thumb/v6-m/libc_nano.a(lib_a-mlock.o)
 .ARM.attributes
                0x00000000000004bd       0x2c /mnt/d/Git/acconeer/compilers/gcc-arm-none-eabi-7-2018-q2-update/bin/../lib/gcc/arm-none-eabi/7.3.1/../../../../arm-none-eabi/lib/thumb/v6-m/libc_nano.a(lib_a-readr.o)
 .ARM.attributes
                0x00000000000004e9       0x2c /mnt/d/Git/acconeer/compilers/gcc-arm-none-eabi-7-2018-q2-update/bin/../lib/gcc/arm-none-eabi/7.3.1/../../../../arm-none-eabi/lib/thumb/v6-m/libc_nano.a(lib_a-reent.o)
 .ARM.attributes
                0x0000000000000515       0x2c /mnt/d/Git/acconeer/compilers/gcc-arm-none-eabi-7-2018-q2-update/bin/../lib/gcc/arm-none-eabi/7.3.1/../../../../arm-none-eabi/lib/thumb/v6-m/libnosys.a(close.o)
 .ARM.attributes
                0x0000000000000541       0x2c /mnt/d/Git/acconeer/compilers/gcc-arm-none-eabi-7-2018-q2-update/bin/../lib/gcc/arm-none-eabi/7.3.1/../../../../arm-none-eabi/lib/thumb/v6-m/libnosys.a(lseek.o)
 .ARM.attributes
                0x000000000000056d       0x2c /mnt/d/Git/acconeer/compilers/gcc-arm-none-eabi-7-2018-q2-update/bin/../lib/gcc/arm-none-eabi/7.3.1/../../../../arm-none-eabi/lib/thumb/v6-m/libnosys.a(read.o)
 .ARM.attributes
                0x0000000000000599       0x1e /mnt/d/Git/acconeer/compilers/gcc-arm-none-eabi-7-2018-q2-update/bin/../lib/gcc/arm-none-eabi/7.3.1/thumb/v6-m/crtn.o
 .ARM.attributes
                0x00000000000005b7       0x2c /mnt/d/Git/acconeer/compilers/gcc-arm-none-eabi-7-2018-q2-update/bin/../lib/gcc/arm-none-eabi/7.3.1/../../../../arm-none-eabi/lib/thumb/v6-m/libm.a(lib_a-s_cos.o)
 .ARM.attributes
                0x00000000000005e3       0x2c /mnt/d/Git/acconeer/compilers/gcc-arm-none-eabi-7-2018-q2-update/bin/../lib/gcc/arm-none-eabi/7.3.1/../../../../arm-none-eabi/lib/thumb/v6-m/libm.a(lib_a-sf_fmax.o)
 .ARM.attributes
                0x000000000000060f       0x2c /mnt/d/Git/acconeer/compilers/gcc-arm-none-eabi-7-2018-q2-update/bin/../lib/gcc/arm-none-eabi/7.3.1/../../../../arm-none-eabi/lib/thumb/v6-m/libm.a(lib_a-sf_fpclassify.o)
 .ARM.attributes
                0x000000000000063b       0x2c /mnt/d/Git/acconeer/compilers/gcc-arm-none-eabi-7-2018-q2-update/bin/../lib/gcc/arm-none-eabi/7.3.1/../../../../arm-none-eabi/lib/thumb/v6-m/libm.a(lib_a-sf_round.o)
 .ARM.attributes
                0x0000000000000667       0x2c /mnt/d/Git/acconeer/compilers/gcc-arm-none-eabi-7-2018-q2-update/bin/../lib/gcc/arm-none-eabi/7.3.1/../../../../arm-none-eabi/lib/thumb/v6-m/libm.a(lib_a-w_sqrt.o)
 .ARM.attributes
                0x0000000000000693       0x2c /mnt/d/Git/acconeer/compilers/gcc-arm-none-eabi-7-2018-q2-update/bin/../lib/gcc/arm-none-eabi/7.3.1/../../../../arm-none-eabi/lib/thumb/v6-m/libm.a(lib_a-wf_exp.o)
 .ARM.attributes
                0x00000000000006bf       0x2c /mnt/d/Git/acconeer/compilers/gcc-arm-none-eabi-7-2018-q2-update/bin/../lib/gcc/arm-none-eabi/7.3.1/../../../../arm-none-eabi/lib/thumb/v6-m/libm.a(lib_a-wf_log10.o)
 .ARM.attributes
                0x00000000000006eb       0x2c /mnt/d/Git/acconeer/compilers/gcc-arm-none-eabi-7-2018-q2-update/bin/../lib/gcc/arm-none-eabi/7.3.1/../../../../arm-none-eabi/lib/thumb/v6-m/libm.a(lib_a-e_rem_pio2.o)
 .ARM.attributes
                0x0000000000000717       0x2c /mnt/d/Git/acconeer/compilers/gcc-arm-none-eabi-7-2018-q2-update/bin/../lib/gcc/arm-none-eabi/7.3.1/../../../../arm-none-eabi/lib/thumb/v6-m/libm.a(lib_a-e_sqrt.o)
 .ARM.attributes
                0x0000000000000743       0x2c /mnt/d/Git/acconeer/compilers/gcc-arm-none-eabi-7-2018-q2-update/bin/../lib/gcc/arm-none-eabi/7.3.1/../../../../arm-none-eabi/lib/thumb/v6-m/libm.a(lib_a-ef_exp.o)
 .ARM.attributes
                0x000000000000076f       0x2c /mnt/d/Git/acconeer/compilers/gcc-arm-none-eabi-7-2018-q2-update/bin/../lib/gcc/arm-none-eabi/7.3.1/../../../../arm-none-eabi/lib/thumb/v6-m/libm.a(lib_a-ef_log10.o)
 .ARM.attributes
                0x000000000000079b       0x2c /mnt/d/Git/acconeer/compilers/gcc-arm-none-eabi-7-2018-q2-update/bin/../lib/gcc/arm-none-eabi/7.3.1/../../../../arm-none-eabi/lib/thumb/v6-m/libm.a(lib_a-k_cos.o)
 .ARM.attributes
                0x00000000000007c7       0x2c /mnt/d/Git/acconeer/compilers/gcc-arm-none-eabi-7-2018-q2-update/bin/../lib/gcc/arm-none-eabi/7.3.1/../../../../arm-none-eabi/lib/thumb/v6-m/libm.a(lib_a-k_rem_pio2.o)
 .ARM.attributes
                0x00000000000007f3       0x2c /mnt/d/Git/acconeer/compilers/gcc-arm-none-eabi-7-2018-q2-update/bin/../lib/gcc/arm-none-eabi/7.3.1/../../../../arm-none-eabi/lib/thumb/v6-m/libm.a(lib_a-k_sin.o)
 .ARM.attributes
                0x000000000000081f       0x2c /mnt/d/Git/acconeer/compilers/gcc-arm-none-eabi-7-2018-q2-update/bin/../lib/gcc/arm-none-eabi/7.3.1/../../../../arm-none-eabi/lib/thumb/v6-m/libm.a(lib_a-s_fabs.o)
 .ARM.attributes
                0x000000000000084b       0x2c /mnt/d/Git/acconeer/compilers/gcc-arm-none-eabi-7-2018-q2-update/bin/../lib/gcc/arm-none-eabi/7.3.1/../../../../arm-none-eabi/lib/thumb/v6-m/libm.a(lib_a-s_floor.o)
 .ARM.attributes
                0x0000000000000877       0x2c /mnt/d/Git/acconeer/compilers/gcc-arm-none-eabi-7-2018-q2-update/bin/../lib/gcc/arm-none-eabi/7.3.1/../../../../arm-none-eabi/lib/thumb/v6-m/libm.a(lib_a-s_lib_ver.o)
 .ARM.attributes
                0x00000000000008a3       0x2c /mnt/d/Git/acconeer/compilers/gcc-arm-none-eabi-7-2018-q2-update/bin/../lib/gcc/arm-none-eabi/7.3.1/../../../../arm-none-eabi/lib/thumb/v6-m/libm.a(lib_a-s_matherr.o)
 .ARM.attributes
                0x00000000000008cf       0x2c /mnt/d/Git/acconeer/compilers/gcc-arm-none-eabi-7-2018-q2-update/bin/../lib/gcc/arm-none-eabi/7.3.1/../../../../arm-none-eabi/lib/thumb/v6-m/libm.a(lib_a-s_nan.o)
 .ARM.attributes
                0x00000000000008fb       0x2c /mnt/d/Git/acconeer/compilers/gcc-arm-none-eabi-7-2018-q2-update/bin/../lib/gcc/arm-none-eabi/7.3.1/../../../../arm-none-eabi/lib/thumb/v6-m/libm.a(lib_a-s_scalbn.o)
 .ARM.attributes
                0x0000000000000927       0x2c /mnt/d/Git/acconeer/compilers/gcc-arm-none-eabi-7-2018-q2-update/bin/../lib/gcc/arm-none-eabi/7.3.1/../../../../arm-none-eabi/lib/thumb/v6-m/libm.a(lib_a-sf_finite.o)
 .ARM.attributes
                0x0000000000000953       0x2c /mnt/d/Git/acconeer/compilers/gcc-arm-none-eabi-7-2018-q2-update/bin/../lib/gcc/arm-none-eabi/7.3.1/../../../../arm-none-eabi/lib/thumb/v6-m/libm.a(lib_a-ef_log.o)
 .ARM.attributes
                0x000000000000097f       0x2c /mnt/d/Git/acconeer/compilers/gcc-arm-none-eabi-7-2018-q2-update/bin/../lib/gcc/arm-none-eabi/7.3.1/../../../../arm-none-eabi/lib/thumb/v6-m/libm.a(lib_a-s_copysign.o)
 .ARM.attributes
                0x00000000000009ab       0x32 out/lib/libwrapprintf.a(acc_wrap_printf.o)
 .ARM.attributes
                0x00000000000009dd       0x32 out/lib/libwrapprintf.a(printf.o)
 .ARM.attributes
                0x0000000000000a0f       0x1e /mnt/d/Git/acconeer/compilers/gcc-arm-none-eabi-7-2018-q2-update/bin/../lib/gcc/arm-none-eabi/7.3.1/thumb/v6-m/libgcc.a(_thumb1_case_sqi.o)
 .ARM.attributes
                0x0000000000000a2d       0x1e /mnt/d/Git/acconeer/compilers/gcc-arm-none-eabi-7-2018-q2-update/bin/../lib/gcc/arm-none-eabi/7.3.1/thumb/v6-m/libgcc.a(_thumb1_case_uqi.o)
 .ARM.attributes
                0x0000000000000a4b       0x1e /mnt/d/Git/acconeer/compilers/gcc-arm-none-eabi-7-2018-q2-update/bin/../lib/gcc/arm-none-eabi/7.3.1/thumb/v6-m/libgcc.a(_thumb1_case_uhi.o)
 .ARM.attributes
                0x0000000000000a69       0x1e /mnt/d/Git/acconeer/compilers/gcc-arm-none-eabi-7-2018-q2-update/bin/../lib/gcc/arm-none-eabi/7.3.1/thumb/v6-m/libgcc.a(_udivsi3.o)
 .ARM.attributes
                0x0000000000000a87       0x1e /mnt/d/Git/acconeer/compilers/gcc-arm-none-eabi-7-2018-q2-update/bin/../lib/gcc/arm-none-eabi/7.3.1/thumb/v6-m/libgcc.a(_divsi3.o)
 .ARM.attributes
                0x0000000000000aa5       0x1e /mnt/d/Git/acconeer/compilers/gcc-arm-none-eabi-7-2018-q2-update/bin/../lib/gcc/arm-none-eabi/7.3.1/thumb/v6-m/libgcc.a(_dvmd_tls.o)
 .ARM.attributes
                0x0000000000000ac3       0x1e /mnt/d/Git/acconeer/compilers/gcc-arm-none-eabi-7-2018-q2-update/bin/../lib/gcc/arm-none-eabi/7.3.1/thumb/v6-m/libgcc.a(_arm_cmpdf2.o)
 .ARM.attributes
                0x0000000000000ae1       0x1e /mnt/d/Git/acconeer/compilers/gcc-arm-none-eabi-7-2018-q2-update/bin/../lib/gcc/arm-none-eabi/7.3.1/thumb/v6-m/libgcc.a(_arm_cmpsf2.o)
 .ARM.attributes
                0x0000000000000aff       0x1e /mnt/d/Git/acconeer/compilers/gcc-arm-none-eabi-7-2018-q2-update/bin/../lib/gcc/arm-none-eabi/7.3.1/thumb/v6-m/libgcc.a(_aeabi_uldivmod.o)
 .ARM.attributes
                0x0000000000000b1d       0x2c /mnt/d/Git/acconeer/compilers/gcc-arm-none-eabi-7-2018-q2-update/bin/../lib/gcc/arm-none-eabi/7.3.1/thumb/v6-m/libgcc.a(_fixunssfsi.o)
 .ARM.attributes
                0x0000000000000b49       0x2c /mnt/d/Git/acconeer/compilers/gcc-arm-none-eabi-7-2018-q2-update/bin/../lib/gcc/arm-none-eabi/7.3.1/thumb/v6-m/libgcc.a(_udivmoddi4.o)
 .ARM.attributes
                0x0000000000000b75       0x2c /mnt/d/Git/acconeer/compilers/gcc-arm-none-eabi-7-2018-q2-update/bin/../lib/gcc/arm-none-eabi/7.3.1/thumb/v6-m/libgcc.a(eqsf2.o)
 .ARM.attributes
                0x0000000000000ba1       0x2c /mnt/d/Git/acconeer/compilers/gcc-arm-none-eabi-7-2018-q2-update/bin/../lib/gcc/arm-none-eabi/7.3.1/thumb/v6-m/libgcc.a(gesf2.o)
 .ARM.attributes
                0x0000000000000bcd       0x2c /mnt/d/Git/acconeer/compilers/gcc-arm-none-eabi-7-2018-q2-update/bin/../lib/gcc/arm-none-eabi/7.3.1/thumb/v6-m/libgcc.a(lesf2.o)
 .ARM.attributes
                0x0000000000000bf9       0x2c /mnt/d/Git/acconeer/compilers/gcc-arm-none-eabi-7-2018-q2-update/bin/../lib/gcc/arm-none-eabi/7.3.1/thumb/v6-m/libgcc.a(unordsf2.o)
 .ARM.attributes
                0x0000000000000c25       0x2c /mnt/d/Git/acconeer/compilers/gcc-arm-none-eabi-7-2018-q2-update/bin/../lib/gcc/arm-none-eabi/7.3.1/thumb/v6-m/libgcc.a(fixsfsi.o)
 .ARM.attributes
                0x0000000000000c51       0x2c /mnt/d/Git/acconeer/compilers/gcc-arm-none-eabi-7-2018-q2-update/bin/../lib/gcc/arm-none-eabi/7.3.1/thumb/v6-m/libgcc.a(floatsisf.o)
 .ARM.attributes
                0x0000000000000c7d       0x2c /mnt/d/Git/acconeer/compilers/gcc-arm-none-eabi-7-2018-q2-update/bin/../lib/gcc/arm-none-eabi/7.3.1/thumb/v6-m/libgcc.a(floatunsisf.o)
 .ARM.attributes
                0x0000000000000ca9       0x2c /mnt/d/Git/acconeer/compilers/gcc-arm-none-eabi-7-2018-q2-update/bin/../lib/gcc/arm-none-eabi/7.3.1/thumb/v6-m/libgcc.a(adddf3.o)
 .ARM.attributes
                0x0000000000000cd5       0x2c /mnt/d/Git/acconeer/compilers/gcc-arm-none-eabi-7-2018-q2-update/bin/../lib/gcc/arm-none-eabi/7.3.1/thumb/v6-m/libgcc.a(divdf3.o)
 .ARM.attributes
                0x0000000000000d01       0x2c /mnt/d/Git/acconeer/compilers/gcc-arm-none-eabi-7-2018-q2-update/bin/../lib/gcc/arm-none-eabi/7.3.1/thumb/v6-m/libgcc.a(eqdf2.o)
 .ARM.attributes
                0x0000000000000d2d       0x2c /mnt/d/Git/acconeer/compilers/gcc-arm-none-eabi-7-2018-q2-update/bin/../lib/gcc/arm-none-eabi/7.3.1/thumb/v6-m/libgcc.a(gedf2.o)
 .ARM.attributes
                0x0000000000000d59       0x2c /mnt/d/Git/acconeer/compilers/gcc-arm-none-eabi-7-2018-q2-update/bin/../lib/gcc/arm-none-eabi/7.3.1/thumb/v6-m/libgcc.a(ledf2.o)
 .ARM.attributes
                0x0000000000000d85       0x2c /mnt/d/Git/acconeer/compilers/gcc-arm-none-eabi-7-2018-q2-update/bin/../lib/gcc/arm-none-eabi/7.3.1/thumb/v6-m/libgcc.a(muldf3.o)
 .ARM.attributes
                0x0000000000000db1       0x2c /mnt/d/Git/acconeer/compilers/gcc-arm-none-eabi-7-2018-q2-update/bin/../lib/gcc/arm-none-eabi/7.3.1/thumb/v6-m/libgcc.a(subdf3.o)
 .ARM.attributes
                0x0000000000000ddd       0x2c /mnt/d/Git/acconeer/compilers/gcc-arm-none-eabi-7-2018-q2-update/bin/../lib/gcc/arm-none-eabi/7.3.1/thumb/v6-m/libgcc.a(unorddf2.o)
 .ARM.attributes
                0x0000000000000e09       0x2c /mnt/d/Git/acconeer/compilers/gcc-arm-none-eabi-7-2018-q2-update/bin/../lib/gcc/arm-none-eabi/7.3.1/thumb/v6-m/libgcc.a(fixdfsi.o)
 .ARM.attributes
                0x0000000000000e35       0x2c /mnt/d/Git/acconeer/compilers/gcc-arm-none-eabi-7-2018-q2-update/bin/../lib/gcc/arm-none-eabi/7.3.1/thumb/v6-m/libgcc.a(floatsidf.o)
 .ARM.attributes
                0x0000000000000e61       0x2c /mnt/d/Git/acconeer/compilers/gcc-arm-none-eabi-7-2018-q2-update/bin/../lib/gcc/arm-none-eabi/7.3.1/thumb/v6-m/libgcc.a(floatunsidf.o)
 .ARM.attributes
                0x0000000000000e8d       0x2c /mnt/d/Git/acconeer/compilers/gcc-arm-none-eabi-7-2018-q2-update/bin/../lib/gcc/arm-none-eabi/7.3.1/thumb/v6-m/libgcc.a(extendsfdf2.o)
 .ARM.attributes
                0x0000000000000eb9       0x2c /mnt/d/Git/acconeer/compilers/gcc-arm-none-eabi-7-2018-q2-update/bin/../lib/gcc/arm-none-eabi/7.3.1/thumb/v6-m/libgcc.a(truncdfsf2.o)
 .ARM.attributes
                0x0000000000000ee5       0x1e /mnt/d/Git/acconeer/compilers/gcc-arm-none-eabi-7-2018-q2-update/bin/../lib/gcc/arm-none-eabi/7.3.1/thumb/v6-m/libgcc.a(_clzdi2.o)
 .ARM.attributes
                0x0000000000000f03       0x2c /mnt/d/Git/acconeer/compilers/gcc-arm-none-eabi-7-2018-q2-update/bin/../lib/gcc/arm-none-eabi/7.3.1/../../../../arm-none-eabi/lib/thumb/v6-m/libc_nano.a(lib_a-malloc.o)
 .ARM.attributes
                0x0000000000000f2f       0x2c /mnt/d/Git/acconeer/compilers/gcc-arm-none-eabi-7-2018-q2-update/bin/../lib/gcc/arm-none-eabi/7.3.1/../../../../arm-none-eabi/lib/thumb/v6-m/libc_nano.a(lib_a-memcpy-stub.o)
 .ARM.attributes
                0x0000000000000f5b       0x2c /mnt/d/Git/acconeer/compilers/gcc-arm-none-eabi-7-2018-q2-update/bin/../lib/gcc/arm-none-eabi/7.3.1/../../../../arm-none-eabi/lib/thumb/v6-m/libc_nano.a(lib_a-memmove.o)
 .ARM.attributes
                0x0000000000000f87       0x2c /mnt/d/Git/acconeer/compilers/gcc-arm-none-eabi-7-2018-q2-update/bin/../lib/gcc/arm-none-eabi/7.3.1/../../../../arm-none-eabi/lib/thumb/v6-m/libc_nano.a(lib_a-putchar.o)
 .ARM.attributes
                0x0000000000000fb3       0x1c /mnt/d/Git/acconeer/compilers/gcc-arm-none-eabi-7-2018-q2-update/bin/../lib/gcc/arm-none-eabi/7.3.1/../../../../arm-none-eabi/lib/thumb/v6-m/libc_nano.a(lib_a-strlen.o)
 .ARM.attributes
                0x0000000000000fcf       0x2c /mnt/d/Git/acconeer/compilers/gcc-arm-none-eabi-7-2018-q2-update/bin/../lib/gcc/arm-none-eabi/7.3.1/../../../../arm-none-eabi/lib/thumb/v6-m/libc_nano.a(lib_a-putc.o)
 .ARM.attributes
                0x0000000000000ffb       0x2c /mnt/d/Git/acconeer/compilers/gcc-arm-none-eabi-7-2018-q2-update/bin/../lib/gcc/arm-none-eabi/7.3.1/../../../../arm-none-eabi/lib/thumb/v6-m/libc_nano.a(lib_a-wbuf.o)
 .ARM.attributes
                0x0000000000001027       0x2c /mnt/d/Git/acconeer/compilers/gcc-arm-none-eabi-7-2018-q2-update/bin/../lib/gcc/arm-none-eabi/7.3.1/../../../../arm-none-eabi/lib/thumb/v6-m/libc_nano.a(lib_a-wsetup.o)
 .ARM.attributes
                0x0000000000001053       0x2c /mnt/d/Git/acconeer/compilers/gcc-arm-none-eabi-7-2018-q2-update/bin/../lib/gcc/arm-none-eabi/7.3.1/../../../../arm-none-eabi/lib/thumb/v6-m/libc_nano.a(lib_a-makebuf.o)
 .ARM.attributes
                0x000000000000107f       0x2c /mnt/d/Git/acconeer/compilers/gcc-arm-none-eabi-7-2018-q2-update/bin/../lib/gcc/arm-none-eabi/7.3.1/../../../../arm-none-eabi/lib/thumb/v6-m/libc_nano.a(lib_a-fstatr.o)
 .ARM.attributes
                0x00000000000010ab       0x2c /mnt/d/Git/acconeer/compilers/gcc-arm-none-eabi-7-2018-q2-update/bin/../lib/gcc/arm-none-eabi/7.3.1/../../../../arm-none-eabi/lib/thumb/v6-m/libc_nano.a(lib_a-isattyr.o)
 .ARM.attributes
                0x00000000000010d7       0x2c /mnt/d/Git/acconeer/compilers/gcc-arm-none-eabi-7-2018-q2-update/bin/../lib/gcc/arm-none-eabi/7.3.1/../../../../arm-none-eabi/lib/thumb/v6-m/libnosys.a(fstat.o)
 .ARM.attributes
                0x0000000000001103       0x2c /mnt/d/Git/acconeer/compilers/gcc-arm-none-eabi-7-2018-q2-update/bin/../lib/gcc/arm-none-eabi/7.3.1/../../../../arm-none-eabi/lib/thumb/v6-m/libnosys.a(isatty.o)
OUTPUT(out/main.elf elf32-littlearm)

.comment        0x0000000000000000       0x7f
 .comment       0x0000000000000000       0x80 /tmp/ccIX0lZb.ltrans0.ltrans.o
 .comment       0x0000000000000000       0x80 /tmp/ccIX0lZb.ltrans1.ltrans.o
 .comment       0x0000000000000000       0x7f out/obj/syscalls.o
                                         0x80 (size before relaxing)
 .comment       0x000000000000007f       0x80 out/obj/sysmem.o
 .comment       0x000000000000007f       0x80 out/lib/libwrapprintf.a(acc_wrap_printf.o)
 .comment       0x000000000000007f       0x80 out/lib/libwrapprintf.a(printf.o)

.debug_info     0x0000000000000000     0x2e7b
 .debug_info    0x0000000000000000      0x7fc out/obj/syscalls.o
 .debug_info    0x00000000000007fc      0x9a7 out/obj/sysmem.o
 .debug_info    0x00000000000011a3      0xd4a out/lib/libwrapprintf.a(acc_wrap_printf.o)
 .debug_info    0x0000000000001eed      0xf8e out/lib/libwrapprintf.a(printf.o)

.debug_abbrev   0x0000000000000000      0x945
 .debug_abbrev  0x0000000000000000      0x187 out/obj/syscalls.o
 .debug_abbrev  0x0000000000000187      0x1f9 out/obj/sysmem.o
 .debug_abbrev  0x0000000000000380      0x2c7 out/lib/libwrapprintf.a(acc_wrap_printf.o)
 .debug_abbrev  0x0000000000000647      0x2fe out/lib/libwrapprintf.a(printf.o)

.debug_loc      0x0000000000000000     0x1989
 .debug_loc     0x0000000000000000       0x6b out/obj/syscalls.o
 .debug_loc     0x000000000000006b       0x4a out/obj/sysmem.o
 .debug_loc     0x00000000000000b5      0x279 out/lib/libwrapprintf.a(acc_wrap_printf.o)