Archive member included to satisfy reference by file (symbol)

lib/libacconeer.a(acc_rss.o)  out/obj/reg_interface.o (symbol from plugin) (acc_rss_activate)
lib/libacconeer.a(acc_service_envelope.o)
                              out/obj/reg_interface.o (symbol from plugin) (acc_service_envelope_configuration_create)
lib/libacconeer.a(acc_service_manager.o)
                              acc_rss.o (symbol from plugin) (acc_service_manager_activate)
lib/libacconeer.a(acc_service_sparse.o)
                              out/obj/reg_interface.o (symbol from plugin) (acc_service_sparse_configuration_create)
lib/libacconeer.a(acc_service.o)
                              acc_service_envelope.o (symbol from plugin) (acc_service_get_base_configuration)
lib/libacconeer.a(acc_base_configuration.o)
                              acc_service.o (symbol from plugin) (acc_base_configuration_sensor_get)
lib/libacconeer.a(acc_rss_integration.o)
                              acc_rss.o (symbol from plugin) (concrete_hal)
lib/libacconeer.a(acc_pipeline_direct.o)
                              acc_service_sparse.o (symbol from plugin) (acc_pipeline_direct_assemble)
lib/libacconeer.a(acc_pipeline_envelope.o)
                              acc_service_envelope.o (symbol from plugin) (acc_pipeline_envelope_assemble)
lib/libacconeer.a(acc_radar_engine_linear.o)
                              acc_service_envelope.o (symbol from plugin) (acc_radar_engine_linear_create)
lib/libacconeer.a(acc_radar_engine_sparse.o)
                              acc_service_sparse.o (symbol from plugin) (acc_radar_engine_sparse_create)
lib/libacconeer.a(acc_radar_engine.o)
                              acc_radar_engine_linear.o (symbol from plugin) (acc_radar_engine_acquire_adc_data)
lib/libacconeer.a(acc_radar_engine_common_sweep_w_dly.o)
                              acc_radar_engine_linear.o (symbol from plugin) (acc_radar_engine_common_sweep_w_dly_initialize_range)
lib/libacconeer.a(acc_radar_engine_common.o)
                              acc_radar_engine_linear.o (symbol from plugin) (acc_radar_engine_common_get_timeout_ms)
lib/libacconeer.a(acc_sensor_comm_r2.o)
                              acc_radar_engine_linear.o (symbol from plugin) (acc_sensor_r2_get_max_header_length)
lib/libacconeer.a(acc_sensor_manager.o)
                              acc_rss.o (symbol from plugin) (acc_sensor_manager_activate)
lib/libacconeer.a(acc_sensor_protocol_r2.o)
                              acc_radar_engine_linear.o (symbol from plugin) (acc_sensor_protocol_r2_ack_event)
lib/libacconeer.a(acc_sweep_manager.o)
                              acc_sensor_manager.o (symbol from plugin) (acc_sweep_manager_prepare)
lib/libacconeer.a(acc_utils.o)
                              acc_rss_integration.o (symbol from plugin) (acc_utils_swap16_array)
lib/libacconeer.a(acc_alg_cca.o)
                              acc_radar_engine_linear.o (symbol from plugin) (acc_alg_cca_calculate)
lib/libacconeer.a(acc_assert.o)
                              acc_rss_integration.o (symbol from plugin) (acc_assert_fail)
lib/libacconeer.a(acc_element.o)
                              acc_pipeline_envelope.o (symbol from plugin) (acc_element_sizeof)
lib/libacconeer.a(acc_element_abs.o)
                              acc_pipeline_envelope.o (symbol from plugin) (acc_element_abs_init)
lib/libacconeer.a(acc_element_centering.o)
                              acc_pipeline_envelope.o (symbol from plugin) (acc_element_centering_init)
lib/libacconeer.a(acc_element_converter.o)
                              acc_pipeline_envelope.o (symbol from plugin) (acc_element_converter_init)
lib/libacconeer.a(acc_element_crop.o)
                              acc_pipeline_envelope.o (symbol from plugin) (acc_element_crop_init)
lib/libacconeer.a(acc_element_depth_domain_low_pass_filter.o)
                              acc_pipeline_envelope.o (symbol from plugin) (acc_element_depth_domain_low_pass_filter_init)
lib/libacconeer.a(acc_element_iq_mixer.o)
                              acc_pipeline_envelope.o (symbol from plugin) (acc_element_iq_mixer_init)
lib/libacconeer.a(acc_element_noise_level_normalization.o)
                              acc_pipeline_envelope.o (symbol from plugin) (acc_element_noise_level_normalization_init)
lib/libacconeer.a(acc_element_phase_compensation.o)
                              acc_pipeline_envelope.o (symbol from plugin) (acc_element_phase_compensation_init)
lib/libacconeer.a(acc_element_saturation_check.o)
                              acc_pipeline_direct.o (symbol from plugin) (acc_element_saturation_check_init)
lib/libacconeer.a(acc_element_time_domain_low_pass_filter.o)
                              acc_pipeline_envelope.o (symbol from plugin) (acc_element_time_domain_low_pass_filter_init)
lib/libacconeer.a(acc_element_sink_callback.o)
                              acc_pipeline_direct.o (symbol from plugin) (acc_element_sink_callback_init)
lib/libacconeer.a(acc_element_source_adc.o)
[...]
Memory Configuration

Name             Origin             Length             Attributes
RAM              0x0000000020000000 0x0000000000009000 xrw
FLASH            0x0000000008000000 0x0000000000020000 xr
*default*        0x0000000000000000 0xffffffffffffffff

Linker script and memory map

LOAD /mnt/c/Users/Stephen/Documents/Repositories/acconeer/compilers/gcc-arm-none-eabi-7-2018-q2-update/bin/../lib/gcc/arm-none-eabi/7.3.1/thumb/v6-m/crti.o
LOAD /mnt/c/Users/Stephen/Documents/Repositories/acconeer/compilers/gcc-arm-none-eabi-7-2018-q2-update/bin/../lib/gcc/arm-none-eabi/7.3.1/thumb/v6-m/crtbegin.o
LOAD /mnt/c/Users/Stephen/Documents/Repositories/acconeer/compilers/gcc-arm-none-eabi-7-2018-q2-update/bin/../lib/gcc/arm-none-eabi/7.3.1/../../../../arm-none-eabi/lib/thumb/v6-m/crt0.o
LOAD /tmp/ccyMav6f.ltrans0.ltrans.o
LOAD /tmp/ccyMav6f.ltrans1.ltrans.o
LOAD /tmp/ccyMav6f.ltrans2.ltrans.o
LOAD out/obj/syscalls.o
LOAD out/obj/startup_stm32g071xx.o
LOAD out/obj/sysmem.o
START GROUP
LOAD lib/libacc_detector_distance.a
LOAD lib/libacc_detector_presence.a
LOAD lib/libacc_rf_certification_test.a
LOAD lib/libacconeer.a
LOAD /mnt/c/Users/Stephen/Documents/Repositories/acconeer/compilers/gcc-arm-none-eabi-7-2018-q2-update/bin/../lib/gcc/arm-none-eabi/7.3.1/../../../../arm-none-eabi/lib/thumb/v6-m/libm.a
LOAD out/lib/libwrapprintf.a
LOAD out/lib/libstm32cube_fw_g0.a
END GROUP
START GROUP
LOAD /mnt/c/Users/Stephen/Documents/Repositories/acconeer/compilers/gcc-arm-none-eabi-7-2018-q2-update/bin/../lib/gcc/arm-none-eabi/7.3.1/thumb/v6-m/libgcc.a
LOAD /mnt/c/Users/Stephen/Documents/Repositories/acconeer/compilers/gcc-arm-none-eabi-7-2018-q2-update/bin/../lib/gcc/arm-none-eabi/7.3.1/../../../../arm-none-eabi/lib/thumb/v6-m/libg_nano.a
LOAD /mnt/c/Users/Stephen/Documents/Repositories/acconeer/compilers/gcc-arm-none-eabi-7-2018-q2-update/bin/../lib/gcc/arm-none-eabi/7.3.1/../../../../arm-none-eabi/lib/thumb/v6-m/libc_nano.a
END GROUP
START GROUP
LOAD /mnt/c/Users/Stephen/Documents/Repositories/acconeer/compilers/gcc-arm-none-eabi-7-2018-q2-update/bin/../lib/gcc/arm-none-eabi/7.3.1/thumb/v6-m/libgcc.a
LOAD /mnt/c/Users/Stephen/Documents/Repositories/acconeer/compilers/gcc-arm-none-eabi-7-2018-q2-update/bin/../lib/gcc/arm-none-eabi/7.3.1/../../../../arm-none-eabi/lib/thumb/v6-m/libc_nano.a
LOAD /mnt/c/Users/Stephen/Documents/Repositories/acconeer/compilers/gcc-arm-none-eabi-7-2018-q2-update/bin/../lib/gcc/arm-none-eabi/7.3.1/../../../../arm-none-eabi/lib/thumb/v6-m/libnosys.a
END GROUP
START GROUP
LOAD /mnt/c/Users/Stephen/Documents/Repositories/acconeer/compilers/gcc-arm-none-eabi-7-2018-q2-update/bin/../lib/gcc/arm-none-eabi/7.3.1/thumb/v6-m/libgcc.a
LOAD /mnt/c/Users/Stephen/Documents/Repositories/acconeer/compilers/gcc-arm-none-eabi-7-2018-q2-update/bin/../lib/gcc/arm-none-eabi/7.3.1/../../../../arm-none-eabi/lib/thumb/v6-m/libc_nano.a
LOAD /mnt/c/Users/Stephen/Documents/Repositories/acconeer/compilers/gcc-arm-none-eabi-7-2018-q2-update/bin/../lib/gcc/arm-none-eabi/7.3.1/../../../../arm-none-eabi/lib/thumb/v6-m/libnosys.a
END GROUP
LOAD /mnt/c/Users/Stephen/Documents/Repositories/acconeer/compilers/gcc-arm-none-eabi-7-2018-q2-update/bin/../lib/gcc/arm-none-eabi/7.3.1/thumb/v6-m/crtend.o
LOAD /mnt/c/Users/Stephen/Documents/Repositories/acconeer/compilers/gcc-arm-none-eabi-7-2018-q2-update/bin/../lib/gcc/arm-none-eabi/7.3.1/thumb/v6-m/crtn.o
                0x0000000020009000                _estack = 0x20009000
                0x0000000000000200                _Min_Heap_Size = 0x200
                0x0000000000001400                _Min_Stack_Size = 0x1400

.isr_vector     0x0000000008000000       0xbc
                0x0000000008000000                . = ALIGN (0x4)
 *(.isr_vector)
 .isr_vector    0x0000000008000000       0xbc out/obj/startup_stm32g071xx.o
                0x0000000008000000                g_pfnVectors
                0x00000000080000bc                . = ALIGN (0x4)

.text           0x00000000080000bc    0x15638
                0x00000000080000bc                . = ALIGN (0x4)
 *(.text)
 .text          0x00000000080000bc       0x48 /mnt/c/Users/Stephen/Documents/Repositories/acconeer/compilers/gcc-arm-none-eabi-7-2018-q2-update/bin/../lib/gcc/arm-none-eabi/7.3.1/thumb/v6-m/crtbegin.o
 .text          0x0000000008000104     0x4854 /tmp/ccyMav6f.ltrans0.ltrans.o
                0x0000000008002c00                acc_base_configuration_asynchronous_measurement_get
                0x0000000008002c12                acc_base_configuration_noise_level_normalization_get
                0x0000000008002c24                acc_base_configuration_downsampling_factor_get
                0x000000000800366c                acc_base_configuration_sparse_sweeps_per_frame_get
                0x00000000080036d4                acc_base_configuration_wg_duration_get
                0x00000000080036ea                acc_base_configuration_integrator_get
                0x0000000008003700                acc_base_configuration_update_rate_get
                0x000000000800372c                acc_base_configuration_repetition_mode_get
                0x0000000008003740                acc_base_configuration_hw_accelerated_average_samples_get
                0x0000000008003756                acc_base_configuration_decrease_tx_emission_get
                0x0000000008003768                acc_base_configuration_tx_disable_get
                0x000000000800377a                acc_base_configuration_power_save_mode_get
                0x000000000800378e                acc_base_configuration_sensor_get
                0x00000000080037a2                acc_service_handle_valid
                0x00000000080037d4                acc_service_deactivate
                0x00000000080038b8                acc_service_activate
                0x0000000008003a54                HAL_UART_RxCpltCallback
                0x0000000008003ab8                RegInt_getreg
                0x0000000008003d64                RegInt_setregf
                0x000000000800465c                SystemInit
                0x000000000800466c                USART1_IRQHandler
                0x0000000008004820                I2C1_IRQHandler
                0x00000000080048ac                DMA1_Channel2_3_IRQHandler
                0x00000000080048bc                DMA1_Channel1_IRQHandler
                0x00000000080048cc                EXTI4_15_IRQHandler
                0x00000000080048d6                EXTI2_3_IRQHandler
                0x00000000080048e0                RTC_TAMP_IRQHandler
                0x0000000008004940                SysTick_Handler
                0x0000000008004950                PendSV_Handler
                0x0000000008004952                NMI_Handler
                0x0000000008004954                SVC_Handler
                0x0000000008004956                HardFault_Handler
 .text          0x0000000008004958     0x520c /tmp/ccyMav6f.ltrans1.ltrans.o
                0x0000000008004958                validate.lto_priv.261
                0x00000000080049ac                event.lto_priv.274
                0x00000000080049c6                noise_level_normalization_u16.lto_priv.668
                0x0000000008004a30                validate.lto_priv.260
                0x0000000008004ae8                event.lto_priv.273.lto_priv.663
                0x0000000008004af8                validate.lto_priv.259
                0x0000000008004b68                event.lto_priv.272.lto_priv.657
                0x0000000008004b78                filter_no_operation.lto_priv.171
                0x0000000008004b7a                validate.lto_priv.258
                0x0000000008004bd0                event.lto_priv.271
                0x0000000008004be0                validate.lto_priv.257
                0x0000000008004c34                convert_q12_4_to_q3_12_complex.lto_priv.646
                0x0000000008004c5c                convert_q12_4_to_q3_12.lto_priv.648
                0x0000000008004c80                convert_q12_4_to_q15_16.lto_priv.649
                0x0000000008004c9a                convert_q3_12_complex_to_f32_complex.lto_priv.645
                0x0000000008004cfa                convert_q15_16_to_f32.lto_priv.647
                0x0000000008004d46                convert_q3_12_to_u16.lto_priv.650
                0x0000000008004d62                validate.lto_priv.256
                0x0000000008004db8                event.lto_priv.269
                0x0000000008004dd0                validate.lto_priv.255
                0x0000000008004e24                reset.lto_priv.166.lto_priv.253
                0x0000000008004e2e                reset.lto_priv.267.lto_priv.667
                0x0000000008004e36                reset.lto_priv.266.lto_priv.664
                0x0000000008004e3e                reset.lto_priv.265.lto_priv.658
                0x0000000008004e46                reset.lto_priv.264.lto_priv.659
                0x0000000008004e4e                reset.lto_priv.263.lto_priv.644
                0x0000000008004e56                reset.lto_priv.262.lto_priv.669
                0x0000000008004e5e                event.lto_priv.268.lto_priv.651
                0x0000000008004e78                event.lto_priv.270.lto_priv.643
                0x0000000008004ed4                abs_q3_12_complex.lto_priv.652
                0x0000000008004f08                iq_mix_q3_12_complex.lto_priv.666
                0x0000000008004fc2                iq_mix_q3_12.lto_priv.665
                0x0000000008005056                filter_q3_12_complex.lto_priv.655
                0x00000000080050a8                centering_q12_4.lto_priv.670
                0x000000000800543c                acc_sensor_protocol_r2_ack_event
                0x0000000008005642                acc_radar_engine_sparse_create
                0x0000000008005694                acc_radar_engine_linear_create
                0x00000000080058e8                inject_data.lto_priv.318.lto_priv.640
                0x00000000080058f2                inject_data.lto_priv.317.lto_priv.624
                0x00000000080058fc                produce.lto_priv.320.lto_priv.639
                0x0000000008005926                produce.lto_priv.319.lto_priv.623
                0x000000000800594e                acc_assert_fail
                0x0000000008005970                do_phase_compensation_q3_12.lto_priv.254
                0x0000000008005c64                acc_sensor_protocol_r2_wait_for_specific_event
                0x0000000008005cc4                acc_sensor_protocol_r2_is_sensor_running
                0x0000000008005cde                acc_sensor_protocol_r2_run_program
                0x0000000008005fa8                acc_sensor_manager_hibernate_enter.lto_priv.251
                0x0000000008005fe0                acc_rss_integration_mem_free
                0x0000000008006018                disassemble.lto_priv.316.lto_priv.641
                0x0000000008006040                disassemble.lto_priv.315.lto_priv.625
                0x0000000008006068                acc_rss_integration_mem_alloc_debug
                0x000000000800608c                acc_rss_integration_sensor_device_transfer
                0x00000000080060c8                acc_sensor_r2_load_confmem
                0x000000000800613c                acc_rss_integration_sensor_device_power_off
                0x000000000800614c                acc_sensor_manager_power_on_and_start_sensor.lto_priv.252
                0x0000000008006198                acc_rss_integration_get_sensor_reference_frequency
                0x00000000080064e8                acc_base_configuration_check.part.6
                0x00000000080065e8                configuration_is_valid.lto_priv.672
                0x000000000800661c                acc_sensor_manager_prepare_measurement
                0x0000000008006804                acc_sensor_manager_prepare_radar_engine
                0x0000000008007da8                acc_base_configuration_print.part.5
                0x0000000008009b34                acc_sensor_r2_conf_write_instr
 .text          0x0000000008009b64     0x4470 /tmp/ccyMav6f.ltrans2.ltrans.o
                0x0000000008009d84                UART_DMAAbortOnError.lto_priv.671
                0x0000000008009fb0                validate.lto_priv.165
                0x000000000800a018                reset.lto_priv.170.lto_priv.631
                0x000000000800a01a                consume.lto_priv.630
                0x000000000800a030                validate.lto_priv.164
                0x000000000800a094                reset.lto_priv.169
                0x000000000800a0a4                filter_q3_12_complex.lto_priv.656
                0x000000000800a12a                validate.lto_priv.163
                0x000000000800a180                event.lto_priv.175
                0x000000000800a19c                saturation_check_i16.lto_priv.634
                0x000000000800a1f8                validate.lto_priv.162
                0x000000000800a268                event.lto_priv.174.lto_priv.660
                0x000000000800a4d8                event.lto_priv.176
                0x000000000800a50a                reset.lto_priv.168.lto_priv.632
                0x000000000800a512                reset.lto_priv.167.lto_priv.661
                0x000000000800a51a                phase_compensate_q3_12_complex.lto_priv.662
                0x000000000800a52e                SPI_WaitFlagStateUntilTimeout.part.0.constprop.161
                0x000000000800a598                HAL_RTCEx_DeactivateWakeUpTimer.constprop.152
                0x000000000800a618                HAL_RTCEx_SetWakeUpTimer_IT.constprop.151
                0x000000000800a6d8                acc_integration_sleep_us.constprop.149
                0x000000000800a71c                HAL_GPIO_DeInit.constprop.146
                0x000000000800a808                HAL_UART_Transmit_IT.constprop.123
                0x000000000800a8cc                RTC_ExitInitMode.constprop.110
                0x000000000800a91c                RTC_EnterInitMode.constprop.109
                0x000000000800a964                FLASH_WaitForLastOperation.constprop.96
                0x000000000800a9e4                HAL_UART_Receive_IT.constprop.87
                0x000000000800ab08                acc_service_get_next.constprop.80
                0x000000000800abd4                Reg_regor.constprop.76
                0x000000000800abec                acc_rss_integration_mem_calloc_debug.constprop.75
                0x000000000800ac04                internal_buffer_processed_read.constprop.30
                0x000000000800acac                acc_sensor_reg_write
                0x000000000800acc6                acc_diagnostic_log_data_i16.constprop.20
                0x000000000800acc8                acc_confprogram_live_patch.constprop.16
                0x000000000800ae24                get_dt.constprop.10
                0x000000000800ae5c                points_to_meter.constprop.9
                0x000000000800ae88                UARTEx_SetNbDataToProcess.lto_priv.675
                0x000000000800aef0                HAL_UARTEx_DisableFifoMode
                0x000000000800af28                HAL_UART_Transmit
                0x000000000800b014                RTC_ByteToBcd2
                0x000000000800b02a                HAL_RTC_SetAlarm_IT.constprop.133
                0x000000000800b17c                HAL_InitTick
                0x000000000800b1d8                HAL_DMA_DeInit.part.1
                0x000000000800b25c                HAL_DMA_IRQHandler
                0x000000000800b308                HAL_DMA_Abort_IT
                0x000000000800b384                I2C_ITError.lto_priv.676
                0x000000000800b6d8                HAL_RCC_GetSysClockFreq
                0x000000000800b76c                HAL_GPIO_EXTI_IRQHandler
                0x000000000800b784                HAL_GPIO_Init
                0x000000000800b948                HAL_UART_Init.constprop.98
                0x000000000800c4ec                biquad_q3_12_complex_direct_form_1.lto_priv.617
                0x000000000800c5f4                acc_confprogram_copy
                0x000000000800c5f4                acc_utils_uint32_to_transfer_buffer
                0x000000000800c684                acc_confprogram_patch_offset
                0x000000000800c7d8                acc_diagnostic_log_data_u16
                0x000000000800c7da                acc_diagnostic_log_scalar
                0x000000000800c7dc                acc_diagnostic_log_array
                0x000000000800c7de                acc_diagnostic_log_set_parameter
                0x000000000800c7e0                acc_diagnostic_log_declare_parameter
                0x000000000800c7e2                acc_diagnostic_log_set_scope
                0x000000000800c7e4                accumulator_mod.lto_priv.616
                0x000000000800c820                acc_alg_basic_saturation_check_u16
                0x000000000800c87c                saturation_check_u16.lto_priv.633
                0x000000000800c884                eval_even_poly_f32.lto_priv.674
                0x000000000800c8b6                quarter_pi_cos_sin_f32.lto_priv.673
                0x000000000800c8fc                acc_alg_basic_math_q3_12_sin
                0x000000000800c928                acc_alg_basic_math_q3_12_complex_scalar_abs
                0x000000000800c990                internal_reg_read.lto_priv.618
                0x000000000800c9de                acc_sensor_diagnostics_r2_sensor_status
                0x000000000800ce18                acc_sensor_protocol_r2_wait_for_event.constprop.27
                0x000000000800cf7c                acc_sensor_protocol_r2_stop.constprop.25
                0x000000000800d008                acc_sensor_protocol_r2_prepare_load.constprop.21
                0x000000000800d104                acc_cpd_linear_sweep_get_info
                0x000000000800d130                acc_cpd_linear_sweep_update_program
                0x000000000800d184                acc_probes_execute
                0x000000000800d1a0                acc_cpd_linear_sweep_load_program
                0x000000000800dab0                acc_probes_execute_primitive_probe
                0x000000000800dac8                acc_probes_execute_uint16
                0x000000000800dae6                acc_cpd_cbank_and_vana_calibration
                0x000000000800de24                acc_element_source_adc_inject_data
                0x000000000800de4c                acc_element_source_adc_produce
 .text          0x000000000800dfd4      0x334 /mnt/c/Users/Stephen/Documents/Repositories/acconeer/compilers/gcc-arm-none-eabi-7-2018-q2-update/bin/../lib/gcc/arm-none-eabi/7.3.1/thumb/v6-m/libgcc.a(addsf3.o)
                0x000000000800dfd4                __aeabi_fadd
 .text          0x000000000800e308      0x224 /mnt/c/Users/Stephen/Documents/Repositories/acconeer/compilers/gcc-arm-none-eabi-7-2018-q2-update/bin/../lib/gcc/arm-none-eabi/7.3.1/thumb/v6-m/libgcc.a(divsf3.o)
                0x000000000800e308                __aeabi_fdiv
 .text          0x000000000800e52c      0x264 /mnt/c/Users/Stephen/Documents/Repositories/acconeer/compilers/gcc-arm-none-eabi-7-2018-q2-update/bin/../lib/gcc/arm-none-eabi/7.3.1/thumb/v6-m/libgcc.a(mulsf3.o)
                0x000000000800e52c                __aeabi_fmul
 .text          0x000000000800e790      0x388 /mnt/c/Users/Stephen/Documents/Repositories/acconeer/compilers/gcc-arm-none-eabi-7-2018-q2-update/bin/../lib/gcc/arm-none-eabi/7.3.1/thumb/v6-m/libgcc.a(subsf3.o)
                0x000000000800e790                __aeabi_fsub
 .text          0x000000000800eb18       0x3c /mnt/c/Users/Stephen/Documents/Repositories/acconeer/compilers/gcc-arm-none-eabi-7-2018-q2-update/bin/../lib/gcc/arm-none-eabi/7.3.1/thumb/v6-m/libgcc.a(_clzsi2.o)
                0x000000000800eb18                __clzsi2
 .text          0x000000000800eb54       0x14 /mnt/c/Users/Stephen/Documents/Repositories/acconeer/compilers/gcc-arm-none-eabi-7-2018-q2-update/bin/../lib/gcc/arm-none-eabi/7.3.1/thumb/v6-m/libgcc.a(_thumb1_case_sqi.o)
                0x000000000800eb54                __gnu_thumb1_case_sqi
 .text          0x000000000800eb68       0x14 /mnt/c/Users/Stephen/Documents/Repositories/acconeer/compilers/gcc-arm-none-eabi-7-2018-q2-update/bin/../lib/gcc/arm-none-eabi/7.3.1/thumb/v6-m/libgcc.a(_thumb1_case_uqi.o)
                0x000000000800eb68                __gnu_thumb1_case_uqi
 .text          0x000000000800eb7c       0x14 /mnt/c/Users/Stephen/Documents/Repositories/acconeer/compilers/gcc-arm-none-eabi-7-2018-q2-update/bin/../lib/gcc/arm-none-eabi/7.3.1/thumb/v6-m/libgcc.a(_thumb1_case_uhi.o)
                0x000000000800eb7c                __gnu_thumb1_case_uhi
 .text          0x000000000800eb90      0x114 /mnt/c/Users/Stephen/Documents/Repositories/acconeer/compilers/gcc-arm-none-eabi-7-2018-q2-update/bin/../lib/gcc/arm-none-eabi/7.3.1/thumb/v6-m/libgcc.a(_udivsi3.o)
                0x000000000800eb90                __udivsi3
                0x000000000800eb90                __aeabi_uidiv
                0x000000000800ec9c                __aeabi_uidivmod
 .text          0x000000000800eca4      0x1d4 /mnt/c/Users/Stephen/Documents/Repositories/acconeer/compilers/gcc-arm-none-eabi-7-2018-q2-update/bin/../lib/gcc/arm-none-eabi/7.3.1/thumb/v6-m/libgcc.a(_divsi3.o)
                0x000000000800eca4                __aeabi_idiv
                0x000000000800eca4                __divsi3
                0x000000000800ee70                __aeabi_idivmod
 .text          0x000000000800ee78        0x4 /mnt/c/Users/Stephen/Documents/Repositories/acconeer/compilers/gcc-arm-none-eabi-7-2018-q2-update/bin/../lib/gcc/arm-none-eabi/7.3.1/thumb/v6-m/libgcc.a(_dvmd_tls.o)
                0x000000000800ee78                __aeabi_ldiv0
                0x000000000800ee78                __aeabi_idiv0
 .text          0x000000000800ee7c       0x7c /mnt/c/Users/Stephen/Documents/Repositories/acconeer/compilers/gcc-arm-none-eabi-7-2018-q2-update/bin/../lib/gcc/arm-none-eabi/7.3.1/thumb/v6-m/libgcc.a(_arm_cmpdf2.o)
                0x000000000800ee7c                __aeabi_cdrcmple
                0x000000000800ee8c                __aeabi_cdcmple
                0x000000000800ee8c                __aeabi_cdcmpeq
                0x000000000800ee9c                __aeabi_dcmpeq
                0x000000000800eea8                __aeabi_dcmplt
                0x000000000800eebc                __aeabi_dcmple
                0x000000000800eed0                __aeabi_dcmpgt
                0x000000000800eee4                __aeabi_dcmpge
 .text          0x000000000800eef8       0x74 /mnt/c/Users/Stephen/Documents/Repositories/acconeer/compilers/gcc-arm-none-eabi-7-2018-q2-update/bin/../lib/gcc/arm-none-eabi/7.3.1/thumb/v6-m/libgcc.a(_arm_cmpsf2.o)
                0x000000000800eef8                __aeabi_cfrcmple
                0x000000000800ef00                __aeabi_cfcmple
                0x000000000800ef00                __aeabi_cfcmpeq
                0x000000000800ef10                __aeabi_fcmpeq
                0x000000000800ef1c                __aeabi_fcmplt
                0x000000000800ef30                __aeabi_fcmple
                0x000000000800ef44                __aeabi_fcmpgt
                0x000000000800ef58                __aeabi_fcmpge
 .text          0x000000000800ef6c       0x40 /mnt/c/Users/Stephen/Documents/Repositories/acconeer/compilers/gcc-arm-none-eabi-7-2018-q2-update/bin/../lib/gcc/arm-none-eabi/7.3.1/thumb/v6-m/libgcc.a(_aeabi_uldivmod.o)
                0x000000000800ef6c                __aeabi_uldivmod
 .text          0x000000000800efac       0x30 /mnt/c/Users/Stephen/Documents/Repositories/acconeer/compilers/gcc-arm-none-eabi-7-2018-q2-update/bin/../lib/gcc/arm-none-eabi/7.3.1/thumb/v6-m/libgcc.a(_fixunssfsi.o)
                0x000000000800efac                __aeabi_f2uiz
                0x000000000800efac                __fixunssfsi
 .text          0x000000000800efdc      0x184 /mnt/c/Users/Stephen/Documents/Repositories/acconeer/compilers/gcc-arm-none-eabi-7-2018-q2-update/bin/../lib/gcc/arm-none-eabi/7.3.1/thumb/v6-m/libgcc.a(_udivmoddi4.o)
                0x000000000800efdc                __udivmoddi4
 .text          0x000000000800f160       0x50 /mnt/c/Users/Stephen/Documents/Repositories/acconeer/compilers/gcc-arm-none-eabi-7-2018-q2-update/bin/../lib/gcc/arm-none-eabi/7.3.1/thumb/v6-m/libgcc.a(eqsf2.o)
                0x000000000800f160                __nesf2
                0x000000000800f160                __eqsf2
 .text          0x000000000800f1b0       0x9c /mnt/c/Users/Stephen/Documents/Repositories/acconeer/compilers/gcc-arm-none-eabi-7-2018-q2-update/bin/../lib/gcc/arm-none-eabi/7.3.1/thumb/v6-m/libgcc.a(gesf2.o)
                0x000000000800f1b0                __gtsf2
                0x000000000800f1b0                __gesf2
 .text          0x000000000800f24c       0xa0 /mnt/c/Users/Stephen/Documents/Repositories/acconeer/compilers/gcc-arm-none-eabi-7-2018-q2-update/bin/../lib/gcc/arm-none-eabi/7.3.1/thumb/v6-m/libgcc.a(lesf2.o)
                0x000000000800f24c                __lesf2
                0x000000000800f24c                __ltsf2
 .text          0x000000000800f2ec       0x2c /mnt/c/Users/Stephen/Documents/Repositories/acconeer/compilers/gcc-arm-none-eabi-7-2018-q2-update/bin/../lib/gcc/arm-none-eabi/7.3.1/thumb/v6-m/libgcc.a(unordsf2.o)
                0x000000000800f2ec                __aeabi_fcmpun
 .text          0x000000000800f318       0x40 /mnt/c/Users/Stephen/Documents/Repositories/acconeer/compilers/gcc-arm-none-eabi-7-2018-q2-update/bin/../lib/gcc/arm-none-eabi/7.3.1/thumb/v6-m/libgcc.a(fixsfsi.o)
                0x000000000800f318                __aeabi_f2iz
 .text          0x000000000800f358       0x94 /mnt/c/Users/Stephen/Documents/Repositories/acconeer/compilers/gcc-arm-none-eabi-7-2018-q2-update/bin/../lib/gcc/arm-none-eabi/7.3.1/thumb/v6-m/libgcc.a(floatsisf.o)
                0x000000000800f358                __aeabi_i2f
 .text          0x000000000800f3ec       0x80 /mnt/c/Users/Stephen/Documents/Repositories/acconeer/compilers/gcc-arm-none-eabi-7-2018-q2-update/bin/../lib/gcc/arm-none-eabi/7.3.1/thumb/v6-m/libgcc.a(floatunsisf.o)
                0x000000000800f3ec                __aeabi_ui2f
 .text          0x000000000800f46c      0x638 /mnt/c/Users/Stephen/Documents/Repositories/acconeer/compilers/gcc-arm-none-eabi-7-2018-q2-update/bin/../lib/gcc/arm-none-eabi/7.3.1/thumb/v6-m/libgcc.a(adddf3.o)
                0x000000000800f46c                __aeabi_dadd
 .text          0x000000000800faa4      0x604 /mnt/c/Users/Stephen/Documents/Repositories/acconeer/compilers/gcc-arm-none-eabi-7-2018-q2-update/bin/../lib/gcc/arm-none-eabi/7.3.1/thumb/v6-m/libgcc.a(divdf3.o)
                0x000000000800faa4                __aeabi_ddiv
 .text          0x00000000080100a8       0x78 /mnt/c/Users/Stephen/Documents/Repositories/acconeer/compilers/gcc-arm-none-eabi-7-2018-q2-update/bin/../lib/gcc/arm-none-eabi/7.3.1/thumb/v6-m/libgcc.a(eqdf2.o)
                0x00000000080100a8                __eqdf2
                0x00000000080100a8                __nedf2
 .text          0x0000000008010120       0xc8 /mnt/c/Users/Stephen/Documents/Repositories/acconeer/compilers/gcc-arm-none-eabi-7-2018-q2-update/bin/../lib/gcc/arm-none-eabi/7.3.1/thumb/v6-m/libgcc.a(gedf2.o)
                0x0000000008010120                __gtdf2
                0x0000000008010120                __gedf2
 .text          0x00000000080101e8       0xd0 /mnt/c/Users/Stephen/Documents/Repositories/acconeer/compilers/gcc-arm-none-eabi-7-2018-q2-update/bin/../lib/gcc/arm-none-eabi/7.3.1/thumb/v6-m/libgcc.a(ledf2.o)
                0x00000000080101e8                __ltdf2
                0x00000000080101e8                __ledf2
 .text          0x00000000080102b8      0x4e4 /mnt/c/Users/Stephen/Documents/Repositories/acconeer/compilers/gcc-arm-none-eabi-7-2018-q2-update/bin/../lib/gcc/arm-none-eabi/7.3.1/thumb/v6-m/libgcc.a(muldf3.o)
                0x00000000080102b8                __aeabi_dmul
 .text          0x000000000801079c      0x690 /mnt/c/Users/Stephen/Documents/Repositories/acconeer/compilers/gcc-arm-none-eabi-7-2018-q2-update/bin/../lib/gcc/arm-none-eabi/7.3.1/thumb/v6-m/libgcc.a(subdf3.o)
                0x000000000801079c                __aeabi_dsub
 .text          0x0000000008010e2c       0x38 /mnt/c/Users/Stephen/Documents/Repositories/acconeer/compilers/gcc-arm-none-eabi-7-2018-q2-update/bin/../lib/gcc/arm-none-eabi/7.3.1/thumb/v6-m/libgcc.a(unorddf2.o)
                0x0000000008010e2c                __aeabi_dcmpun
 .text          0x0000000008010e64       0x6c /mnt/c/Users/Stephen/Documents/Repositories/acconeer/compilers/gcc-arm-none-eabi-7-2018-q2-update/bin/../lib/gcc/arm-none-eabi/7.3.1/thumb/v6-m/libgcc.a(fixdfsi.o)
                0x0000000008010e64                __aeabi_d2iz
 .text          0x0000000008010ed0       0x74 /mnt/c/Users/Stephen/Documents/Repositories/acconeer/compilers/gcc-arm-none-eabi-7-2018-q2-update/bin/../lib/gcc/arm-none-eabi/7.3.1/thumb/v6-m/libgcc.a(floatsidf.o)
                0x0000000008010ed0                __aeabi_i2d
 .text          0x0000000008010f44       0x64 /mnt/c/Users/Stephen/Documents/Repositories/acconeer/compilers/gcc-arm-none-eabi-7-2018-q2-update/bin/../lib/gcc/arm-none-eabi/7.3.1/thumb/v6-m/libgcc.a(floatunsidf.o)
                0x0000000008010f44                __aeabi_ui2d
 .text          0x0000000008010fa8       0xa4 /mnt/c/Users/Stephen/Documents/Repositories/acconeer/compilers/gcc-arm-none-eabi-7-2018-q2-update/bin/../lib/gcc/arm-none-eabi/7.3.1/thumb/v6-m/libgcc.a(extendsfdf2.o)
                0x0000000008010fa8                __aeabi_f2d
 .text          0x000000000801104c      0x108 /mnt/c/Users/Stephen/Documents/Repositories/acconeer/compilers/gcc-arm-none-eabi-7-2018-q2-update/bin/../lib/gcc/arm-none-eabi/7.3.1/thumb/v6-m/libgcc.a(truncdfsf2.o)
                0x000000000801104c                __aeabi_d2f
 .text          0x0000000008011154       0x18 /mnt/c/Users/Stephen/Documents/Repositories/acconeer/compilers/gcc-arm-none-eabi-7-2018-q2-update/bin/../lib/gcc/arm-none-eabi/7.3.1/thumb/v6-m/libgcc.a(_clzdi2.o)
                0x0000000008011154                __clzdi2
 .text          0x000000000801116c        0xe /mnt/c/Users/Stephen/Documents/Repositories/acconeer/compilers/gcc-arm-none-eabi-7-2018-q2-update/bin/../lib/gcc/arm-none-eabi/7.3.1/../../../../arm-none-eabi/lib/thumb/v6-m/libg_nano.a(lib_a-strlen.o)
                0x000000000801116c                strlen
 *(.text*)
 *fill*         0x000000000801117a        0x2 
 .text.startup  0x000000000801117c     0x17e8 /tmp/ccyMav6f.ltrans0.ltrans.o
                0x000000000801117c                main
 .text._write   0x0000000008012964       0x1c out/obj/syscalls.o
                0x0000000008012964                _write
 .text.Reset_Handler
                0x0000000008012980       0x50 out/obj/startup_stm32g071xx.o
                0x0000000008012980                Reset_Handler
 .text.Default_Handler
                0x00000000080129d0        0x2 out/obj/startup_stm32g071xx.o
                0x00000000080129d0                USART3_4_LPUART1_IRQHandler
                0x00000000080129d0                TIM1_CC_IRQHandler
                0x00000000080129d0                ADC1_COMP_IRQHandler
                0x00000000080129d0                PVD_IRQHandler
                0x00000000080129d0                TIM7_LPTIM2_IRQHandler
                0x00000000080129d0                SPI1_IRQHandler
                0x00000000080129d0                I2C2_IRQHandler
                0x00000000080129d0                TIM17_IRQHandler
                0x00000000080129d0                TIM16_IRQHandler
                0x00000000080129d0                TIM3_IRQHandler
                0x00000000080129d0                RCC_IRQHandler
                0x00000000080129d0                Default_Handler
                0x00000000080129d0                CEC_IRQHandler
                0x00000000080129d0                TIM14_IRQHandler
                0x00000000080129d0                TIM15_IRQHandler
                0x00000000080129d0                EXTI0_1_IRQHandler
                0x00000000080129d0                SPI2_IRQHandler
                0x00000000080129d0                TIM6_DAC_LPTIM1_IRQHandler
                0x00000000080129d0                WWDG_IRQHandler
                0x00000000080129d0                TIM2_IRQHandler
                0x00000000080129d0                DMA1_Ch4_7_DMAMUX1_OVR_IRQHandler
                0x00000000080129d0                UCPD1_2_IRQHandler
                0x00000000080129d0                USART2_IRQHandler
                0x00000000080129d0                FLASH_IRQHandler
                0x00000000080129d0                TIM1_BRK_UP_TRG_COM_IRQHandler
 *fill*         0x00000000080129d2        0x2 
 .text._sbrk    0x00000000080129d4       0x40 out/obj/sysmem.o
                0x00000000080129d4                _sbrk
 .text.__ieee754_sqrtf
                0x0000000008012a14       0xb4 /mnt/c/Users/Stephen/Documents/Repositories/acconeer/compilers/gcc-arm-none-eabi-7-2018-q2-update/bin/../lib/gcc/arm-none-eabi/7.3.1/../../../../arm-none-eabi/lib/thumb/v6-m/libm.a(lib_a-ef_sqrt.o)
                0x0000000008012a14                __ieee754_sqrtf
 .text.__errno  0x0000000008012ac8        0xc /mnt/c/Users/Stephen/Documents/Repositories/acconeer/compilers/gcc-arm-none-eabi-7-2018-q2-update/bin/../lib/gcc/arm-none-eabi/7.3.1/../../../../arm-none-eabi/lib/thumb/v6-m/libg_nano.a(lib_a-errno.o)
                0x0000000008012ac8                __errno
 .text.__sflush_r
                0x0000000008012ad4      0x114 /mnt/c/Users/Stephen/Documents/Repositories/acconeer/compilers/gcc-arm-none-eabi-7-2018-q2-update/bin/../lib/gcc/arm-none-eabi/7.3.1/../../../../arm-none-eabi/lib/thumb/v6-m/libg_nano.a(lib_a-fflush.o)
                0x0000000008012ad4                __sflush_r
 .text._fflush_r
                0x0000000008012be8       0x58 /mnt/c/Users/Stephen/Documents/Repositories/acconeer/compilers/gcc-arm-none-eabi-7-2018-q2-update/bin/../lib/gcc/arm-none-eabi/7.3.1/../../../../arm-none-eabi/lib/thumb/v6-m/libg_nano.a(lib_a-fflush.o)
                0x0000000008012be8                _fflush_r
 .text.fflush   0x0000000008012c40       0x28 /mnt/c/Users/Stephen/Documents/Repositories/acconeer/compilers/gcc-arm-none-eabi-7-2018-q2-update/bin/../lib/gcc/arm-none-eabi/7.3.1/../../../../arm-none-eabi/lib/thumb/v6-m/libg_nano.a(lib_a-fflush.o)
                0x0000000008012c40                fflush
 .text.std      0x0000000008012c68       0x48 /mnt/c/Users/Stephen/Documents/Repositories/acconeer/compilers/gcc-arm-none-eabi-7-2018-q2-update/bin/../lib/gcc/arm-none-eabi/7.3.1/../../../../arm-none-eabi/lib/thumb/v6-m/libg_nano.a(lib_a-findfp.o)
 .text._cleanup_r
                0x0000000008012cb0       0x10 /mnt/c/Users/Stephen/Documents/Repositories/acconeer/compilers/gcc-arm-none-eabi-7-2018-q2-update/bin/../lib/gcc/arm-none-eabi/7.3.1/../../../../arm-none-eabi/lib/thumb/v6-m/libg_nano.a(lib_a-findfp.o)
                0x0000000008012cb0                _cleanup_r
 .text.__sfmoreglue
                0x0000000008012cc0       0x2c /mnt/c/Users/Stephen/Documents/Repositories/acconeer/compilers/gcc-arm-none-eabi-7-2018-q2-update/bin/../lib/gcc/arm-none-eabi/7.3.1/../../../../arm-none-eabi/lib/thumb/v6-m/libg_nano.a(lib_a-findfp.o)
                0x0000000008012cc0                __sfmoreglue
 .text.__sinit  0x0000000008012cec       0x68 /mnt/c/Users/Stephen/Documents/Repositories/acconeer/compilers/gcc-arm-none-eabi-7-2018-q2-update/bin/../lib/gcc/arm-none-eabi/7.3.1/../../../../arm-none-eabi/lib/thumb/v6-m/libg_nano.a(lib_a-findfp.o)
                0x0000000008012cec                __sinit
 .text.__sfp    0x0000000008012d54       0x7c /mnt/c/Users/Stephen/Documents/Repositories/acconeer/compilers/gcc-arm-none-eabi-7-2018-q2-update/bin/../lib/gcc/arm-none-eabi/7.3.1/../../../../arm-none-eabi/lib/thumb/v6-m/libg_nano.a(lib_a-findfp.o)
                0x0000000008012d54                __sfp
 .text._fwalk_reent
                0x0000000008012dd0       0x42 /mnt/c/Users/Stephen/Documents/Repositories/acconeer/compilers/gcc-arm-none-eabi-7-2018-q2-update/bin/../lib/gcc/arm-none-eabi/7.3.1/../../../../arm-none-eabi/lib/thumb/v6-m/libg_nano.a(lib_a-fwalk.o)
                0x0000000008012dd0                _fwalk_reent
 *fill*         0x0000000008012e12        0x2 
 .text.__libc_init_array
                0x0000000008012e14       0x48 /mnt/c/Users/Stephen/Documents/Repositories/acconeer/compilers/gcc-arm-none-eabi-7-2018-q2-update/bin/../lib/gcc/arm-none-eabi/7.3.1/../../../../arm-none-eabi/lib/thumb/v6-m/libg_nano.a(lib_a-init.o)
                0x0000000008012e14                __libc_init_array
 .text.memset   0x0000000008012e5c       0x10 /mnt/c/Users/Stephen/Documents/Repositories/acconeer/compilers/gcc-arm-none-eabi-7-2018-q2-update/bin/../lib/gcc/arm-none-eabi/7.3.1/../../../../arm-none-eabi/lib/thumb/v6-m/libg_nano.a(lib_a-memset.o)
                0x0000000008012e5c                memset
 .text._free_r  0x0000000008012e6c       0x94 /mnt/c/Users/Stephen/Documents/Repositories/acconeer/compilers/gcc-arm-none-eabi-7-2018-q2-update/bin/../lib/gcc/arm-none-eabi/7.3.1/../../../../arm-none-eabi/lib/thumb/v6-m/libg_nano.a(lib_a-nano-freer.o)
                0x0000000008012e6c                _free_r
 .text._malloc_r
                0x0000000008012f00       0xbc /mnt/c/Users/Stephen/Documents/Repositories/acconeer/compilers/gcc-arm-none-eabi-7-2018-q2-update/bin/../lib/gcc/arm-none-eabi/7.3.1/../../../../arm-none-eabi/lib/thumb/v6-m/libg_nano.a(lib_a-nano-mallocr.o)
                0x0000000008012f00                _malloc_r
 .text._sbrk_r  0x0000000008012fbc       0x24 /mnt/c/Users/Stephen/Documents/Repositories/acconeer/compilers/gcc-arm-none-eabi-7-2018-q2-update/bin/../lib/gcc/arm-none-eabi/7.3.1/../../../../arm-none-eabi/lib/thumb/v6-m/libg_nano.a(lib_a-sbrkr.o)
                0x0000000008012fbc                _sbrk_r
 .text.__sread  0x0000000008012fe0       0x28 /mnt/c/Users/Stephen/Documents/Repositories/acconeer/compilers/gcc-arm-none-eabi-7-2018-q2-update/bin/../lib/gcc/arm-none-eabi/7.3.1/../../../../arm-none-eabi/lib/thumb/v6-m/libg_nano.a(lib_a-stdio.o)
                0x0000000008012fe0                __sread
 .text.__swrite
                0x0000000008013008       0x38 /mnt/c/Users/Stephen/Documents/Repositories/acconeer/compilers/gcc-arm-none-eabi-7-2018-q2-update/bin/../lib/gcc/arm-none-eabi/7.3.1/../../../../arm-none-eabi/lib/thumb/v6-m/libg_nano.a(lib_a-stdio.o)
                0x0000000008013008                __swrite
 .text.__sseek  0x0000000008013040       0x2c /mnt/c/Users/Stephen/Documents/Repositories/acconeer/compilers/gcc-arm-none-eabi-7-2018-q2-update/bin/../lib/gcc/arm-none-eabi/7.3.1/../../../../arm-none-eabi/lib/thumb/v6-m/libg_nano.a(lib_a-stdio.o)
                0x0000000008013040                __sseek
 .text.__sclose
                0x000000000801306c        0xc /mnt/c/Users/Stephen/Documents/Repositories/acconeer/compilers/gcc-arm-none-eabi-7-2018-q2-update/bin/../lib/gcc/arm-none-eabi/7.3.1/../../../../arm-none-eabi/lib/thumb/v6-m/libg_nano.a(lib_a-stdio.o)
                0x000000000801306c                __sclose
 .text._write_r
                0x0000000008013078       0x28 /mnt/c/Users/Stephen/Documents/Repositories/acconeer/compilers/gcc-arm-none-eabi-7-2018-q2-update/bin/../lib/gcc/arm-none-eabi/7.3.1/../../../../arm-none-eabi/lib/thumb/v6-m/libg_nano.a(lib_a-writer.o)
                0x0000000008013078                _write_r
 .text._close_r
                0x00000000080130a0       0x24 /mnt/c/Users/Stephen/Documents/Repositories/acconeer/compilers/gcc-arm-none-eabi-7-2018-q2-update/bin/../lib/gcc/arm-none-eabi/7.3.1/../../../../arm-none-eabi/lib/thumb/v6-m/libg_nano.a(lib_a-closer.o)
                0x00000000080130a0                _close_r
 .text._lseek_r
                0x00000000080130c4       0x28 /mnt/c/Users/Stephen/Documents/Repositories/acconeer/compilers/gcc-arm-none-eabi-7-2018-q2-update/bin/../lib/gcc/arm-none-eabi/7.3.1/../../../../arm-none-eabi/lib/thumb/v6-m/libg_nano.a(lib_a-lseekr.o)
                0x00000000080130c4                _lseek_r
 .text.__malloc_lock
                0x00000000080130ec        0x2 /mnt/c/Users/Stephen/Documents/Repositories/acconeer/compilers/gcc-arm-none-eabi-7-2018-q2-update/bin/../lib/gcc/arm-none-eabi/7.3.1/../../../../arm-none-eabi/lib/thumb/v6-m/libg_nano.a(lib_a-mlock.o)
                0x00000000080130ec                __malloc_lock
 .text.__malloc_unlock
                0x00000000080130ee        0x2 /mnt/c/Users/Stephen/Documents/Repositories/acconeer/compilers/gcc-arm-none-eabi-7-2018-q2-update/bin/../lib/gcc/arm-none-eabi/7.3.1/../../../../arm-none-eabi/lib/thumb/v6-m/libg_nano.a(lib_a-mlock.o)
                0x00000000080130ee                __malloc_unlock
 .text._read_r  0x00000000080130f0       0x28 /mnt/c/Users/Stephen/Documents/Repositories/acconeer/compilers/gcc-arm-none-eabi-7-2018-q2-update/bin/../lib/gcc/arm-none-eabi/7.3.1/../../../../arm-none-eabi/lib/thumb/v6-m/libg_nano.a(lib_a-readr.o)
                0x00000000080130f0                _read_r
 .text._close   0x0000000008013118       0x10 /mnt/c/Users/Stephen/Documents/Repositories/acconeer/compilers/gcc-arm-none-eabi-7-2018-q2-update/bin/../lib/gcc/arm-none-eabi/7.3.1/../../../../arm-none-eabi/lib/thumb/v6-m/libnosys.a(close.o)
                0x0000000008013118                _close
 .text._lseek   0x0000000008013128       0x10 /mnt/c/Users/Stephen/Documents/Repositories/acconeer/compilers/gcc-arm-none-eabi-7-2018-q2-update/bin/../lib/gcc/arm-none-eabi/7.3.1/../../../../arm-none-eabi/lib/thumb/v6-m/libnosys.a(lseek.o)
                0x0000000008013128                _lseek
 .text._read    0x0000000008013138       0x10 /mnt/c/Users/Stephen/Documents/Repositories/acconeer/compilers/gcc-arm-none-eabi-7-2018-q2-update/bin/../lib/gcc/arm-none-eabi/7.3.1/../../../../arm-none-eabi/lib/thumb/v6-m/libnosys.a(read.o)
                0x0000000008013138                _read
 .text.cos      0x0000000008013148       0x8c /mnt/c/Users/Stephen/Documents/Repositories/acconeer/compilers/gcc-arm-none-eabi-7-2018-q2-update/bin/../lib/gcc/arm-none-eabi/7.3.1/../../../../arm-none-eabi/lib/thumb/v6-m/libm.a(lib_a-s_cos.o)
                0x0000000008013148                cos
 .text.fmaxf    0x00000000080131d4       0x2c /mnt/c/Users/Stephen/Documents/Repositories/acconeer/compilers/gcc-arm-none-eabi-7-2018-q2-update/bin/../lib/gcc/arm-none-eabi/7.3.1/../../../../arm-none-eabi/lib/thumb/v6-m/libm.a(lib_a-sf_fmax.o)
                0x00000000080131d4                fmaxf
 .text.__fpclassifyf
                0x0000000008013200       0x40 /mnt/c/Users/Stephen/Documents/Repositories/acconeer/compilers/gcc-arm-none-eabi-7-2018-q2-update/bin/../lib/gcc/arm-none-eabi/7.3.1/../../../../arm-none-eabi/lib/thumb/v6-m/libm.a(lib_a-sf_fpclassify.o)
                0x0000000008013200                __fpclassifyf
 .text.roundf   0x0000000008013240       0x44 /mnt/c/Users/Stephen/Documents/Repositories/acconeer/compilers/gcc-arm-none-eabi-7-2018-q2-update/bin/../lib/gcc/arm-none-eabi/7.3.1/../../../../arm-none-eabi/lib/thumb/v6-m/libm.a(lib_a-sf_round.o)
                0x0000000008013240                roundf
 .text.sqrt     0x0000000008013284       0xc0 /mnt/c/Users/Stephen/Documents/Repositories/acconeer/compilers/gcc-arm-none-eabi-7-2018-q2-update/bin/../lib/gcc/arm-none-eabi/7.3.1/../../../../arm-none-eabi/lib/thumb/v6-m/libm.a(lib_a-w_sqrt.o)
                0x0000000008013284                sqrt
 .text.expf     0x0000000008013344       0xe8 /mnt/c/Users/Stephen/Documents/Repositories/acconeer/compilers/gcc-arm-none-eabi-7-2018-q2-update/bin/../lib/gcc/arm-none-eabi/7.3.1/../../../../arm-none-eabi/lib/thumb/v6-m/libm.a(lib_a-wf_exp.o)
                0x0000000008013344                expf
 .text.log10f   0x000000000801342c       0xf8 /mnt/c/Users/Stephen/Documents/Repositories/acconeer/compilers/gcc-arm-none-eabi-7-2018-q2-update/bin/../lib/gcc/arm-none-eabi/7.3.1/../../../../arm-none-eabi/lib/thumb/v6-m/libm.a(lib_a-wf_log10.o)
                0x000000000801342c                log10f
 .text.__ieee754_rem_pio2
                0x0000000008013524      0x420 /mnt/c/Users/Stephen/Documents/Repositories/acconeer/compilers/gcc-arm-none-eabi-7-2018-q2-update/bin/../lib/gcc/arm-none-eabi/7.3.1/../../../../arm-none-eabi/lib/thumb/v6-m/libm.a(lib_a-e_rem_pio2.o)
                0x0000000008013524                __ieee754_rem_pio2
 .text.__ieee754_sqrt
                0x0000000008013944      0x1b0 /mnt/c/Users/Stephen/Documents/Repositories/acconeer/compilers/gcc-arm-none-eabi-7-2018-q2-update/bin/../lib/gcc/arm-none-eabi/7.3.1/../../../../arm-none-eabi/lib/thumb/v6-m/libm.a(lib_a-e_sqrt.o)
                0x0000000008013944                __ieee754_sqrt
 .text.__ieee754_expf
                0x0000000008013af4      0x1f4 /mnt/c/Users/Stephen/Documents/Repositories/acconeer/compilers/gcc-arm-none-eabi-7-2018-q2-update/bin/../lib/gcc/arm-none-eabi/7.3.1/../../../../arm-none-eabi/lib/thumb/v6-m/libm.a(lib_a-ef_exp.o)
                0x0000000008013af4                __ieee754_expf
 .text.__ieee754_log10f
                0x0000000008013ce8       0xb0 /mnt/c/Users/Stephen/Documents/Repositories/acconeer/compilers/gcc-arm-none-eabi-7-2018-q2-update/bin/../lib/gcc/arm-none-eabi/7.3.1/../../../../arm-none-eabi/lib/thumb/v6-m/libm.a(lib_a-ef_log10.o)
                0x0000000008013ce8                __ieee754_log10f
 .text.__kernel_cos
                0x0000000008013d98      0x234 /mnt/c/Users/Stephen/Documents/Repositories/acconeer/compilers/gcc-arm-none-eabi-7-2018-q2-update/bin/../lib/gcc/arm-none-eabi/7.3.1/../../../../arm-none-eabi/lib/thumb/v6-m/libm.a(lib_a-k_cos.o)
                0x0000000008013d98                __kernel_cos
 .text.__kernel_rem_pio2
                0x0000000008013fcc      0x8c0 /mnt/c/Users/Stephen/Documents/Repositories/acconeer/compilers/gcc-arm-none-eabi-7-2018-q2-update/bin/../lib/gcc/arm-none-eabi/7.3.1/../../../../arm-none-eabi/lib/thumb/v6-m/libm.a(lib_a-k_rem_pio2.o)
                0x0000000008013fcc                __kernel_rem_pio2
 .text.__kernel_sin
                0x000000000801488c      0x164 /mnt/c/Users/Stephen/Documents/Repositories/acconeer/compilers/gcc-arm-none-eabi-7-2018-q2-update/bin/../lib/gcc/arm-none-eabi/7.3.1/../../../../arm-none-eabi/lib/thumb/v6-m/libm.a(lib_a-k_sin.o)
                0x000000000801488c                __kernel_sin
 .text.fabs     0x00000000080149f0        0x8 /mnt/c/Users/Stephen/Documents/Repositories/acconeer/compilers/gcc-arm-none-eabi-7-2018-q2-update/bin/../lib/gcc/arm-none-eabi/7.3.1/../../../../arm-none-eabi/lib/thumb/v6-m/libm.a(lib_a-s_fabs.o)
                0x00000000080149f0                fabs
 .text.floor    0x00000000080149f8      0x138 /mnt/c/Users/Stephen/Documents/Repositories/acconeer/compilers/gcc-arm-none-eabi-7-2018-q2-update/bin/../lib/gcc/arm-none-eabi/7.3.1/../../../../arm-none-eabi/lib/thumb/v6-m/libm.a(lib_a-s_floor.o)
                0x00000000080149f8                floor
 .text.matherr  0x0000000008014b30        0x4 /mnt/c/Users/Stephen/Documents/Repositories/acconeer/compilers/gcc-arm-none-eabi-7-2018-q2-update/bin/../lib/gcc/arm-none-eabi/7.3.1/../../../../arm-none-eabi/lib/thumb/v6-m/libm.a(lib_a-s_matherr.o)
                0x0000000008014b30                matherr
 .text.nan      0x0000000008014b34        0xc /mnt/c/Users/Stephen/Documents/Repositories/acconeer/compilers/gcc-arm-none-eabi-7-2018-q2-update/bin/../lib/gcc/arm-none-eabi/7.3.1/../../../../arm-none-eabi/lib/thumb/v6-m/libm.a(lib_a-s_nan.o)
                0x0000000008014b34                nan
 .text.scalbn   0x0000000008014b40       0xd0 /mnt/c/Users/Stephen/Documents/Repositories/acconeer/compilers/gcc-arm-none-eabi-7-2018-q2-update/bin/../lib/gcc/arm-none-eabi/7.3.1/../../../../arm-none-eabi/lib/thumb/v6-m/libm.a(lib_a-s_scalbn.o)
                0x0000000008014b40                scalbn
 .text.finitef  0x0000000008014c10       0x14 /mnt/c/Users/Stephen/Documents/Repositories/acconeer/compilers/gcc-arm-none-eabi-7-2018-q2-update/bin/../lib/gcc/arm-none-eabi/7.3.1/../../../../arm-none-eabi/lib/thumb/v6-m/libm.a(lib_a-sf_finite.o)
                0x0000000008014c10                finitef
 .text.__ieee754_logf
                0x0000000008014c24      0x28c /mnt/c/Users/Stephen/Documents/Repositories/acconeer/compilers/gcc-arm-none-eabi-7-2018-q2-update/bin/../lib/gcc/arm-none-eabi/7.3.1/../../../../arm-none-eabi/lib/thumb/v6-m/libm.a(lib_a-ef_log.o)
                0x0000000008014c24                __ieee754_logf
 .text.copysign
                0x0000000008014eb0       0x10 /mnt/c/Users/Stephen/Documents/Repositories/acconeer/compilers/gcc-arm-none-eabi-7-2018-q2-update/bin/../lib/gcc/arm-none-eabi/7.3.1/../../../../arm-none-eabi/lib/thumb/v6-m/libm.a(lib_a-s_copysign.o)
                0x0000000008014eb0                copysign
 .text.out_func
                0x0000000008014ec0       0x20 out/lib/libwrapprintf.a(acc_wrap_printf.o)
 .text.__wrap_puts
                0x0000000008014ee0       0x24 out/lib/libwrapprintf.a(acc_wrap_printf.o)
                0x0000000008014ee0                __wrap_puts
 .text.__wrap_printf
                0x0000000008014f04       0x44 out/lib/libwrapprintf.a(acc_wrap_printf.o)
                0x0000000008014f04                __wrap_printf
 .text.__wrap_vsnprintf
                0x0000000008014f48        0x8 out/lib/libwrapprintf.a(acc_wrap_printf.o)
                0x0000000008014f48                __wrap_vsnprintf
 .text._out_buffer
                0x0000000008014f50        0x8 out/lib/libwrapprintf.a(printf.o)
 .text._out_null
                0x0000000008014f58        0x2 out/lib/libwrapprintf.a(printf.o)
 .text._out_fct
                0x0000000008014f5a        0xe out/lib/libwrapprintf.a(printf.o)
 .text._ntoa_format
                0x0000000008014f68      0x14a out/lib/libwrapprintf.a(printf.o)
 .text._ntoa_long
                0x00000000080150b2       0x90 out/lib/libwrapprintf.a(printf.o)
 .text._ntoa_long_long
                0x0000000008015142       0xa4 out/lib/libwrapprintf.a(printf.o)
 *fill*         0x00000000080151e6        0x2 
 .text._vsnprintf
                0x00000000080151e8      0x45c out/lib/libwrapprintf.a(printf.o)
 .text.vsnprintf_
                0x0000000008015644       0x18 out/lib/libwrapprintf.a(printf.o)
                0x0000000008015644                vsnprintf_
 .text.fctvprintf
                0x000000000801565c       0x20 out/lib/libwrapprintf.a(printf.o)
                0x000000000801565c                fctvprintf
 .text.malloc   0x000000000801567c       0x14 /mnt/c/Users/Stephen/Documents/Repositories/acconeer/compilers/gcc-arm-none-eabi-7-2018-q2-update/bin/../lib/gcc/arm-none-eabi/7.3.1/../../../../arm-none-eabi/lib/thumb/v6-m/libg_nano.a(lib_a-malloc.o)
                0x000000000801567c                malloc
 .text.free     0x0000000008015690       0x14 /mnt/c/Users/Stephen/Documents/Repositories/acconeer/compilers/gcc-arm-none-eabi-7-2018-q2-update/bin/../lib/gcc/arm-none-eabi/7.3.1/../../../../arm-none-eabi/lib/thumb/v6-m/libg_nano.a(lib_a-malloc.o)
                0x0000000008015690                free
 .text.memcpy   0x00000000080156a4       0x12 /mnt/c/Users/Stephen/Documents/Repositories/acconeer/compilers/gcc-arm-none-eabi-7-2018-q2-update/bin/../lib/gcc/arm-none-eabi/7.3.1/../../../../arm-none-eabi/lib/thumb/v6-m/libg_nano.a(lib_a-memcpy-stub.o)
                0x00000000080156a4                memcpy
 .text.memmove  0x00000000080156b6       0x26 /mnt/c/Users/Stephen/Documents/Repositories/acconeer/compilers/gcc-arm-none-eabi-7-2018-q2-update/bin/../lib/gcc/arm-none-eabi/7.3.1/../../../../arm-none-eabi/lib/thumb/v6-m/libg_nano.a(lib_a-memmove.o)
                0x00000000080156b6                memmove
 *(.glue_7)
 .glue_7        0x00000000080156dc        0x0 linker stubs
 *(.glue_7t)
 .glue_7t       0x00000000080156dc        0x0 linker stubs
 *(.eh_frame)
 .eh_frame      0x00000000080156dc        0x0 /mnt/c/Users/Stephen/Documents/Repositories/acconeer/compilers/gcc-arm-none-eabi-7-2018-q2-update/bin/../lib/gcc/arm-none-eabi/7.3.1/thumb/v6-m/crtbegin.o
 *(.init)
 .init          0x00000000080156dc        0x4 /mnt/c/Users/Stephen/Documents/Repositories/acconeer/compilers/gcc-arm-none-eabi-7-2018-q2-update/bin/../lib/gcc/arm-none-eabi/7.3.1/thumb/v6-m/crti.o
                0x00000000080156dc                _init
 .init          0x00000000080156e0        0x8 /mnt/c/Users/Stephen/Documents/Repositories/acconeer/compilers/gcc-arm-none-eabi-7-2018-q2-update/bin/../lib/gcc/arm-none-eabi/7.3.1/thumb/v6-m/crtn.o
 *(.fini)
 .fini          0x00000000080156e8        0x4 /mnt/c/Users/Stephen/Documents/Repositories/acconeer/compilers/gcc-arm-none-eabi-7-2018-q2-update/bin/../lib/gcc/arm-none-eabi/7.3.1/thumb/v6-m/crti.o
                0x00000000080156e8                _fini
 .fini          0x00000000080156ec        0x8 /mnt/c/Users/Stephen/Documents/Repositories/acconeer/compilers/gcc-arm-none-eabi-7-2018-q2-update/bin/../lib/gcc/arm-none-eabi/7.3.1/thumb/v6-m/crtn.o
                0x00000000080156f4                . = ALIGN (0x4)
                0x00000000080156f4                _etext = .

.vfp11_veneer   0x00000000080156f4        0x0
 .vfp11_veneer  0x00000000080156f4        0x0 linker stubs

.v4_bx          0x00000000080156f4        0x0
 .v4_bx         0x00000000080156f4        0x0 linker stubs

.iplt           0x00000000080156f4        0x0
 .iplt          0x00000000080156f4        0x0 /mnt/c/Users/Stephen/Documents/Repositories/acconeer/compilers/gcc-arm-none-eabi-7-2018-q2-update/bin/../lib/gcc/arm-none-eabi/7.3.1/thumb/v6-m/crtbegin.o

.rodata         0x00000000080156f8     0x8f28
                0x00000000080156f8                . = ALIGN (0x4)
 *(.rodata)
 .rodata        0x00000000080156f8       0xa8 /tmp/ccyMav6f.ltrans0.ltrans.o
 .rodata        0x00000000080157a0     0x35fc /tmp/ccyMav6f.ltrans1.ltrans.o
 .rodata        0x0000000008018d9c     0x2bcc /tmp/ccyMav6f.ltrans2.ltrans.o
                0x0000000008018fc8                __compound_literal.134.lto_priv.609
                0x0000000008018fd0                __compound_literal.133.lto_priv.607
                0x0000000008018fe4                __compound_literal.132.lto_priv.605
                0x0000000008018ff0                __compound_literal.131.lto_priv.603
                0x0000000008018ff8                __compound_literal.130.lto_priv.601
                0x000000000801900c                __compound_literal.129.lto_priv.599
                0x0000000008019014                __compound_literal.128.lto_priv.597
                0x0000000008019020                __compound_literal.127.lto_priv.595
                0x000000000801902c                __compound_literal.126.lto_priv.593
                0x0000000008019040                __compound_literal.125.lto_priv.591
                0x0000000008019048                __compound_literal.124.lto_priv.589
                0x0000000008019050                __compound_literal.123.lto_priv.587
                0x0000000008019058                __compound_literal.122.lto_priv.585
                0x0000000008019060                __compound_literal.121.lto_priv.583
                0x0000000008019068                __compound_literal.120.lto_priv.581
                0x0000000008019070                __compound_literal.119.lto_priv.579
                0x0000000008019088                __compound_literal.118.lto_priv.577
                0x0000000008019094                __compound_literal.117.lto_priv.575
                0x000000000801909c                __compound_literal.116.lto_priv.573
                0x00000000080190b0                __compound_literal.115.lto_priv.571
                0x00000000080190bc                __compound_literal.114.lto_priv.569
                0x0000000008019250                __compound_literal.113.lto_priv.567
                0x000000000801925c                __compound_literal.112.lto_priv.565
                0x0000000008019264                __compound_literal.111.lto_priv.563
                0x000000000801926c                __compound_literal.110.lto_priv.561
                0x0000000008019274                __compound_literal.109.lto_priv.559
                0x000000000801927c                __compound_literal.108.lto_priv.557
                0x000000000801929c                __compound_literal.107.lto_priv.555
                0x00000000080192a4                __compound_literal.106.lto_priv.553
                0x00000000080192ac                __compound_literal.105.lto_priv.551
                0x00000000080192b4                __compound_literal.104.lto_priv.549
                0x00000000080192bc                __compound_literal.103.lto_priv.547
                0x00000000080192f4                __compound_literal.102.lto_priv.545
                0x00000000080192fc                __compound_literal.101.lto_priv.543
                0x0000000008019304                __compound_literal.100.lto_priv.541
                0x000000000801930c                __compound_literal.99.lto_priv.539
                0x0000000008019314                __compound_literal.98.lto_priv.537
                0x0000000008019320                __compound_literal.97.lto_priv.535
                0x0000000008019334                __compound_literal.96.lto_priv.533
                0x000000000801933c                __compound_literal.95.lto_priv.531
                0x0000000008019344                __compound_literal.94.lto_priv.529
                0x0000000008019358                __compound_literal.93.lto_priv.527
                0x0000000008019360                __compound_literal.92.lto_priv.525
                0x0000000008019368                __compound_literal.91.lto_priv.523
                0x0000000008019370                __compound_literal.90.lto_priv.521
                0x000000000801937c                __compound_literal.89.lto_priv.519
                0x0000000008019394                __compound_literal.88.lto_priv.517
                0x000000000801939c                __compound_literal.87.lto_priv.515
                0x00000000080193a4                __compound_literal.86.lto_priv.513
                0x00000000080193ac                __compound_literal.85.lto_priv.511
                0x00000000080193b4                __compound_literal.84.lto_priv.509
                0x00000000080193bc                __compound_literal.83.lto_priv.507
                0x00000000080193c4                __compound_literal.82.lto_priv.505
                0x00000000080193cc                __compound_literal.81.lto_priv.503
                0x00000000080193e0                __compound_literal.80.lto_priv.501
                0x00000000080193e8                __compound_literal.79.lto_priv.499
                0x00000000080193f0                __compound_literal.78.lto_priv.497
                0x00000000080193f8                __compound_literal.77.lto_priv.495
                0x0000000008019400                __compound_literal.76.lto_priv.493
                0x000000000801940c                __compound_literal.75.lto_priv.491
                0x0000000008019414                __compound_literal.74.lto_priv.489
                0x000000000801941c                __compound_literal.73.lto_priv.487
                0x0000000008019424                __compound_literal.72.lto_priv.485
                0x000000000801942c                __compound_literal.71.lto_priv.483
                0x0000000008019434                __compound_literal.70.lto_priv.481
                0x000000000801946c                __compound_literal.69.lto_priv.479
                0x0000000008019474                __compound_literal.68.lto_priv.477
                0x0000000008019488                __compound_literal.67.lto_priv.475
                0x0000000008019494                __compound_literal.66.lto_priv.473
                0x00000000080194a0                __compound_literal.65.lto_priv.471
                0x00000000080194b4                __compound_literal.64.lto_priv.469
                0x00000000080194c8                __compound_literal.63.lto_priv.467
                0x00000000080194dc                __compound_literal.62.lto_priv.465
                0x00000000080194e4                __compound_literal.61.lto_priv.463
                0x00000000080194ec                __compound_literal.60.lto_priv.461
                0x00000000080194f8                __compound_literal.59.lto_priv.459
                0x000000000801950c                __compound_literal.58.lto_priv.457
                0x0000000008019514                __compound_literal.57.lto_priv.455
                0x000000000801951c                __compound_literal.56.lto_priv.453.lto_priv.615
                0x0000000008019530                __compound_literal.55.lto_priv.450
                0x0000000008019544                __compound_literal.54.lto_priv.447
                0x0000000008019550                __compound_literal.53.lto_priv.444
                0x0000000008019558                __compound_literal.52.lto_priv.441
                0x0000000008019588                __compound_literal.51.lto_priv.438
                0x0000000008019590                __compound_literal.50.lto_priv.435
                0x0000000008019598                __compound_literal.49.lto_priv.432
                0x00000000080195a0                __compound_literal.48.lto_priv.429
                0x00000000080195a8                __compound_literal.47.lto_priv.426
                0x00000000080195b0                __compound_literal.46.lto_priv.423
                0x00000000080195b8                __compound_literal.45.lto_priv.420
                0x00000000080195c0                __compound_literal.44.lto_priv.417
                0x00000000080195c8                __compound_literal.43.lto_priv.414
                0x00000000080195d0                __compound_literal.42.lto_priv.411
                0x00000000080195d8                __compound_literal.41.lto_priv.408
                0x00000000080195e0                __compound_literal.40.lto_priv.405
                0x00000000080195e8                __compound_literal.39.lto_priv.402
                0x00000000080195f0                __compound_literal.38.lto_priv.399
                0x00000000080195f8                __compound_literal.37.lto_priv.396
                0x0000000008019600                __compound_literal.36.lto_priv.250
                0x000000000801960c                __compound_literal.35.lto_priv.248
                0x0000000008019618                __compound_literal.34.lto_priv.246
                0x0000000008019620                __compound_literal.33.lto_priv.244
                0x0000000008019628                __compound_literal.32.lto_priv.242
                0x0000000008019630                __compound_literal.31.lto_priv.240
                0x0000000008019638                __compound_literal.30.lto_priv.238
                0x0000000008019640                __compound_literal.29.lto_priv.236
                0x0000000008019648                __compound_literal.28.lto_priv.234
                0x0000000008019650                __compound_literal.27.lto_priv.232
                0x0000000008019658                __compound_literal.26.lto_priv.230
                0x0000000008019660                __compound_literal.25.lto_priv.228
                0x0000000008019668                __compound_literal.24.lto_priv.226
                0x0000000008019670                __compound_literal.23.lto_priv.224.lto_priv.614
                0x0000000008019678                __compound_literal.22.lto_priv.222.lto_priv.613
                0x0000000008019680                __compound_literal.21.lto_priv.220
                0x0000000008019688                __compound_literal.20.lto_priv.218
                0x0000000008019690                __compound_literal.19.lto_priv.216.lto_priv.612
                0x0000000008019698                __compound_literal.18.lto_priv.214
                0x00000000080196a0                __compound_literal.17.lto_priv.212
                0x00000000080196a8                __compound_literal.16.lto_priv.210
                0x00000000080196c8                __compound_literal.15.lto_priv.208
                0x00000000080196d0                __compound_literal.14.lto_priv.206
                0x00000000080196d8                __compound_literal.13.lto_priv.204
                0x00000000080196e0                __compound_literal.12.lto_priv.202
                0x00000000080196e8                __compound_literal.11.lto_priv.200
                0x00000000080196f0                __compound_literal.10.lto_priv.198
                0x00000000080196f8                __compound_literal.9.lto_priv.196.lto_priv.611
                0x0000000008019700                __compound_literal.8.lto_priv.194
                0x0000000008019708                __compound_literal.7.lto_priv.192
                0x0000000008019710                __compound_literal.6.lto_priv.190
                0x0000000008019718                __compound_literal.5.lto_priv.188
                0x0000000008019720                __compound_literal.4.lto_priv.186
                0x0000000008019728                __compound_literal.3.lto_priv.184
                0x0000000008019730                __compound_literal.2.lto_priv.182
                0x0000000008019738                __compound_literal.1.lto_priv.180
                0x0000000008019740                __compound_literal.0.lto_priv.178
                0x0000000008019748                CSWTCH.1.lto_priv.642
                0x000000000801999c                acc_image_a111_r2c_sweep_param_table
                0x0000000008019fd8                uwTickFreq
                0x0000000008019fdc                log_funcs.lto_priv.314
                0x000000000801ab48                acc_image_a111_r2c_sweep
 .rodata        0x000000000801b968       0x80 /mnt/c/Users/Stephen/Documents/Repositories/acconeer/compilers/gcc-arm-none-eabi-7-2018-q2-update/bin/../lib/gcc/arm-none-eabi/7.3.1/thumb/v6-m/libgcc.a(divsf3.o)
 .rodata        0x000000000801b9e8       0x40 /mnt/c/Users/Stephen/Documents/Repositories/acconeer/compilers/gcc-arm-none-eabi-7-2018-q2-update/bin/../lib/gcc/arm-none-eabi/7.3.1/thumb/v6-m/libgcc.a(mulsf3.o)
 .rodata        0x000000000801ba28       0x40 /mnt/c/Users/Stephen/Documents/Repositories/acconeer/compilers/gcc-arm-none-eabi-7-2018-q2-update/bin/../lib/gcc/arm-none-eabi/7.3.1/thumb/v6-m/libgcc.a(divdf3.o)
 .rodata        0x000000000801ba68       0x40 /mnt/c/Users/Stephen/Documents/Repositories/acconeer/compilers/gcc-arm-none-eabi-7-2018-q2-update/bin/../lib/gcc/arm-none-eabi/7.3.1/thumb/v6-m/libgcc.a(muldf3.o)
 *(.rodata*)
 .rodata.str1.1
                0x000000000801baa8      0xad9 /tmp/ccyMav6f.ltrans0.ltrans.o
                                        0xb4e (size before relaxing)
 *fill*         0x000000000801c581        0x3 
 .rodata.str1.4
                0x000000000801c584       0x34 /tmp/ccyMav6f.ltrans0.ltrans.o
 .rodata.str1.1
                0x000000000801c5b8     0x1202 /tmp/ccyMav6f.ltrans1.ltrans.o
                                       0x124d (size before relaxing)
 *fill*         0x000000000801d7ba        0x2 
 .rodata.str1.4
                0x000000000801d7bc       0x26 /tmp/ccyMav6f.ltrans1.ltrans.o
 .rodata.str1.1
                0x000000000801d7e2      0xb21 /tmp/ccyMav6f.ltrans2.ltrans.o
                                        0xc43 (size before relaxing)
 *fill*         0x000000000801e303        0x1 
 .rodata.str1.4
                0x000000000801e304       0xab /tmp/ccyMav6f.ltrans2.ltrans.o
 *fill*         0x000000000801e3af        0x1 
 .rodata.__sf_fake_stderr
                0x000000000801e3b0       0x20 /mnt/c/Users/Stephen/Documents/Repositories/acconeer/compilers/gcc-arm-none-eabi-7-2018-q2-update/bin/../lib/gcc/arm-none-eabi/7.3.1/../../../../arm-none-eabi/lib/thumb/v6-m/libg_nano.a(lib_a-findfp.o)
                0x000000000801e3b0                __sf_fake_stderr
 .rodata.__sf_fake_stdin
                0x000000000801e3d0       0x20 /mnt/c/Users/Stephen/Documents/Repositories/acconeer/compilers/gcc-arm-none-eabi-7-2018-q2-update/bin/../lib/gcc/arm-none-eabi/7.3.1/../../../../arm-none-eabi/lib/thumb/v6-m/libg_nano.a(lib_a-findfp.o)
                0x000000000801e3d0                __sf_fake_stdin
 .rodata.__sf_fake_stdout
                0x000000000801e3f0       0x20 /mnt/c/Users/Stephen/Documents/Repositories/acconeer/compilers/gcc-arm-none-eabi-7-2018-q2-update/bin/../lib/gcc/arm-none-eabi/7.3.1/../../../../arm-none-eabi/lib/thumb/v6-m/libg_nano.a(lib_a-findfp.o)
                0x000000000801e3f0                __sf_fake_stdout
 .rodata._global_impure_ptr
                0x000000000801e410        0x4 /mnt/c/Users/Stephen/Documents/Repositories/acconeer/compilers/gcc-arm-none-eabi-7-2018-q2-update/bin/../lib/gcc/arm-none-eabi/7.3.1/../../../../arm-none-eabi/lib/thumb/v6-m/libg_nano.a(lib_a-impure.o)
                0x000000000801e410                _global_impure_ptr
 .rodata.sqrt.str1.4
                0x000000000801e414        0x5 /mnt/c/Users/Stephen/Documents/Repositories/acconeer/compilers/gcc-arm-none-eabi-7-2018-q2-update/bin/../lib/gcc/arm-none-eabi/7.3.1/../../../../arm-none-eabi/lib/thumb/v6-m/libm.a(lib_a-w_sqrt.o)
 *fill*         0x000000000801e419        0x3 
 .rodata.expf.str1.4
                0x000000000801e41c        0x5 /mnt/c/Users/Stephen/Documents/Repositories/acconeer/compilers/gcc-arm-none-eabi-7-2018-q2-update/bin/../lib/gcc/arm-none-eabi/7.3.1/../../../../arm-none-eabi/lib/thumb/v6-m/libm.a(lib_a-wf_exp.o)
 *fill*         0x000000000801e421        0x3 
 .rodata.log10f.str1.4
                0x000000000801e424        0x8 /mnt/c/Users/Stephen/Documents/Repositories/acconeer/compilers/gcc-arm-none-eabi-7-2018-q2-update/bin/../lib/gcc/arm-none-eabi/7.3.1/../../../../arm-none-eabi/lib/thumb/v6-m/libm.a(lib_a-wf_log10.o)
                                          0x9 (size before relaxing)
 .rodata.npio2_hw
                0x000000000801e42c       0x80 /mnt/c/Users/Stephen/Documents/Repositories/acconeer/compilers/gcc-arm-none-eabi-7-2018-q2-update/bin/../lib/gcc/arm-none-eabi/7.3.1/../../../../arm-none-eabi/lib/thumb/v6-m/libm.a(lib_a-e_rem_pio2.o)
 .rodata.two_over_pi
                0x000000000801e4ac      0x108 /mnt/c/Users/Stephen/Documents/Repositories/acconeer/compilers/gcc-arm-none-eabi-7-2018-q2-update/bin/../lib/gcc/arm-none-eabi/7.3.1/../../../../arm-none-eabi/lib/thumb/v6-m/libm.a(lib_a-e_rem_pio2.o)
 .rodata.halF   0x000000000801e5b4        0x8 /mnt/c/Users/Stephen/Documents/Repositories/acconeer/compilers/gcc-arm-none-eabi-7-2018-q2-update/bin/../lib/gcc/arm-none-eabi/7.3.1/../../../../arm-none-eabi/lib/thumb/v6-m/libm.a(lib_a-ef_exp.o)
 .rodata.ln2HI  0x000000000801e5bc        0x8 /mnt/c/Users/Stephen/Documents/Repositories/acconeer/compilers/gcc-arm-none-eabi-7-2018-q2-update/bin/../lib/gcc/arm-none-eabi/7.3.1/../../../../arm-none-eabi/lib/thumb/v6-m/libm.a(lib_a-ef_exp.o)
 .rodata.ln2LO  0x000000000801e5c4        0x8 /mnt/c/Users/Stephen/Documents/Repositories/acconeer/compilers/gcc-arm-none-eabi-7-2018-q2-update/bin/../lib/gcc/arm-none-eabi/7.3.1/../../../../arm-none-eabi/lib/thumb/v6-m/libm.a(lib_a-ef_exp.o)
 *fill*         0x000000000801e5cc        0x4 
 .rodata.PIo2   0x000000000801e5d0       0x40 /mnt/c/Users/Stephen/Documents/Repositories/acconeer/compilers/gcc-arm-none-eabi-7-2018-q2-update/bin/../lib/gcc/arm-none-eabi/7.3.1/../../../../arm-none-eabi/lib/thumb/v6-m/libm.a(lib_a-k_rem_pio2.o)
 .rodata.init_jk
                0x000000000801e610       0x10 /mnt/c/Users/Stephen/Documents/Repositories/acconeer/compilers/gcc-arm-none-eabi-7-2018-q2-update/bin/../lib/gcc/arm-none-eabi/7.3.1/../../../../arm-none-eabi/lib/thumb/v6-m/libm.a(lib_a-k_rem_pio2.o)
 .rodata.__wrap_puts.str1.1
                0x000000000801e620      0xb21 out/lib/libwrapprintf.a(acc_wrap_printf.o)
                                          0x2 (size before relaxing)
                0x000000000801f144                . = ALIGN (0x4)

.ARM.extab
 *(.ARM.extab* .gnu.linkonce.armextab.*)

.ARM            0x000000000801e620        0x8
                0x000000000801e620                __exidx_start = .
 *(.ARM.exidx*)
 .ARM.exidx     0x000000000801e620        0x8 /mnt/c/Users/Stephen/Documents/Repositories/acconeer/compilers/gcc-arm-none-eabi-7-2018-q2-update/bin/../lib/gcc/arm-none-eabi/7.3.1/thumb/v6-m/libgcc.a(_udivmoddi4.o)
                0x000000000801e628                __exidx_end = .

.rel.dyn        0x000000000801e628        0x0
 .rel.iplt      0x000000000801e628        0x0 /mnt/c/Users/Stephen/Documents/Repositories/acconeer/compilers/gcc-arm-none-eabi-7-2018-q2-update/bin/../lib/gcc/arm-none-eabi/7.3.1/thumb/v6-m/crtbegin.o

.preinit_array  0x000000000801e628        0x0
                0x000000000801e628                PROVIDE (__preinit_array_start = .)
 *(.preinit_array*)
                0x000000000801e628                PROVIDE (__preinit_array_end = .)

.init_array     0x000000000801e628        0x4
                0x000000000801e628                PROVIDE (__init_array_start = .)
 *(SORT_BY_NAME(.init_array.*))
 *(.init_array*)
 .init_array    0x000000000801e628        0x4 /mnt/c/Users/Stephen/Documents/Repositories/acconeer/compilers/gcc-arm-none-eabi-7-2018-q2-update/bin/../lib/gcc/arm-none-eabi/7.3.1/thumb/v6-m/crtbegin.o
                0x000000000801e62c                PROVIDE (__init_array_end = .)

.fini_array     0x000000000801e62c        0x4
                [!provide]                        PROVIDE (__fini_array_start = .)
 *(SORT_BY_NAME(.fini_array.*))
 *(.fini_array*)
 .fini_array    0x000000000801e62c        0x4 /mnt/c/Users/Stephen/Documents/Repositories/acconeer/compilers/gcc-arm-none-eabi-7-2018-q2-update/bin/../lib/gcc/arm-none-eabi/7.3.1/thumb/v6-m/crtbegin.o
                [!provide]                        PROVIDE (__fini_array_end = .)
                0x000000000801e630                _sidata = LOADADDR (.data)

.data           0x0000000020000000       0x70 load address 0x000000000801e630
                0x0000000020000000                . = ALIGN (0x4)
                0x0000000020000000                _sdata = .
 *(.data)
 .data          0x0000000020000000        0x8 /tmp/ccyMav6f.ltrans2.ltrans.o
                0x0000000020000000                SystemCoreClock
                0x0000000020000004                uwTickPrio
 *(.data*)
 .data._impure_ptr
                0x0000000020000008        0x4 /mnt/c/Users/Stephen/Documents/Repositories/acconeer/compilers/gcc-arm-none-eabi-7-2018-q2-update/bin/../lib/gcc/arm-none-eabi/7.3.1/../../../../arm-none-eabi/lib/thumb/v6-m/libg_nano.a(lib_a-impure.o)
                0x0000000020000008                _impure_ptr
 .data.impure_data
                0x000000002000000c       0x60 /mnt/c/Users/Stephen/Documents/Repositories/acconeer/compilers/gcc-arm-none-eabi-7-2018-q2-update/bin/../lib/gcc/arm-none-eabi/7.3.1/../../../../arm-none-eabi/lib/thumb/v6-m/libg_nano.a(lib_a-impure.o)
 .data.__fdlib_version
                0x000000002000006c        0x1 /mnt/c/Users/Stephen/Documents/Repositories/acconeer/compilers/gcc-arm-none-eabi-7-2018-q2-update/bin/../lib/gcc/arm-none-eabi/7.3.1/../../../../arm-none-eabi/lib/thumb/v6-m/libm.a(lib_a-s_lib_ver.o)
                0x000000002000006c                __fdlib_version
                0x0000000020000070                . = ALIGN (0x4)
 *fill*         0x000000002000006d        0x3 
                0x0000000020000070                _edata = .

.igot.plt       0x0000000020000070        0x0 load address 0x000000000801e6a0
 .igot.plt      0x0000000020000070        0x0 /mnt/c/Users/Stephen/Documents/Repositories/acconeer/compilers/gcc-arm-none-eabi-7-2018-q2-update/bin/../lib/gcc/arm-none-eabi/7.3.1/thumb/v6-m/crtbegin.o
                0x0000000020000070                . = ALIGN (0x4)

.bss            0x0000000020000070      0x660 load address 0x000000000801e6a0
                0x0000000020000070                _sbss = .
                0x0000000020000070                __bss_start__ = _sbss
 *(.bss)
 .bss           0x0000000020000070       0x1c /mnt/c/Users/Stephen/Documents/Repositories/acconeer/compilers/gcc-arm-none-eabi-7-2018-q2-update/bin/../lib/gcc/arm-none-eabi/7.3.1/thumb/v6-m/crtbegin.o
 .bss           0x000000002000008c      0x334 /tmp/ccyMav6f.ltrans0.ltrans.o
 .bss           0x00000000200003c0      0x274 /tmp/ccyMav6f.ltrans2.ltrans.o
                0x00000000200003c0                hrtc
                0x00000000200003ec                uwTick
                0x00000000200003f0                concrete_hal
                0x0000000020000428                hspi1
                0x000000002000048c                rtc_wakeup_triggered
                0x0000000020000490                pFlash
                0x00000000200004a8                uart_rx_buff
                0x00000000200004e8                hdma_usart1_tx
                0x0000000020000544                hdma_usart1_rx
                0x00000000200005a0                sensor_info.lto_priv.277
                0x00000000200005a4                manager_func_substitution.lto_priv.278
                0x00000000200005a8                huart1
 *(.bss*)
 .bss.__sbrk_heap_end
                0x0000000020000634        0x4 out/obj/sysmem.o
 .bss.__malloc_free_list
                0x0000000020000638        0x4 /mnt/c/Users/Stephen/Documents/Repositories/acconeer/compilers/gcc-arm-none-eabi-7-2018-q2-update/bin/../lib/gcc/arm-none-eabi/7.3.1/../../../../arm-none-eabi/lib/thumb/v6-m/libg_nano.a(lib_a-nano-mallocr.o)
                0x0000000020000638                __malloc_free_list
 .bss.__malloc_sbrk_start
                0x000000002000063c        0x4 /mnt/c/Users/Stephen/Documents/Repositories/acconeer/compilers/gcc-arm-none-eabi-7-2018-q2-update/bin/../lib/gcc/arm-none-eabi/7.3.1/../../../../arm-none-eabi/lib/thumb/v6-m/libg_nano.a(lib_a-nano-mallocr.o)
                0x000000002000063c                __malloc_sbrk_start
 *(COMMON)
 COMMON         0x0000000020000640       0x8c /tmp/ccyMav6f.ltrans0.ltrans.o
                0x0000000020000640                huart2
 COMMON         0x00000000200006cc        0x4 /mnt/c/Users/Stephen/Documents/Repositories/acconeer/compilers/gcc-arm-none-eabi-7-2018-q2-update/bin/../lib/gcc/arm-none-eabi/7.3.1/../../../../arm-none-eabi/lib/thumb/v6-m/libg_nano.a(lib_a-reent.o)
                0x00000000200006cc                errno
                0x00000000200006d0                . = ALIGN (0x4)
                0x00000000200006d0                _ebss = .
                0x00000000200006d0                __bss_end__ = _ebss

._user_heap_stack
                0x00000000200006d0     0x1600 load address 0x000000000801e6a0
                0x00000000200006d0                . = ALIGN (0x8)
                [!provide]                        PROVIDE (end = .)
                0x00000000200006d0                PROVIDE (_end = .)
                0x00000000200008d0                . = (. + _Min_Heap_Size)
 *fill*         0x00000000200006d0      0x200 
                0x0000000020001cd0                . = (. + _Min_Stack_Size)
 *fill*         0x00000000200008d0     0x1400 
                0x0000000020001cd0                . = ALIGN (0x8)

/DISCARD/
 libc.a(*)
 libm.a(*)
 libgcc.a(*)

.ARM.attributes
                0x0000000000000000       0x28
 *(.ARM.attributes)
 .ARM.attributes
                0x0000000000000000       0x1e /mnt/c/Users/Stephen/Documents/Repositories/acconeer/compilers/gcc-arm-none-eabi-7-2018-q2-update/bin/../lib/gcc/arm-none-eabi/7.3.1/thumb/v6-m/crti.o
 .ARM.attributes
                0x000000000000001e       0x2c /mnt/c/Users/Stephen/Documents/Repositories/acconeer/compilers/gcc-arm-none-eabi-7-2018-q2-update/bin/../lib/gcc/arm-none-eabi/7.3.1/thumb/v6-m/crtbegin.o
 .ARM.attributes
                0x000000000000004a       0x30 /tmp/ccyMav6f.ltrans0.ltrans.o
 .ARM.attributes
                0x000000000000007a       0x30 /tmp/ccyMav6f.ltrans1.ltrans.o
 .ARM.attributes
                0x00000000000000aa       0x30 /tmp/ccyMav6f.ltrans2.ltrans.o
 .ARM.attributes
                0x00000000000000da       0x32 out/obj/syscalls.o
 .ARM.attributes
                0x000000000000010c       0x21 out/obj/startup_stm32g071xx.o
 .ARM.attributes
                0x000000000000012d       0x32 out/obj/sysmem.o
 .ARM.attributes
                0x000000000000015f       0x2c /mnt/c/Users/Stephen/Documents/Repositories/acconeer/compilers/gcc-arm-none-eabi-7-2018-q2-update/bin/../lib/gcc/arm-none-eabi/7.3.1/../../../../arm-none-eabi/lib/thumb/v6-m/libm.a(lib_a-ef_sqrt.o)
 .ARM.attributes
                0x000000000000018b       0x2c /mnt/c/Users/Stephen/Documents/Repositories/acconeer/compilers/gcc-arm-none-eabi-7-2018-q2-update/bin/../lib/gcc/arm-none-eabi/7.3.1/thumb/v6-m/libgcc.a(addsf3.o)
 .ARM.attributes
                0x00000000000001b7       0x2c /mnt/c/Users/Stephen/Documents/Repositories/acconeer/compilers/gcc-arm-none-eabi-7-2018-q2-update/bin/../lib/gcc/arm-none-eabi/7.3.1/thumb/v6-m/libgcc.a(divsf3.o)
 .ARM.attributes
                0x00000000000001e3       0x2c /mnt/c/Users/Stephen/Documents/Repositories/acconeer/compilers/gcc-arm-none-eabi-7-2018-q2-update/bin/../lib/gcc/arm-none-eabi/7.3.1/thumb/v6-m/libgcc.a(mulsf3.o)
 .ARM.attributes
                0x000000000000020f       0x2c /mnt/c/Users/Stephen/Documents/Repositories/acconeer/compilers/gcc-arm-none-eabi-7-2018-q2-update/bin/../lib/gcc/arm-none-eabi/7.3.1/thumb/v6-m/libgcc.a(subsf3.o)
 .ARM.attributes
                0x000000000000023b       0x1e /mnt/c/Users/Stephen/Documents/Repositories/acconeer/compilers/gcc-arm-none-eabi-7-2018-q2-update/bin/../lib/gcc/arm-none-eabi/7.3.1/thumb/v6-m/libgcc.a(_clzsi2.o)
 .ARM.attributes
                0x0000000000000259       0x2c /mnt/c/Users/Stephen/Documents/Repositories/acconeer/compilers/gcc-arm-none-eabi-7-2018-q2-update/bin/../lib/gcc/arm-none-eabi/7.3.1/../../../../arm-none-eabi/lib/thumb/v6-m/libg_nano.a(lib_a-errno.o)
 .ARM.attributes
                0x0000000000000285       0x2c /mnt/c/Users/Stephen/Documents/Repositories/acconeer/compilers/gcc-arm-none-eabi-7-2018-q2-update/bin/../lib/gcc/arm-none-eabi/7.3.1/../../../../arm-none-eabi/lib/thumb/v6-m/libg_nano.a(lib_a-fflush.o)
 .ARM.attributes
                0x00000000000002b1       0x2c /mnt/c/Users/Stephen/Documents/Repositories/acconeer/compilers/gcc-arm-none-eabi-7-2018-q2-update/bin/../lib/gcc/arm-none-eabi/7.3.1/../../../../arm-none-eabi/lib/thumb/v6-m/libg_nano.a(lib_a-findfp.o)
 .ARM.attributes
                0x00000000000002dd       0x2c /mnt/c/Users/Stephen/Documents/Repositories/acconeer/compilers/gcc-arm-none-eabi-7-2018-q2-update/bin/../lib/gcc/arm-none-eabi/7.3.1/../../../../arm-none-eabi/lib/thumb/v6-m/libg_nano.a(lib_a-fwalk.o)
 .ARM.attributes
                0x0000000000000309       0x2c /mnt/c/Users/Stephen/Documents/Repositories/acconeer/compilers/gcc-arm-none-eabi-7-2018-q2-update/bin/../lib/gcc/arm-none-eabi/7.3.1/../../../../arm-none-eabi/lib/thumb/v6-m/libg_nano.a(lib_a-impure.o)
 .ARM.attributes
                0x0000000000000335       0x2c /mnt/c/Users/Stephen/Documents/Repositories/acconeer/compilers/gcc-arm-none-eabi-7-2018-q2-update/bin/../lib/gcc/arm-none-eabi/7.3.1/../../../../arm-none-eabi/lib/thumb/v6-m/libg_nano.a(lib_a-init.o)
 .ARM.attributes
                0x0000000000000361       0x2c /mnt/c/Users/Stephen/Documents/Repositories/acconeer/compilers/gcc-arm-none-eabi-7-2018-q2-update/bin/../lib/gcc/arm-none-eabi/7.3.1/../../../../arm-none-eabi/lib/thumb/v6-m/libg_nano.a(lib_a-memset.o)
 .ARM.attributes
                0x000000000000038d       0x2c /mnt/c/Users/Stephen/Documents/Repositories/acconeer/compilers/gcc-arm-none-eabi-7-2018-q2-update/bin/../lib/gcc/arm-none-eabi/7.3.1/../../../../arm-none-eabi/lib/thumb/v6-m/libg_nano.a(lib_a-nano-freer.o)
 .ARM.attributes
                0x00000000000003b9       0x2c /mnt/c/Users/Stephen/Documents/Repositories/acconeer/compilers/gcc-arm-none-eabi-7-2018-q2-update/bin/../lib/gcc/arm-none-eabi/7.3.1/../../../../arm-none-eabi/lib/thumb/v6-m/libg_nano.a(lib_a-nano-mallocr.o)
 .ARM.attributes
                0x00000000000003e5       0x2c /mnt/c/Users/Stephen/Documents/Repositories/acconeer/compilers/gcc-arm-none-eabi-7-2018-q2-update/bin/../lib/gcc/arm-none-eabi/7.3.1/../../../../arm-none-eabi/lib/thumb/v6-m/libg_nano.a(lib_a-sbrkr.o)
 .ARM.attributes
                0x0000000000000411       0x2c /mnt/c/Users/Stephen/Documents/Repositories/acconeer/compilers/gcc-arm-none-eabi-7-2018-q2-update/bin/../lib/gcc/arm-none-eabi/7.3.1/../../../../arm-none-eabi/lib/thumb/v6-m/libg_nano.a(lib_a-stdio.o)
 .ARM.attributes
                0x000000000000043d       0x2c /mnt/c/Users/Stephen/Documents/Repositories/acconeer/compilers/gcc-arm-none-eabi-7-2018-q2-update/bin/../lib/gcc/arm-none-eabi/7.3.1/../../../../arm-none-eabi/lib/thumb/v6-m/libg_nano.a(lib_a-writer.o)
 .ARM.attributes
                0x0000000000000469       0x2c /mnt/c/Users/Stephen/Documents/Repositories/acconeer/compilers/gcc-arm-none-eabi-7-2018-q2-update/bin/../lib/gcc/arm-none-eabi/7.3.1/../../../../arm-none-eabi/lib/thumb/v6-m/libg_nano.a(lib_a-closer.o)
 .ARM.attributes
                0x0000000000000495       0x2c /mnt/c/Users/Stephen/Documents/Repositories/acconeer/compilers/gcc-arm-none-eabi-7-2018-q2-update/bin/../lib/gcc/arm-none-eabi/7.3.1/../../../../arm-none-eabi/lib/thumb/v6-m/libg_nano.a(lib_a-lseekr.o)
 .ARM.attributes
                0x00000000000004c1       0x2c /mnt/c/Users/Stephen/Documents/Repositories/acconeer/compilers/gcc-arm-none-eabi-7-2018-q2-update/bin/../lib/gcc/arm-none-eabi/7.3.1/../../../../arm-none-eabi/lib/thumb/v6-m/libg_nano.a(lib_a-mlock.o)
 .ARM.attributes
                0x00000000000004ed       0x2c /mnt/c/Users/Stephen/Documents/Repositories/acconeer/compilers/gcc-arm-none-eabi-7-2018-q2-update/bin/../lib/gcc/arm-none-eabi/7.3.1/../../../../arm-none-eabi/lib/thumb/v6-m/libg_nano.a(lib_a-readr.o)
 .ARM.attributes
                0x0000000000000519       0x2c /mnt/c/Users/Stephen/Documents/Repositories/acconeer/compilers/gcc-arm-none-eabi-7-2018-q2-update/bin/../lib/gcc/arm-none-eabi/7.3.1/../../../../arm-none-eabi/lib/thumb/v6-m/libg_nano.a(lib_a-reent.o)
 .ARM.attributes
                0x0000000000000545       0x2c /mnt/c/Users/Stephen/Documents/Repositories/acconeer/compilers/gcc-arm-none-eabi-7-2018-q2-update/bin/../lib/gcc/arm-none-eabi/7.3.1/../../../../arm-none-eabi/lib/thumb/v6-m/libnosys.a(close.o)
 .ARM.attributes
                0x0000000000000571       0x2c /mnt/c/Users/Stephen/Documents/Repositories/acconeer/compilers/gcc-arm-none-eabi-7-2018-q2-update/bin/../lib/gcc/arm-none-eabi/7.3.1/../../../../arm-none-eabi/lib/thumb/v6-m/libnosys.a(lseek.o)
 .ARM.attributes
                0x000000000000059d       0x2c /mnt/c/Users/Stephen/Documents/Repositories/acconeer/compilers/gcc-arm-none-eabi-7-2018-q2-update/bin/../lib/gcc/arm-none-eabi/7.3.1/../../../../arm-none-eabi/lib/thumb/v6-m/libnosys.a(read.o)
 .ARM.attributes
                0x00000000000005c9       0x1e /mnt/c/Users/Stephen/Documents/Repositories/acconeer/compilers/gcc-arm-none-eabi-7-2018-q2-update/bin/../lib/gcc/arm-none-eabi/7.3.1/thumb/v6-m/crtn.o
 .ARM.attributes
                0x00000000000005e7       0x2c /mnt/c/Users/Stephen/Documents/Repositories/acconeer/compilers/gcc-arm-none-eabi-7-2018-q2-update/bin/../lib/gcc/arm-none-eabi/7.3.1/../../../../arm-none-eabi/lib/thumb/v6-m/libm.a(lib_a-s_cos.o)
 .ARM.attributes
                0x0000000000000613       0x2c /mnt/c/Users/Stephen/Documents/Repositories/acconeer/compilers/gcc-arm-none-eabi-7-2018-q2-update/bin/../lib/gcc/arm-none-eabi/7.3.1/../../../../arm-none-eabi/lib/thumb/v6-m/libm.a(lib_a-sf_fmax.o)
 .ARM.attributes
                0x000000000000063f       0x2c /mnt/c/Users/Stephen/Documents/Repositories/acconeer/compilers/gcc-arm-none-eabi-7-2018-q2-update/bin/../lib/gcc/arm-none-eabi/7.3.1/../../../../arm-none-eabi/lib/thumb/v6-m/libm.a(lib_a-sf_fpclassify.o)
 .ARM.attributes
                0x000000000000066b       0x2c /mnt/c/Users/Stephen/Documents/Repositories/acconeer/compilers/gcc-arm-none-eabi-7-2018-q2-update/bin/../lib/gcc/arm-none-eabi/7.3.1/../../../../arm-none-eabi/lib/thumb/v6-m/libm.a(lib_a-sf_round.o)
 .ARM.attributes
                0x0000000000000697       0x2c /mnt/c/Users/Stephen/Documents/Repositories/acconeer/compilers/gcc-arm-none-eabi-7-2018-q2-update/bin/../lib/gcc/arm-none-eabi/7.3.1/../../../../arm-none-eabi/lib/thumb/v6-m/libm.a(lib_a-w_sqrt.o)
 .ARM.attributes
                0x00000000000006c3       0x2c /mnt/c/Users/Stephen/Documents/Repositories/acconeer/compilers/gcc-arm-none-eabi-7-2018-q2-update/bin/../lib/gcc/arm-none-eabi/7.3.1/../../../../arm-none-eabi/lib/thumb/v6-m/libm.a(lib_a-wf_exp.o)
 .ARM.attributes
                0x00000000000006ef       0x2c /mnt/c/Users/Stephen/Documents/Repositories/acconeer/compilers/gcc-arm-none-eabi-7-2018-q2-update/bin/../lib/gcc/arm-none-eabi/7.3.1/../../../../arm-none-eabi/lib/thumb/v6-m/libm.a(lib_a-wf_log10.o)
 .ARM.attributes
                0x000000000000071b       0x2c /mnt/c/Users/Stephen/Documents/Repositories/acconeer/compilers/gcc-arm-none-eabi-7-2018-q2-update/bin/../lib/gcc/arm-none-eabi/7.3.1/../../../../arm-none-eabi/lib/thumb/v6-m/libm.a(lib_a-e_rem_pio2.o)
 .ARM.attributes
                0x0000000000000747       0x2c /mnt/c/Users/Stephen/Documents/Repositories/acconeer/compilers/gcc-arm-none-eabi-7-2018-q2-update/bin/../lib/gcc/arm-none-eabi/7.3.1/../../../../arm-none-eabi/lib/thumb/v6-m/libm.a(lib_a-e_sqrt.o)
 .ARM.attributes
                0x0000000000000773       0x2c /mnt/c/Users/Stephen/Documents/Repositories/acconeer/compilers/gcc-arm-none-eabi-7-2018-q2-update/bin/../lib/gcc/arm-none-eabi/7.3.1/../../../../arm-none-eabi/lib/thumb/v6-m/libm.a(lib_a-ef_exp.o)
 .ARM.attributes
                0x000000000000079f       0x2c /mnt/c/Users/Stephen/Documents/Repositories/acconeer/compilers/gcc-arm-none-eabi-7-2018-q2-update/bin/../lib/gcc/arm-none-eabi/7.3.1/../../../../arm-none-eabi/lib/thumb/v6-m/libm.a(lib_a-ef_log10.o)
 .ARM.attributes
                0x00000000000007cb       0x2c /mnt/c/Users/Stephen/Documents/Repositories/acconeer/compilers/gcc-arm-none-eabi-7-2018-q2-update/bin/../lib/gcc/arm-none-eabi/7.3.1/../../../../arm-none-eabi/lib/thumb/v6-m/libm.a(lib_a-k_cos.o)
 .ARM.attributes
                0x00000000000007f7       0x2c /mnt/c/Users/Stephen/Documents/Repositories/acconeer/compilers/gcc-arm-none-eabi-7-2018-q2-update/bin/../lib/gcc/arm-none-eabi/7.3.1/../../../../arm-none-eabi/lib/thumb/v6-m/libm.a(lib_a-k_rem_pio2.o)
 .ARM.attributes
                0x0000000000000823       0x2c /mnt/c/Users/Stephen/Documents/Repositories/acconeer/compilers/gcc-arm-none-eabi-7-2018-q2-update/bin/../lib/gcc/arm-none-eabi/7.3.1/../../../../arm-none-eabi/lib/thumb/v6-m/libm.a(lib_a-k_sin.o)
 .ARM.attributes
                0x000000000000084f       0x2c /mnt/c/Users/Stephen/Documents/Repositories/acconeer/compilers/gcc-arm-none-eabi-7-2018-q2-update/bin/../lib/gcc/arm-none-eabi/7.3.1/../../../../arm-none-eabi/lib/thumb/v6-m/libm.a(lib_a-s_fabs.o)
 .ARM.attributes
                0x000000000000087b       0x2c /mnt/c/Users/Stephen/Documents/Repositories/acconeer/compilers/gcc-arm-none-eabi-7-2018-q2-update/bin/../lib/gcc/arm-none-eabi/7.3.1/../../../../arm-none-eabi/lib/thumb/v6-m/libm.a(lib_a-s_floor.o)
 .ARM.attributes
                0x00000000000008a7       0x2c /mnt/c/Users/Stephen/Documents/Repositories/acconeer/compilers/gcc-arm-none-eabi-7-2018-q2-update/bin/../lib/gcc/arm-none-eabi/7.3.1/../../../../arm-none-eabi/lib/thumb/v6-m/libm.a(lib_a-s_lib_ver.o)
 .ARM.attributes
                0x00000000000008d3       0x2c /mnt/c/Users/Stephen/Documents/Repositories/acconeer/compilers/gcc-arm-none-eabi-7-2018-q2-update/bin/../lib/gcc/arm-none-eabi/7.3.1/../../../../arm-none-eabi/lib/thumb/v6-m/libm.a(lib_a-s_matherr.o)
 .ARM.attributes
                0x00000000000008ff       0x2c /mnt/c/Users/Stephen/Documents/Repositories/acconeer/compilers/gcc-arm-none-eabi-7-2018-q2-update/bin/../lib/gcc/arm-none-eabi/7.3.1/../../../../arm-none-eabi/lib/thumb/v6-m/libm.a(lib_a-s_nan.o)
 .ARM.attributes
                0x000000000000092b       0x2c /mnt/c/Users/Stephen/Documents/Repositories/acconeer/compilers/gcc-arm-none-eabi-7-2018-q2-update/bin/../lib/gcc/arm-none-eabi/7.3.1/../../../../arm-none-eabi/lib/thumb/v6-m/libm.a(lib_a-s_scalbn.o)
 .ARM.attributes
                0x0000000000000957       0x2c /mnt/c/Users/Stephen/Documents/Repositories/acconeer/compilers/gcc-arm-none-eabi-7-2018-q2-update/bin/../lib/gcc/arm-none-eabi/7.3.1/../../../../arm-none-eabi/lib/thumb/v6-m/libm.a(lib_a-sf_finite.o)
 .ARM.attributes
                0x0000000000000983       0x2c /mnt/c/Users/Stephen/Documents/Repositories/acconeer/compilers/gcc-arm-none-eabi-7-2018-q2-update/bin/../lib/gcc/arm-none-eabi/7.3.1/../../../../arm-none-eabi/lib/thumb/v6-m/libm.a(lib_a-ef_log.o)
 .ARM.attributes
                0x00000000000009af       0x2c /mnt/c/Users/Stephen/Documents/Repositories/acconeer/compilers/gcc-arm-none-eabi-7-2018-q2-update/bin/../lib/gcc/arm-none-eabi/7.3.1/../../../../arm-none-eabi/lib/thumb/v6-m/libm.a(lib_a-s_copysign.o)
 .ARM.attributes
                0x00000000000009db       0x32 out/lib/libwrapprintf.a(acc_wrap_printf.o)
 .ARM.attributes
                0x0000000000000a0d       0x32 out/lib/libwrapprintf.a(printf.o)
 .ARM.attributes
                0x0000000000000a3f       0x1e /mnt/c/Users/Stephen/Documents/Repositories/acconeer/compilers/gcc-arm-none-eabi-7-2018-q2-update/bin/../lib/gcc/arm-none-eabi/7.3.1/thumb/v6-m/libgcc.a(_thumb1_case_sqi.o)
 .ARM.attributes
                0x0000000000000a5d       0x1e /mnt/c/Users/Stephen/Documents/Repositories/acconeer/compilers/gcc-arm-none-eabi-7-2018-q2-update/bin/../lib/gcc/arm-none-eabi/7.3.1/thumb/v6-m/libgcc.a(_thumb1_case_uqi.o)
 .ARM.attributes
                0x0000000000000a7b       0x1e /mnt/c/Users/Stephen/Documents/Repositories/acconeer/compilers/gcc-arm-none-eabi-7-2018-q2-update/bin/../lib/gcc/arm-none-eabi/7.3.1/thumb/v6-m/libgcc.a(_thumb1_case_uhi.o)
 .ARM.attributes
                0x0000000000000a99       0x1e /mnt/c/Users/Stephen/Documents/Repositories/acconeer/compilers/gcc-arm-none-eabi-7-2018-q2-update/bin/../lib/gcc/arm-none-eabi/7.3.1/thumb/v6-m/libgcc.a(_udivsi3.o)
 .ARM.attributes