Archive member included to satisfy reference by file (symbol)

out/lib/libstm32cube_fw_g0.a(stm32g0xx_hal_gpio.o)
                              out/obj/main.o (symbol from plugin) (HAL_GPIO_Init)
out/lib/libstm32cube_fw_g0.a(stm32g0xx_hal_rcc.o)
                              out/obj/main.o (symbol from plugin) (HAL_RCC_OscConfig)
out/lib/libstm32cube_fw_g0.a(stm32g0xx_hal_rcc_ex.o)
                              out/obj/main.o (symbol from plugin) (HAL_RCCEx_PeriphCLKConfig)
out/lib/libstm32cube_fw_g0.a(stm32g0xx_hal_flash.o)
                              out/obj/main.o (symbol from plugin) (HAL_FLASH_Unlock)
out/lib/libstm32cube_fw_g0.a(stm32g0xx_hal_flash_ex.o)
                              out/obj/main.o (symbol from plugin) (HAL_FLASHEx_OBProgram)
out/lib/libstm32cube_fw_g0.a(stm32g0xx_hal_dma.o)
                              out/obj/stm32g0xx_hal_msp.o (symbol from plugin) (HAL_DMA_Init)
out/lib/libstm32cube_fw_g0.a(stm32g0xx_hal_pwr.o)
                              stm32g0xx_hal_rcc_ex.o (symbol from plugin) (HAL_PWR_EnableBkUpAccess)
out/lib/libstm32cube_fw_g0.a(stm32g0xx_hal_pwr_ex.o)
                              out/obj/main.o (symbol from plugin) (HAL_PWREx_ControlVoltageScaling)
out/lib/libstm32cube_fw_g0.a(stm32g0xx_hal_cortex.o)
                              out/obj/main.o (symbol from plugin) (HAL_NVIC_SetPriority)
out/lib/libstm32cube_fw_g0.a(stm32g0xx_hal.o)
                              stm32g0xx_hal_rcc.o (symbol from plugin) (uwTickPrio)
out/lib/libstm32cube_fw_g0.a(stm32g0xx_hal_i2c.o)
                              out/obj/main.o (symbol from plugin) (HAL_I2C_Init)
out/lib/libstm32cube_fw_g0.a(stm32g0xx_hal_i2c_ex.o)
                              out/obj/main.o (symbol from plugin) (HAL_I2CEx_ConfigAnalogFilter)
out/lib/libstm32cube_fw_g0.a(stm32g0xx_hal_rtc.o)
                              out/obj/acc_integration_stm32.o (symbol from plugin) (HAL_RTC_DeactivateAlarm)
out/lib/libstm32cube_fw_g0.a(stm32g0xx_hal_rtc_ex.o)
                              out/obj/main.o (symbol from plugin) (HAL_RTCEx_SetWakeUpTimer_IT)
out/lib/libstm32cube_fw_g0.a(stm32g0xx_hal_spi.o)
                              out/obj/main.o (symbol from plugin) (HAL_SPI_Init)
out/lib/libstm32cube_fw_g0.a(stm32g0xx_hal_uart.o)
                              out/obj/acc_integration_stm32.o (symbol from plugin) (HAL_UART_DeInit)
out/lib/libstm32cube_fw_g0.a(stm32g0xx_hal_uart_ex.o)
                              stm32g0xx_hal_uart.o (symbol from plugin) (HAL_UARTEx_WakeupCallback)
lib/libacconeer.a(acc_rss.o)  out/obj/reg_interface.o (symbol from plugin) (acc_rss_activate)
lib/libacconeer.a(acc_service.o)
                              out/obj/reg_interface.o (symbol from plugin) (acc_service_requested_start_set)
lib/libacconeer.a(acc_service_manager.o)
                              acc_rss.o (symbol from plugin) (acc_service_manager_activate)
lib/libacconeer.a(acc_service_sparse.o)
                              out/obj/reg_interface.o (symbol from plugin) (acc_service_sparse_configuration_create)
lib/libacconeer.a(acc_radar_engine_sparse.o)
                              acc_service_sparse.o (symbol from plugin) (acc_radar_engine_sparse_create)
lib/libacconeer.a(acc_radar_engine_common.o)
                              acc_radar_engine_sparse.o (symbol from plugin) (acc_radar_engine_common_get_timeout_ms)
lib/libacconeer.a(acc_sensor_comm_r2.o)
                              acc_radar_engine_sparse.o (symbol from plugin) (acc_sensor_r2_get_max_header_length)
lib/libacconeer.a(acc_sensor_manager.o)
                              acc_rss.o (symbol from plugin) (acc_sensor_manager_activate)
lib/libacconeer.a(acc_sensor_protocol_r2.o)
                              acc_radar_engine_sparse.o (symbol from plugin) (acc_sensor_protocol_r2_ack_event)
lib/libacconeer.a(acc_sweep_manager.o)
                              acc_sensor_manager.o (symbol from plugin) (acc_sweep_manager_prepare)
lib/libacconeer.a(acc_alg_cca.o)
                              acc_radar_engine_sparse.o (symbol from plugin) (acc_alg_cca_calculate)
lib/libacconeer.a(acc_assert.o)
                              acc_sensor_comm_r2.o (symbol from plugin) (acc_assert_fail)
lib/libacconeer.a(acc_base_configuration.o)
                              acc_service.o (symbol from plugin) (acc_base_configuration_sensor_get)
lib/libacconeer.a(acc_rss_integration.o)
                              acc_rss.o (symbol from plugin) (concrete_hal)
lib/libacconeer.a(acc_probes.o)
                              acc_radar_engine_sparse.o (symbol from plugin) (acc_probes_execute_uint16)
lib/libacconeer.a(acc_utils.o)
                              acc_sensor_comm_r2.o (symbol from plugin) (acc_utils_swap16_array)
lib/libacconeer.a(acc_pipeline_direct.o)
                              acc_service_sparse.o (symbol from plugin) (acc_pipeline_direct_assemble)
lib/libacconeer.a(acc_cpd_cbank_and_vana_calibration.o)
[...]
Memory Configuration

Name             Origin             Length             Attributes
RAM              0x0000000020000000 0x0000000000009000 xrw
FLASH            0x0000000008000000 0x0000000000020000 xr
*default*        0x0000000000000000 0xffffffffffffffff

Linker script and memory map

LOAD /mnt/c/Users/scat0009/drop/acconeer/compilers/gcc-arm-none-eabi-7-2018-q2-update/bin/../lib/gcc/arm-none-eabi/7.3.1/thumb/v6-m/crti.o
LOAD /mnt/c/Users/scat0009/drop/acconeer/compilers/gcc-arm-none-eabi-7-2018-q2-update/bin/../lib/gcc/arm-none-eabi/7.3.1/thumb/v6-m/crtbegin.o
LOAD /mnt/c/Users/scat0009/drop/acconeer/compilers/gcc-arm-none-eabi-7-2018-q2-update/bin/../lib/gcc/arm-none-eabi/7.3.1/../../../../arm-none-eabi/lib/thumb/v6-m/crt0.o
LOAD /tmp/ccRrMTkf.ltrans0.ltrans.o
LOAD out/obj/syscalls.o
LOAD out/obj/startup_stm32g071xx.o
LOAD out/obj/sysmem.o
LOAD out/lib/libwrapprintf.a
LOAD out/lib/libstm32cube_fw_g0.a
START GROUP
LOAD lib/libacc_detector_distance.a
LOAD lib/libacc_detector_presence.a
LOAD lib/libacc_rf_certification_test.a
LOAD lib/libacconeer.a
LOAD /mnt/c/Users/scat0009/drop/acconeer/compilers/gcc-arm-none-eabi-7-2018-q2-update/bin/../lib/gcc/arm-none-eabi/7.3.1/../../../../arm-none-eabi/lib/thumb/v6-m/libm.a
LOAD out/lib/libwrapprintf.a
LOAD out/lib/libstm32cube_fw_g0.a
END GROUP
START GROUP
LOAD /mnt/c/Users/scat0009/drop/acconeer/compilers/gcc-arm-none-eabi-7-2018-q2-update/bin/../lib/gcc/arm-none-eabi/7.3.1/thumb/v6-m/libgcc.a
LOAD /mnt/c/Users/scat0009/drop/acconeer/compilers/gcc-arm-none-eabi-7-2018-q2-update/bin/../lib/gcc/arm-none-eabi/7.3.1/../../../../arm-none-eabi/lib/thumb/v6-m/libc_nano.a
END GROUP
START GROUP
LOAD /mnt/c/Users/scat0009/drop/acconeer/compilers/gcc-arm-none-eabi-7-2018-q2-update/bin/../lib/gcc/arm-none-eabi/7.3.1/thumb/v6-m/libgcc.a
LOAD /mnt/c/Users/scat0009/drop/acconeer/compilers/gcc-arm-none-eabi-7-2018-q2-update/bin/../lib/gcc/arm-none-eabi/7.3.1/../../../../arm-none-eabi/lib/thumb/v6-m/libc_nano.a
LOAD /mnt/c/Users/scat0009/drop/acconeer/compilers/gcc-arm-none-eabi-7-2018-q2-update/bin/../lib/gcc/arm-none-eabi/7.3.1/../../../../arm-none-eabi/lib/thumb/v6-m/libnosys.a
END GROUP
START GROUP
LOAD /mnt/c/Users/scat0009/drop/acconeer/compilers/gcc-arm-none-eabi-7-2018-q2-update/bin/../lib/gcc/arm-none-eabi/7.3.1/thumb/v6-m/libgcc.a
LOAD /mnt/c/Users/scat0009/drop/acconeer/compilers/gcc-arm-none-eabi-7-2018-q2-update/bin/../lib/gcc/arm-none-eabi/7.3.1/../../../../arm-none-eabi/lib/thumb/v6-m/libc_nano.a
LOAD /mnt/c/Users/scat0009/drop/acconeer/compilers/gcc-arm-none-eabi-7-2018-q2-update/bin/../lib/gcc/arm-none-eabi/7.3.1/../../../../arm-none-eabi/lib/thumb/v6-m/libnosys.a
END GROUP
LOAD /mnt/c/Users/scat0009/drop/acconeer/compilers/gcc-arm-none-eabi-7-2018-q2-update/bin/../lib/gcc/arm-none-eabi/7.3.1/thumb/v6-m/crtend.o
LOAD /mnt/c/Users/scat0009/drop/acconeer/compilers/gcc-arm-none-eabi-7-2018-q2-update/bin/../lib/gcc/arm-none-eabi/7.3.1/thumb/v6-m/crtn.o
                0x0000000020009000                _estack = 0x20009000
                0x0000000000000200                _Min_Heap_Size = 0x200
                0x0000000000001400                _Min_Stack_Size = 0x1400

.isr_vector     0x0000000008000000       0xbc
                0x0000000008000000                . = ALIGN (0x4)
 *(.isr_vector)
 .isr_vector    0x0000000008000000       0xbc out/obj/startup_stm32g071xx.o
                0x0000000008000000                g_pfnVectors
                0x00000000080000bc                . = ALIGN (0x4)

.text           0x00000000080000bc     0xda5c
                0x00000000080000bc                . = ALIGN (0x4)
 *(.text)
 .text          0x00000000080000bc       0x48 /mnt/c/Users/scat0009/drop/acconeer/compilers/gcc-arm-none-eabi-7-2018-q2-update/bin/../lib/gcc/arm-none-eabi/7.3.1/thumb/v6-m/crtbegin.o
 .text          0x0000000008000104     0x738c /tmp/ccRrMTkf.ltrans0.ltrans.o
                0x00000000080070d4                HAL_UART_Transmit
                0x00000000080071a8                SystemInit
                0x00000000080071b8                USART1_IRQHandler
                0x000000000800735c                I2C1_IRQHandler
                0x00000000080073e0                DMA1_Channel2_3_IRQHandler
                0x00000000080073f0                DMA1_Channel1_IRQHandler
                0x0000000008007400                EXTI4_15_IRQHandler
                0x000000000800740a                EXTI2_3_IRQHandler
                0x0000000008007414                RTC_TAMP_IRQHandler
                0x0000000008007478                SysTick_Handler
                0x0000000008007488                PendSV_Handler
                0x000000000800748a                NMI_Handler
                0x000000000800748c                SVC_Handler
                0x000000000800748e                HardFault_Handler
 .text          0x0000000008007490       0x14 /mnt/c/Users/scat0009/drop/acconeer/compilers/gcc-arm-none-eabi-7-2018-q2-update/bin/../lib/gcc/arm-none-eabi/7.3.1/thumb/v6-m/libgcc.a(_thumb1_case_sqi.o)
                0x0000000008007490                __gnu_thumb1_case_sqi
 .text          0x00000000080074a4       0x14 /mnt/c/Users/scat0009/drop/acconeer/compilers/gcc-arm-none-eabi-7-2018-q2-update/bin/../lib/gcc/arm-none-eabi/7.3.1/thumb/v6-m/libgcc.a(_thumb1_case_uqi.o)
                0x00000000080074a4                __gnu_thumb1_case_uqi
 .text          0x00000000080074b8       0x14 /mnt/c/Users/scat0009/drop/acconeer/compilers/gcc-arm-none-eabi-7-2018-q2-update/bin/../lib/gcc/arm-none-eabi/7.3.1/thumb/v6-m/libgcc.a(_thumb1_case_uhi.o)
                0x00000000080074b8                __gnu_thumb1_case_uhi
 .text          0x00000000080074cc      0x114 /mnt/c/Users/scat0009/drop/acconeer/compilers/gcc-arm-none-eabi-7-2018-q2-update/bin/../lib/gcc/arm-none-eabi/7.3.1/thumb/v6-m/libgcc.a(_udivsi3.o)
                0x00000000080074cc                __udivsi3
                0x00000000080074cc                __aeabi_uidiv
                0x00000000080075d8                __aeabi_uidivmod
 .text          0x00000000080075e0      0x1d4 /mnt/c/Users/scat0009/drop/acconeer/compilers/gcc-arm-none-eabi-7-2018-q2-update/bin/../lib/gcc/arm-none-eabi/7.3.1/thumb/v6-m/libgcc.a(_divsi3.o)
                0x00000000080075e0                __aeabi_idiv
                0x00000000080075e0                __divsi3
                0x00000000080077ac                __aeabi_idivmod
 .text          0x00000000080077b4        0x4 /mnt/c/Users/scat0009/drop/acconeer/compilers/gcc-arm-none-eabi-7-2018-q2-update/bin/../lib/gcc/arm-none-eabi/7.3.1/thumb/v6-m/libgcc.a(_dvmd_tls.o)
                0x00000000080077b4                __aeabi_ldiv0
                0x00000000080077b4                __aeabi_idiv0
 .text          0x00000000080077b8       0x7c /mnt/c/Users/scat0009/drop/acconeer/compilers/gcc-arm-none-eabi-7-2018-q2-update/bin/../lib/gcc/arm-none-eabi/7.3.1/thumb/v6-m/libgcc.a(_arm_cmpdf2.o)
                0x00000000080077b8                __aeabi_cdrcmple
                0x00000000080077c8                __aeabi_cdcmple
                0x00000000080077c8                __aeabi_cdcmpeq
                0x00000000080077d8                __aeabi_dcmpeq
                0x00000000080077e4                __aeabi_dcmplt
                0x00000000080077f8                __aeabi_dcmple
                0x000000000800780c                __aeabi_dcmpgt
                0x0000000008007820                __aeabi_dcmpge
 .text          0x0000000008007834       0x74 /mnt/c/Users/scat0009/drop/acconeer/compilers/gcc-arm-none-eabi-7-2018-q2-update/bin/../lib/gcc/arm-none-eabi/7.3.1/thumb/v6-m/libgcc.a(_arm_cmpsf2.o)
                0x0000000008007834                __aeabi_cfrcmple
                0x000000000800783c                __aeabi_cfcmple
                0x000000000800783c                __aeabi_cfcmpeq
                0x000000000800784c                __aeabi_fcmpeq
                0x0000000008007858                __aeabi_fcmplt
                0x000000000800786c                __aeabi_fcmple
                0x0000000008007880                __aeabi_fcmpgt
                0x0000000008007894                __aeabi_fcmpge
 .text          0x00000000080078a8       0x40 /mnt/c/Users/scat0009/drop/acconeer/compilers/gcc-arm-none-eabi-7-2018-q2-update/bin/../lib/gcc/arm-none-eabi/7.3.1/thumb/v6-m/libgcc.a(_aeabi_uldivmod.o)
                0x00000000080078a8                __aeabi_uldivmod
 .text          0x00000000080078e8       0x30 /mnt/c/Users/scat0009/drop/acconeer/compilers/gcc-arm-none-eabi-7-2018-q2-update/bin/../lib/gcc/arm-none-eabi/7.3.1/thumb/v6-m/libgcc.a(_fixunssfsi.o)
                0x00000000080078e8                __aeabi_f2uiz
                0x00000000080078e8                __fixunssfsi
 .text          0x0000000008007918      0x184 /mnt/c/Users/scat0009/drop/acconeer/compilers/gcc-arm-none-eabi-7-2018-q2-update/bin/../lib/gcc/arm-none-eabi/7.3.1/thumb/v6-m/libgcc.a(_udivmoddi4.o)
                0x0000000008007918                __udivmoddi4
 .text          0x0000000008007a9c      0x334 /mnt/c/Users/scat0009/drop/acconeer/compilers/gcc-arm-none-eabi-7-2018-q2-update/bin/../lib/gcc/arm-none-eabi/7.3.1/thumb/v6-m/libgcc.a(addsf3.o)
                0x0000000008007a9c                __aeabi_fadd
 .text          0x0000000008007dd0      0x224 /mnt/c/Users/scat0009/drop/acconeer/compilers/gcc-arm-none-eabi-7-2018-q2-update/bin/../lib/gcc/arm-none-eabi/7.3.1/thumb/v6-m/libgcc.a(divsf3.o)
                0x0000000008007dd0                __aeabi_fdiv
 .text          0x0000000008007ff4       0x50 /mnt/c/Users/scat0009/drop/acconeer/compilers/gcc-arm-none-eabi-7-2018-q2-update/bin/../lib/gcc/arm-none-eabi/7.3.1/thumb/v6-m/libgcc.a(eqsf2.o)
                0x0000000008007ff4                __nesf2
                0x0000000008007ff4                __eqsf2
 .text          0x0000000008008044       0x9c /mnt/c/Users/scat0009/drop/acconeer/compilers/gcc-arm-none-eabi-7-2018-q2-update/bin/../lib/gcc/arm-none-eabi/7.3.1/thumb/v6-m/libgcc.a(gesf2.o)
                0x0000000008008044                __gtsf2
                0x0000000008008044                __gesf2
 .text          0x00000000080080e0       0xa0 /mnt/c/Users/scat0009/drop/acconeer/compilers/gcc-arm-none-eabi-7-2018-q2-update/bin/../lib/gcc/arm-none-eabi/7.3.1/thumb/v6-m/libgcc.a(lesf2.o)
                0x00000000080080e0                __lesf2
                0x00000000080080e0                __ltsf2
 .text          0x0000000008008180      0x264 /mnt/c/Users/scat0009/drop/acconeer/compilers/gcc-arm-none-eabi-7-2018-q2-update/bin/../lib/gcc/arm-none-eabi/7.3.1/thumb/v6-m/libgcc.a(mulsf3.o)
                0x0000000008008180                __aeabi_fmul
 .text          0x00000000080083e4      0x388 /mnt/c/Users/scat0009/drop/acconeer/compilers/gcc-arm-none-eabi-7-2018-q2-update/bin/../lib/gcc/arm-none-eabi/7.3.1/thumb/v6-m/libgcc.a(subsf3.o)
                0x00000000080083e4                __aeabi_fsub
 .text          0x000000000800876c       0x2c /mnt/c/Users/scat0009/drop/acconeer/compilers/gcc-arm-none-eabi-7-2018-q2-update/bin/../lib/gcc/arm-none-eabi/7.3.1/thumb/v6-m/libgcc.a(unordsf2.o)
                0x000000000800876c                __aeabi_fcmpun
 .text          0x0000000008008798       0x40 /mnt/c/Users/scat0009/drop/acconeer/compilers/gcc-arm-none-eabi-7-2018-q2-update/bin/../lib/gcc/arm-none-eabi/7.3.1/thumb/v6-m/libgcc.a(fixsfsi.o)
                0x0000000008008798                __aeabi_f2iz
 .text          0x00000000080087d8       0x94 /mnt/c/Users/scat0009/drop/acconeer/compilers/gcc-arm-none-eabi-7-2018-q2-update/bin/../lib/gcc/arm-none-eabi/7.3.1/thumb/v6-m/libgcc.a(floatsisf.o)
                0x00000000080087d8                __aeabi_i2f
 .text          0x000000000800886c       0x80 /mnt/c/Users/scat0009/drop/acconeer/compilers/gcc-arm-none-eabi-7-2018-q2-update/bin/../lib/gcc/arm-none-eabi/7.3.1/thumb/v6-m/libgcc.a(floatunsisf.o)
                0x000000000800886c                __aeabi_ui2f
 .text          0x00000000080088ec      0x638 /mnt/c/Users/scat0009/drop/acconeer/compilers/gcc-arm-none-eabi-7-2018-q2-update/bin/../lib/gcc/arm-none-eabi/7.3.1/thumb/v6-m/libgcc.a(adddf3.o)
                0x00000000080088ec                __aeabi_dadd
 .text          0x0000000008008f24      0x604 /mnt/c/Users/scat0009/drop/acconeer/compilers/gcc-arm-none-eabi-7-2018-q2-update/bin/../lib/gcc/arm-none-eabi/7.3.1/thumb/v6-m/libgcc.a(divdf3.o)
                0x0000000008008f24                __aeabi_ddiv
 .text          0x0000000008009528       0x78 /mnt/c/Users/scat0009/drop/acconeer/compilers/gcc-arm-none-eabi-7-2018-q2-update/bin/../lib/gcc/arm-none-eabi/7.3.1/thumb/v6-m/libgcc.a(eqdf2.o)
                0x0000000008009528                __eqdf2
                0x0000000008009528                __nedf2
 .text          0x00000000080095a0       0xc8 /mnt/c/Users/scat0009/drop/acconeer/compilers/gcc-arm-none-eabi-7-2018-q2-update/bin/../lib/gcc/arm-none-eabi/7.3.1/thumb/v6-m/libgcc.a(gedf2.o)
                0x00000000080095a0                __gtdf2
                0x00000000080095a0                __gedf2
 .text          0x0000000008009668       0xd0 /mnt/c/Users/scat0009/drop/acconeer/compilers/gcc-arm-none-eabi-7-2018-q2-update/bin/../lib/gcc/arm-none-eabi/7.3.1/thumb/v6-m/libgcc.a(ledf2.o)
                0x0000000008009668                __ltdf2
                0x0000000008009668                __ledf2
 .text          0x0000000008009738      0x4e4 /mnt/c/Users/scat0009/drop/acconeer/compilers/gcc-arm-none-eabi-7-2018-q2-update/bin/../lib/gcc/arm-none-eabi/7.3.1/thumb/v6-m/libgcc.a(muldf3.o)
                0x0000000008009738                __aeabi_dmul
 .text          0x0000000008009c1c      0x690 /mnt/c/Users/scat0009/drop/acconeer/compilers/gcc-arm-none-eabi-7-2018-q2-update/bin/../lib/gcc/arm-none-eabi/7.3.1/thumb/v6-m/libgcc.a(subdf3.o)
                0x0000000008009c1c                __aeabi_dsub
 .text          0x000000000800a2ac       0x38 /mnt/c/Users/scat0009/drop/acconeer/compilers/gcc-arm-none-eabi-7-2018-q2-update/bin/../lib/gcc/arm-none-eabi/7.3.1/thumb/v6-m/libgcc.a(unorddf2.o)
                0x000000000800a2ac                __aeabi_dcmpun
 .text          0x000000000800a2e4       0x6c /mnt/c/Users/scat0009/drop/acconeer/compilers/gcc-arm-none-eabi-7-2018-q2-update/bin/../lib/gcc/arm-none-eabi/7.3.1/thumb/v6-m/libgcc.a(fixdfsi.o)
                0x000000000800a2e4                __aeabi_d2iz
 .text          0x000000000800a350       0x74 /mnt/c/Users/scat0009/drop/acconeer/compilers/gcc-arm-none-eabi-7-2018-q2-update/bin/../lib/gcc/arm-none-eabi/7.3.1/thumb/v6-m/libgcc.a(floatsidf.o)
                0x000000000800a350                __aeabi_i2d
 .text          0x000000000800a3c4       0x64 /mnt/c/Users/scat0009/drop/acconeer/compilers/gcc-arm-none-eabi-7-2018-q2-update/bin/../lib/gcc/arm-none-eabi/7.3.1/thumb/v6-m/libgcc.a(floatunsidf.o)
                0x000000000800a3c4                __aeabi_ui2d
 .text          0x000000000800a428       0xa4 /mnt/c/Users/scat0009/drop/acconeer/compilers/gcc-arm-none-eabi-7-2018-q2-update/bin/../lib/gcc/arm-none-eabi/7.3.1/thumb/v6-m/libgcc.a(extendsfdf2.o)
                0x000000000800a428                __aeabi_f2d
 .text          0x000000000800a4cc      0x108 /mnt/c/Users/scat0009/drop/acconeer/compilers/gcc-arm-none-eabi-7-2018-q2-update/bin/../lib/gcc/arm-none-eabi/7.3.1/thumb/v6-m/libgcc.a(truncdfsf2.o)
                0x000000000800a4cc                __aeabi_d2f
 .text          0x000000000800a5d4       0x3c /mnt/c/Users/scat0009/drop/acconeer/compilers/gcc-arm-none-eabi-7-2018-q2-update/bin/../lib/gcc/arm-none-eabi/7.3.1/thumb/v6-m/libgcc.a(_clzsi2.o)
                0x000000000800a5d4                __clzsi2
 .text          0x000000000800a610       0x18 /mnt/c/Users/scat0009/drop/acconeer/compilers/gcc-arm-none-eabi-7-2018-q2-update/bin/../lib/gcc/arm-none-eabi/7.3.1/thumb/v6-m/libgcc.a(_clzdi2.o)
                0x000000000800a610                __clzdi2
 .text          0x000000000800a628        0xe /mnt/c/Users/scat0009/drop/acconeer/compilers/gcc-arm-none-eabi-7-2018-q2-update/bin/../lib/gcc/arm-none-eabi/7.3.1/../../../../arm-none-eabi/lib/thumb/v6-m/libc_nano.a(lib_a-strlen.o)
                0x000000000800a628                strlen
 *(.text*)
 *fill*         0x000000000800a636        0x2 
 .text.unlikely
                0x000000000800a638       0x38 /tmp/ccRrMTkf.ltrans0.ltrans.o
 .text.startup  0x000000000800a670      0xf60 /tmp/ccRrMTkf.ltrans0.ltrans.o
                0x000000000800a670                main
 .text._write   0x000000000800b5d0       0x1c out/obj/syscalls.o
                0x000000000800b5d0                _write
 .text.Reset_Handler
                0x000000000800b5ec       0x50 out/obj/startup_stm32g071xx.o
                0x000000000800b5ec                Reset_Handler
 .text.Default_Handler
                0x000000000800b63c        0x2 out/obj/startup_stm32g071xx.o
                0x000000000800b63c                USART3_4_LPUART1_IRQHandler
                0x000000000800b63c                TIM1_CC_IRQHandler
                0x000000000800b63c                ADC1_COMP_IRQHandler
                0x000000000800b63c                PVD_IRQHandler
                0x000000000800b63c                TIM7_LPTIM2_IRQHandler
                0x000000000800b63c                SPI1_IRQHandler
                0x000000000800b63c                I2C2_IRQHandler
                0x000000000800b63c                TIM17_IRQHandler
                0x000000000800b63c                TIM16_IRQHandler
                0x000000000800b63c                TIM3_IRQHandler
                0x000000000800b63c                RCC_IRQHandler
                0x000000000800b63c                Default_Handler
                0x000000000800b63c                CEC_IRQHandler
                0x000000000800b63c                TIM14_IRQHandler
                0x000000000800b63c                TIM15_IRQHandler
                0x000000000800b63c                EXTI0_1_IRQHandler
                0x000000000800b63c                SPI2_IRQHandler
                0x000000000800b63c                TIM6_DAC_LPTIM1_IRQHandler
                0x000000000800b63c                WWDG_IRQHandler
                0x000000000800b63c                TIM2_IRQHandler
                0x000000000800b63c                DMA1_Ch4_7_DMAMUX1_OVR_IRQHandler
                0x000000000800b63c                UCPD1_2_IRQHandler
                0x000000000800b63c                USART2_IRQHandler
                0x000000000800b63c                FLASH_IRQHandler
                0x000000000800b63c                TIM1_BRK_UP_TRG_COM_IRQHandler
 *fill*         0x000000000800b63e        0x2 
 .text._sbrk    0x000000000800b640       0x40 out/obj/sysmem.o
                0x000000000800b640                _sbrk
 .text.__errno  0x000000000800b680        0xc /mnt/c/Users/scat0009/drop/acconeer/compilers/gcc-arm-none-eabi-7-2018-q2-update/bin/../lib/gcc/arm-none-eabi/7.3.1/../../../../arm-none-eabi/lib/thumb/v6-m/libc_nano.a(lib_a-errno.o)
                0x000000000800b680                __errno
 .text.__libc_init_array
                0x000000000800b68c       0x48 /mnt/c/Users/scat0009/drop/acconeer/compilers/gcc-arm-none-eabi-7-2018-q2-update/bin/../lib/gcc/arm-none-eabi/7.3.1/../../../../arm-none-eabi/lib/thumb/v6-m/libc_nano.a(lib_a-init.o)
                0x000000000800b68c                __libc_init_array
 .text.memset   0x000000000800b6d4       0x10 /mnt/c/Users/scat0009/drop/acconeer/compilers/gcc-arm-none-eabi-7-2018-q2-update/bin/../lib/gcc/arm-none-eabi/7.3.1/../../../../arm-none-eabi/lib/thumb/v6-m/libc_nano.a(lib_a-memset.o)
                0x000000000800b6d4                memset
 .text.out_func
                0x000000000800b6e4       0x20 out/lib/libwrapprintf.a(acc_wrap_printf.o)
 .text.__wrap_puts
                0x000000000800b704       0x24 out/lib/libwrapprintf.a(acc_wrap_printf.o)
                0x000000000800b704                __wrap_puts
 .text.__wrap_printf
                0x000000000800b728       0x44 out/lib/libwrapprintf.a(acc_wrap_printf.o)
                0x000000000800b728                __wrap_printf
 .text.__wrap_vsnprintf
                0x000000000800b76c        0x8 out/lib/libwrapprintf.a(acc_wrap_printf.o)
                0x000000000800b76c                __wrap_vsnprintf
 .text._out_buffer
                0x000000000800b774        0x8 out/lib/libwrapprintf.a(printf.o)
 .text._out_null
                0x000000000800b77c        0x2 out/lib/libwrapprintf.a(printf.o)
 .text._out_fct
                0x000000000800b77e        0xe out/lib/libwrapprintf.a(printf.o)
 .text._ntoa_format
                0x000000000800b78c      0x14a out/lib/libwrapprintf.a(printf.o)
 .text._ntoa_long
                0x000000000800b8d6       0x90 out/lib/libwrapprintf.a(printf.o)
 .text._ntoa_long_long
                0x000000000800b966       0xa4 out/lib/libwrapprintf.a(printf.o)
 *fill*         0x000000000800ba0a        0x2 
 .text._vsnprintf
                0x000000000800ba0c      0x45c out/lib/libwrapprintf.a(printf.o)
 .text.vsnprintf_
                0x000000000800be68       0x18 out/lib/libwrapprintf.a(printf.o)
                0x000000000800be68                vsnprintf_
 .text.fctvprintf
                0x000000000800be80       0x20 out/lib/libwrapprintf.a(printf.o)
                0x000000000800be80                fctvprintf
 .text.cos      0x000000000800bea0       0x8c /mnt/c/Users/scat0009/drop/acconeer/compilers/gcc-arm-none-eabi-7-2018-q2-update/bin/../lib/gcc/arm-none-eabi/7.3.1/../../../../arm-none-eabi/lib/thumb/v6-m/libm.a(lib_a-s_cos.o)
                0x000000000800bea0                cos
 .text.fmaxf    0x000000000800bf2c       0x2c /mnt/c/Users/scat0009/drop/acconeer/compilers/gcc-arm-none-eabi-7-2018-q2-update/bin/../lib/gcc/arm-none-eabi/7.3.1/../../../../arm-none-eabi/lib/thumb/v6-m/libm.a(lib_a-sf_fmax.o)
                0x000000000800bf2c                fmaxf
 .text.__fpclassifyf
                0x000000000800bf58       0x40 /mnt/c/Users/scat0009/drop/acconeer/compilers/gcc-arm-none-eabi-7-2018-q2-update/bin/../lib/gcc/arm-none-eabi/7.3.1/../../../../arm-none-eabi/lib/thumb/v6-m/libm.a(lib_a-sf_fpclassify.o)
                0x000000000800bf58                __fpclassifyf
 .text.roundf   0x000000000800bf98       0x44 /mnt/c/Users/scat0009/drop/acconeer/compilers/gcc-arm-none-eabi-7-2018-q2-update/bin/../lib/gcc/arm-none-eabi/7.3.1/../../../../arm-none-eabi/lib/thumb/v6-m/libm.a(lib_a-sf_round.o)
                0x000000000800bf98                roundf
 .text.sqrt     0x000000000800bfdc       0xc0 /mnt/c/Users/scat0009/drop/acconeer/compilers/gcc-arm-none-eabi-7-2018-q2-update/bin/../lib/gcc/arm-none-eabi/7.3.1/../../../../arm-none-eabi/lib/thumb/v6-m/libm.a(lib_a-w_sqrt.o)
                0x000000000800bfdc                sqrt
 .text.log10f   0x000000000800c09c       0xf8 /mnt/c/Users/scat0009/drop/acconeer/compilers/gcc-arm-none-eabi-7-2018-q2-update/bin/../lib/gcc/arm-none-eabi/7.3.1/../../../../arm-none-eabi/lib/thumb/v6-m/libm.a(lib_a-wf_log10.o)
                0x000000000800c09c                log10f
 .text.__ieee754_rem_pio2
                0x000000000800c194      0x420 /mnt/c/Users/scat0009/drop/acconeer/compilers/gcc-arm-none-eabi-7-2018-q2-update/bin/../lib/gcc/arm-none-eabi/7.3.1/../../../../arm-none-eabi/lib/thumb/v6-m/libm.a(lib_a-e_rem_pio2.o)
                0x000000000800c194                __ieee754_rem_pio2
 .text.__ieee754_sqrt
                0x000000000800c5b4      0x1b0 /mnt/c/Users/scat0009/drop/acconeer/compilers/gcc-arm-none-eabi-7-2018-q2-update/bin/../lib/gcc/arm-none-eabi/7.3.1/../../../../arm-none-eabi/lib/thumb/v6-m/libm.a(lib_a-e_sqrt.o)
                0x000000000800c5b4                __ieee754_sqrt
 .text.__ieee754_log10f
                0x000000000800c764       0xb0 /mnt/c/Users/scat0009/drop/acconeer/compilers/gcc-arm-none-eabi-7-2018-q2-update/bin/../lib/gcc/arm-none-eabi/7.3.1/../../../../arm-none-eabi/lib/thumb/v6-m/libm.a(lib_a-ef_log10.o)
                0x000000000800c764                __ieee754_log10f
 .text.__kernel_cos
                0x000000000800c814      0x234 /mnt/c/Users/scat0009/drop/acconeer/compilers/gcc-arm-none-eabi-7-2018-q2-update/bin/../lib/gcc/arm-none-eabi/7.3.1/../../../../arm-none-eabi/lib/thumb/v6-m/libm.a(lib_a-k_cos.o)
                0x000000000800c814                __kernel_cos
 .text.__kernel_rem_pio2
                0x000000000800ca48      0x8c0 /mnt/c/Users/scat0009/drop/acconeer/compilers/gcc-arm-none-eabi-7-2018-q2-update/bin/../lib/gcc/arm-none-eabi/7.3.1/../../../../arm-none-eabi/lib/thumb/v6-m/libm.a(lib_a-k_rem_pio2.o)
                0x000000000800ca48                __kernel_rem_pio2
 .text.__kernel_sin
                0x000000000800d308      0x164 /mnt/c/Users/scat0009/drop/acconeer/compilers/gcc-arm-none-eabi-7-2018-q2-update/bin/../lib/gcc/arm-none-eabi/7.3.1/../../../../arm-none-eabi/lib/thumb/v6-m/libm.a(lib_a-k_sin.o)
                0x000000000800d308                __kernel_sin
 .text.fabs     0x000000000800d46c        0x8 /mnt/c/Users/scat0009/drop/acconeer/compilers/gcc-arm-none-eabi-7-2018-q2-update/bin/../lib/gcc/arm-none-eabi/7.3.1/../../../../arm-none-eabi/lib/thumb/v6-m/libm.a(lib_a-s_fabs.o)
                0x000000000800d46c                fabs
 .text.floor    0x000000000800d474      0x138 /mnt/c/Users/scat0009/drop/acconeer/compilers/gcc-arm-none-eabi-7-2018-q2-update/bin/../lib/gcc/arm-none-eabi/7.3.1/../../../../arm-none-eabi/lib/thumb/v6-m/libm.a(lib_a-s_floor.o)
                0x000000000800d474                floor
 .text.matherr  0x000000000800d5ac        0x4 /mnt/c/Users/scat0009/drop/acconeer/compilers/gcc-arm-none-eabi-7-2018-q2-update/bin/../lib/gcc/arm-none-eabi/7.3.1/../../../../arm-none-eabi/lib/thumb/v6-m/libm.a(lib_a-s_matherr.o)
                0x000000000800d5ac                matherr
 .text.nan      0x000000000800d5b0        0xc /mnt/c/Users/scat0009/drop/acconeer/compilers/gcc-arm-none-eabi-7-2018-q2-update/bin/../lib/gcc/arm-none-eabi/7.3.1/../../../../arm-none-eabi/lib/thumb/v6-m/libm.a(lib_a-s_nan.o)
                0x000000000800d5b0                nan
 .text.scalbn   0x000000000800d5bc       0xd0 /mnt/c/Users/scat0009/drop/acconeer/compilers/gcc-arm-none-eabi-7-2018-q2-update/bin/../lib/gcc/arm-none-eabi/7.3.1/../../../../arm-none-eabi/lib/thumb/v6-m/libm.a(lib_a-s_scalbn.o)
                0x000000000800d5bc                scalbn
 .text.__ieee754_logf
                0x000000000800d68c      0x28c /mnt/c/Users/scat0009/drop/acconeer/compilers/gcc-arm-none-eabi-7-2018-q2-update/bin/../lib/gcc/arm-none-eabi/7.3.1/../../../../arm-none-eabi/lib/thumb/v6-m/libm.a(lib_a-ef_log.o)
                0x000000000800d68c                __ieee754_logf
 .text.copysign
                0x000000000800d918       0x10 /mnt/c/Users/scat0009/drop/acconeer/compilers/gcc-arm-none-eabi-7-2018-q2-update/bin/../lib/gcc/arm-none-eabi/7.3.1/../../../../arm-none-eabi/lib/thumb/v6-m/libm.a(lib_a-s_copysign.o)
                0x000000000800d918                copysign
 .text.malloc   0x000000000800d928       0x14 /mnt/c/Users/scat0009/drop/acconeer/compilers/gcc-arm-none-eabi-7-2018-q2-update/bin/../lib/gcc/arm-none-eabi/7.3.1/../../../../arm-none-eabi/lib/thumb/v6-m/libc_nano.a(lib_a-malloc.o)
                0x000000000800d928                malloc
 .text.free     0x000000000800d93c       0x14 /mnt/c/Users/scat0009/drop/acconeer/compilers/gcc-arm-none-eabi-7-2018-q2-update/bin/../lib/gcc/arm-none-eabi/7.3.1/../../../../arm-none-eabi/lib/thumb/v6-m/libc_nano.a(lib_a-malloc.o)
                0x000000000800d93c                free
 .text.memcpy   0x000000000800d950       0x12 /mnt/c/Users/scat0009/drop/acconeer/compilers/gcc-arm-none-eabi-7-2018-q2-update/bin/../lib/gcc/arm-none-eabi/7.3.1/../../../../arm-none-eabi/lib/thumb/v6-m/libc_nano.a(lib_a-memcpy-stub.o)
                0x000000000800d950                memcpy
 .text.memmove  0x000000000800d962       0x26 /mnt/c/Users/scat0009/drop/acconeer/compilers/gcc-arm-none-eabi-7-2018-q2-update/bin/../lib/gcc/arm-none-eabi/7.3.1/../../../../arm-none-eabi/lib/thumb/v6-m/libc_nano.a(lib_a-memmove.o)
                0x000000000800d962                memmove
 .text._free_r  0x000000000800d988       0x94 /mnt/c/Users/scat0009/drop/acconeer/compilers/gcc-arm-none-eabi-7-2018-q2-update/bin/../lib/gcc/arm-none-eabi/7.3.1/../../../../arm-none-eabi/lib/thumb/v6-m/libc_nano.a(lib_a-nano-freer.o)
                0x000000000800d988                _free_r
 .text._malloc_r
                0x000000000800da1c       0xbc /mnt/c/Users/scat0009/drop/acconeer/compilers/gcc-arm-none-eabi-7-2018-q2-update/bin/../lib/gcc/arm-none-eabi/7.3.1/../../../../arm-none-eabi/lib/thumb/v6-m/libc_nano.a(lib_a-nano-mallocr.o)
                0x000000000800da1c                _malloc_r
 .text._sbrk_r  0x000000000800dad8       0x24 /mnt/c/Users/scat0009/drop/acconeer/compilers/gcc-arm-none-eabi-7-2018-q2-update/bin/../lib/gcc/arm-none-eabi/7.3.1/../../../../arm-none-eabi/lib/thumb/v6-m/libc_nano.a(lib_a-sbrkr.o)
                0x000000000800dad8                _sbrk_r
 .text.__malloc_lock
                0x000000000800dafc        0x2 /mnt/c/Users/scat0009/drop/acconeer/compilers/gcc-arm-none-eabi-7-2018-q2-update/bin/../lib/gcc/arm-none-eabi/7.3.1/../../../../arm-none-eabi/lib/thumb/v6-m/libc_nano.a(lib_a-mlock.o)
                0x000000000800dafc                __malloc_lock
 .text.__malloc_unlock
                0x000000000800dafe        0x2 /mnt/c/Users/scat0009/drop/acconeer/compilers/gcc-arm-none-eabi-7-2018-q2-update/bin/../lib/gcc/arm-none-eabi/7.3.1/../../../../arm-none-eabi/lib/thumb/v6-m/libc_nano.a(lib_a-mlock.o)
                0x000000000800dafe                __malloc_unlock
 *(.glue_7)
 .glue_7        0x000000000800db00        0x0 linker stubs
 *(.glue_7t)
 .glue_7t       0x000000000800db00        0x0 linker stubs
 *(.eh_frame)
 .eh_frame      0x000000000800db00        0x0 /mnt/c/Users/scat0009/drop/acconeer/compilers/gcc-arm-none-eabi-7-2018-q2-update/bin/../lib/gcc/arm-none-eabi/7.3.1/thumb/v6-m/crtbegin.o
 *(.init)
 .init          0x000000000800db00        0x4 /mnt/c/Users/scat0009/drop/acconeer/compilers/gcc-arm-none-eabi-7-2018-q2-update/bin/../lib/gcc/arm-none-eabi/7.3.1/thumb/v6-m/crti.o
                0x000000000800db00                _init
 .init          0x000000000800db04        0x8 /mnt/c/Users/scat0009/drop/acconeer/compilers/gcc-arm-none-eabi-7-2018-q2-update/bin/../lib/gcc/arm-none-eabi/7.3.1/thumb/v6-m/crtn.o
 *(.fini)
 .fini          0x000000000800db0c        0x4 /mnt/c/Users/scat0009/drop/acconeer/compilers/gcc-arm-none-eabi-7-2018-q2-update/bin/../lib/gcc/arm-none-eabi/7.3.1/thumb/v6-m/crti.o
                0x000000000800db0c                _fini
 .fini          0x000000000800db10        0x8 /mnt/c/Users/scat0009/drop/acconeer/compilers/gcc-arm-none-eabi-7-2018-q2-update/bin/../lib/gcc/arm-none-eabi/7.3.1/thumb/v6-m/crtn.o
                0x000000000800db18                . = ALIGN (0x4)
                0x000000000800db18                _etext = .

.vfp11_veneer   0x000000000800db18        0x0
 .vfp11_veneer  0x000000000800db18        0x0 linker stubs

.v4_bx          0x000000000800db18        0x0
 .v4_bx         0x000000000800db18        0x0 linker stubs

.iplt           0x000000000800db18        0x0
 .iplt          0x000000000800db18        0x0 /mnt/c/Users/scat0009/drop/acconeer/compilers/gcc-arm-none-eabi-7-2018-q2-update/bin/../lib/gcc/arm-none-eabi/7.3.1/thumb/v6-m/crtbegin.o

.rodata         0x000000000800db18     0x4938
                0x000000000800db18                . = ALIGN (0x4)
 *(.rodata)
 .rodata        0x000000000800db18     0x2ed0 /tmp/ccRrMTkf.ltrans0.ltrans.o
 .rodata        0x00000000080109e8       0x80 /mnt/c/Users/scat0009/drop/acconeer/compilers/gcc-arm-none-eabi-7-2018-q2-update/bin/../lib/gcc/arm-none-eabi/7.3.1/thumb/v6-m/libgcc.a(divsf3.o)
 .rodata        0x0000000008010a68       0x40 /mnt/c/Users/scat0009/drop/acconeer/compilers/gcc-arm-none-eabi-7-2018-q2-update/bin/../lib/gcc/arm-none-eabi/7.3.1/thumb/v6-m/libgcc.a(mulsf3.o)
 .rodata        0x0000000008010aa8       0x40 /mnt/c/Users/scat0009/drop/acconeer/compilers/gcc-arm-none-eabi-7-2018-q2-update/bin/../lib/gcc/arm-none-eabi/7.3.1/thumb/v6-m/libgcc.a(divdf3.o)
 .rodata        0x0000000008010ae8       0x40 /mnt/c/Users/scat0009/drop/acconeer/compilers/gcc-arm-none-eabi-7-2018-q2-update/bin/../lib/gcc/arm-none-eabi/7.3.1/thumb/v6-m/libgcc.a(muldf3.o)
 *(.rodata*)
 .rodata.str1.1
                0x0000000008010b28     0x173d /tmp/ccRrMTkf.ltrans0.ltrans.o
                                       0x1797 (size before relaxing)
 .rodata.__wrap_puts.str1.1
                0x0000000008012265     0x173d out/lib/libwrapprintf.a(acc_wrap_printf.o)
                                          0x2 (size before relaxing)
 *fill*         0x0000000008012265        0x3 
 .rodata.sqrt.str1.4
                0x0000000008012268        0x5 /mnt/c/Users/scat0009/drop/acconeer/compilers/gcc-arm-none-eabi-7-2018-q2-update/bin/../lib/gcc/arm-none-eabi/7.3.1/../../../../arm-none-eabi/lib/thumb/v6-m/libm.a(lib_a-w_sqrt.o)
 *fill*         0x000000000801226d        0x3 
 .rodata.log10f.str1.4
                0x0000000008012270        0x8 /mnt/c/Users/scat0009/drop/acconeer/compilers/gcc-arm-none-eabi-7-2018-q2-update/bin/../lib/gcc/arm-none-eabi/7.3.1/../../../../arm-none-eabi/lib/thumb/v6-m/libm.a(lib_a-wf_log10.o)
                                          0x9 (size before relaxing)
 .rodata.npio2_hw
                0x0000000008012278       0x80 /mnt/c/Users/scat0009/drop/acconeer/compilers/gcc-arm-none-eabi-7-2018-q2-update/bin/../lib/gcc/arm-none-eabi/7.3.1/../../../../arm-none-eabi/lib/thumb/v6-m/libm.a(lib_a-e_rem_pio2.o)
 .rodata.two_over_pi
                0x00000000080122f8      0x108 /mnt/c/Users/scat0009/drop/acconeer/compilers/gcc-arm-none-eabi-7-2018-q2-update/bin/../lib/gcc/arm-none-eabi/7.3.1/../../../../arm-none-eabi/lib/thumb/v6-m/libm.a(lib_a-e_rem_pio2.o)
 .rodata.PIo2   0x0000000008012400       0x40 /mnt/c/Users/scat0009/drop/acconeer/compilers/gcc-arm-none-eabi-7-2018-q2-update/bin/../lib/gcc/arm-none-eabi/7.3.1/../../../../arm-none-eabi/lib/thumb/v6-m/libm.a(lib_a-k_rem_pio2.o)
 .rodata.init_jk
                0x0000000008012440       0x10 /mnt/c/Users/scat0009/drop/acconeer/compilers/gcc-arm-none-eabi-7-2018-q2-update/bin/../lib/gcc/arm-none-eabi/7.3.1/../../../../arm-none-eabi/lib/thumb/v6-m/libm.a(lib_a-k_rem_pio2.o)
                0x0000000008012450                . = ALIGN (0x4)

.ARM.extab
 *(.ARM.extab* .gnu.linkonce.armextab.*)

.ARM            0x0000000008012450        0x8
                0x0000000008012450                __exidx_start = .
 *(.ARM.exidx*)
 .ARM.exidx     0x0000000008012450        0x8 /mnt/c/Users/scat0009/drop/acconeer/compilers/gcc-arm-none-eabi-7-2018-q2-update/bin/../lib/gcc/arm-none-eabi/7.3.1/thumb/v6-m/libgcc.a(_udivmoddi4.o)
                0x0000000008012458                __exidx_end = .

.rel.dyn        0x0000000008012458        0x0
 .rel.iplt      0x0000000008012458        0x0 /mnt/c/Users/scat0009/drop/acconeer/compilers/gcc-arm-none-eabi-7-2018-q2-update/bin/../lib/gcc/arm-none-eabi/7.3.1/thumb/v6-m/crtbegin.o

.preinit_array  0x0000000008012458        0x0
                0x0000000008012458                PROVIDE (__preinit_array_start = .)
 *(.preinit_array*)
                0x0000000008012458                PROVIDE (__preinit_array_end = .)

.init_array     0x0000000008012458        0x4
                0x0000000008012458                PROVIDE (__init_array_start = .)
 *(SORT_BY_NAME(.init_array.*))
 *(.init_array*)
 .init_array    0x0000000008012458        0x4 /mnt/c/Users/scat0009/drop/acconeer/compilers/gcc-arm-none-eabi-7-2018-q2-update/bin/../lib/gcc/arm-none-eabi/7.3.1/thumb/v6-m/crtbegin.o
                0x000000000801245c                PROVIDE (__init_array_end = .)

.fini_array     0x000000000801245c        0x4
                [!provide]                        PROVIDE (__fini_array_start = .)
 *(SORT_BY_NAME(.fini_array.*))
 *(.fini_array*)
 .fini_array    0x000000000801245c        0x4 /mnt/c/Users/scat0009/drop/acconeer/compilers/gcc-arm-none-eabi-7-2018-q2-update/bin/../lib/gcc/arm-none-eabi/7.3.1/thumb/v6-m/crtbegin.o
                [!provide]                        PROVIDE (__fini_array_end = .)
                0x0000000008012460                _sidata = LOADADDR (.data)

.data           0x0000000020000000       0x70 load address 0x0000000008012460
                0x0000000020000000                . = ALIGN (0x4)
                0x0000000020000000                _sdata = .
 *(.data)
 .data          0x0000000020000000        0x8 /tmp/ccRrMTkf.ltrans0.ltrans.o
 *(.data*)
 .data._impure_ptr
                0x0000000020000008        0x4 /mnt/c/Users/scat0009/drop/acconeer/compilers/gcc-arm-none-eabi-7-2018-q2-update/bin/../lib/gcc/arm-none-eabi/7.3.1/../../../../arm-none-eabi/lib/thumb/v6-m/libc_nano.a(lib_a-impure.o)
                0x0000000020000008                _impure_ptr
 .data.impure_data
                0x000000002000000c       0x60 /mnt/c/Users/scat0009/drop/acconeer/compilers/gcc-arm-none-eabi-7-2018-q2-update/bin/../lib/gcc/arm-none-eabi/7.3.1/../../../../arm-none-eabi/lib/thumb/v6-m/libc_nano.a(lib_a-impure.o)
 .data.__fdlib_version
                0x000000002000006c        0x1 /mnt/c/Users/scat0009/drop/acconeer/compilers/gcc-arm-none-eabi-7-2018-q2-update/bin/../lib/gcc/arm-none-eabi/7.3.1/../../../../arm-none-eabi/lib/thumb/v6-m/libm.a(lib_a-s_lib_ver.o)
                0x000000002000006c                __fdlib_version
                0x0000000020000070                . = ALIGN (0x4)
 *fill*         0x000000002000006d        0x3 
                0x0000000020000070                _edata = .

.igot.plt       0x0000000020000070        0x0 load address 0x00000000080124d0
 .igot.plt      0x0000000020000070        0x0 /mnt/c/Users/scat0009/drop/acconeer/compilers/gcc-arm-none-eabi-7-2018-q2-update/bin/../lib/gcc/arm-none-eabi/7.3.1/thumb/v6-m/crtbegin.o
                0x0000000020000070                . = ALIGN (0x4)

.bss            0x0000000020000070      0x598 load address 0x00000000080124d0
                0x0000000020000070                _sbss = .
                0x0000000020000070                __bss_start__ = _sbss
 *(.bss)
 .bss           0x0000000020000070       0x1c /mnt/c/Users/scat0009/drop/acconeer/compilers/gcc-arm-none-eabi-7-2018-q2-update/bin/../lib/gcc/arm-none-eabi/7.3.1/thumb/v6-m/crtbegin.o
 .bss           0x000000002000008c      0x4e0 /tmp/ccRrMTkf.ltrans0.ltrans.o
 *(.bss*)
 .bss.__sbrk_heap_end
                0x000000002000056c        0x4 out/obj/sysmem.o
 .bss.__malloc_free_list
                0x0000000020000570        0x4 /mnt/c/Users/scat0009/drop/acconeer/compilers/gcc-arm-none-eabi-7-2018-q2-update/bin/../lib/gcc/arm-none-eabi/7.3.1/../../../../arm-none-eabi/lib/thumb/v6-m/libc_nano.a(lib_a-nano-mallocr.o)
                0x0000000020000570                __malloc_free_list
 .bss.__malloc_sbrk_start
                0x0000000020000574        0x4 /mnt/c/Users/scat0009/drop/acconeer/compilers/gcc-arm-none-eabi-7-2018-q2-update/bin/../lib/gcc/arm-none-eabi/7.3.1/../../../../arm-none-eabi/lib/thumb/v6-m/libc_nano.a(lib_a-nano-mallocr.o)
                0x0000000020000574                __malloc_sbrk_start
 *(COMMON)
 COMMON         0x0000000020000578       0x8c /tmp/ccRrMTkf.ltrans0.ltrans.o
                0x0000000020000578                huart2
 COMMON         0x0000000020000604        0x4 /mnt/c/Users/scat0009/drop/acconeer/compilers/gcc-arm-none-eabi-7-2018-q2-update/bin/../lib/gcc/arm-none-eabi/7.3.1/../../../../arm-none-eabi/lib/thumb/v6-m/libc_nano.a(lib_a-reent.o)
                0x0000000020000604                errno
                0x0000000020000608                . = ALIGN (0x4)
                0x0000000020000608                _ebss = .
                0x0000000020000608                __bss_end__ = _ebss

._user_heap_stack
                0x0000000020000608     0x1600 load address 0x00000000080124d0
                0x0000000020000608                . = ALIGN (0x8)
                [!provide]                        PROVIDE (end = .)
                0x0000000020000608                PROVIDE (_end = .)
                0x0000000020000808                . = (. + _Min_Heap_Size)
 *fill*         0x0000000020000608      0x200 
                0x0000000020001c08                . = (. + _Min_Stack_Size)
 *fill*         0x0000000020000808     0x1400 
                0x0000000020001c08                . = ALIGN (0x8)

/DISCARD/
 libc.a(*)
 libm.a(*)
 libgcc.a(*)

.ARM.attributes
                0x0000000000000000       0x28
 *(.ARM.attributes)
 .ARM.attributes
                0x0000000000000000       0x1e /mnt/c/Users/scat0009/drop/acconeer/compilers/gcc-arm-none-eabi-7-2018-q2-update/bin/../lib/gcc/arm-none-eabi/7.3.1/thumb/v6-m/crti.o
 .ARM.attributes
                0x000000000000001e       0x2c /mnt/c/Users/scat0009/drop/acconeer/compilers/gcc-arm-none-eabi-7-2018-q2-update/bin/../lib/gcc/arm-none-eabi/7.3.1/thumb/v6-m/crtbegin.o
 .ARM.attributes
                0x000000000000004a       0x30 /tmp/ccRrMTkf.ltrans0.ltrans.o
 .ARM.attributes
                0x000000000000007a       0x32 out/obj/syscalls.o
 .ARM.attributes
                0x00000000000000ac       0x21 out/obj/startup_stm32g071xx.o
 .ARM.attributes
                0x00000000000000cd       0x32 out/obj/sysmem.o
 .ARM.attributes
                0x00000000000000ff       0x2c /mnt/c/Users/scat0009/drop/acconeer/compilers/gcc-arm-none-eabi-7-2018-q2-update/bin/../lib/gcc/arm-none-eabi/7.3.1/../../../../arm-none-eabi/lib/thumb/v6-m/libc_nano.a(lib_a-errno.o)
 .ARM.attributes
                0x000000000000012b       0x2c /mnt/c/Users/scat0009/drop/acconeer/compilers/gcc-arm-none-eabi-7-2018-q2-update/bin/../lib/gcc/arm-none-eabi/7.3.1/../../../../arm-none-eabi/lib/thumb/v6-m/libc_nano.a(lib_a-impure.o)
 .ARM.attributes
                0x0000000000000157       0x2c /mnt/c/Users/scat0009/drop/acconeer/compilers/gcc-arm-none-eabi-7-2018-q2-update/bin/../lib/gcc/arm-none-eabi/7.3.1/../../../../arm-none-eabi/lib/thumb/v6-m/libc_nano.a(lib_a-init.o)
 .ARM.attributes
                0x0000000000000183       0x2c /mnt/c/Users/scat0009/drop/acconeer/compilers/gcc-arm-none-eabi-7-2018-q2-update/bin/../lib/gcc/arm-none-eabi/7.3.1/../../../../arm-none-eabi/lib/thumb/v6-m/libc_nano.a(lib_a-memset.o)
 .ARM.attributes
                0x00000000000001af       0x1e /mnt/c/Users/scat0009/drop/acconeer/compilers/gcc-arm-none-eabi-7-2018-q2-update/bin/../lib/gcc/arm-none-eabi/7.3.1/thumb/v6-m/crtn.o
 .ARM.attributes
                0x00000000000001cd       0x32 out/lib/libwrapprintf.a(acc_wrap_printf.o)
 .ARM.attributes
                0x00000000000001ff       0x32 out/lib/libwrapprintf.a(printf.o)
 .ARM.attributes
                0x0000000000000231       0x2c /mnt/c/Users/scat0009/drop/acconeer/compilers/gcc-arm-none-eabi-7-2018-q2-update/bin/../lib/gcc/arm-none-eabi/7.3.1/../../../../arm-none-eabi/lib/thumb/v6-m/libm.a(lib_a-s_cos.o)
 .ARM.attributes
                0x000000000000025d       0x2c /mnt/c/Users/scat0009/drop/acconeer/compilers/gcc-arm-none-eabi-7-2018-q2-update/bin/../lib/gcc/arm-none-eabi/7.3.1/../../../../arm-none-eabi/lib/thumb/v6-m/libm.a(lib_a-sf_fmax.o)
 .ARM.attributes
                0x0000000000000289       0x2c /mnt/c/Users/scat0009/drop/acconeer/compilers/gcc-arm-none-eabi-7-2018-q2-update/bin/../lib/gcc/arm-none-eabi/7.3.1/../../../../arm-none-eabi/lib/thumb/v6-m/libm.a(lib_a-sf_fpclassify.o)
 .ARM.attributes
                0x00000000000002b5       0x2c /mnt/c/Users/scat0009/drop/acconeer/compilers/gcc-arm-none-eabi-7-2018-q2-update/bin/../lib/gcc/arm-none-eabi/7.3.1/../../../../arm-none-eabi/lib/thumb/v6-m/libm.a(lib_a-sf_round.o)
 .ARM.attributes
                0x00000000000002e1       0x2c /mnt/c/Users/scat0009/drop/acconeer/compilers/gcc-arm-none-eabi-7-2018-q2-update/bin/../lib/gcc/arm-none-eabi/7.3.1/../../../../arm-none-eabi/lib/thumb/v6-m/libm.a(lib_a-w_sqrt.o)
 .ARM.attributes
                0x000000000000030d       0x2c /mnt/c/Users/scat0009/drop/acconeer/compilers/gcc-arm-none-eabi-7-2018-q2-update/bin/../lib/gcc/arm-none-eabi/7.3.1/../../../../arm-none-eabi/lib/thumb/v6-m/libm.a(lib_a-wf_log10.o)
 .ARM.attributes
                0x0000000000000339       0x2c /mnt/c/Users/scat0009/drop/acconeer/compilers/gcc-arm-none-eabi-7-2018-q2-update/bin/../lib/gcc/arm-none-eabi/7.3.1/../../../../arm-none-eabi/lib/thumb/v6-m/libm.a(lib_a-e_rem_pio2.o)
 .ARM.attributes
                0x0000000000000365       0x2c /mnt/c/Users/scat0009/drop/acconeer/compilers/gcc-arm-none-eabi-7-2018-q2-update/bin/../lib/gcc/arm-none-eabi/7.3.1/../../../../arm-none-eabi/lib/thumb/v6-m/libm.a(lib_a-e_sqrt.o)
 .ARM.attributes
                0x0000000000000391       0x2c /mnt/c/Users/scat0009/drop/acconeer/compilers/gcc-arm-none-eabi-7-2018-q2-update/bin/../lib/gcc/arm-none-eabi/7.3.1/../../../../arm-none-eabi/lib/thumb/v6-m/libm.a(lib_a-ef_log10.o)
 .ARM.attributes
                0x00000000000003bd       0x2c /mnt/c/Users/scat0009/drop/acconeer/compilers/gcc-arm-none-eabi-7-2018-q2-update/bin/../lib/gcc/arm-none-eabi/7.3.1/../../../../arm-none-eabi/lib/thumb/v6-m/libm.a(lib_a-k_cos.o)
 .ARM.attributes
                0x00000000000003e9       0x2c /mnt/c/Users/scat0009/drop/acconeer/compilers/gcc-arm-none-eabi-7-2018-q2-update/bin/../lib/gcc/arm-none-eabi/7.3.1/../../../../arm-none-eabi/lib/thumb/v6-m/libm.a(lib_a-k_rem_pio2.o)
 .ARM.attributes
                0x0000000000000415       0x2c /mnt/c/Users/scat0009/drop/acconeer/compilers/gcc-arm-none-eabi-7-2018-q2-update/bin/../lib/gcc/arm-none-eabi/7.3.1/../../../../arm-none-eabi/lib/thumb/v6-m/libm.a(lib_a-k_sin.o)
 .ARM.attributes
                0x0000000000000441       0x2c /mnt/c/Users/scat0009/drop/acconeer/compilers/gcc-arm-none-eabi-7-2018-q2-update/bin/../lib/gcc/arm-none-eabi/7.3.1/../../../../arm-none-eabi/lib/thumb/v6-m/libm.a(lib_a-s_fabs.o)
 .ARM.attributes
                0x000000000000046d       0x2c /mnt/c/Users/scat0009/drop/acconeer/compilers/gcc-arm-none-eabi-7-2018-q2-update/bin/../lib/gcc/arm-none-eabi/7.3.1/../../../../arm-none-eabi/lib/thumb/v6-m/libm.a(lib_a-s_floor.o)
 .ARM.attributes
                0x0000000000000499       0x2c /mnt/c/Users/scat0009/drop/acconeer/compilers/gcc-arm-none-eabi-7-2018-q2-update/bin/../lib/gcc/arm-none-eabi/7.3.1/../../../../arm-none-eabi/lib/thumb/v6-m/libm.a(lib_a-s_lib_ver.o)
 .ARM.attributes
                0x00000000000004c5       0x2c /mnt/c/Users/scat0009/drop/acconeer/compilers/gcc-arm-none-eabi-7-2018-q2-update/bin/../lib/gcc/arm-none-eabi/7.3.1/../../../../arm-none-eabi/lib/thumb/v6-m/libm.a(lib_a-s_matherr.o)
 .ARM.attributes
                0x00000000000004f1       0x2c /mnt/c/Users/scat0009/drop/acconeer/compilers/gcc-arm-none-eabi-7-2018-q2-update/bin/../lib/gcc/arm-none-eabi/7.3.1/../../../../arm-none-eabi/lib/thumb/v6-m/libm.a(lib_a-s_nan.o)
 .ARM.attributes
                0x000000000000051d       0x2c /mnt/c/Users/scat0009/drop/acconeer/compilers/gcc-arm-none-eabi-7-2018-q2-update/bin/../lib/gcc/arm-none-eabi/7.3.1/../../../../arm-none-eabi/lib/thumb/v6-m/libm.a(lib_a-s_scalbn.o)
 .ARM.attributes
                0x0000000000000549       0x2c /mnt/c/Users/scat0009/drop/acconeer/compilers/gcc-arm-none-eabi-7-2018-q2-update/bin/../lib/gcc/arm-none-eabi/7.3.1/../../../../arm-none-eabi/lib/thumb/v6-m/libm.a(lib_a-ef_log.o)
 .ARM.attributes
                0x0000000000000575       0x2c /mnt/c/Users/scat0009/drop/acconeer/compilers/gcc-arm-none-eabi-7-2018-q2-update/bin/../lib/gcc/arm-none-eabi/7.3.1/../../../../arm-none-eabi/lib/thumb/v6-m/libm.a(lib_a-s_copysign.o)
 .ARM.attributes
                0x00000000000005a1       0x1e /mnt/c/Users/scat0009/drop/acconeer/compilers/gcc-arm-none-eabi-7-2018-q2-update/bin/../lib/gcc/arm-none-eabi/7.3.1/thumb/v6-m/libgcc.a(_thumb1_case_sqi.o)
 .ARM.attributes
                0x00000000000005bf       0x1e /mnt/c/Users/scat0009/drop/acconeer/compilers/gcc-arm-none-eabi-7-2018-q2-update/bin/../lib/gcc/arm-none-eabi/7.3.1/thumb/v6-m/libgcc.a(_thumb1_case_uqi.o)
 .ARM.attributes
                0x00000000000005dd       0x1e /mnt/c/Users/scat0009/drop/acconeer/compilers/gcc-arm-none-eabi-7-2018-q2-update/bin/../lib/gcc/arm-none-eabi/7.3.1/thumb/v6-m/libgcc.a(_thumb1_case_uhi.o)
 .ARM.attributes
                0x00000000000005fb       0x1e /mnt/c/Users/scat0009/drop/acconeer/compilers/gcc-arm-none-eabi-7-2018-q2-update/bin/../lib/gcc/arm-none-eabi/7.3.1/thumb/v6-m/libgcc.a(_udivsi3.o)
 .ARM.attributes
                0x0000000000000619       0x1e /mnt/c/Users/scat0009/drop/acconeer/compilers/gcc-arm-none-eabi-7-2018-q2-update/bin/../lib/gcc/arm-none-eabi/7.3.1/thumb/v6-m/libgcc.a(_divsi3.o)
 .ARM.attributes
                0x0000000000000637       0x1e /mnt/c/Users/scat0009/drop/acconeer/compilers/gcc-arm-none-eabi-7-2018-q2-update/bin/../lib/gcc/arm-none-eabi/7.3.1/thumb/v6-m/libgcc.a(_dvmd_tls.o)
 .ARM.attributes
                0x0000000000000655       0x1e /mnt/c/Users/scat0009/drop/acconeer/compilers/gcc-arm-none-eabi-7-2018-q2-update/bin/../lib/gcc/arm-none-eabi/7.3.1/thumb/v6-m/libgcc.a(_arm_cmpdf2.o)
 .ARM.attributes
                0x0000000000000673       0x1e /mnt/c/Users/scat0009/drop/acconeer/compilers/gcc-arm-none-eabi-7-2018-q2-update/bin/../lib/gcc/arm-none-eabi/7.3.1/thumb/v6-m/libgcc.a(_arm_cmpsf2.o)
 .ARM.attributes
                0x0000000000000691       0x1e /mnt/c/Users/scat0009/drop/acconeer/compilers/gcc-arm-none-eabi-7-2018-q2-update/bin/../lib/gcc/arm-none-eabi/7.3.1/thumb/v6-m/libgcc.a(_aeabi_uldivmod.o)
 .ARM.attributes
                0x00000000000006af       0x2c /mnt/c/Users/scat0009/drop/acconeer/compilers/gcc-arm-none-eabi-7-2018-q2-update/bin/../lib/gcc/arm-none-eabi/7.3.1/thumb/v6-m/libgcc.a(_fixunssfsi.o)
 .ARM.attributes
                0x00000000000006db       0x2c /mnt/c/Users/scat0009/drop/acconeer/compilers/gcc-arm-none-eabi-7-2018-q2-update/bin/../lib/gcc/arm-none-eabi/7.3.1/thumb/v6-m/libgcc.a(_udivmoddi4.o)
 .ARM.attributes
                0x0000000000000707       0x2c /mnt/c/Users/scat0009/drop/acconeer/compilers/gcc-arm-none-eabi-7-2018-q2-update/bin/../lib/gcc/arm-none-eabi/7.3.1/thumb/v6-m/libgcc.a(addsf3.o)
 .ARM.attributes
                0x0000000000000733       0x2c /mnt/c/Users/scat0009/drop/acconeer/compilers/gcc-arm-none-eabi-7-2018-q2-update/bin/../lib/gcc/arm-none-eabi/7.3.1/thumb/v6-m/libgcc.a(divsf3.o)
 .ARM.attributes
                0x000000000000075f       0x2c /mnt/c/Users/scat0009/drop/acconeer/compilers/gcc-arm-none-eabi-7-2018-q2-update/bin/../lib/gcc/arm-none-eabi/7.3.1/thumb/v6-m/libgcc.a(eqsf2.o)
 .ARM.attributes
                0x000000000000078b       0x2c /mnt/c/Users/scat0009/drop/acconeer/compilers/gcc-arm-none-eabi-7-2018-q2-update/bin/../lib/gcc/arm-none-eabi/7.3.1/thumb/v6-m/libgcc.a(gesf2.o)
 .ARM.attributes
                0x00000000000007b7       0x2c /mnt/c/Users/scat0009/drop/acconeer/compilers/gcc-arm-none-eabi-7-2018-q2-update/bin/../lib/gcc/arm-none-eabi/7.3.1/thumb/v6-m/libgcc.a(lesf2.o)
 .ARM.attributes
                0x00000000000007e3       0x2c /mnt/c/Users/scat0009/drop/acconeer/compilers/gcc-arm-none-eabi-7-2018-q2-update/bin/../lib/gcc/arm-none-eabi/7.3.1/thumb/v6-m/libgcc.a(mulsf3.o)
 .ARM.attributes
                0x000000000000080f       0x2c /mnt/c/Users/scat0009/drop/acconeer/compilers/gcc-arm-none-eabi-7-2018-q2-update/bin/../lib/gcc/arm-none-eabi/7.3.1/thumb/v6-m/libgcc.a(subsf3.o)
 .ARM.attributes
                0x000000000000083b       0x2c /mnt/c/Users/scat0009/drop/acconeer/compilers/gcc-arm-none-eabi-7-2018-q2-update/bin/../lib/gcc/arm-none-eabi/7.3.1/thumb/v6-m/libgcc.a(unordsf2.o)
 .ARM.attributes
                0x0000000000000867       0x2c /mnt/c/Users/scat0009/drop/acconeer/compilers/gcc-arm-none-eabi-7-2018-q2-update/bin/../lib/gcc/arm-none-eabi/7.3.1/thumb/v6-m/libgcc.a(fixsfsi.o)
 .ARM.attributes
                0x0000000000000893       0x2c /mnt/c/Users/scat0009/drop/acconeer/compilers/gcc-arm-none-eabi-7-2018-q2-update/bin/../lib/gcc/arm-none-eabi/7.3.1/thumb/v6-m/libgcc.a(floatsisf.o)
 .ARM.attributes
                0x00000000000008bf       0x2c /mnt/c/Users/scat0009/drop/acconeer/compilers/gcc-arm-none-eabi-7-2018-q2-update/bin/../lib/gcc/arm-none-eabi/7.3.1/thumb/v6-m/libgcc.a(floatunsisf.o)
 .ARM.attributes
                0x00000000000008eb       0x2c /mnt/c/Users/scat0009/drop/acconeer/compilers/gcc-arm-none-eabi-7-2018-q2-update/bin/../lib/gcc/arm-none-eabi/7.3.1/thumb/v6-m/libgcc.a(adddf3.o)
 .ARM.attributes
                0x0000000000000917       0x2c /mnt/c/Users/scat0009/drop/acconeer/compilers/gcc-arm-none-eabi-7-2018-q2-update/bin/../lib/gcc/arm-none-eabi/7.3.1/thumb/v6-m/libgcc.a(divdf3.o)
 .ARM.attributes
                0x0000000000000943       0x2c /mnt/c/Users/scat0009/drop/acconeer/compilers/gcc-arm-none-eabi-7-2018-q2-update/bin/../lib/gcc/arm-none-eabi/7.3.1/thumb/v6-m/libgcc.a(eqdf2.o)
 .ARM.attributes
                0x000000000000096f       0x2c /mnt/c/Users/scat0009/drop/acconeer/compilers/gcc-arm-none-eabi-7-2018-q2-update/bin/../lib/gcc/arm-none-eabi/7.3.1/thumb/v6-m/libgcc.a(gedf2.o)
 .ARM.attributes
                0x000000000000099b       0x2c /mnt/c/Users/scat0009/drop/acconeer/compilers/gcc-arm-none-eabi-7-2018-q2-update/bin/../lib/gcc/arm-none-eabi/7.3.1/thumb/v6-m/libgcc.a(ledf2.o)
 .ARM.attributes
                0x00000000000009c7       0x2c /mnt/c/Users/scat0009/drop/acconeer/compilers/gcc-arm-none-eabi-7-2018-q2-update/bin/../lib/gcc/arm-none-eabi/7.3.1/thumb/v6-m/libgcc.a(muldf3.o)
 .ARM.attributes
                0x00000000000009f3       0x2c /mnt/c/Users/scat0009/drop/acconeer/compilers/gcc-arm-none-eabi-7-2018-q2-update/bin/../lib/gcc/arm-none-eabi/7.3.1/thumb/v6-m/libgcc.a(subdf3.o)
 .ARM.attributes
                0x0000000000000a1f       0x2c /mnt/c/Users/scat0009/drop/acconeer/compilers/gcc-arm-none-eabi-7-2018-q2-update/bin/../lib/gcc/arm-none-eabi/7.3.1/thumb/v6-m/libgcc.a(unorddf2.o)
 .ARM.attributes
                0x0000000000000a4b       0x2c /mnt/c/Users/scat0009/drop/acconeer/compilers/gcc-arm-none-eabi-7-2018-q2-update/bin/../lib/gcc/arm-none-eabi/7.3.1/thumb/v6-m/libgcc.a(fixdfsi.o)
 .ARM.attributes
                0x0000000000000a77       0x2c /mnt/c/Users/scat0009/drop/acconeer/compilers/gcc-arm-none-eabi-7-2018-q2-update/bin/../lib/gcc/arm-none-eabi/7.3.1/thumb/v6-m/libgcc.a(floatsidf.o)
 .ARM.attributes
                0x0000000000000aa3       0x2c /mnt/c/Users/scat0009/drop/acconeer/compilers/gcc-arm-none-eabi-7-2018-q2-update/bin/../lib/gcc/arm-none-eabi/7.3.1/thumb/v6-m/libgcc.a(floatunsidf.o)
 .ARM.attributes
                0x0000000000000acf       0x2c /mnt/c/Users/scat0009/drop/acconeer/compilers/gcc-arm-none-eabi-7-2018-q2-update/bin/../lib/gcc/arm-none-eabi/7.3.1/thumb/v6-m/libgcc.a(extendsfdf2.o)
 .ARM.attributes
                0x0000000000000afb       0x2c /mnt/c/Users/scat0009/drop/acconeer/compilers/gcc-arm-none-eabi-7-2018-q2-update/bin/../lib/gcc/arm-none-eabi/7.3.1/thumb/v6-m/libgcc.a(truncdfsf2.o)
 .ARM.attributes
                0x0000000000000b27       0x1e /mnt/c/Users/scat0009/drop/acconeer/compilers/gcc-arm-none-eabi-7-2018-q2-update/bin/../lib/gcc/arm-none-eabi/7.3.1/thumb/v6-m/libgcc.a(_clzsi2.o)
 .ARM.attributes
                0x0000000000000b45       0x1e /mnt/c/Users/scat0009/drop/acconeer/compilers/gcc-arm-none-eabi-7-2018-q2-update/bin/../lib/gcc/arm-none-eabi/7.3.1/thumb/v6-m/libgcc.a(_clzdi2.o)
 .ARM.attributes
                0x0000000000000b63       0x2c /mnt/c/Users/scat0009/drop/acconeer/compilers/gcc-arm-none-eabi-7-2018-q2-update/bin/../lib/gcc/arm-none-eabi/7.3.1/../../../../arm-none-eabi/lib/thumb/v6-m/libc_nano.a(lib_a-malloc.o)
 .ARM.attributes
                0x0000000000000b8f       0x2c /mnt/c/Users/scat0009/drop/acconeer/compilers/gcc-arm-none-eabi-7-2018-q2-update/bin/../lib/gcc/arm-none-eabi/7.3.1/../../../../arm-none-eabi/lib/thumb/v6-m/libc_nano.a(lib_a-memcpy-stub.o)
 .ARM.attributes
                0x0000000000000bbb       0x2c /mnt/c/Users/scat0009/drop/acconeer/compilers/gcc-arm-none-eabi-7-2018-q2-update/bin/../lib/gcc/arm-none-eabi/7.3.1/../../../../arm-none-eabi/lib/thumb/v6-m/libc_nano.a(lib_a-memmove.o)
 .ARM.attributes
                0x0000000000000be7       0x2c /mnt/c/Users/scat0009/drop/acconeer/compilers/gcc-arm-none-eabi-7-2018-q2-update/bin/../lib/gcc/arm-none-eabi/7.3.1/../../../../arm-none-eabi/lib/thumb/v6-m/libc_nano.a(lib_a-nano-freer.o)
 .ARM.attributes
                0x0000000000000c13       0x2c /mnt/c/Users/scat0009/drop/acconeer/compilers/gcc-arm-none-eabi-7-2018-q2-update/bin/../lib/gcc/arm-none-eabi/7.3.1/../../../../arm-none-eabi/lib/thumb/v6-m/libc_nano.a(lib_a-nano-mallocr.o)
 .ARM.attributes
                0x0000000000000c3f       0x2c /mnt/c/Users/scat0009/drop/acconeer/compilers/gcc-arm-none-eabi-7-2018-q2-update/bin/../lib/gcc/arm-none-eabi/7.3.1/../../../../arm-none-eabi/lib/thumb/v6-m/libc_nano.a(lib_a-sbrkr.o)
 .ARM.attributes
                0x0000000000000c6b       0x1c /mnt/c/Users/scat0009/drop/acconeer/compilers/gcc-arm-none-eabi-7-2018-q2-update/bin/../lib/gcc/arm-none-eabi/7.3.1/../../../../arm-none-eabi/lib/thumb/v6-m/libc_nano.a(lib_a-strlen.o)
 .ARM.attributes
                0x0000000000000c87       0x2c /mnt/c/Users/scat0009/drop/acconeer/compilers/gcc-arm-none-eabi-7-2018-q2-update/bin/../lib/gcc/arm-none-eabi/7.3.1/../../../../arm-none-eabi/lib/thumb/v6-m/libc_nano.a(lib_a-mlock.o)
 .ARM.attributes
                0x0000000000000cb3       0x2c /mnt/c/Users/scat0009/drop/acconeer/compilers/gcc-arm-none-eabi-7-2018-q2-update/bin/../lib/gcc/arm-none-eabi/7.3.1/../../../../arm-none-eabi/lib/thumb/v6-m/libc_nano.a(lib_a-reent.o)
OUTPUT(out/main.elf elf32-littlearm)

.comment        0x0000000000000000       0x7f
 .comment       0x0000000000000000       0x80 /tmp/ccRrMTkf.ltrans0.ltrans.o
 .comment       0x0000000000000000       0x7f out/obj/syscalls.o
                                         0x80 (size before relaxing)
 .comment       0x000000000000007f       0x80 out/obj/sysmem.o
 .comment       0x000000000000007f       0x80 out/lib/libwrapprintf.a(acc_wrap_printf.o)
 .comment       0x000000000000007f       0x80 out/lib/libwrapprintf.a(printf.o)

.debug_info     0x0000000000000000     0x2e7b
 .debug_info    0x0000000000000000      0x7fc out/obj/syscalls.o
 .debug_info    0x00000000000007fc      0x9a7 out/obj/sysmem.o
 .debug_info    0x00000000000011a3      0xd4a out/lib/libwrapprintf.a(acc_wrap_printf.o)
 .debug_info    0x0000000000001eed      0xf8e out/lib/libwrapprintf.a(printf.o)

.debug_abbrev   0x0000000000000000      0x945
 .debug_abbrev  0x0000000000000000      0x187 out/obj/syscalls.o
 .debug_abbrev  0x0000000000000187      0x1f9 out/obj/sysmem.o
 .debug_abbrev  0x0000000000000380      0x2c7 out/lib/libwrapprintf.a(acc_wrap_printf.o)
 .debug_abbrev  0x0000000000000647      0x2fe out/lib/libwrapprintf.a(printf.o)

.debug_loc      0x0000000000000000     0x1989
 .debug_loc     0x0000000000000000       0x6b out/obj/syscalls.o
 .debug_loc     0x000000000000006b       0x4a out/obj/sysmem.o
 .debug_loc     0x00000000000000b5      0x279 out/lib/libwrapprintf.a(acc_wrap_printf.o)
 .debug_loc     0x000000000000032e     0x165b out/lib/libwrapprintf.a(printf.o)

.debug_aranges  0x0000000000000000      0x120
 .debug_aranges
                0x0000000000000000       0x20 out/obj/syscalls.o
 .debug_aranges
                0x0000000000000020       0x20 out/obj/sysmem.o
 .debug_aranges
                0x0000000000000040       0x50 out/lib/libwrapprintf.a(acc_wrap_printf.o)
 .debug_aranges
                0x0000000000000090       0x90 out/lib/libwrapprintf.a(printf.o)

.debug_ranges   0x0000000000000000      0x1f8
 .debug_ranges  0x0000000000000000       0x10 out/obj/syscalls.o
 .debug_ranges  0x0000000000000010       0x10 out/obj/sysmem.o
 .debug_ranges  0x0000000000000020       0x40 out/lib/libwrapprintf.a(acc_wrap_printf.o)
 .debug_ranges  0x0000000000000060      0x198 out/lib/libwrapprintf.a(printf.o)

.debug_line     0x0000000000000000      0xcee
 .debug_line    0x0000000000000000      0x29e out/obj/syscalls.o
 .debug_line    0x000000000000029e      0x1f5 out/obj/sysmem.o
 .debug_line    0x0000000000000493      0x311 out/lib/libwrapprintf.a(acc_wrap_printf.o)
 .debug_line    0x00000000000007a4      0x54a out/lib/libwrapprintf.a(printf.o)

.debug_str      0x0000000000000000      0xe0c
 .debug_str     0x0000000000000000      0x6cc out/obj/syscalls.o
                                        0x75e (size before relaxing)
 .debug_str     0x00000000000006cc      0x52c out/obj/sysmem.o
                                        0x630 (size before relaxing)
 .debug_str     0x0000000000000bf8       0xf2 out/lib/libwrapprintf.a(acc_wrap_printf.o)
                                        0x690 (size before relaxing)
 .debug_str     0x0000000000000cea      0x122 out/lib/libwrapprintf.a(printf.o)
                                        0x347 (size before relaxing)

.debug_frame    0x0000000000000000      0xd9c
 .debug_frame   0x0000000000000000       0x28 out/obj/syscalls.o
 .debug_frame   0x0000000000000028       0x28 out/obj/sysmem.o
 .debug_frame   0x0000000000000050       0x20 /mnt/c/Users/scat0009/drop/acconeer/compilers/gcc-arm-none-eabi-7-2018-q2-update/bin/../lib/gcc/arm-none-eabi/7.3.1/../../../../arm-none-eabi/lib/thumb/v6-m/libc_nano.a(lib_a-errno.o)
 .debug_frame   0x0000000000000070       0x2c /mnt/c/Users/scat0009/drop/acconeer/compilers/gcc-arm-none-eabi-7-2018-q2-update/bin/../lib/gcc/arm-none-eabi/7.3.1/../../../../arm-none-eabi/lib/thumb/v6-m/libc_nano.a(lib_a-init.o)
 .debug_frame   0x000000000000009c       0x20 /mnt/c/Users/scat0009/drop/acconeer/compilers/gcc-arm-none-eabi-7-2018-q2-update/bin/../lib/gcc/arm-none-eabi/7.3.1/../../../../arm-none-eabi/lib/thumb/v6-m/libc_nano.a(lib_a-memset.o)
 .debug_frame   0x00000000000000bc       0xcc out/lib/libwrapprintf.a(acc_wrap_printf.o)
 .debug_frame   0x0000000000000188      0x1c4 out/lib/libwrapprintf.a(printf.o)
 .debug_frame   0x000000000000034c       0x2c /mnt/c/Users/scat0009/drop/acconeer/compilers/gcc-arm-none-eabi-7-2018-q2-update/bin/../lib/gcc/arm-none-eabi/7.3.1/../../../../arm-none-eabi/lib/thumb/v6-m/libm.a(lib_a-s_cos.o)
 .debug_frame   0x0000000000000378       0x2c /mnt/c/Users/scat0009/drop/acconeer/compilers/gcc-arm-none-eabi-7-2018-q2-update/bin/../lib/gcc/arm-none-eabi/7.3.1/../../../../arm-none-eabi/lib/thumb/v6-m/libm.a(lib_a-sf_fmax.o)
 .debug_frame   0x00000000000003a4       0x20 /mnt/c/Users/scat0009/drop/acconeer/compilers/gcc-arm-none-eabi-7-2018-q2-update/bin/../lib/gcc/arm-none-eabi/7.3.1/../../../../arm-none-eabi/lib/thumb/v6-m/libm.a(lib_a-sf_fpclassify.o)
 .debug_frame   0x00000000000003c4       0x28 /mnt/c/Users/scat0009/drop/acconeer/compilers/gcc-arm-none-eabi-7-2018-q2-update/bin/../lib/gcc/arm-none-eabi/7.3.1/../../../../arm-none-eabi/lib/thumb/v6-m/libm.a(lib_a-sf_round.o)
 .debug_frame   0x00000000000003ec       0x38 /mnt/c/Users/scat0009/drop/acconeer/compilers/gcc-arm-none-eabi-7-2018-q2-update/bin/../lib/gcc/arm-none-eabi/7.3.1/../../../../arm-none-eabi/lib/thumb/v6-m/libm.a(lib_a-w_sqrt.o)
 .debug_frame   0x0000000000000424       0x30 /mnt/c/Users/scat0009/drop/acconeer/compilers/gcc-arm-none-eabi-7-2018-q2-update/bin/../lib/gcc/arm-none-eabi/7.3.1/../../../../arm-none-eabi/lib/thumb/v6-m/libm.a(lib_a-wf_log10.o)
 .debug_frame   0x0000000000000454       0x3c /mnt/c/Users/scat0009/drop/acconeer/compilers/gcc-arm-none-eabi-7-2018-q2-update/bin/../lib/gcc/arm-none-eabi/7.3.1/../../../../arm-none-eabi/lib/thumb/v6-m/libm.a(lib_a-e_rem_pio2.o)
 .debug_frame   0x0000000000000490       0x38 /mnt/c/Users/scat0009/drop/acconeer/compilers/gcc-arm-none-eabi-7-2018-q2-update/bin/../lib/gcc/arm-none-eabi/7.3.1/../../../../arm-none-eabi/lib/thumb/v6-m/libm.a(lib_a-e_sqrt.o)
 .debug_frame   0x00000000000004c8       0x2c /mnt/c/Users/scat0009/drop/acconeer/compilers/gcc-arm-none-eabi-7-2018-q2-update/bin/../lib/gcc/arm-none-eabi/7.3.1/../../../../arm-none-eabi/lib/thumb/v6-m/libm.a(lib_a-ef_log10.o)
 .debug_frame   0x00000000000004f4       0x38 /mnt/c/Users/scat0009/drop/acconeer/compilers/gcc-arm-none-eabi-7-2018-q2-update/bin/../lib/gcc/arm-none-eabi/7.3.1/../../../../arm-none-eabi/lib/thumb/v6-m/libm.a(lib_a-k_cos.o)
 .debug_frame   0x000000000000052c       0x3c /mnt/c/Users/scat0009/drop/acconeer/compilers/gcc-arm-none-eabi-7-2018-q2-update/bin/../lib/gcc/arm-none-eabi/7.3.1/../../../../arm-none-eabi/lib/thumb/v6-m/libm.a(lib_a-k_rem_pio2.o)
 .debug_frame   0x0000000000000568       0x38 /mnt/c/Users/scat0009/drop/acconeer/compilers/gcc-arm-none-eabi-7-2018-q2-update/bin/../lib/gcc/arm-none-eabi/7.3.1/../../../../arm-none-eabi/lib/thumb/v6-m/libm.a(lib_a-k_sin.o)
 .debug_frame   0x00000000000005a0       0x20 /mnt/c/Users/scat0009/drop/acconeer/compilers/gcc-arm-none-eabi-7-2018-q2-update/bin/../lib/gcc/arm-none-eabi/7.3.1/../../../../arm-none-eabi/lib/thumb/v6-m/libm.a(lib_a-s_fabs.o)
 .debug_frame   0x00000000000005c0       0x38 /mnt/c/Users/scat0009/drop/acconeer/compilers/gcc-arm-none-eabi-7-2018-q2-update/bin/../lib/gcc/arm-none-eabi/7.3.1/../../../../arm-none-eabi/lib/thumb/v6-m/libm.a(lib_a-s_floor.o)
 .debug_frame   0x00000000000005f8       0x20 /mnt/c/Users/scat0009/drop/acconeer/compilers/gcc-arm-none-eabi-7-2018-q2-update/bin/../lib/gcc/arm-none-eabi/7.3.1/../../../../arm-none-eabi/lib/thumb/v6-m/libm.a(lib_a-s_matherr.o)
 .debug_frame   0x0000000000000618       0x20 /mnt/c/Users/scat0009/drop/acconeer/compilers/gcc-arm-none-eabi-7-2018-q2-update/bin/../lib/gcc/arm-none-eabi/7.3.1/../../../../arm-none-eabi/lib/thumb/v6-m/libm.a(lib_a-s_nan.o)
 .debug_frame   0x0000000000000638       0x2c /mnt/c/Users/scat0009/drop/acconeer/compilers/gcc-arm-none-eabi-7-2018-q2-update/bin/../lib/gcc/arm-none-eabi/7.3.1/../../../../arm-none-eabi/lib/thumb/v6-m/libm.a(lib_a-s_scalbn.o)
 .debug_frame   0x0000000000000664       0x3c /mnt/c/Users/scat0009/drop/acconeer/compilers/gcc-arm-none-eabi-7-2018-q2-update/bin/../lib/gcc/arm-none-eabi/7.3.1/../../../../arm-none-eabi/lib/thumb/v6-m/libm.a(lib_a-ef_log.o)
 .debug_frame   0x00000000000006a0       0x2c /mnt/c/Users/scat0009/drop/acconeer/compilers/gcc-arm-none-eabi-7-2018-q2-update/bin/../lib/gcc/arm-none-eabi/7.3.1/../../../../arm-none-eabi/lib/thumb/v6-m/libm.a(lib_a-s_copysign.o)
 .debug_frame   0x00000000000006cc       0x20 /mnt/c/Users/scat0009/drop/acconeer/compilers/gcc-arm-none-eabi-7-2018-q2-update/bin/../lib/gcc/arm-none-eabi/7.3.1/thumb/v6-m/libgcc.a(_udivsi3.o)
 .debug_frame   0x00000000000006ec       0x20 /mnt/c/Users/scat0009/drop/acconeer/compilers/gcc-arm-none-eabi-7-2018-q2-update/bin/../lib/gcc/arm-none-eabi/7.3.1/thumb/v6-m/libgcc.a(_divsi3.o)
 .debug_frame   0x000000000000070c       0x28 /mnt/c/Users/scat0009/drop/acconeer/compilers/gcc-arm-none-eabi-7-2018-q2-update/bin/../lib/gcc/arm-none-eabi/7.3.1/thumb/v6-m/libgcc.a(_fixunssfsi.o)
 .debug_frame   0x0000000000000734       0x3c /mnt/c/Users/scat0009/drop/acconeer/compilers/gcc-arm-none-eabi-7-2018-q2-update/bin/../lib/gcc/arm-none-eabi/7.3.1/thumb/v6-m/libgcc.a(_udivmoddi4.o)
 .debug_frame   0x0000000000000770       0x38 /mnt/c/Users/scat0009/drop/acconeer/compilers/gcc-arm-none-eabi-7-2018-q2-update/bin/../lib/gcc/arm-none-eabi/7.3.1/thumb/v6-m/libgcc.a(addsf3.o)
 .debug_frame   0x00000000000007a8       0x3c /mnt/c/Users/scat0009/drop/acconeer/compilers/gcc-arm-none-eabi-7-2018-q2-update/bin/../lib/gcc/arm-none-eabi/7.3.1/thumb/v6-m/libgcc.a(divsf3.o)
 .debug_frame   0x00000000000007e4       0x2c /mnt/c/Users/scat0009/drop/acconeer/compilers/gcc-arm-none-eabi-7-2018-q2-update/bin/../lib/gcc/arm-none-eabi/7.3.1/thumb/v6-m/libgcc.a(eqsf2.o)
 .debug_frame   0x0000000000000810       0x2c /mnt/c/Users/scat0009/drop/acconeer/compilers/gcc-arm-none-eabi-7-2018-q2-update/bin/../lib/gcc/arm-none-eabi/7.3.1/thumb/v6-m/libgcc.a(gesf2.o)
 .debug_frame   0x000000000000083c       0x2c /mnt/c/Users/scat0009/drop/acconeer/compilers/gcc-arm-none-eabi-7-2018-q2-update/bin/../lib/gcc/arm-none-eabi/7.3.1/thumb/v6-m/libgcc.a(lesf2.o)
 .debug_frame   0x0000000000000868       0x3c /mnt/c/Users/scat0009/drop/acconeer/compilers/gcc-arm-none-eabi-7-2018-q2-update/bin/../lib/gcc/arm-none-eabi/7.3.1/thumb/v6-m/libgcc.a(mulsf3.o)
 .debug_frame   0x00000000000008a4       0x38 /mnt/c/Users/scat0009/drop/acconeer/compilers/gcc-arm-none-eabi-7-2018-q2-update/bin/../lib/gcc/arm-none-eabi/7.3.1/thumb/v6-m/libgcc.a(subsf3.o)
 .debug_frame   0x00000000000008dc       0x20 /mnt/c/Users/scat0009/drop/acconeer/compilers/gcc-arm-none-eabi-7-2018-q2-update/bin/../lib/gcc/arm-none-eabi/7.3.1/thumb/v6-m/libgcc.a(unordsf2.o)
 .debug_frame   0x00000000000008fc       0x20 /mnt/c/Users/scat0009/drop/acconeer/compilers/gcc-arm-none-eabi-7-2018-q2-update/bin/../lib/gcc/arm-none-eabi/7.3.1/thumb/v6-m/libgcc.a(fixsfsi.o)
 .debug_frame   0x000000000000091c       0x2c /mnt/c/Users/scat0009/drop/acconeer/compilers/gcc-arm-none-eabi-7-2018-q2-update/bin/../lib/gcc/arm-none-eabi/7.3.1/thumb/v6-m/libgcc.a(floatsisf.o)
 .debug_frame   0x0000000000000948       0x2c /mnt/c/Users/scat0009/drop/acconeer/compilers/gcc-arm-none-eabi-7-2018-q2-update/bin/../lib/gcc/arm-none-eabi/7.3.1/thumb/v6-m/libgcc.a(floatunsisf.o)
 .debug_frame   0x0000000000000974       0x38 /mnt/c/Users/scat0009/drop/acconeer/compilers/gcc-arm-none-eabi-7-2018-q2-update/bin/../lib/gcc/arm-none-eabi/7.3.1/thumb/v6-m/libgcc.a(adddf3.o)
 .debug_frame   0x00000000000009ac       0x3c /mnt/c/Users/scat0009/drop/acconeer/compilers/gcc-arm-none-eabi-7-2018-q2-update/bin/../lib/gcc/arm-none-eabi/7.3.1/thumb/v6-m/libgcc.a(divdf3.o)
 .debug_frame   0x00000000000009e8       0x38 /mnt/c/Users/scat0009/drop/acconeer/compilers/gcc-arm-none-eabi-7-2018-q2-update/bin/../lib/gcc/arm-none-eabi/7.3.1/thumb/v6-m/libgcc.a(eqdf2.o)
 .debug_frame   0x0000000000000a20       0x38 /mnt/c/Users/scat0009/drop/acconeer/compilers/gcc-arm-none-eabi-7-2018-q2-update/bin/../lib/gcc/arm-none-eabi/7.3.1/thumb/v6-m/libgcc.a(gedf2.o)
 .debug_frame   0x0000000000000a58       0x38 /mnt/c/Users/scat0009/drop/acconeer/compilers/gcc-arm-none-eabi-7-2018-q2-update/bin/../lib/gcc/arm-none-eabi/7.3.1/thumb/v6-m/libgcc.a(ledf2.o)
 .debug_frame   0x0000000000000a90       0x3c /mnt/c/Users/scat0009/drop/acconeer/compilers/gcc-arm-none-eabi-7-2018-q2-update/bin/../lib/gcc/arm-none-eabi/7.3.1/thumb/v6-m/libgcc.a(muldf3.o)
 .debug_frame   0x0000000000000acc       0x3c /mnt/c/Users/scat0009/drop/acconeer/compilers/gcc-arm-none-eabi-7-2018-q2-update/bin/../lib/gcc/arm-none-eabi/7.3.1/thumb/v6-m/libgcc.a(subdf3.o)
 .debug_frame   0x0000000000000b08       0x2c /mnt/c/Users/scat0009/drop/acconeer/compilers/gcc-arm-none-eabi-7-2018-q2-update/bin/../lib/gcc/arm-none-eabi/7.3.1/thumb/v6-m/libgcc.a(unorddf2.o)
 .debug_frame   0x0000000000000b34       0x2c /mnt/c/Users/scat0009/drop/acconeer/compilers/gcc-arm-none-eabi-7-2018-q2-update/bin/../lib/gcc/arm-none-eabi/7.3.1/thumb/v6-m/libgcc.a(fixdfsi.o)
 .debug_frame   0x0000000000000b60       0x2c /mnt/c/Users/scat0009/drop/acconeer/compilers/gcc-arm-none-eabi-7-2018-q2-update/bin/../lib/gcc/arm-none-eabi/7.3.1/thumb/v6-m/libgcc.a(floatsidf.o)
 .debug_frame   0x0000000000000b8c       0x28 /mnt/c/Users/scat0009/drop/acconeer/compilers/gcc-arm-none-eabi-7-2018-q2-update/bin/../lib/gcc/arm-none-eabi/7.3.1/thumb/v6-m/libgcc.a(floatunsidf.o)
 .debug_frame   0x0000000000000bb4       0x2c /mnt/c/Users/scat0009/drop/acconeer/compilers/gcc-arm-none-eabi-7-2018-q2-update/bin/../lib/gcc/arm-none-eabi/7.3.1/thumb/v6-m/libgcc.a(extendsfdf2.o)
 .debug_frame   0x0000000000000be0       0x30 /mnt/c/Users/scat0009/drop/acconeer/compilers/gcc-arm-none-eabi-7-2018-q2-update/bin/../lib/gcc/arm-none-eabi/7.3.1/thumb/v6-m/libgcc.a(truncdfsf2.o)
 .debug_frame   0x0000000000000c10       0x40 /mnt/c/Users/scat0009/drop/acconeer/compilers/gcc-arm-none-eabi-7-2018-q2-update/bin/../lib/gcc/arm-none-eabi/7.3.1/../../../../arm-none-eabi/lib/thumb/v6-m/libc_nano.a(lib_a-malloc.o)
 .debug_frame   0x0000000000000c50       0x28 /mnt/c/Users/scat0009/drop/acconeer/compilers/gcc-arm-none-eabi-7-2018-q2-update/bin/../lib/gcc/arm-none-eabi/7.3.1/../../../../arm-none-eabi/lib/thumb/v6-m/libc_nano.a(lib_a-memcpy-stub.o)
 .debug_frame   0x0000000000000c78       0x28 /mnt/c/Users/scat0009/drop/acconeer/compilers/gcc-arm-none-eabi-7-2018-q2-update/bin/../lib/gcc/arm-none-eabi/7.3.1/../../../../arm-none-eabi/lib/thumb/v6-m/libc_nano.a(lib_a-memmove.o)
 .debug_frame   0x0000000000000ca0       0x2c /mnt/c/Users/scat0009/drop/acconeer/compilers/gcc-arm-none-eabi-7-2018-q2-update/bin/../lib/gcc/arm-none-eabi/7.3.1/../../../../arm-none-eabi/lib/thumb/v6-m/libc_nano.a(lib_a-nano-freer.o)
 .debug_frame   0x0000000000000ccc       0x2c /mnt/c/Users/scat0009/drop/acconeer/compilers/gcc-arm-none-eabi-7-2018-q2-update/bin/../lib/gcc/arm-none-eabi/7.3.1/../../../../arm-none-eabi/lib/thumb/v6-m/libc_nano.a(lib_a-nano-mallocr.o)
 .debug_frame   0x0000000000000cf8       0x2c /mnt/c/Users/scat0009/drop/acconeer/compilers/gcc-arm-none-eabi-7-2018-q2-update/bin/../lib/gcc/arm-none-eabi/7.3.1/../../../../arm-none-eabi/lib/thumb/v6-m/libc_nano.a(lib_a-sbrkr.o)
 .debug_frame   0x0000000000000d24       0x30 /mnt/c/Users/scat0009/drop/acconeer/compilers/gcc-arm-none-eabi-7-2018-q2-update/bin/../lib/gcc/arm-none-eabi/7.3.1/../../../../arm-none-eabi/lib/thumb/v6-m/libc_nano.a(lib_a-mlock.o)
 .debug_frame   0x0000000000000d54       0x48 /mnt/c/Users/scat0009/drop/acconeer/compilers/gcc-arm-none-eabi-7-2018-q2-update/bin/../lib/gcc/arm-none-eabi/7.3.1/../../../../arm-none-eabi/lib/thumb/v6-m/libc_nano.a(lib_a-reent.o)
