Archive member included to satisfy reference by file (symbol)

lib/libacconeer.a(acc_rss.o)  out/obj/reg_interface.o (symbol from plugin) (acc_rss_activate)
lib/libacconeer.a(acc_service_envelope.o)
                              out/obj/reg_interface.o (symbol from plugin) (acc_service_envelope_configuration_create)
lib/libacconeer.a(acc_service_manager.o)
                              acc_rss.o (symbol from plugin) (acc_service_manager_activate)
lib/libacconeer.a(acc_service_sparse.o)
                              out/obj/reg_interface.o (symbol from plugin) (acc_service_sparse_configuration_create)
lib/libacconeer.a(acc_service.o)
                              acc_service_envelope.o (symbol from plugin) (acc_service_get_base_configuration)
lib/libacconeer.a(acc_base_configuration.o)
                              acc_service.o (symbol from plugin) (acc_base_configuration_sensor_get)
lib/libacconeer.a(acc_rss_integration.o)
                              acc_rss.o (symbol from plugin) (concrete_hal)
lib/libacconeer.a(acc_pipeline_direct.o)
                              acc_service_sparse.o (symbol from plugin) (acc_pipeline_direct_assemble)
lib/libacconeer.a(acc_pipeline_envelope.o)
                              acc_service_envelope.o (symbol from plugin) (acc_pipeline_envelope_assemble)
lib/libacconeer.a(acc_radar_engine_linear.o)
                              acc_service_envelope.o (symbol from plugin) (acc_radar_engine_linear_create)
lib/libacconeer.a(acc_radar_engine_sparse.o)
                              acc_service_sparse.o (symbol from plugin) (acc_radar_engine_sparse_create)
lib/libacconeer.a(acc_radar_engine.o)
                              acc_radar_engine_linear.o (symbol from plugin) (acc_radar_engine_acquire_adc_data)
lib/libacconeer.a(acc_radar_engine_common_sweep_w_dly.o)
                              acc_radar_engine_linear.o (symbol from plugin) (acc_radar_engine_common_sweep_w_dly_initialize_range)
lib/libacconeer.a(acc_radar_engine_common.o)
                              acc_radar_engine_linear.o (symbol from plugin) (acc_radar_engine_common_get_timeout_ms)
lib/libacconeer.a(acc_sensor_comm_r2.o)
                              acc_radar_engine_linear.o (symbol from plugin) (acc_sensor_r2_get_max_header_length)
lib/libacconeer.a(acc_sensor_manager.o)
                              acc_rss.o (symbol from plugin) (acc_sensor_manager_activate)
lib/libacconeer.a(acc_sensor_protocol_r2.o)
                              acc_radar_engine_linear.o (symbol from plugin) (acc_sensor_protocol_r2_ack_event)
lib/libacconeer.a(acc_sweep_manager.o)
                              acc_sensor_manager.o (symbol from plugin) (acc_sweep_manager_prepare)
lib/libacconeer.a(acc_utils.o)
                              acc_rss_integration.o (symbol from plugin) (acc_utils_swap16_array)
lib/libacconeer.a(acc_alg_cca.o)
                              acc_radar_engine_linear.o (symbol from plugin) (acc_alg_cca_calculate)
lib/libacconeer.a(acc_assert.o)
                              acc_rss_integration.o (symbol from plugin) (acc_assert_fail)
lib/libacconeer.a(acc_element.o)
                              acc_pipeline_envelope.o (symbol from plugin) (acc_element_sizeof)
lib/libacconeer.a(acc_element_abs.o)
                              acc_pipeline_envelope.o (symbol from plugin) (acc_element_abs_init)
lib/libacconeer.a(acc_element_centering.o)
                              acc_pipeline_envelope.o (symbol from plugin) (acc_element_centering_init)
lib/libacconeer.a(acc_element_converter.o)
                              acc_pipeline_envelope.o (symbol from plugin) (acc_element_converter_init)
lib/libacconeer.a(acc_element_crop.o)
                              acc_pipeline_envelope.o (symbol from plugin) (acc_element_crop_init)
lib/libacconeer.a(acc_element_depth_domain_low_pass_filter.o)
                              acc_pipeline_envelope.o (symbol from plugin) (acc_element_depth_domain_low_pass_filter_init)
lib/libacconeer.a(acc_element_iq_mixer.o)
                              acc_pipeline_envelope.o (symbol from plugin) (acc_element_iq_mixer_init)
lib/libacconeer.a(acc_element_noise_level_normalization.o)
                              acc_pipeline_envelope.o (symbol from plugin) (acc_element_noise_level_normalization_init)
lib/libacconeer.a(acc_element_phase_compensation.o)
                              acc_pipeline_envelope.o (symbol from plugin) (acc_element_phase_compensation_init)
lib/libacconeer.a(acc_element_saturation_check.o)
                              acc_pipeline_direct.o (symbol from plugin) (acc_element_saturation_check_init)
lib/libacconeer.a(acc_element_time_domain_low_pass_filter.o)
                              acc_pipeline_envelope.o (symbol from plugin) (acc_element_time_domain_low_pass_filter_init)
lib/libacconeer.a(acc_element_sink_callback.o)
                              acc_pipeline_direct.o (symbol from plugin) (acc_element_sink_callback_init)
lib/libacconeer.a(acc_element_source_adc.o)
[...]
Memory Configuration

Name             Origin             Length             Attributes
RAM              0x0000000020000000 0x0000000000009000 xrw
FLASH            0x0000000008000000 0x0000000000020000 xr
*default*        0x0000000000000000 0xffffffffffffffff

Linker script and memory map

LOAD /mnt/c/Users/Stephen/Documents/Repositories/acconeer/compilers/gcc-arm-none-eabi-7-2018-q2-update/bin/../lib/gcc/arm-none-eabi/7.3.1/thumb/v6-m/crti.o
LOAD /mnt/c/Users/Stephen/Documents/Repositories/acconeer/compilers/gcc-arm-none-eabi-7-2018-q2-update/bin/../lib/gcc/arm-none-eabi/7.3.1/thumb/v6-m/crtbegin.o
LOAD /mnt/c/Users/Stephen/Documents/Repositories/acconeer/compilers/gcc-arm-none-eabi-7-2018-q2-update/bin/../lib/gcc/arm-none-eabi/7.3.1/../../../../arm-none-eabi/lib/thumb/v6-m/crt0.o
LOAD /tmp/ccRFn2Bb.ltrans0.ltrans.o
LOAD /tmp/ccRFn2Bb.ltrans1.ltrans.o
LOAD /tmp/ccRFn2Bb.ltrans2.ltrans.o
LOAD out/obj/syscalls.o
LOAD out/obj/startup_stm32g071xx.o
LOAD out/obj/sysmem.o
START GROUP
LOAD lib/libacc_detector_distance.a
LOAD lib/libacc_detector_presence.a
LOAD lib/libacc_rf_certification_test.a
LOAD lib/libacconeer.a
LOAD /mnt/c/Users/Stephen/Documents/Repositories/acconeer/compilers/gcc-arm-none-eabi-7-2018-q2-update/bin/../lib/gcc/arm-none-eabi/7.3.1/../../../../arm-none-eabi/lib/thumb/v6-m/libm.a
LOAD out/lib/libwrapprintf.a
LOAD out/lib/libstm32cube_fw_g0.a
END GROUP
START GROUP
LOAD /mnt/c/Users/Stephen/Documents/Repositories/acconeer/compilers/gcc-arm-none-eabi-7-2018-q2-update/bin/../lib/gcc/arm-none-eabi/7.3.1/thumb/v6-m/libgcc.a
LOAD /mnt/c/Users/Stephen/Documents/Repositories/acconeer/compilers/gcc-arm-none-eabi-7-2018-q2-update/bin/../lib/gcc/arm-none-eabi/7.3.1/../../../../arm-none-eabi/lib/thumb/v6-m/libg_nano.a
LOAD /mnt/c/Users/Stephen/Documents/Repositories/acconeer/compilers/gcc-arm-none-eabi-7-2018-q2-update/bin/../lib/gcc/arm-none-eabi/7.3.1/../../../../arm-none-eabi/lib/thumb/v6-m/libc_nano.a
END GROUP
START GROUP
LOAD /mnt/c/Users/Stephen/Documents/Repositories/acconeer/compilers/gcc-arm-none-eabi-7-2018-q2-update/bin/../lib/gcc/arm-none-eabi/7.3.1/thumb/v6-m/libgcc.a
LOAD /mnt/c/Users/Stephen/Documents/Repositories/acconeer/compilers/gcc-arm-none-eabi-7-2018-q2-update/bin/../lib/gcc/arm-none-eabi/7.3.1/../../../../arm-none-eabi/lib/thumb/v6-m/libc_nano.a
LOAD /mnt/c/Users/Stephen/Documents/Repositories/acconeer/compilers/gcc-arm-none-eabi-7-2018-q2-update/bin/../lib/gcc/arm-none-eabi/7.3.1/../../../../arm-none-eabi/lib/thumb/v6-m/libnosys.a
END GROUP
START GROUP
LOAD /mnt/c/Users/Stephen/Documents/Repositories/acconeer/compilers/gcc-arm-none-eabi-7-2018-q2-update/bin/../lib/gcc/arm-none-eabi/7.3.1/thumb/v6-m/libgcc.a
LOAD /mnt/c/Users/Stephen/Documents/Repositories/acconeer/compilers/gcc-arm-none-eabi-7-2018-q2-update/bin/../lib/gcc/arm-none-eabi/7.3.1/../../../../arm-none-eabi/lib/thumb/v6-m/libc_nano.a
LOAD /mnt/c/Users/Stephen/Documents/Repositories/acconeer/compilers/gcc-arm-none-eabi-7-2018-q2-update/bin/../lib/gcc/arm-none-eabi/7.3.1/../../../../arm-none-eabi/lib/thumb/v6-m/libnosys.a
END GROUP
LOAD /mnt/c/Users/Stephen/Documents/Repositories/acconeer/compilers/gcc-arm-none-eabi-7-2018-q2-update/bin/../lib/gcc/arm-none-eabi/7.3.1/thumb/v6-m/crtend.o
LOAD /mnt/c/Users/Stephen/Documents/Repositories/acconeer/compilers/gcc-arm-none-eabi-7-2018-q2-update/bin/../lib/gcc/arm-none-eabi/7.3.1/thumb/v6-m/crtn.o
                0x0000000020009000                _estack = 0x20009000
                0x0000000000000200                _Min_Heap_Size = 0x200
                0x0000000000001400                _Min_Stack_Size = 0x1400

.isr_vector     0x0000000008000000       0xbc
                0x0000000008000000                . = ALIGN (0x4)
 *(.isr_vector)
 .isr_vector    0x0000000008000000       0xbc out/obj/startup_stm32g071xx.o
                0x0000000008000000                g_pfnVectors
                0x00000000080000bc                . = ALIGN (0x4)

.text           0x00000000080000bc    0x15a1c
                0x00000000080000bc                . = ALIGN (0x4)
 *(.text)
 .text          0x00000000080000bc       0x48 /mnt/c/Users/Stephen/Documents/Repositories/acconeer/compilers/gcc-arm-none-eabi-7-2018-q2-update/bin/../lib/gcc/arm-none-eabi/7.3.1/thumb/v6-m/crtbegin.o
 .text          0x0000000008000104     0x4b5c /tmp/ccRFn2Bb.ltrans0.ltrans.o
                0x0000000008000424                RegInt_getreg
                0x0000000008002084                acc_base_configuration_asynchronous_measurement_get
                0x0000000008002096                acc_base_configuration_noise_level_normalization_get
                0x00000000080020a8                acc_base_configuration_downsampling_factor_get
                0x0000000008002af0                acc_base_configuration_sparse_sweeps_per_frame_get
                0x0000000008002c7c                acc_base_configuration_wg_duration_get
                0x0000000008002c92                acc_base_configuration_integrator_get
                0x0000000008002ca8                acc_base_configuration_update_rate_get
                0x0000000008002cd4                acc_base_configuration_repetition_mode_get
                0x0000000008002ce8                acc_base_configuration_hw_accelerated_average_samples_get
                0x0000000008002cfe                acc_base_configuration_decrease_tx_emission_get
                0x0000000008002d10                acc_base_configuration_tx_disable_get
                0x0000000008002d22                acc_base_configuration_power_save_mode_get
                0x0000000008002d36                acc_base_configuration_sensor_get
                0x0000000008002d4a                acc_service_handle_valid
                0x0000000008002d7c                acc_service_deactivate
                0x00000000080037a8                acc_service_activate
                0x00000000080039d4                HAL_UART_RxCpltCallback
                0x0000000008003a40                RegInt_setregf
                0x0000000008003c14                SystemInit
                0x0000000008003c24                USART1_IRQHandler
                0x0000000008003dd8                I2C1_IRQHandler
                0x0000000008003e6c                DMA1_Channel2_3_IRQHandler
                0x0000000008003e7c                DMA1_Channel1_IRQHandler
                0x0000000008003e8c                EXTI4_15_IRQHandler
                0x0000000008003e96                EXTI2_3_IRQHandler
                0x0000000008003ea0                RTC_TAMP_IRQHandler
                0x0000000008003f00                SysTick_Handler
                0x0000000008003f10                PendSV_Handler
                0x0000000008003f12                NMI_Handler
                0x0000000008003f14                SVC_Handler
                0x0000000008003f16                HardFault_Handler
 .text          0x0000000008004c60     0x520c /tmp/ccRFn2Bb.ltrans1.ltrans.o
                0x0000000008004c60                validate.lto_priv.270
                0x0000000008004cb4                event.lto_priv.283
                0x0000000008004cce                noise_level_normalization_u16.lto_priv.677
                0x0000000008004d38                validate.lto_priv.269
                0x0000000008004df0                event.lto_priv.282.lto_priv.672
                0x0000000008004e00                validate.lto_priv.268
                0x0000000008004e70                event.lto_priv.281.lto_priv.666
                0x0000000008004e80                filter_no_operation.lto_priv.180
                0x0000000008004e82                validate.lto_priv.267
                0x0000000008004ed8                event.lto_priv.280
                0x0000000008004ee8                validate.lto_priv.266
                0x0000000008004f3c                convert_q12_4_to_q3_12_complex.lto_priv.655
                0x0000000008004f64                convert_q12_4_to_q3_12.lto_priv.657
                0x0000000008004f88                convert_q12_4_to_q15_16.lto_priv.658
                0x0000000008004fa2                convert_q3_12_complex_to_f32_complex.lto_priv.654
                0x0000000008005002                convert_q15_16_to_f32.lto_priv.656
                0x000000000800504e                convert_q3_12_to_u16.lto_priv.659
                0x000000000800506a                validate.lto_priv.265
                0x00000000080050c0                event.lto_priv.278
                0x00000000080050d8                validate.lto_priv.264
                0x000000000800512c                reset.lto_priv.175.lto_priv.262
                0x0000000008005136                reset.lto_priv.276.lto_priv.676
                0x000000000800513e                reset.lto_priv.275.lto_priv.673
                0x0000000008005146                reset.lto_priv.274.lto_priv.667
                0x000000000800514e                reset.lto_priv.273.lto_priv.668
                0x0000000008005156                reset.lto_priv.272.lto_priv.653
                0x000000000800515e                reset.lto_priv.271.lto_priv.678
                0x0000000008005166                event.lto_priv.277.lto_priv.660
                0x0000000008005180                event.lto_priv.279.lto_priv.652
                0x00000000080051dc                abs_q3_12_complex.lto_priv.661
                0x0000000008005210                iq_mix_q3_12_complex.lto_priv.675
                0x00000000080052ca                iq_mix_q3_12.lto_priv.674
                0x000000000800535e                filter_q3_12_complex.lto_priv.664
                0x00000000080053b0                centering_q12_4.lto_priv.679
                0x0000000008005744                acc_sensor_protocol_r2_ack_event
                0x000000000800594a                acc_radar_engine_sparse_create
                0x000000000800599c                acc_radar_engine_linear_create
                0x0000000008005bf0                inject_data.lto_priv.327.lto_priv.649
                0x0000000008005bfa                inject_data.lto_priv.326.lto_priv.633
                0x0000000008005c04                produce.lto_priv.329.lto_priv.648
                0x0000000008005c2e                produce.lto_priv.328.lto_priv.632
                0x0000000008005c56                acc_assert_fail
                0x0000000008005c78                do_phase_compensation_q3_12.lto_priv.263
                0x0000000008005f6c                acc_sensor_protocol_r2_wait_for_specific_event
                0x0000000008005fcc                acc_sensor_protocol_r2_is_sensor_running
                0x0000000008005fe6                acc_sensor_protocol_r2_run_program
                0x00000000080062b0                acc_sensor_manager_hibernate_enter.lto_priv.260
                0x00000000080062e8                acc_rss_integration_mem_free
                0x0000000008006320                disassemble.lto_priv.325.lto_priv.650
                0x0000000008006348                disassemble.lto_priv.324.lto_priv.634
                0x0000000008006370                acc_rss_integration_mem_alloc_debug
                0x0000000008006394                acc_rss_integration_sensor_device_transfer
                0x00000000080063d0                acc_sensor_r2_load_confmem
                0x0000000008006444                acc_rss_integration_sensor_device_power_off
                0x0000000008006454                acc_sensor_manager_power_on_and_start_sensor.lto_priv.261
                0x00000000080064a0                acc_rss_integration_get_sensor_reference_frequency
                0x00000000080067f0                acc_base_configuration_check.part.6
                0x00000000080068f0                configuration_is_valid.lto_priv.681
                0x0000000008006924                acc_sensor_manager_prepare_measurement
                0x0000000008006b0c                acc_sensor_manager_prepare_radar_engine
                0x00000000080080b0                acc_base_configuration_print.part.5
                0x0000000008009e3c                acc_sensor_r2_conf_write_instr
 .text          0x0000000008009e6c     0x45c0 /tmp/ccRFn2Bb.ltrans2.ltrans.o
                0x000000000800a08c                UART_DMAAbortOnError.lto_priv.680
                0x000000000800a2b8                validate.lto_priv.174
                0x000000000800a320                reset.lto_priv.179.lto_priv.640
                0x000000000800a322                consume.lto_priv.639
                0x000000000800a338                validate.lto_priv.173
                0x000000000800a39c                reset.lto_priv.178
                0x000000000800a3ac                filter_q3_12_complex.lto_priv.665
                0x000000000800a432                validate.lto_priv.172
                0x000000000800a488                event.lto_priv.184
                0x000000000800a4a4                saturation_check_i16.lto_priv.643
                0x000000000800a500                validate.lto_priv.171
                0x000000000800a570                event.lto_priv.183.lto_priv.669
                0x000000000800a7e0                event.lto_priv.185
                0x000000000800a812                reset.lto_priv.177.lto_priv.641
                0x000000000800a81a                reset.lto_priv.176.lto_priv.670
                0x000000000800a822                phase_compensate_q3_12_complex.lto_priv.671
                0x000000000800a836                SPI_WaitFlagStateUntilTimeout.part.0.constprop.170
                0x000000000800a8a0                HAL_RTCEx_DeactivateWakeUpTimer.constprop.161
                0x000000000800a920                HAL_RTCEx_SetWakeUpTimer_IT.constprop.160
                0x000000000800a9e0                acc_integration_sleep_us.constprop.158
                0x000000000800aa24                HAL_GPIO_DeInit.constprop.155
                0x000000000800ab10                HAL_UART_Transmit_IT.constprop.132
                0x000000000800abd4                RTC_ExitInitMode.constprop.119
                0x000000000800ac24                RTC_EnterInitMode.constprop.118
                0x000000000800ac6c                FLASH_WaitForLastOperation.constprop.105
                0x000000000800acec                HAL_UART_Receive_IT.constprop.93
                0x000000000800ae10                add_data.constprop.90
                0x000000000800ae64                mult_accumulant.constprop.89
                0x000000000800aec0                add_accumulant.constprop.88
                0x000000000800af1c                set_accumulant.constprop.87
                0x000000000800af5c                acc_service_get_next.constprop.80
                0x000000000800b028                Reg_regor.constprop.76
                0x000000000800b044                acc_rss_integration_mem_calloc_debug.constprop.75
                0x000000000800b05c                internal_buffer_processed_read.constprop.30
                0x000000000800b104                acc_sensor_reg_write
                0x000000000800b11e                acc_diagnostic_log_data_i16.constprop.20
                0x000000000800b120                acc_confprogram_live_patch.constprop.16
                0x000000000800b27c                get_dt.constprop.10
                0x000000000800b2b4                points_to_meter.constprop.9
                0x000000000800b2e0                UARTEx_SetNbDataToProcess.lto_priv.684
                0x000000000800b348                HAL_UARTEx_DisableFifoMode
                0x000000000800b380                HAL_UART_Transmit
                0x000000000800b46c                RTC_ByteToBcd2
                0x000000000800b482                HAL_RTC_SetAlarm_IT.constprop.142
                0x000000000800b5d4                HAL_InitTick
                0x000000000800b630                HAL_DMA_DeInit.part.1
                0x000000000800b6b4                HAL_DMA_IRQHandler
                0x000000000800b760                HAL_DMA_Abort_IT
                0x000000000800b7dc                I2C_ITError.lto_priv.685
                0x000000000800bb30                HAL_RCC_GetSysClockFreq
                0x000000000800bbc4                HAL_GPIO_EXTI_IRQHandler
                0x000000000800bbdc                HAL_GPIO_Init
                0x000000000800bda0                HAL_UART_Init.constprop.107
                0x000000000800c944                biquad_q3_12_complex_direct_form_1.lto_priv.626
                0x000000000800ca4c                acc_confprogram_copy
                0x000000000800ca4c                acc_utils_uint32_to_transfer_buffer
                0x000000000800cadc                acc_confprogram_patch_offset
                0x000000000800cc30                acc_diagnostic_log_data_u16
                0x000000000800cc32                acc_diagnostic_log_scalar
                0x000000000800cc34                acc_diagnostic_log_array
                0x000000000800cc36                acc_diagnostic_log_set_parameter
                0x000000000800cc38                acc_diagnostic_log_declare_parameter
                0x000000000800cc3a                acc_diagnostic_log_set_scope
                0x000000000800cc3c                accumulator_mod.lto_priv.625
                0x000000000800cc78                acc_alg_basic_saturation_check_u16
                0x000000000800ccd4                saturation_check_u16.lto_priv.642
                0x000000000800ccdc                eval_even_poly_f32.lto_priv.683
                0x000000000800cd0e                quarter_pi_cos_sin_f32.lto_priv.682
                0x000000000800cd54                acc_alg_basic_math_q3_12_sin
                0x000000000800cd80                acc_alg_basic_math_q3_12_complex_scalar_abs
                0x000000000800cde8                internal_reg_read.lto_priv.627
                0x000000000800ce36                acc_sensor_diagnostics_r2_sensor_status
                0x000000000800d270                acc_sensor_protocol_r2_wait_for_event.constprop.27
                0x000000000800d3d4                acc_sensor_protocol_r2_stop.constprop.25
                0x000000000800d460                acc_sensor_protocol_r2_prepare_load.constprop.21
                0x000000000800d55c                acc_cpd_linear_sweep_get_info
                0x000000000800d588                acc_cpd_linear_sweep_update_program
                0x000000000800d5dc                acc_probes_execute
                0x000000000800d5f8                acc_cpd_linear_sweep_load_program
                0x000000000800df08                acc_probes_execute_primitive_probe
                0x000000000800df20                acc_probes_execute_uint16
                0x000000000800df3e                acc_cpd_cbank_and_vana_calibration
                0x000000000800e27c                acc_element_source_adc_inject_data
                0x000000000800e2a4                acc_element_source_adc_produce
 .text          0x000000000800e42c      0x334 /mnt/c/Users/Stephen/Documents/Repositories/acconeer/compilers/gcc-arm-none-eabi-7-2018-q2-update/bin/../lib/gcc/arm-none-eabi/7.3.1/thumb/v6-m/libgcc.a(addsf3.o)
                0x000000000800e42c                __aeabi_fadd
 .text          0x000000000800e760      0x224 /mnt/c/Users/Stephen/Documents/Repositories/acconeer/compilers/gcc-arm-none-eabi-7-2018-q2-update/bin/../lib/gcc/arm-none-eabi/7.3.1/thumb/v6-m/libgcc.a(divsf3.o)
                0x000000000800e760                __aeabi_fdiv
 .text          0x000000000800e984      0x264 /mnt/c/Users/Stephen/Documents/Repositories/acconeer/compilers/gcc-arm-none-eabi-7-2018-q2-update/bin/../lib/gcc/arm-none-eabi/7.3.1/thumb/v6-m/libgcc.a(mulsf3.o)
                0x000000000800e984                __aeabi_fmul
 .text          0x000000000800ebe8      0x388 /mnt/c/Users/Stephen/Documents/Repositories/acconeer/compilers/gcc-arm-none-eabi-7-2018-q2-update/bin/../lib/gcc/arm-none-eabi/7.3.1/thumb/v6-m/libgcc.a(subsf3.o)
                0x000000000800ebe8                __aeabi_fsub
 .text          0x000000000800ef70       0x3c /mnt/c/Users/Stephen/Documents/Repositories/acconeer/compilers/gcc-arm-none-eabi-7-2018-q2-update/bin/../lib/gcc/arm-none-eabi/7.3.1/thumb/v6-m/libgcc.a(_clzsi2.o)
                0x000000000800ef70                __clzsi2
 .text          0x000000000800efac       0x14 /mnt/c/Users/Stephen/Documents/Repositories/acconeer/compilers/gcc-arm-none-eabi-7-2018-q2-update/bin/../lib/gcc/arm-none-eabi/7.3.1/thumb/v6-m/libgcc.a(_thumb1_case_sqi.o)
                0x000000000800efac                __gnu_thumb1_case_sqi
 .text          0x000000000800efc0       0x14 /mnt/c/Users/Stephen/Documents/Repositories/acconeer/compilers/gcc-arm-none-eabi-7-2018-q2-update/bin/../lib/gcc/arm-none-eabi/7.3.1/thumb/v6-m/libgcc.a(_thumb1_case_uqi.o)
                0x000000000800efc0                __gnu_thumb1_case_uqi
 .text          0x000000000800efd4       0x14 /mnt/c/Users/Stephen/Documents/Repositories/acconeer/compilers/gcc-arm-none-eabi-7-2018-q2-update/bin/../lib/gcc/arm-none-eabi/7.3.1/thumb/v6-m/libgcc.a(_thumb1_case_uhi.o)
                0x000000000800efd4                __gnu_thumb1_case_uhi
 .text          0x000000000800efe8      0x114 /mnt/c/Users/Stephen/Documents/Repositories/acconeer/compilers/gcc-arm-none-eabi-7-2018-q2-update/bin/../lib/gcc/arm-none-eabi/7.3.1/thumb/v6-m/libgcc.a(_udivsi3.o)
                0x000000000800efe8                __udivsi3
                0x000000000800efe8                __aeabi_uidiv
                0x000000000800f0f4                __aeabi_uidivmod
 .text          0x000000000800f0fc      0x1d4 /mnt/c/Users/Stephen/Documents/Repositories/acconeer/compilers/gcc-arm-none-eabi-7-2018-q2-update/bin/../lib/gcc/arm-none-eabi/7.3.1/thumb/v6-m/libgcc.a(_divsi3.o)
                0x000000000800f0fc                __aeabi_idiv
                0x000000000800f0fc                __divsi3
                0x000000000800f2c8                __aeabi_idivmod
 .text          0x000000000800f2d0        0x4 /mnt/c/Users/Stephen/Documents/Repositories/acconeer/compilers/gcc-arm-none-eabi-7-2018-q2-update/bin/../lib/gcc/arm-none-eabi/7.3.1/thumb/v6-m/libgcc.a(_dvmd_tls.o)
                0x000000000800f2d0                __aeabi_ldiv0
                0x000000000800f2d0                __aeabi_idiv0
 .text          0x000000000800f2d4       0x7c /mnt/c/Users/Stephen/Documents/Repositories/acconeer/compilers/gcc-arm-none-eabi-7-2018-q2-update/bin/../lib/gcc/arm-none-eabi/7.3.1/thumb/v6-m/libgcc.a(_arm_cmpdf2.o)
                0x000000000800f2d4                __aeabi_cdrcmple
                0x000000000800f2e4                __aeabi_cdcmple
                0x000000000800f2e4                __aeabi_cdcmpeq
                0x000000000800f2f4                __aeabi_dcmpeq
                0x000000000800f300                __aeabi_dcmplt
                0x000000000800f314                __aeabi_dcmple
                0x000000000800f328                __aeabi_dcmpgt
                0x000000000800f33c                __aeabi_dcmpge
 .text          0x000000000800f350       0x74 /mnt/c/Users/Stephen/Documents/Repositories/acconeer/compilers/gcc-arm-none-eabi-7-2018-q2-update/bin/../lib/gcc/arm-none-eabi/7.3.1/thumb/v6-m/libgcc.a(_arm_cmpsf2.o)
                0x000000000800f350                __aeabi_cfrcmple
                0x000000000800f358                __aeabi_cfcmple
                0x000000000800f358                __aeabi_cfcmpeq
                0x000000000800f368                __aeabi_fcmpeq
                0x000000000800f374                __aeabi_fcmplt
                0x000000000800f388                __aeabi_fcmple
                0x000000000800f39c                __aeabi_fcmpgt
                0x000000000800f3b0                __aeabi_fcmpge
 .text          0x000000000800f3c4       0x40 /mnt/c/Users/Stephen/Documents/Repositories/acconeer/compilers/gcc-arm-none-eabi-7-2018-q2-update/bin/../lib/gcc/arm-none-eabi/7.3.1/thumb/v6-m/libgcc.a(_aeabi_uldivmod.o)
                0x000000000800f3c4                __aeabi_uldivmod
 .text          0x000000000800f404       0x30 /mnt/c/Users/Stephen/Documents/Repositories/acconeer/compilers/gcc-arm-none-eabi-7-2018-q2-update/bin/../lib/gcc/arm-none-eabi/7.3.1/thumb/v6-m/libgcc.a(_fixunssfsi.o)
                0x000000000800f404                __aeabi_f2uiz
                0x000000000800f404                __fixunssfsi
 .text          0x000000000800f434       0x3c /mnt/c/Users/Stephen/Documents/Repositories/acconeer/compilers/gcc-arm-none-eabi-7-2018-q2-update/bin/../lib/gcc/arm-none-eabi/7.3.1/thumb/v6-m/libgcc.a(_fixunsdfsi.o)
                0x000000000800f434                __fixunsdfsi
                0x000000000800f434                __aeabi_d2uiz
 .text          0x000000000800f470      0x184 /mnt/c/Users/Stephen/Documents/Repositories/acconeer/compilers/gcc-arm-none-eabi-7-2018-q2-update/bin/../lib/gcc/arm-none-eabi/7.3.1/thumb/v6-m/libgcc.a(_udivmoddi4.o)
                0x000000000800f470                __udivmoddi4
 .text          0x000000000800f5f4       0x50 /mnt/c/Users/Stephen/Documents/Repositories/acconeer/compilers/gcc-arm-none-eabi-7-2018-q2-update/bin/../lib/gcc/arm-none-eabi/7.3.1/thumb/v6-m/libgcc.a(eqsf2.o)
                0x000000000800f5f4                __nesf2
                0x000000000800f5f4                __eqsf2
 .text          0x000000000800f644       0x9c /mnt/c/Users/Stephen/Documents/Repositories/acconeer/compilers/gcc-arm-none-eabi-7-2018-q2-update/bin/../lib/gcc/arm-none-eabi/7.3.1/thumb/v6-m/libgcc.a(gesf2.o)
                0x000000000800f644                __gtsf2
                0x000000000800f644                __gesf2
 .text          0x000000000800f6e0       0xa0 /mnt/c/Users/Stephen/Documents/Repositories/acconeer/compilers/gcc-arm-none-eabi-7-2018-q2-update/bin/../lib/gcc/arm-none-eabi/7.3.1/thumb/v6-m/libgcc.a(lesf2.o)
                0x000000000800f6e0                __lesf2
                0x000000000800f6e0                __ltsf2
 .text          0x000000000800f780       0x2c /mnt/c/Users/Stephen/Documents/Repositories/acconeer/compilers/gcc-arm-none-eabi-7-2018-q2-update/bin/../lib/gcc/arm-none-eabi/7.3.1/thumb/v6-m/libgcc.a(unordsf2.o)
                0x000000000800f780                __aeabi_fcmpun
 .text          0x000000000800f7ac       0x40 /mnt/c/Users/Stephen/Documents/Repositories/acconeer/compilers/gcc-arm-none-eabi-7-2018-q2-update/bin/../lib/gcc/arm-none-eabi/7.3.1/thumb/v6-m/libgcc.a(fixsfsi.o)
                0x000000000800f7ac                __aeabi_f2iz
 .text          0x000000000800f7ec       0x94 /mnt/c/Users/Stephen/Documents/Repositories/acconeer/compilers/gcc-arm-none-eabi-7-2018-q2-update/bin/../lib/gcc/arm-none-eabi/7.3.1/thumb/v6-m/libgcc.a(floatsisf.o)
                0x000000000800f7ec                __aeabi_i2f
 .text          0x000000000800f880       0x80 /mnt/c/Users/Stephen/Documents/Repositories/acconeer/compilers/gcc-arm-none-eabi-7-2018-q2-update/bin/../lib/gcc/arm-none-eabi/7.3.1/thumb/v6-m/libgcc.a(floatunsisf.o)
                0x000000000800f880                __aeabi_ui2f
 .text          0x000000000800f900      0x638 /mnt/c/Users/Stephen/Documents/Repositories/acconeer/compilers/gcc-arm-none-eabi-7-2018-q2-update/bin/../lib/gcc/arm-none-eabi/7.3.1/thumb/v6-m/libgcc.a(adddf3.o)
                0x000000000800f900                __aeabi_dadd
 .text          0x000000000800ff38      0x604 /mnt/c/Users/Stephen/Documents/Repositories/acconeer/compilers/gcc-arm-none-eabi-7-2018-q2-update/bin/../lib/gcc/arm-none-eabi/7.3.1/thumb/v6-m/libgcc.a(divdf3.o)
                0x000000000800ff38                __aeabi_ddiv
 .text          0x000000000801053c       0x78 /mnt/c/Users/Stephen/Documents/Repositories/acconeer/compilers/gcc-arm-none-eabi-7-2018-q2-update/bin/../lib/gcc/arm-none-eabi/7.3.1/thumb/v6-m/libgcc.a(eqdf2.o)
                0x000000000801053c                __eqdf2
                0x000000000801053c                __nedf2
 .text          0x00000000080105b4       0xc8 /mnt/c/Users/Stephen/Documents/Repositories/acconeer/compilers/gcc-arm-none-eabi-7-2018-q2-update/bin/../lib/gcc/arm-none-eabi/7.3.1/thumb/v6-m/libgcc.a(gedf2.o)
                0x00000000080105b4                __gtdf2
                0x00000000080105b4                __gedf2
 .text          0x000000000801067c       0xd0 /mnt/c/Users/Stephen/Documents/Repositories/acconeer/compilers/gcc-arm-none-eabi-7-2018-q2-update/bin/../lib/gcc/arm-none-eabi/7.3.1/thumb/v6-m/libgcc.a(ledf2.o)
                0x000000000801067c                __ltdf2
                0x000000000801067c                __ledf2
 .text          0x000000000801074c      0x4e4 /mnt/c/Users/Stephen/Documents/Repositories/acconeer/compilers/gcc-arm-none-eabi-7-2018-q2-update/bin/../lib/gcc/arm-none-eabi/7.3.1/thumb/v6-m/libgcc.a(muldf3.o)
                0x000000000801074c                __aeabi_dmul
 .text          0x0000000008010c30      0x690 /mnt/c/Users/Stephen/Documents/Repositories/acconeer/compilers/gcc-arm-none-eabi-7-2018-q2-update/bin/../lib/gcc/arm-none-eabi/7.3.1/thumb/v6-m/libgcc.a(subdf3.o)
                0x0000000008010c30                __aeabi_dsub
 .text          0x00000000080112c0       0x38 /mnt/c/Users/Stephen/Documents/Repositories/acconeer/compilers/gcc-arm-none-eabi-7-2018-q2-update/bin/../lib/gcc/arm-none-eabi/7.3.1/thumb/v6-m/libgcc.a(unorddf2.o)
                0x00000000080112c0                __aeabi_dcmpun
 .text          0x00000000080112f8       0x6c /mnt/c/Users/Stephen/Documents/Repositories/acconeer/compilers/gcc-arm-none-eabi-7-2018-q2-update/bin/../lib/gcc/arm-none-eabi/7.3.1/thumb/v6-m/libgcc.a(fixdfsi.o)
                0x00000000080112f8                __aeabi_d2iz
 .text          0x0000000008011364       0x74 /mnt/c/Users/Stephen/Documents/Repositories/acconeer/compilers/gcc-arm-none-eabi-7-2018-q2-update/bin/../lib/gcc/arm-none-eabi/7.3.1/thumb/v6-m/libgcc.a(floatsidf.o)
                0x0000000008011364                __aeabi_i2d
 .text          0x00000000080113d8       0x64 /mnt/c/Users/Stephen/Documents/Repositories/acconeer/compilers/gcc-arm-none-eabi-7-2018-q2-update/bin/../lib/gcc/arm-none-eabi/7.3.1/thumb/v6-m/libgcc.a(floatunsidf.o)
                0x00000000080113d8                __aeabi_ui2d
 .text          0x000000000801143c       0xa4 /mnt/c/Users/Stephen/Documents/Repositories/acconeer/compilers/gcc-arm-none-eabi-7-2018-q2-update/bin/../lib/gcc/arm-none-eabi/7.3.1/thumb/v6-m/libgcc.a(extendsfdf2.o)
                0x000000000801143c                __aeabi_f2d
 .text          0x00000000080114e0      0x108 /mnt/c/Users/Stephen/Documents/Repositories/acconeer/compilers/gcc-arm-none-eabi-7-2018-q2-update/bin/../lib/gcc/arm-none-eabi/7.3.1/thumb/v6-m/libgcc.a(truncdfsf2.o)
                0x00000000080114e0                __aeabi_d2f
 .text          0x00000000080115e8       0x18 /mnt/c/Users/Stephen/Documents/Repositories/acconeer/compilers/gcc-arm-none-eabi-7-2018-q2-update/bin/../lib/gcc/arm-none-eabi/7.3.1/thumb/v6-m/libgcc.a(_clzdi2.o)
                0x00000000080115e8                __clzdi2
 .text          0x0000000008011600        0xe /mnt/c/Users/Stephen/Documents/Repositories/acconeer/compilers/gcc-arm-none-eabi-7-2018-q2-update/bin/../lib/gcc/arm-none-eabi/7.3.1/../../../../arm-none-eabi/lib/thumb/v6-m/libg_nano.a(lib_a-strlen.o)
                0x0000000008011600                strlen
 *(.text*)
 *fill*         0x000000000801160e        0x2 
 .text.unlikely
                0x0000000008011610      0xdb4 /tmp/ccRFn2Bb.ltrans0.ltrans.o
 .text.startup  0x00000000080123c4      0x984 /tmp/ccRFn2Bb.ltrans0.ltrans.o
                0x00000000080123c4                main
 .text._write   0x0000000008012d48       0x1c out/obj/syscalls.o
                0x0000000008012d48                _write
 .text.Reset_Handler
                0x0000000008012d64       0x50 out/obj/startup_stm32g071xx.o
                0x0000000008012d64                Reset_Handler
 .text.Default_Handler
                0x0000000008012db4        0x2 out/obj/startup_stm32g071xx.o
                0x0000000008012db4                USART3_4_LPUART1_IRQHandler
                0x0000000008012db4                TIM1_CC_IRQHandler
                0x0000000008012db4                ADC1_COMP_IRQHandler
                0x0000000008012db4                PVD_IRQHandler
                0x0000000008012db4                TIM7_LPTIM2_IRQHandler
                0x0000000008012db4                SPI1_IRQHandler
                0x0000000008012db4                I2C2_IRQHandler
                0x0000000008012db4                TIM17_IRQHandler
                0x0000000008012db4                TIM16_IRQHandler
                0x0000000008012db4                TIM3_IRQHandler
                0x0000000008012db4                RCC_IRQHandler
                0x0000000008012db4                Default_Handler
                0x0000000008012db4                CEC_IRQHandler
                0x0000000008012db4                TIM14_IRQHandler
                0x0000000008012db4                TIM15_IRQHandler
                0x0000000008012db4                EXTI0_1_IRQHandler
                0x0000000008012db4                SPI2_IRQHandler
                0x0000000008012db4                TIM6_DAC_LPTIM1_IRQHandler
                0x0000000008012db4                WWDG_IRQHandler
                0x0000000008012db4                TIM2_IRQHandler
                0x0000000008012db4                DMA1_Ch4_7_DMAMUX1_OVR_IRQHandler
                0x0000000008012db4                UCPD1_2_IRQHandler
                0x0000000008012db4                USART2_IRQHandler
                0x0000000008012db4                FLASH_IRQHandler
                0x0000000008012db4                TIM1_BRK_UP_TRG_COM_IRQHandler
 *fill*         0x0000000008012db6        0x2 
 .text._sbrk    0x0000000008012db8       0x40 out/obj/sysmem.o
                0x0000000008012db8                _sbrk
 .text.__ieee754_sqrtf
                0x0000000008012df8       0xb4 /mnt/c/Users/Stephen/Documents/Repositories/acconeer/compilers/gcc-arm-none-eabi-7-2018-q2-update/bin/../lib/gcc/arm-none-eabi/7.3.1/../../../../arm-none-eabi/lib/thumb/v6-m/libm.a(lib_a-ef_sqrt.o)
                0x0000000008012df8                __ieee754_sqrtf
 .text.__errno  0x0000000008012eac        0xc /mnt/c/Users/Stephen/Documents/Repositories/acconeer/compilers/gcc-arm-none-eabi-7-2018-q2-update/bin/../lib/gcc/arm-none-eabi/7.3.1/../../../../arm-none-eabi/lib/thumb/v6-m/libg_nano.a(lib_a-errno.o)
                0x0000000008012eac                __errno
 .text.__sflush_r
                0x0000000008012eb8      0x114 /mnt/c/Users/Stephen/Documents/Repositories/acconeer/compilers/gcc-arm-none-eabi-7-2018-q2-update/bin/../lib/gcc/arm-none-eabi/7.3.1/../../../../arm-none-eabi/lib/thumb/v6-m/libg_nano.a(lib_a-fflush.o)
                0x0000000008012eb8                __sflush_r
 .text._fflush_r
                0x0000000008012fcc       0x58 /mnt/c/Users/Stephen/Documents/Repositories/acconeer/compilers/gcc-arm-none-eabi-7-2018-q2-update/bin/../lib/gcc/arm-none-eabi/7.3.1/../../../../arm-none-eabi/lib/thumb/v6-m/libg_nano.a(lib_a-fflush.o)
                0x0000000008012fcc                _fflush_r
 .text.fflush   0x0000000008013024       0x28 /mnt/c/Users/Stephen/Documents/Repositories/acconeer/compilers/gcc-arm-none-eabi-7-2018-q2-update/bin/../lib/gcc/arm-none-eabi/7.3.1/../../../../arm-none-eabi/lib/thumb/v6-m/libg_nano.a(lib_a-fflush.o)
                0x0000000008013024                fflush
 .text.std      0x000000000801304c       0x48 /mnt/c/Users/Stephen/Documents/Repositories/acconeer/compilers/gcc-arm-none-eabi-7-2018-q2-update/bin/../lib/gcc/arm-none-eabi/7.3.1/../../../../arm-none-eabi/lib/thumb/v6-m/libg_nano.a(lib_a-findfp.o)
 .text._cleanup_r
                0x0000000008013094       0x10 /mnt/c/Users/Stephen/Documents/Repositories/acconeer/compilers/gcc-arm-none-eabi-7-2018-q2-update/bin/../lib/gcc/arm-none-eabi/7.3.1/../../../../arm-none-eabi/lib/thumb/v6-m/libg_nano.a(lib_a-findfp.o)
                0x0000000008013094                _cleanup_r
 .text.__sfmoreglue
                0x00000000080130a4       0x2c /mnt/c/Users/Stephen/Documents/Repositories/acconeer/compilers/gcc-arm-none-eabi-7-2018-q2-update/bin/../lib/gcc/arm-none-eabi/7.3.1/../../../../arm-none-eabi/lib/thumb/v6-m/libg_nano.a(lib_a-findfp.o)
                0x00000000080130a4                __sfmoreglue
 .text.__sinit  0x00000000080130d0       0x68 /mnt/c/Users/Stephen/Documents/Repositories/acconeer/compilers/gcc-arm-none-eabi-7-2018-q2-update/bin/../lib/gcc/arm-none-eabi/7.3.1/../../../../arm-none-eabi/lib/thumb/v6-m/libg_nano.a(lib_a-findfp.o)
                0x00000000080130d0                __sinit
 .text.__sfp    0x0000000008013138       0x7c /mnt/c/Users/Stephen/Documents/Repositories/acconeer/compilers/gcc-arm-none-eabi-7-2018-q2-update/bin/../lib/gcc/arm-none-eabi/7.3.1/../../../../arm-none-eabi/lib/thumb/v6-m/libg_nano.a(lib_a-findfp.o)
                0x0000000008013138                __sfp
 .text._fwalk_reent
                0x00000000080131b4       0x42 /mnt/c/Users/Stephen/Documents/Repositories/acconeer/compilers/gcc-arm-none-eabi-7-2018-q2-update/bin/../lib/gcc/arm-none-eabi/7.3.1/../../../../arm-none-eabi/lib/thumb/v6-m/libg_nano.a(lib_a-fwalk.o)
                0x00000000080131b4                _fwalk_reent
 *fill*         0x00000000080131f6        0x2 
 .text.__libc_init_array
                0x00000000080131f8       0x48 /mnt/c/Users/Stephen/Documents/Repositories/acconeer/compilers/gcc-arm-none-eabi-7-2018-q2-update/bin/../lib/gcc/arm-none-eabi/7.3.1/../../../../arm-none-eabi/lib/thumb/v6-m/libg_nano.a(lib_a-init.o)
                0x00000000080131f8                __libc_init_array
 .text.memset   0x0000000008013240       0x10 /mnt/c/Users/Stephen/Documents/Repositories/acconeer/compilers/gcc-arm-none-eabi-7-2018-q2-update/bin/../lib/gcc/arm-none-eabi/7.3.1/../../../../arm-none-eabi/lib/thumb/v6-m/libg_nano.a(lib_a-memset.o)
                0x0000000008013240                memset
 .text._free_r  0x0000000008013250       0x94 /mnt/c/Users/Stephen/Documents/Repositories/acconeer/compilers/gcc-arm-none-eabi-7-2018-q2-update/bin/../lib/gcc/arm-none-eabi/7.3.1/../../../../arm-none-eabi/lib/thumb/v6-m/libg_nano.a(lib_a-nano-freer.o)
                0x0000000008013250                _free_r
 .text._malloc_r
                0x00000000080132e4       0xbc /mnt/c/Users/Stephen/Documents/Repositories/acconeer/compilers/gcc-arm-none-eabi-7-2018-q2-update/bin/../lib/gcc/arm-none-eabi/7.3.1/../../../../arm-none-eabi/lib/thumb/v6-m/libg_nano.a(lib_a-nano-mallocr.o)
                0x00000000080132e4                _malloc_r
 .text._sbrk_r  0x00000000080133a0       0x24 /mnt/c/Users/Stephen/Documents/Repositories/acconeer/compilers/gcc-arm-none-eabi-7-2018-q2-update/bin/../lib/gcc/arm-none-eabi/7.3.1/../../../../arm-none-eabi/lib/thumb/v6-m/libg_nano.a(lib_a-sbrkr.o)
                0x00000000080133a0                _sbrk_r
 .text.__sread  0x00000000080133c4       0x28 /mnt/c/Users/Stephen/Documents/Repositories/acconeer/compilers/gcc-arm-none-eabi-7-2018-q2-update/bin/../lib/gcc/arm-none-eabi/7.3.1/../../../../arm-none-eabi/lib/thumb/v6-m/libg_nano.a(lib_a-stdio.o)
                0x00000000080133c4                __sread
 .text.__swrite
                0x00000000080133ec       0x38 /mnt/c/Users/Stephen/Documents/Repositories/acconeer/compilers/gcc-arm-none-eabi-7-2018-q2-update/bin/../lib/gcc/arm-none-eabi/7.3.1/../../../../arm-none-eabi/lib/thumb/v6-m/libg_nano.a(lib_a-stdio.o)
                0x00000000080133ec                __swrite
 .text.__sseek  0x0000000008013424       0x2c /mnt/c/Users/Stephen/Documents/Repositories/acconeer/compilers/gcc-arm-none-eabi-7-2018-q2-update/bin/../lib/gcc/arm-none-eabi/7.3.1/../../../../arm-none-eabi/lib/thumb/v6-m/libg_nano.a(lib_a-stdio.o)
                0x0000000008013424                __sseek
 .text.__sclose
                0x0000000008013450        0xc /mnt/c/Users/Stephen/Documents/Repositories/acconeer/compilers/gcc-arm-none-eabi-7-2018-q2-update/bin/../lib/gcc/arm-none-eabi/7.3.1/../../../../arm-none-eabi/lib/thumb/v6-m/libg_nano.a(lib_a-stdio.o)
                0x0000000008013450                __sclose
 .text._write_r
                0x000000000801345c       0x28 /mnt/c/Users/Stephen/Documents/Repositories/acconeer/compilers/gcc-arm-none-eabi-7-2018-q2-update/bin/../lib/gcc/arm-none-eabi/7.3.1/../../../../arm-none-eabi/lib/thumb/v6-m/libg_nano.a(lib_a-writer.o)
                0x000000000801345c                _write_r
 .text._close_r
                0x0000000008013484       0x24 /mnt/c/Users/Stephen/Documents/Repositories/acconeer/compilers/gcc-arm-none-eabi-7-2018-q2-update/bin/../lib/gcc/arm-none-eabi/7.3.1/../../../../arm-none-eabi/lib/thumb/v6-m/libg_nano.a(lib_a-closer.o)
                0x0000000008013484                _close_r
 .text._lseek_r
                0x00000000080134a8       0x28 /mnt/c/Users/Stephen/Documents/Repositories/acconeer/compilers/gcc-arm-none-eabi-7-2018-q2-update/bin/../lib/gcc/arm-none-eabi/7.3.1/../../../../arm-none-eabi/lib/thumb/v6-m/libg_nano.a(lib_a-lseekr.o)
                0x00000000080134a8                _lseek_r
 .text.__malloc_lock
                0x00000000080134d0        0x2 /mnt/c/Users/Stephen/Documents/Repositories/acconeer/compilers/gcc-arm-none-eabi-7-2018-q2-update/bin/../lib/gcc/arm-none-eabi/7.3.1/../../../../arm-none-eabi/lib/thumb/v6-m/libg_nano.a(lib_a-mlock.o)
                0x00000000080134d0                __malloc_lock
 .text.__malloc_unlock
                0x00000000080134d2        0x2 /mnt/c/Users/Stephen/Documents/Repositories/acconeer/compilers/gcc-arm-none-eabi-7-2018-q2-update/bin/../lib/gcc/arm-none-eabi/7.3.1/../../../../arm-none-eabi/lib/thumb/v6-m/libg_nano.a(lib_a-mlock.o)
                0x00000000080134d2                __malloc_unlock
 .text._read_r  0x00000000080134d4       0x28 /mnt/c/Users/Stephen/Documents/Repositories/acconeer/compilers/gcc-arm-none-eabi-7-2018-q2-update/bin/../lib/gcc/arm-none-eabi/7.3.1/../../../../arm-none-eabi/lib/thumb/v6-m/libg_nano.a(lib_a-readr.o)
                0x00000000080134d4                _read_r
 .text._close   0x00000000080134fc       0x10 /mnt/c/Users/Stephen/Documents/Repositories/acconeer/compilers/gcc-arm-none-eabi-7-2018-q2-update/bin/../lib/gcc/arm-none-eabi/7.3.1/../../../../arm-none-eabi/lib/thumb/v6-m/libnosys.a(close.o)
                0x00000000080134fc                _close
 .text._lseek   0x000000000801350c       0x10 /mnt/c/Users/Stephen/Documents/Repositories/acconeer/compilers/gcc-arm-none-eabi-7-2018-q2-update/bin/../lib/gcc/arm-none-eabi/7.3.1/../../../../arm-none-eabi/lib/thumb/v6-m/libnosys.a(lseek.o)
                0x000000000801350c                _lseek
 .text._read    0x000000000801351c       0x10 /mnt/c/Users/Stephen/Documents/Repositories/acconeer/compilers/gcc-arm-none-eabi-7-2018-q2-update/bin/../lib/gcc/arm-none-eabi/7.3.1/../../../../arm-none-eabi/lib/thumb/v6-m/libnosys.a(read.o)
                0x000000000801351c                _read
 .text.cos      0x000000000801352c       0x8c /mnt/c/Users/Stephen/Documents/Repositories/acconeer/compilers/gcc-arm-none-eabi-7-2018-q2-update/bin/../lib/gcc/arm-none-eabi/7.3.1/../../../../arm-none-eabi/lib/thumb/v6-m/libm.a(lib_a-s_cos.o)
                0x000000000801352c                cos
 .text.fmaxf    0x00000000080135b8       0x2c /mnt/c/Users/Stephen/Documents/Repositories/acconeer/compilers/gcc-arm-none-eabi-7-2018-q2-update/bin/../lib/gcc/arm-none-eabi/7.3.1/../../../../arm-none-eabi/lib/thumb/v6-m/libm.a(lib_a-sf_fmax.o)
                0x00000000080135b8                fmaxf
 .text.__fpclassifyf
                0x00000000080135e4       0x40 /mnt/c/Users/Stephen/Documents/Repositories/acconeer/compilers/gcc-arm-none-eabi-7-2018-q2-update/bin/../lib/gcc/arm-none-eabi/7.3.1/../../../../arm-none-eabi/lib/thumb/v6-m/libm.a(lib_a-sf_fpclassify.o)
                0x00000000080135e4                __fpclassifyf
 .text.roundf   0x0000000008013624       0x44 /mnt/c/Users/Stephen/Documents/Repositories/acconeer/compilers/gcc-arm-none-eabi-7-2018-q2-update/bin/../lib/gcc/arm-none-eabi/7.3.1/../../../../arm-none-eabi/lib/thumb/v6-m/libm.a(lib_a-sf_round.o)
                0x0000000008013624                roundf
 .text.sqrt     0x0000000008013668       0xc0 /mnt/c/Users/Stephen/Documents/Repositories/acconeer/compilers/gcc-arm-none-eabi-7-2018-q2-update/bin/../lib/gcc/arm-none-eabi/7.3.1/../../../../arm-none-eabi/lib/thumb/v6-m/libm.a(lib_a-w_sqrt.o)
                0x0000000008013668                sqrt
 .text.expf     0x0000000008013728       0xe8 /mnt/c/Users/Stephen/Documents/Repositories/acconeer/compilers/gcc-arm-none-eabi-7-2018-q2-update/bin/../lib/gcc/arm-none-eabi/7.3.1/../../../../arm-none-eabi/lib/thumb/v6-m/libm.a(lib_a-wf_exp.o)
                0x0000000008013728                expf
 .text.log10f   0x0000000008013810       0xf8 /mnt/c/Users/Stephen/Documents/Repositories/acconeer/compilers/gcc-arm-none-eabi-7-2018-q2-update/bin/../lib/gcc/arm-none-eabi/7.3.1/../../../../arm-none-eabi/lib/thumb/v6-m/libm.a(lib_a-wf_log10.o)
                0x0000000008013810                log10f
 .text.__ieee754_rem_pio2
                0x0000000008013908      0x420 /mnt/c/Users/Stephen/Documents/Repositories/acconeer/compilers/gcc-arm-none-eabi-7-2018-q2-update/bin/../lib/gcc/arm-none-eabi/7.3.1/../../../../arm-none-eabi/lib/thumb/v6-m/libm.a(lib_a-e_rem_pio2.o)
                0x0000000008013908                __ieee754_rem_pio2
 .text.__ieee754_sqrt
                0x0000000008013d28      0x1b0 /mnt/c/Users/Stephen/Documents/Repositories/acconeer/compilers/gcc-arm-none-eabi-7-2018-q2-update/bin/../lib/gcc/arm-none-eabi/7.3.1/../../../../arm-none-eabi/lib/thumb/v6-m/libm.a(lib_a-e_sqrt.o)
                0x0000000008013d28                __ieee754_sqrt
 .text.__ieee754_expf
                0x0000000008013ed8      0x1f4 /mnt/c/Users/Stephen/Documents/Repositories/acconeer/compilers/gcc-arm-none-eabi-7-2018-q2-update/bin/../lib/gcc/arm-none-eabi/7.3.1/../../../../arm-none-eabi/lib/thumb/v6-m/libm.a(lib_a-ef_exp.o)
                0x0000000008013ed8                __ieee754_expf
 .text.__ieee754_log10f
                0x00000000080140cc       0xb0 /mnt/c/Users/Stephen/Documents/Repositories/acconeer/compilers/gcc-arm-none-eabi-7-2018-q2-update/bin/../lib/gcc/arm-none-eabi/7.3.1/../../../../arm-none-eabi/lib/thumb/v6-m/libm.a(lib_a-ef_log10.o)
                0x00000000080140cc                __ieee754_log10f
 .text.__kernel_cos
                0x000000000801417c      0x234 /mnt/c/Users/Stephen/Documents/Repositories/acconeer/compilers/gcc-arm-none-eabi-7-2018-q2-update/bin/../lib/gcc/arm-none-eabi/7.3.1/../../../../arm-none-eabi/lib/thumb/v6-m/libm.a(lib_a-k_cos.o)
                0x000000000801417c                __kernel_cos
 .text.__kernel_rem_pio2
                0x00000000080143b0      0x8c0 /mnt/c/Users/Stephen/Documents/Repositories/acconeer/compilers/gcc-arm-none-eabi-7-2018-q2-update/bin/../lib/gcc/arm-none-eabi/7.3.1/../../../../arm-none-eabi/lib/thumb/v6-m/libm.a(lib_a-k_rem_pio2.o)
                0x00000000080143b0                __kernel_rem_pio2
 .text.__kernel_sin
                0x0000000008014c70      0x164 /mnt/c/Users/Stephen/Documents/Repositories/acconeer/compilers/gcc-arm-none-eabi-7-2018-q2-update/bin/../lib/gcc/arm-none-eabi/7.3.1/../../../../arm-none-eabi/lib/thumb/v6-m/libm.a(lib_a-k_sin.o)
                0x0000000008014c70                __kernel_sin
 .text.fabs     0x0000000008014dd4        0x8 /mnt/c/Users/Stephen/Documents/Repositories/acconeer/compilers/gcc-arm-none-eabi-7-2018-q2-update/bin/../lib/gcc/arm-none-eabi/7.3.1/../../../../arm-none-eabi/lib/thumb/v6-m/libm.a(lib_a-s_fabs.o)
                0x0000000008014dd4                fabs
 .text.floor    0x0000000008014ddc      0x138 /mnt/c/Users/Stephen/Documents/Repositories/acconeer/compilers/gcc-arm-none-eabi-7-2018-q2-update/bin/../lib/gcc/arm-none-eabi/7.3.1/../../../../arm-none-eabi/lib/thumb/v6-m/libm.a(lib_a-s_floor.o)
                0x0000000008014ddc                floor
 .text.matherr  0x0000000008014f14        0x4 /mnt/c/Users/Stephen/Documents/Repositories/acconeer/compilers/gcc-arm-none-eabi-7-2018-q2-update/bin/../lib/gcc/arm-none-eabi/7.3.1/../../../../arm-none-eabi/lib/thumb/v6-m/libm.a(lib_a-s_matherr.o)
                0x0000000008014f14                matherr
 .text.nan      0x0000000008014f18        0xc /mnt/c/Users/Stephen/Documents/Repositories/acconeer/compilers/gcc-arm-none-eabi-7-2018-q2-update/bin/../lib/gcc/arm-none-eabi/7.3.1/../../../../arm-none-eabi/lib/thumb/v6-m/libm.a(lib_a-s_nan.o)
                0x0000000008014f18                nan
 .text.scalbn   0x0000000008014f24       0xd0 /mnt/c/Users/Stephen/Documents/Repositories/acconeer/compilers/gcc-arm-none-eabi-7-2018-q2-update/bin/../lib/gcc/arm-none-eabi/7.3.1/../../../../arm-none-eabi/lib/thumb/v6-m/libm.a(lib_a-s_scalbn.o)
                0x0000000008014f24                scalbn
 .text.finitef  0x0000000008014ff4       0x14 /mnt/c/Users/Stephen/Documents/Repositories/acconeer/compilers/gcc-arm-none-eabi-7-2018-q2-update/bin/../lib/gcc/arm-none-eabi/7.3.1/../../../../arm-none-eabi/lib/thumb/v6-m/libm.a(lib_a-sf_finite.o)
                0x0000000008014ff4                finitef
 .text.__ieee754_logf
                0x0000000008015008      0x28c /mnt/c/Users/Stephen/Documents/Repositories/acconeer/compilers/gcc-arm-none-eabi-7-2018-q2-update/bin/../lib/gcc/arm-none-eabi/7.3.1/../../../../arm-none-eabi/lib/thumb/v6-m/libm.a(lib_a-ef_log.o)
                0x0000000008015008                __ieee754_logf
 .text.copysign
                0x0000000008015294       0x10 /mnt/c/Users/Stephen/Documents/Repositories/acconeer/compilers/gcc-arm-none-eabi-7-2018-q2-update/bin/../lib/gcc/arm-none-eabi/7.3.1/../../../../arm-none-eabi/lib/thumb/v6-m/libm.a(lib_a-s_copysign.o)
                0x0000000008015294                copysign
 .text.out_func
                0x00000000080152a4       0x20 out/lib/libwrapprintf.a(acc_wrap_printf.o)
 .text.__wrap_puts
                0x00000000080152c4       0x24 out/lib/libwrapprintf.a(acc_wrap_printf.o)
                0x00000000080152c4                __wrap_puts
 .text.__wrap_printf
                0x00000000080152e8       0x44 out/lib/libwrapprintf.a(acc_wrap_printf.o)
                0x00000000080152e8                __wrap_printf
 .text.__wrap_vsnprintf
                0x000000000801532c        0x8 out/lib/libwrapprintf.a(acc_wrap_printf.o)
                0x000000000801532c                __wrap_vsnprintf
 .text._out_buffer
                0x0000000008015334        0x8 out/lib/libwrapprintf.a(printf.o)
 .text._out_null
                0x000000000801533c        0x2 out/lib/libwrapprintf.a(printf.o)
 .text._out_fct
                0x000000000801533e        0xe out/lib/libwrapprintf.a(printf.o)
 .text._ntoa_format
                0x000000000801534c      0x14a out/lib/libwrapprintf.a(printf.o)
 .text._ntoa_long
                0x0000000008015496       0x90 out/lib/libwrapprintf.a(printf.o)
 .text._ntoa_long_long
                0x0000000008015526       0xa4 out/lib/libwrapprintf.a(printf.o)
 *fill*         0x00000000080155ca        0x2 
 .text._vsnprintf
                0x00000000080155cc      0x45c out/lib/libwrapprintf.a(printf.o)
 .text.vsnprintf_
                0x0000000008015a28       0x18 out/lib/libwrapprintf.a(printf.o)
                0x0000000008015a28                vsnprintf_
 .text.fctvprintf
                0x0000000008015a40       0x20 out/lib/libwrapprintf.a(printf.o)
                0x0000000008015a40                fctvprintf
 .text.malloc   0x0000000008015a60       0x14 /mnt/c/Users/Stephen/Documents/Repositories/acconeer/compilers/gcc-arm-none-eabi-7-2018-q2-update/bin/../lib/gcc/arm-none-eabi/7.3.1/../../../../arm-none-eabi/lib/thumb/v6-m/libg_nano.a(lib_a-malloc.o)
                0x0000000008015a60                malloc
 .text.free     0x0000000008015a74       0x14 /mnt/c/Users/Stephen/Documents/Repositories/acconeer/compilers/gcc-arm-none-eabi-7-2018-q2-update/bin/../lib/gcc/arm-none-eabi/7.3.1/../../../../arm-none-eabi/lib/thumb/v6-m/libg_nano.a(lib_a-malloc.o)
                0x0000000008015a74                free
 .text.memcpy   0x0000000008015a88       0x12 /mnt/c/Users/Stephen/Documents/Repositories/acconeer/compilers/gcc-arm-none-eabi-7-2018-q2-update/bin/../lib/gcc/arm-none-eabi/7.3.1/../../../../arm-none-eabi/lib/thumb/v6-m/libg_nano.a(lib_a-memcpy-stub.o)
                0x0000000008015a88                memcpy
 .text.memmove  0x0000000008015a9a       0x26 /mnt/c/Users/Stephen/Documents/Repositories/acconeer/compilers/gcc-arm-none-eabi-7-2018-q2-update/bin/../lib/gcc/arm-none-eabi/7.3.1/../../../../arm-none-eabi/lib/thumb/v6-m/libg_nano.a(lib_a-memmove.o)
                0x0000000008015a9a                memmove
 *(.glue_7)
 .glue_7        0x0000000008015ac0        0x0 linker stubs
 *(.glue_7t)
 .glue_7t       0x0000000008015ac0        0x0 linker stubs
 *(.eh_frame)
 .eh_frame      0x0000000008015ac0        0x0 /mnt/c/Users/Stephen/Documents/Repositories/acconeer/compilers/gcc-arm-none-eabi-7-2018-q2-update/bin/../lib/gcc/arm-none-eabi/7.3.1/thumb/v6-m/crtbegin.o
 *(.init)
 .init          0x0000000008015ac0        0x4 /mnt/c/Users/Stephen/Documents/Repositories/acconeer/compilers/gcc-arm-none-eabi-7-2018-q2-update/bin/../lib/gcc/arm-none-eabi/7.3.1/thumb/v6-m/crti.o
                0x0000000008015ac0                _init
 .init          0x0000000008015ac4        0x8 /mnt/c/Users/Stephen/Documents/Repositories/acconeer/compilers/gcc-arm-none-eabi-7-2018-q2-update/bin/../lib/gcc/arm-none-eabi/7.3.1/thumb/v6-m/crtn.o
 *(.fini)
 .fini          0x0000000008015acc        0x4 /mnt/c/Users/Stephen/Documents/Repositories/acconeer/compilers/gcc-arm-none-eabi-7-2018-q2-update/bin/../lib/gcc/arm-none-eabi/7.3.1/thumb/v6-m/crti.o
                0x0000000008015acc                _fini
 .fini          0x0000000008015ad0        0x8 /mnt/c/Users/Stephen/Documents/Repositories/acconeer/compilers/gcc-arm-none-eabi-7-2018-q2-update/bin/../lib/gcc/arm-none-eabi/7.3.1/thumb/v6-m/crtn.o
                0x0000000008015ad8                . = ALIGN (0x4)
                0x0000000008015ad8                _etext = .

.vfp11_veneer   0x0000000008015ad8        0x0
 .vfp11_veneer  0x0000000008015ad8        0x0 linker stubs

.v4_bx          0x0000000008015ad8        0x0
 .v4_bx         0x0000000008015ad8        0x0 linker stubs

.iplt           0x0000000008015ad8        0x0
 .iplt          0x0000000008015ad8        0x0 /mnt/c/Users/Stephen/Documents/Repositories/acconeer/compilers/gcc-arm-none-eabi-7-2018-q2-update/bin/../lib/gcc/arm-none-eabi/7.3.1/thumb/v6-m/crtbegin.o

.rodata         0x0000000008015ad8     0x9128
                0x0000000008015ad8                . = ALIGN (0x4)
 *(.rodata)
 .rodata        0x0000000008015ad8       0xca /tmp/ccRFn2Bb.ltrans0.ltrans.o
 *fill*         0x0000000008015ba2        0x2 
 .rodata        0x0000000008015ba4     0x35fc /tmp/ccRFn2Bb.ltrans1.ltrans.o
 .rodata        0x00000000080191a0     0x2bcc /tmp/ccRFn2Bb.ltrans2.ltrans.o
                0x00000000080193cc                __compound_literal.134.lto_priv.618
                0x00000000080193d4                __compound_literal.133.lto_priv.616
                0x00000000080193e8                __compound_literal.132.lto_priv.614
                0x00000000080193f4                __compound_literal.131.lto_priv.612
                0x00000000080193fc                __compound_literal.130.lto_priv.610
                0x0000000008019410                __compound_literal.129.lto_priv.608
                0x0000000008019418                __compound_literal.128.lto_priv.606
                0x0000000008019424                __compound_literal.127.lto_priv.604
                0x0000000008019430                __compound_literal.126.lto_priv.602
                0x0000000008019444                __compound_literal.125.lto_priv.600
                0x000000000801944c                __compound_literal.124.lto_priv.598
                0x0000000008019454                __compound_literal.123.lto_priv.596
                0x000000000801945c                __compound_literal.122.lto_priv.594
                0x0000000008019464                __compound_literal.121.lto_priv.592
                0x000000000801946c                __compound_literal.120.lto_priv.590
                0x0000000008019474                __compound_literal.119.lto_priv.588
                0x000000000801948c                __compound_literal.118.lto_priv.586
                0x0000000008019498                __compound_literal.117.lto_priv.584
                0x00000000080194a0                __compound_literal.116.lto_priv.582
                0x00000000080194b4                __compound_literal.115.lto_priv.580
                0x00000000080194c0                __compound_literal.114.lto_priv.578
                0x0000000008019654                __compound_literal.113.lto_priv.576
                0x0000000008019660                __compound_literal.112.lto_priv.574
                0x0000000008019668                __compound_literal.111.lto_priv.572
                0x0000000008019670                __compound_literal.110.lto_priv.570
                0x0000000008019678                __compound_literal.109.lto_priv.568
                0x0000000008019680                __compound_literal.108.lto_priv.566
                0x00000000080196a0                __compound_literal.107.lto_priv.564
                0x00000000080196a8                __compound_literal.106.lto_priv.562
                0x00000000080196b0                __compound_literal.105.lto_priv.560
                0x00000000080196b8                __compound_literal.104.lto_priv.558
                0x00000000080196c0                __compound_literal.103.lto_priv.556
                0x00000000080196f8                __compound_literal.102.lto_priv.554
                0x0000000008019700                __compound_literal.101.lto_priv.552
                0x0000000008019708                __compound_literal.100.lto_priv.550
                0x0000000008019710                __compound_literal.99.lto_priv.548
                0x0000000008019718                __compound_literal.98.lto_priv.546
                0x0000000008019724                __compound_literal.97.lto_priv.544
                0x0000000008019738                __compound_literal.96.lto_priv.542
                0x0000000008019740                __compound_literal.95.lto_priv.540
                0x0000000008019748                __compound_literal.94.lto_priv.538
                0x000000000801975c                __compound_literal.93.lto_priv.536
                0x0000000008019764                __compound_literal.92.lto_priv.534
                0x000000000801976c                __compound_literal.91.lto_priv.532
                0x0000000008019774                __compound_literal.90.lto_priv.530
                0x0000000008019780                __compound_literal.89.lto_priv.528
                0x0000000008019798                __compound_literal.88.lto_priv.526
                0x00000000080197a0                __compound_literal.87.lto_priv.524
                0x00000000080197a8                __compound_literal.86.lto_priv.522
                0x00000000080197b0                __compound_literal.85.lto_priv.520
                0x00000000080197b8                __compound_literal.84.lto_priv.518
                0x00000000080197c0                __compound_literal.83.lto_priv.516
                0x00000000080197c8                __compound_literal.82.lto_priv.514
                0x00000000080197d0                __compound_literal.81.lto_priv.512
                0x00000000080197e4                __compound_literal.80.lto_priv.510
                0x00000000080197ec                __compound_literal.79.lto_priv.508
                0x00000000080197f4                __compound_literal.78.lto_priv.506
                0x00000000080197fc                __compound_literal.77.lto_priv.504
                0x0000000008019804                __compound_literal.76.lto_priv.502
                0x0000000008019810                __compound_literal.75.lto_priv.500
                0x0000000008019818                __compound_literal.74.lto_priv.498
                0x0000000008019820                __compound_literal.73.lto_priv.496
                0x0000000008019828                __compound_literal.72.lto_priv.494
                0x0000000008019830                __compound_literal.71.lto_priv.492
                0x0000000008019838                __compound_literal.70.lto_priv.490
                0x0000000008019870                __compound_literal.69.lto_priv.488
                0x0000000008019878                __compound_literal.68.lto_priv.486
                0x000000000801988c                __compound_literal.67.lto_priv.484
                0x0000000008019898                __compound_literal.66.lto_priv.482
                0x00000000080198a4                __compound_literal.65.lto_priv.480
                0x00000000080198b8                __compound_literal.64.lto_priv.478
                0x00000000080198cc                __compound_literal.63.lto_priv.476
                0x00000000080198e0                __compound_literal.62.lto_priv.474
                0x00000000080198e8                __compound_literal.61.lto_priv.472
                0x00000000080198f0                __compound_literal.60.lto_priv.470
                0x00000000080198fc                __compound_literal.59.lto_priv.468
                0x0000000008019910                __compound_literal.58.lto_priv.466
                0x0000000008019918                __compound_literal.57.lto_priv.464
                0x0000000008019920                __compound_literal.56.lto_priv.462.lto_priv.624
                0x0000000008019934                __compound_literal.55.lto_priv.459
                0x0000000008019948                __compound_literal.54.lto_priv.456
                0x0000000008019954                __compound_literal.53.lto_priv.453
                0x000000000801995c                __compound_literal.52.lto_priv.450
                0x000000000801998c                __compound_literal.51.lto_priv.447
                0x0000000008019994                __compound_literal.50.lto_priv.444
                0x000000000801999c                __compound_literal.49.lto_priv.441
                0x00000000080199a4                __compound_literal.48.lto_priv.438
                0x00000000080199ac                __compound_literal.47.lto_priv.435
                0x00000000080199b4                __compound_literal.46.lto_priv.432
                0x00000000080199bc                __compound_literal.45.lto_priv.429
                0x00000000080199c4                __compound_literal.44.lto_priv.426
                0x00000000080199cc                __compound_literal.43.lto_priv.423
                0x00000000080199d4                __compound_literal.42.lto_priv.420
                0x00000000080199dc                __compound_literal.41.lto_priv.417
                0x00000000080199e4                __compound_literal.40.lto_priv.414
                0x00000000080199ec                __compound_literal.39.lto_priv.411
                0x00000000080199f4                __compound_literal.38.lto_priv.408
                0x00000000080199fc                __compound_literal.37.lto_priv.405
                0x0000000008019a04                __compound_literal.36.lto_priv.259
                0x0000000008019a10                __compound_literal.35.lto_priv.257
                0x0000000008019a1c                __compound_literal.34.lto_priv.255
                0x0000000008019a24                __compound_literal.33.lto_priv.253
                0x0000000008019a2c                __compound_literal.32.lto_priv.251
                0x0000000008019a34                __compound_literal.31.lto_priv.249
                0x0000000008019a3c                __compound_literal.30.lto_priv.247
                0x0000000008019a44                __compound_literal.29.lto_priv.245
                0x0000000008019a4c                __compound_literal.28.lto_priv.243
                0x0000000008019a54                __compound_literal.27.lto_priv.241
                0x0000000008019a5c                __compound_literal.26.lto_priv.239
                0x0000000008019a64                __compound_literal.25.lto_priv.237
                0x0000000008019a6c                __compound_literal.24.lto_priv.235
                0x0000000008019a74                __compound_literal.23.lto_priv.233.lto_priv.623
                0x0000000008019a7c                __compound_literal.22.lto_priv.231.lto_priv.622
                0x0000000008019a84                __compound_literal.21.lto_priv.229
                0x0000000008019a8c                __compound_literal.20.lto_priv.227
                0x0000000008019a94                __compound_literal.19.lto_priv.225.lto_priv.621
                0x0000000008019a9c                __compound_literal.18.lto_priv.223
                0x0000000008019aa4                __compound_literal.17.lto_priv.221
                0x0000000008019aac                __compound_literal.16.lto_priv.219
                0x0000000008019acc                __compound_literal.15.lto_priv.217
                0x0000000008019ad4                __compound_literal.14.lto_priv.215
                0x0000000008019adc                __compound_literal.13.lto_priv.213
                0x0000000008019ae4                __compound_literal.12.lto_priv.211
                0x0000000008019aec                __compound_literal.11.lto_priv.209
                0x0000000008019af4                __compound_literal.10.lto_priv.207
                0x0000000008019afc                __compound_literal.9.lto_priv.205.lto_priv.620
                0x0000000008019b04                __compound_literal.8.lto_priv.203
                0x0000000008019b0c                __compound_literal.7.lto_priv.201
                0x0000000008019b14                __compound_literal.6.lto_priv.199
                0x0000000008019b1c                __compound_literal.5.lto_priv.197
                0x0000000008019b24                __compound_literal.4.lto_priv.195
                0x0000000008019b2c                __compound_literal.3.lto_priv.193
                0x0000000008019b34                __compound_literal.2.lto_priv.191
                0x0000000008019b3c                __compound_literal.1.lto_priv.189
                0x0000000008019b44                __compound_literal.0.lto_priv.187
                0x0000000008019b4c                CSWTCH.1.lto_priv.651
                0x0000000008019da0                acc_image_a111_r2c_sweep_param_table
                0x000000000801a3dc                uwTickFreq
                0x000000000801a3e0                log_funcs.lto_priv.323
                0x000000000801af4c                acc_image_a111_r2c_sweep
 .rodata        0x000000000801bd6c       0x80 /mnt/c/Users/Stephen/Documents/Repositories/acconeer/compilers/gcc-arm-none-eabi-7-2018-q2-update/bin/../lib/gcc/arm-none-eabi/7.3.1/thumb/v6-m/libgcc.a(divsf3.o)
 .rodata        0x000000000801bdec       0x40 /mnt/c/Users/Stephen/Documents/Repositories/acconeer/compilers/gcc-arm-none-eabi-7-2018-q2-update/bin/../lib/gcc/arm-none-eabi/7.3.1/thumb/v6-m/libgcc.a(mulsf3.o)
 .rodata        0x000000000801be2c       0x40 /mnt/c/Users/Stephen/Documents/Repositories/acconeer/compilers/gcc-arm-none-eabi-7-2018-q2-update/bin/../lib/gcc/arm-none-eabi/7.3.1/thumb/v6-m/libgcc.a(divdf3.o)
 .rodata        0x000000000801be6c       0x40 /mnt/c/Users/Stephen/Documents/Repositories/acconeer/compilers/gcc-arm-none-eabi-7-2018-q2-update/bin/../lib/gcc/arm-none-eabi/7.3.1/thumb/v6-m/libgcc.a(muldf3.o)
 *(.rodata*)
 .rodata.str1.1
                0x000000000801beac      0x3e9 /tmp/ccRFn2Bb.ltrans0.ltrans.o
                                        0x3f1 (size before relaxing)
 *fill*         0x000000000801c295        0x3 
 .rodata.str1.4
                0x000000000801c298      0x8d2 /tmp/ccRFn2Bb.ltrans0.ltrans.o
                                        0x92e (size before relaxing)
 .rodata.str1.1
                0x000000000801cb6a     0x1202 /tmp/ccRFn2Bb.ltrans1.ltrans.o
                                       0x124d (size before relaxing)
 .rodata.str1.4
                0x000000000801dd6c       0x26 /tmp/ccRFn2Bb.ltrans1.ltrans.o
 .rodata.str1.1
                0x000000000801dd92      0xb50 /tmp/ccRFn2Bb.ltrans2.ltrans.o
                                        0xc43 (size before relaxing)
 *fill*         0x000000000801e8e2        0x2 
 .rodata.str1.4
                0x000000000801e8e4       0xab /tmp/ccRFn2Bb.ltrans2.ltrans.o
 *fill*         0x000000000801e98f        0x1 
 .rodata.__sf_fake_stderr
                0x000000000801e990       0x20 /mnt/c/Users/Stephen/Documents/Repositories/acconeer/compilers/gcc-arm-none-eabi-7-2018-q2-update/bin/../lib/gcc/arm-none-eabi/7.3.1/../../../../arm-none-eabi/lib/thumb/v6-m/libg_nano.a(lib_a-findfp.o)
                0x000000000801e990                __sf_fake_stderr
 .rodata.__sf_fake_stdin
                0x000000000801e9b0       0x20 /mnt/c/Users/Stephen/Documents/Repositories/acconeer/compilers/gcc-arm-none-eabi-7-2018-q2-update/bin/../lib/gcc/arm-none-eabi/7.3.1/../../../../arm-none-eabi/lib/thumb/v6-m/libg_nano.a(lib_a-findfp.o)
                0x000000000801e9b0                __sf_fake_stdin
 .rodata.__sf_fake_stdout
                0x000000000801e9d0       0x20 /mnt/c/Users/Stephen/Documents/Repositories/acconeer/compilers/gcc-arm-none-eabi-7-2018-q2-update/bin/../lib/gcc/arm-none-eabi/7.3.1/../../../../arm-none-eabi/lib/thumb/v6-m/libg_nano.a(lib_a-findfp.o)
                0x000000000801e9d0                __sf_fake_stdout
 .rodata._global_impure_ptr
                0x000000000801e9f0        0x4 /mnt/c/Users/Stephen/Documents/Repositories/acconeer/compilers/gcc-arm-none-eabi-7-2018-q2-update/bin/../lib/gcc/arm-none-eabi/7.3.1/../../../../arm-none-eabi/lib/thumb/v6-m/libg_nano.a(lib_a-impure.o)
                0x000000000801e9f0                _global_impure_ptr
 .rodata.sqrt.str1.4
                0x000000000801e9f4        0x5 /mnt/c/Users/Stephen/Documents/Repositories/acconeer/compilers/gcc-arm-none-eabi-7-2018-q2-update/bin/../lib/gcc/arm-none-eabi/7.3.1/../../../../arm-none-eabi/lib/thumb/v6-m/libm.a(lib_a-w_sqrt.o)
 *fill*         0x000000000801e9f9        0x3 
 .rodata.expf.str1.4
                0x000000000801e9fc        0x5 /mnt/c/Users/Stephen/Documents/Repositories/acconeer/compilers/gcc-arm-none-eabi-7-2018-q2-update/bin/../lib/gcc/arm-none-eabi/7.3.1/../../../../arm-none-eabi/lib/thumb/v6-m/libm.a(lib_a-wf_exp.o)
 *fill*         0x000000000801ea01        0x3 
 .rodata.log10f.str1.4
                0x000000000801ea04        0x8 /mnt/c/Users/Stephen/Documents/Repositories/acconeer/compilers/gcc-arm-none-eabi-7-2018-q2-update/bin/../lib/gcc/arm-none-eabi/7.3.1/../../../../arm-none-eabi/lib/thumb/v6-m/libm.a(lib_a-wf_log10.o)
                                          0x9 (size before relaxing)
 .rodata.npio2_hw
                0x000000000801ea0c       0x80 /mnt/c/Users/Stephen/Documents/Repositories/acconeer/compilers/gcc-arm-none-eabi-7-2018-q2-update/bin/../lib/gcc/arm-none-eabi/7.3.1/../../../../arm-none-eabi/lib/thumb/v6-m/libm.a(lib_a-e_rem_pio2.o)
 .rodata.two_over_pi
                0x000000000801ea8c      0x108 /mnt/c/Users/Stephen/Documents/Repositories/acconeer/compilers/gcc-arm-none-eabi-7-2018-q2-update/bin/../lib/gcc/arm-none-eabi/7.3.1/../../../../arm-none-eabi/lib/thumb/v6-m/libm.a(lib_a-e_rem_pio2.o)
 .rodata.halF   0x000000000801eb94        0x8 /mnt/c/Users/Stephen/Documents/Repositories/acconeer/compilers/gcc-arm-none-eabi-7-2018-q2-update/bin/../lib/gcc/arm-none-eabi/7.3.1/../../../../arm-none-eabi/lib/thumb/v6-m/libm.a(lib_a-ef_exp.o)
 .rodata.ln2HI  0x000000000801eb9c        0x8 /mnt/c/Users/Stephen/Documents/Repositories/acconeer/compilers/gcc-arm-none-eabi-7-2018-q2-update/bin/../lib/gcc/arm-none-eabi/7.3.1/../../../../arm-none-eabi/lib/thumb/v6-m/libm.a(lib_a-ef_exp.o)
 .rodata.ln2LO  0x000000000801eba4        0x8 /mnt/c/Users/Stephen/Documents/Repositories/acconeer/compilers/gcc-arm-none-eabi-7-2018-q2-update/bin/../lib/gcc/arm-none-eabi/7.3.1/../../../../arm-none-eabi/lib/thumb/v6-m/libm.a(lib_a-ef_exp.o)
 *fill*         0x000000000801ebac        0x4 
 .rodata.PIo2   0x000000000801ebb0       0x40 /mnt/c/Users/Stephen/Documents/Repositories/acconeer/compilers/gcc-arm-none-eabi-7-2018-q2-update/bin/../lib/gcc/arm-none-eabi/7.3.1/../../../../arm-none-eabi/lib/thumb/v6-m/libm.a(lib_a-k_rem_pio2.o)
 .rodata.init_jk
                0x000000000801ebf0       0x10 /mnt/c/Users/Stephen/Documents/Repositories/acconeer/compilers/gcc-arm-none-eabi-7-2018-q2-update/bin/../lib/gcc/arm-none-eabi/7.3.1/../../../../arm-none-eabi/lib/thumb/v6-m/libm.a(lib_a-k_rem_pio2.o)
 .rodata.__wrap_puts.str1.1
                0x000000000801ec00      0xb50 out/lib/libwrapprintf.a(acc_wrap_printf.o)
                                          0x2 (size before relaxing)
                0x000000000801f750                . = ALIGN (0x4)

.ARM.extab
 *(.ARM.extab* .gnu.linkonce.armextab.*)

.ARM            0x000000000801ec00        0x8
                0x000000000801ec00                __exidx_start = .
 *(.ARM.exidx*)
 .ARM.exidx     0x000000000801ec00        0x8 /mnt/c/Users/Stephen/Documents/Repositories/acconeer/compilers/gcc-arm-none-eabi-7-2018-q2-update/bin/../lib/gcc/arm-none-eabi/7.3.1/thumb/v6-m/libgcc.a(_udivmoddi4.o)
                0x000000000801ec08                __exidx_end = .

.rel.dyn        0x000000000801ec08        0x0
 .rel.iplt      0x000000000801ec08        0x0 /mnt/c/Users/Stephen/Documents/Repositories/acconeer/compilers/gcc-arm-none-eabi-7-2018-q2-update/bin/../lib/gcc/arm-none-eabi/7.3.1/thumb/v6-m/crtbegin.o

.preinit_array  0x000000000801ec08        0x0
                0x000000000801ec08                PROVIDE (__preinit_array_start = .)
 *(.preinit_array*)
                0x000000000801ec08                PROVIDE (__preinit_array_end = .)

.init_array     0x000000000801ec08        0x4
                0x000000000801ec08                PROVIDE (__init_array_start = .)
 *(SORT_BY_NAME(.init_array.*))
 *(.init_array*)
 .init_array    0x000000000801ec08        0x4 /mnt/c/Users/Stephen/Documents/Repositories/acconeer/compilers/gcc-arm-none-eabi-7-2018-q2-update/bin/../lib/gcc/arm-none-eabi/7.3.1/thumb/v6-m/crtbegin.o
                0x000000000801ec0c                PROVIDE (__init_array_end = .)

.fini_array     0x000000000801ec0c        0x4
                [!provide]                        PROVIDE (__fini_array_start = .)
 *(SORT_BY_NAME(.fini_array.*))
 *(.fini_array*)
 .fini_array    0x000000000801ec0c        0x4 /mnt/c/Users/Stephen/Documents/Repositories/acconeer/compilers/gcc-arm-none-eabi-7-2018-q2-update/bin/../lib/gcc/arm-none-eabi/7.3.1/thumb/v6-m/crtbegin.o
                [!provide]                        PROVIDE (__fini_array_end = .)
                0x000000000801ec10                _sidata = LOADADDR (.data)

.data           0x0000000020000000       0x70 load address 0x000000000801ec10
                0x0000000020000000                . = ALIGN (0x4)
                0x0000000020000000                _sdata = .
 *(.data)
 .data          0x0000000020000000        0x8 /tmp/ccRFn2Bb.ltrans2.ltrans.o
                0x0000000020000000                SystemCoreClock
                0x0000000020000004                uwTickPrio
 *(.data*)
 .data._impure_ptr
                0x0000000020000008        0x4 /mnt/c/Users/Stephen/Documents/Repositories/acconeer/compilers/gcc-arm-none-eabi-7-2018-q2-update/bin/../lib/gcc/arm-none-eabi/7.3.1/../../../../arm-none-eabi/lib/thumb/v6-m/libg_nano.a(lib_a-impure.o)
                0x0000000020000008                _impure_ptr
 .data.impure_data
                0x000000002000000c       0x60 /mnt/c/Users/Stephen/Documents/Repositories/acconeer/compilers/gcc-arm-none-eabi-7-2018-q2-update/bin/../lib/gcc/arm-none-eabi/7.3.1/../../../../arm-none-eabi/lib/thumb/v6-m/libg_nano.a(lib_a-impure.o)
 .data.__fdlib_version
                0x000000002000006c        0x1 /mnt/c/Users/Stephen/Documents/Repositories/acconeer/compilers/gcc-arm-none-eabi-7-2018-q2-update/bin/../lib/gcc/arm-none-eabi/7.3.1/../../../../arm-none-eabi/lib/thumb/v6-m/libm.a(lib_a-s_lib_ver.o)
                0x000000002000006c                __fdlib_version
                0x0000000020000070                . = ALIGN (0x4)
 *fill*         0x000000002000006d        0x3 
                0x0000000020000070                _edata = .

.igot.plt       0x0000000020000070        0x0 load address 0x000000000801ec80
 .igot.plt      0x0000000020000070        0x0 /mnt/c/Users/Stephen/Documents/Repositories/acconeer/compilers/gcc-arm-none-eabi-7-2018-q2-update/bin/../lib/gcc/arm-none-eabi/7.3.1/thumb/v6-m/crtbegin.o
                0x0000000020000070                . = ALIGN (0x4)

.bss            0x0000000020000070      0x664 load address 0x000000000801ec80
                0x0000000020000070                _sbss = .
                0x0000000020000070                __bss_start__ = _sbss
 *(.bss)
 .bss           0x0000000020000070       0x1c /mnt/c/Users/Stephen/Documents/Repositories/acconeer/compilers/gcc-arm-none-eabi-7-2018-q2-update/bin/../lib/gcc/arm-none-eabi/7.3.1/thumb/v6-m/crtbegin.o
 .bss           0x000000002000008c      0x1f4 /tmp/ccRFn2Bb.ltrans0.ltrans.o
 .bss           0x0000000020000280      0x3b8 /tmp/ccRFn2Bb.ltrans2.ltrans.o
                0x0000000020000280                hrtc
                0x00000000200002ac                uwTick
                0x00000000200002b0                concrete_hal
                0x00000000200002e8                hspi1
                0x000000002000034c                rtc_wakeup_triggered
                0x0000000020000350                pFlash
                0x0000000020000368                uart_rx_buff
                0x00000000200003a8                bins
                0x00000000200003ac                data
                0x00000000200003b0                sweeps
                0x00000000200003b4                accumulant
                0x00000000200003b8                REGADRERR
                0x00000000200003bc                GENERAL_REGISTERS
                0x0000000020000408                hdma_usart1_tx
                0x0000000020000464                hdma_usart1_rx
                0x00000000200004c0                sensor_info.lto_priv.286
                0x00000000200004c4                manager_func_substitution.lto_priv.287
                0x00000000200004c8                EVAL_REGISTERS
                0x0000000020000508                META_REGISTERS
                0x000000002000051c                SERVICE_REGISTERS
                0x00000000200005a8                OUTPUT_BUFFER_LENGTH
                0x00000000200005ac                huart1
 *(.bss*)
 .bss.__sbrk_heap_end
                0x0000000020000638        0x4 out/obj/sysmem.o
 .bss.__malloc_free_list
                0x000000002000063c        0x4 /mnt/c/Users/Stephen/Documents/Repositories/acconeer/compilers/gcc-arm-none-eabi-7-2018-q2-update/bin/../lib/gcc/arm-none-eabi/7.3.1/../../../../arm-none-eabi/lib/thumb/v6-m/libg_nano.a(lib_a-nano-mallocr.o)
                0x000000002000063c                __malloc_free_list
 .bss.__malloc_sbrk_start
                0x0000000020000640        0x4 /mnt/c/Users/Stephen/Documents/Repositories/acconeer/compilers/gcc-arm-none-eabi-7-2018-q2-update/bin/../lib/gcc/arm-none-eabi/7.3.1/../../../../arm-none-eabi/lib/thumb/v6-m/libg_nano.a(lib_a-nano-mallocr.o)
                0x0000000020000640                __malloc_sbrk_start
 *(COMMON)
 COMMON         0x0000000020000644       0x8c /tmp/ccRFn2Bb.ltrans0.ltrans.o
                0x0000000020000644                huart2
 COMMON         0x00000000200006d0        0x4 /mnt/c/Users/Stephen/Documents/Repositories/acconeer/compilers/gcc-arm-none-eabi-7-2018-q2-update/bin/../lib/gcc/arm-none-eabi/7.3.1/../../../../arm-none-eabi/lib/thumb/v6-m/libg_nano.a(lib_a-reent.o)
                0x00000000200006d0                errno
                0x00000000200006d4                . = ALIGN (0x4)
                0x00000000200006d4                _ebss = .
                0x00000000200006d4                __bss_end__ = _ebss

._user_heap_stack
                0x00000000200006d4     0x1604 load address 0x000000000801ec80
                0x00000000200006d8                . = ALIGN (0x8)
 *fill*         0x00000000200006d4        0x4 
                [!provide]                        PROVIDE (end = .)
                0x00000000200006d8                PROVIDE (_end = .)
                0x00000000200008d8                . = (. + _Min_Heap_Size)
 *fill*         0x00000000200006d8      0x200 
                0x0000000020001cd8                . = (. + _Min_Stack_Size)
 *fill*         0x00000000200008d8     0x1400 
                0x0000000020001cd8                . = ALIGN (0x8)

/DISCARD/
 libc.a(*)
 libm.a(*)
 libgcc.a(*)

.ARM.attributes
                0x0000000000000000       0x28
 *(.ARM.attributes)
 .ARM.attributes
                0x0000000000000000       0x1e /mnt/c/Users/Stephen/Documents/Repositories/acconeer/compilers/gcc-arm-none-eabi-7-2018-q2-update/bin/../lib/gcc/arm-none-eabi/7.3.1/thumb/v6-m/crti.o
 .ARM.attributes
                0x000000000000001e       0x2c /mnt/c/Users/Stephen/Documents/Repositories/acconeer/compilers/gcc-arm-none-eabi-7-2018-q2-update/bin/../lib/gcc/arm-none-eabi/7.3.1/thumb/v6-m/crtbegin.o
 .ARM.attributes
                0x000000000000004a       0x30 /tmp/ccRFn2Bb.ltrans0.ltrans.o
 .ARM.attributes
                0x000000000000007a       0x30 /tmp/ccRFn2Bb.ltrans1.ltrans.o
 .ARM.attributes
                0x00000000000000aa       0x30 /tmp/ccRFn2Bb.ltrans2.ltrans.o
 .ARM.attributes
                0x00000000000000da       0x32 out/obj/syscalls.o
 .ARM.attributes
                0x000000000000010c       0x21 out/obj/startup_stm32g071xx.o
 .ARM.attributes
                0x000000000000012d       0x32 out/obj/sysmem.o
 .ARM.attributes
                0x000000000000015f       0x2c /mnt/c/Users/Stephen/Documents/Repositories/acconeer/compilers/gcc-arm-none-eabi-7-2018-q2-update/bin/../lib/gcc/arm-none-eabi/7.3.1/../../../../arm-none-eabi/lib/thumb/v6-m/libm.a(lib_a-ef_sqrt.o)
 .ARM.attributes
                0x000000000000018b       0x2c /mnt/c/Users/Stephen/Documents/Repositories/acconeer/compilers/gcc-arm-none-eabi-7-2018-q2-update/bin/../lib/gcc/arm-none-eabi/7.3.1/thumb/v6-m/libgcc.a(addsf3.o)
 .ARM.attributes
                0x00000000000001b7       0x2c /mnt/c/Users/Stephen/Documents/Repositories/acconeer/compilers/gcc-arm-none-eabi-7-2018-q2-update/bin/../lib/gcc/arm-none-eabi/7.3.1/thumb/v6-m/libgcc.a(divsf3.o)
 .ARM.attributes
                0x00000000000001e3       0x2c /mnt/c/Users/Stephen/Documents/Repositories/acconeer/compilers/gcc-arm-none-eabi-7-2018-q2-update/bin/../lib/gcc/arm-none-eabi/7.3.1/thumb/v6-m/libgcc.a(mulsf3.o)
 .ARM.attributes
                0x000000000000020f       0x2c /mnt/c/Users/Stephen/Documents/Repositories/acconeer/compilers/gcc-arm-none-eabi-7-2018-q2-update/bin/../lib/gcc/arm-none-eabi/7.3.1/thumb/v6-m/libgcc.a(subsf3.o)
 .ARM.attributes
                0x000000000000023b       0x1e /mnt/c/Users/Stephen/Documents/Repositories/acconeer/compilers/gcc-arm-none-eabi-7-2018-q2-update/bin/../lib/gcc/arm-none-eabi/7.3.1/thumb/v6-m/libgcc.a(_clzsi2.o)
 .ARM.attributes
                0x0000000000000259       0x2c /mnt/c/Users/Stephen/Documents/Repositories/acconeer/compilers/gcc-arm-none-eabi-7-2018-q2-update/bin/../lib/gcc/arm-none-eabi/7.3.1/../../../../arm-none-eabi/lib/thumb/v6-m/libg_nano.a(lib_a-errno.o)
 .ARM.attributes
                0x0000000000000285       0x2c /mnt/c/Users/Stephen/Documents/Repositories/acconeer/compilers/gcc-arm-none-eabi-7-2018-q2-update/bin/../lib/gcc/arm-none-eabi/7.3.1/../../../../arm-none-eabi/lib/thumb/v6-m/libg_nano.a(lib_a-fflush.o)
 .ARM.attributes
                0x00000000000002b1       0x2c /mnt/c/Users/Stephen/Documents/Repositories/acconeer/compilers/gcc-arm-none-eabi-7-2018-q2-update/bin/../lib/gcc/arm-none-eabi/7.3.1/../../../../arm-none-eabi/lib/thumb/v6-m/libg_nano.a(lib_a-findfp.o)
 .ARM.attributes
                0x00000000000002dd       0x2c /mnt/c/Users/Stephen/Documents/Repositories/acconeer/compilers/gcc-arm-none-eabi-7-2018-q2-update/bin/../lib/gcc/arm-none-eabi/7.3.1/../../../../arm-none-eabi/lib/thumb/v6-m/libg_nano.a(lib_a-fwalk.o)
 .ARM.attributes
                0x0000000000000309       0x2c /mnt/c/Users/Stephen/Documents/Repositories/acconeer/compilers/gcc-arm-none-eabi-7-2018-q2-update/bin/../lib/gcc/arm-none-eabi/7.3.1/../../../../arm-none-eabi/lib/thumb/v6-m/libg_nano.a(lib_a-impure.o)
 .ARM.attributes
                0x0000000000000335       0x2c /mnt/c/Users/Stephen/Documents/Repositories/acconeer/compilers/gcc-arm-none-eabi-7-2018-q2-update/bin/../lib/gcc/arm-none-eabi/7.3.1/../../../../arm-none-eabi/lib/thumb/v6-m/libg_nano.a(lib_a-init.o)
 .ARM.attributes
                0x0000000000000361       0x2c /mnt/c/Users/Stephen/Documents/Repositories/acconeer/compilers/gcc-arm-none-eabi-7-2018-q2-update/bin/../lib/gcc/arm-none-eabi/7.3.1/../../../../arm-none-eabi/lib/thumb/v6-m/libg_nano.a(lib_a-memset.o)
 .ARM.attributes
                0x000000000000038d       0x2c /mnt/c/Users/Stephen/Documents/Repositories/acconeer/compilers/gcc-arm-none-eabi-7-2018-q2-update/bin/../lib/gcc/arm-none-eabi/7.3.1/../../../../arm-none-eabi/lib/thumb/v6-m/libg_nano.a(lib_a-nano-freer.o)
 .ARM.attributes
                0x00000000000003b9       0x2c /mnt/c/Users/Stephen/Documents/Repositories/acconeer/compilers/gcc-arm-none-eabi-7-2018-q2-update/bin/../lib/gcc/arm-none-eabi/7.3.1/../../../../arm-none-eabi/lib/thumb/v6-m/libg_nano.a(lib_a-nano-mallocr.o)
 .ARM.attributes
                0x00000000000003e5       0x2c /mnt/c/Users/Stephen/Documents/Repositories/acconeer/compilers/gcc-arm-none-eabi-7-2018-q2-update/bin/../lib/gcc/arm-none-eabi/7.3.1/../../../../arm-none-eabi/lib/thumb/v6-m/libg_nano.a(lib_a-sbrkr.o)
 .ARM.attributes
                0x0000000000000411       0x2c /mnt/c/Users/Stephen/Documents/Repositories/acconeer/compilers/gcc-arm-none-eabi-7-2018-q2-update/bin/../lib/gcc/arm-none-eabi/7.3.1/../../../../arm-none-eabi/lib/thumb/v6-m/libg_nano.a(lib_a-stdio.o)
 .ARM.attributes
                0x000000000000043d       0x2c /mnt/c/Users/Stephen/Documents/Repositories/acconeer/compilers/gcc-arm-none-eabi-7-2018-q2-update/bin/../lib/gcc/arm-none-eabi/7.3.1/../../../../arm-none-eabi/lib/thumb/v6-m/libg_nano.a(lib_a-writer.o)
 .ARM.attributes
                0x0000000000000469       0x2c /mnt/c/Users/Stephen/Documents/Repositories/acconeer/compilers/gcc-arm-none-eabi-7-2018-q2-update/bin/../lib/gcc/arm-none-eabi/7.3.1/../../../../arm-none-eabi/lib/thumb/v6-m/libg_nano.a(lib_a-closer.o)
 .ARM.attributes
                0x0000000000000495       0x2c /mnt/c/Users/Stephen/Documents/Repositories/acconeer/compilers/gcc-arm-none-eabi-7-2018-q2-update/bin/../lib/gcc/arm-none-eabi/7.3.1/../../../../arm-none-eabi/lib/thumb/v6-m/libg_nano.a(lib_a-lseekr.o)
 .ARM.attributes
                0x00000000000004c1       0x2c /mnt/c/Users/Stephen/Documents/Repositories/acconeer/compilers/gcc-arm-none-eabi-7-2018-q2-update/bin/../lib/gcc/arm-none-eabi/7.3.1/../../../../arm-none-eabi/lib/thumb/v6-m/libg_nano.a(lib_a-mlock.o)
 .ARM.attributes
                0x00000000000004ed       0x2c /mnt/c/Users/Stephen/Documents/Repositories/acconeer/compilers/gcc-arm-none-eabi-7-2018-q2-update/bin/../lib/gcc/arm-none-eabi/7.3.1/../../../../arm-none-eabi/lib/thumb/v6-m/libg_nano.a(lib_a-readr.o)
 .ARM.attributes
                0x0000000000000519       0x2c /mnt/c/Users/Stephen/Documents/Repositories/acconeer/compilers/gcc-arm-none-eabi-7-2018-q2-update/bin/../lib/gcc/arm-none-eabi/7.3.1/../../../../arm-none-eabi/lib/thumb/v6-m/libg_nano.a(lib_a-reent.o)
 .ARM.attributes
                0x0000000000000545       0x2c /mnt/c/Users/Stephen/Documents/Repositories/acconeer/compilers/gcc-arm-none-eabi-7-2018-q2-update/bin/../lib/gcc/arm-none-eabi/7.3.1/../../../../arm-none-eabi/lib/thumb/v6-m/libnosys.a(close.o)
 .ARM.attributes
                0x0000000000000571       0x2c /mnt/c/Users/Stephen/Documents/Repositories/acconeer/compilers/gcc-arm-none-eabi-7-2018-q2-update/bin/../lib/gcc/arm-none-eabi/7.3.1/../../../../arm-none-eabi/lib/thumb/v6-m/libnosys.a(lseek.o)
 .ARM.attributes
                0x000000000000059d       0x2c /mnt/c/Users/Stephen/Documents/Repositories/acconeer/compilers/gcc-arm-none-eabi-7-2018-q2-update/bin/../lib/gcc/arm-none-eabi/7.3.1/../../../../arm-none-eabi/lib/thumb/v6-m/libnosys.a(read.o)
 .ARM.attributes
                0x00000000000005c9       0x1e /mnt/c/Users/Stephen/Documents/Repositories/acconeer/compilers/gcc-arm-none-eabi-7-2018-q2-update/bin/../lib/gcc/arm-none-eabi/7.3.1/thumb/v6-m/crtn.o
 .ARM.attributes
                0x00000000000005e7       0x2c /mnt/c/Users/Stephen/Documents/Repositories/acconeer/compilers/gcc-arm-none-eabi-7-2018-q2-update/bin/../lib/gcc/arm-none-eabi/7.3.1/../../../../arm-none-eabi/lib/thumb/v6-m/libm.a(lib_a-s_cos.o)
 .ARM.attributes
                0x0000000000000613       0x2c /mnt/c/Users/Stephen/Documents/Repositories/acconeer/compilers/gcc-arm-none-eabi-7-2018-q2-update/bin/../lib/gcc/arm-none-eabi/7.3.1/../../../../arm-none-eabi/lib/thumb/v6-m/libm.a(lib_a-sf_fmax.o)
 .ARM.attributes
                0x000000000000063f       0x2c /mnt/c/Users/Stephen/Documents/Repositories/acconeer/compilers/gcc-arm-none-eabi-7-2018-q2-update/bin/../lib/gcc/arm-none-eabi/7.3.1/../../../../arm-none-eabi/lib/thumb/v6-m/libm.a(lib_a-sf_fpclassify.o)
 .ARM.attributes
                0x000000000000066b       0x2c /mnt/c/Users/Stephen/Documents/Repositories/acconeer/compilers/gcc-arm-none-eabi-7-2018-q2-update/bin/../lib/gcc/arm-none-eabi/7.3.1/../../../../arm-none-eabi/lib/thumb/v6-m/libm.a(lib_a-sf_round.o)
 .ARM.attributes
                0x0000000000000697       0x2c /mnt/c/Users/Stephen/Documents/Repositories/acconeer/compilers/gcc-arm-none-eabi-7-2018-q2-update/bin/../lib/gcc/arm-none-eabi/7.3.1/../../../../arm-none-eabi/lib/thumb/v6-m/libm.a(lib_a-w_sqrt.o)
 .ARM.attributes
                0x00000000000006c3       0x2c /mnt/c/Users/Stephen/Documents/Repositories/acconeer/compilers/gcc-arm-none-eabi-7-2018-q2-update/bin/../lib/gcc/arm-none-eabi/7.3.1/../../../../arm-none-eabi/lib/thumb/v6-m/libm.a(lib_a-wf_exp.o)
 .ARM.attributes
                0x00000000000006ef       0x2c /mnt/c/Users/Stephen/Documents/Repositories/acconeer/compilers/gcc-arm-none-eabi-7-2018-q2-update/bin/../lib/gcc/arm-none-eabi/7.3.1/../../../../arm-none-eabi/lib/thumb/v6-m/libm.a(lib_a-wf_log10.o)
 .ARM.attributes
                0x000000000000071b       0x2c /mnt/c/Users/Stephen/Documents/Repositories/acconeer/compilers/gcc-arm-none-eabi-7-2018-q2-update/bin/../lib/gcc/arm-none-eabi/7.3.1/../../../../arm-none-eabi/lib/thumb/v6-m/libm.a(lib_a-e_rem_pio2.o)
 .ARM.attributes
                0x0000000000000747       0x2c /mnt/c/Users/Stephen/Documents/Repositories/acconeer/compilers/gcc-arm-none-eabi-7-2018-q2-update/bin/../lib/gcc/arm-none-eabi/7.3.1/../../../../arm-none-eabi/lib/thumb/v6-m/libm.a(lib_a-e_sqrt.o)
 .ARM.attributes
                0x0000000000000773       0x2c /mnt/c/Users/Stephen/Documents/Repositories/acconeer/compilers/gcc-arm-none-eabi-7-2018-q2-update/bin/../lib/gcc/arm-none-eabi/7.3.1/../../../../arm-none-eabi/lib/thumb/v6-m/libm.a(lib_a-ef_exp.o)
 .ARM.attributes
                0x000000000000079f       0x2c /mnt/c/Users/Stephen/Documents/Repositories/acconeer/compilers/gcc-arm-none-eabi-7-2018-q2-update/bin/../lib/gcc/arm-none-eabi/7.3.1/../../../../arm-none-eabi/lib/thumb/v6-m/libm.a(lib_a-ef_log10.o)
 .ARM.attributes
                0x00000000000007cb       0x2c /mnt/c/Users/Stephen/Documents/Repositories/acconeer/compilers/gcc-arm-none-eabi-7-2018-q2-update/bin/../lib/gcc/arm-none-eabi/7.3.1/../../../../arm-none-eabi/lib/thumb/v6-m/libm.a(lib_a-k_cos.o)
 .ARM.attributes
                0x00000000000007f7       0x2c /mnt/c/Users/Stephen/Documents/Repositories/acconeer/compilers/gcc-arm-none-eabi-7-2018-q2-update/bin/../lib/gcc/arm-none-eabi/7.3.1/../../../../arm-none-eabi/lib/thumb/v6-m/libm.a(lib_a-k_rem_pio2.o)
 .ARM.attributes
                0x0000000000000823       0x2c /mnt/c/Users/Stephen/Documents/Repositories/acconeer/compilers/gcc-arm-none-eabi-7-2018-q2-update/bin/../lib/gcc/arm-none-eabi/7.3.1/../../../../arm-none-eabi/lib/thumb/v6-m/libm.a(lib_a-k_sin.o)
 .ARM.attributes
                0x000000000000084f       0x2c /mnt/c/Users/Stephen/Documents/Repositories/acconeer/compilers/gcc-arm-none-eabi-7-2018-q2-update/bin/../lib/gcc/arm-none-eabi/7.3.1/../../../../arm-none-eabi/lib/thumb/v6-m/libm.a(lib_a-s_fabs.o)
 .ARM.attributes
                0x000000000000087b       0x2c /mnt/c/Users/Stephen/Documents/Repositories/acconeer/compilers/gcc-arm-none-eabi-7-2018-q2-update/bin/../lib/gcc/arm-none-eabi/7.3.1/../../../../arm-none-eabi/lib/thumb/v6-m/libm.a(lib_a-s_floor.o)
 .ARM.attributes
                0x00000000000008a7       0x2c /mnt/c/Users/Stephen/Documents/Repositories/acconeer/compilers/gcc-arm-none-eabi-7-2018-q2-update/bin/../lib/gcc/arm-none-eabi/7.3.1/../../../../arm-none-eabi/lib/thumb/v6-m/libm.a(lib_a-s_lib_ver.o)
 .ARM.attributes
                0x00000000000008d3       0x2c /mnt/c/Users/Stephen/Documents/Repositories/acconeer/compilers/gcc-arm-none-eabi-7-2018-q2-update/bin/../lib/gcc/arm-none-eabi/7.3.1/../../../../arm-none-eabi/lib/thumb/v6-m/libm.a(lib_a-s_matherr.o)
 .ARM.attributes
                0x00000000000008ff       0x2c /mnt/c/Users/Stephen/Documents/Repositories/acconeer/compilers/gcc-arm-none-eabi-7-2018-q2-update/bin/../lib/gcc/arm-none-eabi/7.3.1/../../../../arm-none-eabi/lib/thumb/v6-m/libm.a(lib_a-s_nan.o)
 .ARM.attributes
                0x000000000000092b       0x2c /mnt/c/Users/Stephen/Documents/Repositories/acconeer/compilers/gcc-arm-none-eabi-7-2018-q2-update/bin/../lib/gcc/arm-none-eabi/7.3.1/../../../../arm-none-eabi/lib/thumb/v6-m/libm.a(lib_a-s_scalbn.o)
 .ARM.attributes
                0x0000000000000957       0x2c /mnt/c/Users/Stephen/Documents/Repositories/acconeer/compilers/gcc-arm-none-eabi-7-2018-q2-update/bin/../lib/gcc/arm-none-eabi/7.3.1/../../../../arm-none-eabi/lib/thumb/v6-m/libm.a(lib_a-sf_finite.o)
 .ARM.attributes