Archive member included to satisfy reference by file (symbol)

lib/libacconeer.a(acc_rss.o)  out/obj/reg_interface.o (symbol from plugin) (acc_rss_activate)
lib/libacconeer.a(acc_service_envelope.o)
                              out/obj/reg_interface.o (symbol from plugin) (acc_service_envelope_configuration_create)
lib/libacconeer.a(acc_service_manager.o)
                              acc_rss.o (symbol from plugin) (acc_service_manager_activate)
lib/libacconeer.a(acc_service_sparse.o)
                              out/obj/reg_interface.o (symbol from plugin) (acc_service_sparse_configuration_create)
lib/libacconeer.a(acc_service.o)
                              acc_service_envelope.o (symbol from plugin) (acc_service_get_base_configuration)
lib/libacconeer.a(acc_base_configuration.o)
                              acc_service.o (symbol from plugin) (acc_base_configuration_sensor_get)
lib/libacconeer.a(acc_rss_integration.o)
                              acc_rss.o (symbol from plugin) (concrete_hal)
lib/libacconeer.a(acc_pipeline_direct.o)
                              acc_service_sparse.o (symbol from plugin) (acc_pipeline_direct_assemble)
lib/libacconeer.a(acc_pipeline_envelope.o)
                              acc_service_envelope.o (symbol from plugin) (acc_pipeline_envelope_assemble)
lib/libacconeer.a(acc_radar_engine_linear.o)
                              acc_service_envelope.o (symbol from plugin) (acc_radar_engine_linear_create)
lib/libacconeer.a(acc_radar_engine_sparse.o)
                              acc_service_sparse.o (symbol from plugin) (acc_radar_engine_sparse_create)
lib/libacconeer.a(acc_radar_engine.o)
                              acc_radar_engine_linear.o (symbol from plugin) (acc_radar_engine_acquire_adc_data)
lib/libacconeer.a(acc_radar_engine_common_sweep_w_dly.o)
                              acc_radar_engine_linear.o (symbol from plugin) (acc_radar_engine_common_sweep_w_dly_initialize_range)
lib/libacconeer.a(acc_radar_engine_common.o)
                              acc_radar_engine_linear.o (symbol from plugin) (acc_radar_engine_common_get_timeout_ms)
lib/libacconeer.a(acc_sensor_comm_r2.o)
                              acc_radar_engine_linear.o (symbol from plugin) (acc_sensor_r2_get_max_header_length)
lib/libacconeer.a(acc_sensor_manager.o)
                              acc_rss.o (symbol from plugin) (acc_sensor_manager_activate)
lib/libacconeer.a(acc_sensor_protocol_r2.o)
                              acc_radar_engine_linear.o (symbol from plugin) (acc_sensor_protocol_r2_ack_event)
lib/libacconeer.a(acc_sweep_manager.o)
                              acc_sensor_manager.o (symbol from plugin) (acc_sweep_manager_prepare)
lib/libacconeer.a(acc_utils.o)
                              acc_rss_integration.o (symbol from plugin) (acc_utils_swap16_array)
lib/libacconeer.a(acc_alg_cca.o)
                              acc_radar_engine_linear.o (symbol from plugin) (acc_alg_cca_calculate)
lib/libacconeer.a(acc_assert.o)
                              acc_rss_integration.o (symbol from plugin) (acc_assert_fail)
lib/libacconeer.a(acc_element.o)
                              acc_pipeline_envelope.o (symbol from plugin) (acc_element_sizeof)
lib/libacconeer.a(acc_element_abs.o)
                              acc_pipeline_envelope.o (symbol from plugin) (acc_element_abs_init)
lib/libacconeer.a(acc_element_centering.o)
                              acc_pipeline_envelope.o (symbol from plugin) (acc_element_centering_init)
lib/libacconeer.a(acc_element_converter.o)
                              acc_pipeline_envelope.o (symbol from plugin) (acc_element_converter_init)
lib/libacconeer.a(acc_element_crop.o)
                              acc_pipeline_envelope.o (symbol from plugin) (acc_element_crop_init)
lib/libacconeer.a(acc_element_depth_domain_low_pass_filter.o)
                              acc_pipeline_envelope.o (symbol from plugin) (acc_element_depth_domain_low_pass_filter_init)
lib/libacconeer.a(acc_element_iq_mixer.o)
                              acc_pipeline_envelope.o (symbol from plugin) (acc_element_iq_mixer_init)
lib/libacconeer.a(acc_element_noise_level_normalization.o)
                              acc_pipeline_envelope.o (symbol from plugin) (acc_element_noise_level_normalization_init)
lib/libacconeer.a(acc_element_phase_compensation.o)
                              acc_pipeline_envelope.o (symbol from plugin) (acc_element_phase_compensation_init)
lib/libacconeer.a(acc_element_saturation_check.o)
                              acc_pipeline_direct.o (symbol from plugin) (acc_element_saturation_check_init)
lib/libacconeer.a(acc_element_time_domain_low_pass_filter.o)
                              acc_pipeline_envelope.o (symbol from plugin) (acc_element_time_domain_low_pass_filter_init)
lib/libacconeer.a(acc_element_sink_callback.o)
                              acc_pipeline_direct.o (symbol from plugin) (acc_element_sink_callback_init)
lib/libacconeer.a(acc_element_source_adc.o)
[...]
Memory Configuration

Name             Origin             Length             Attributes
RAM              0x0000000020000000 0x0000000000009000 xrw
FLASH            0x0000000008000000 0x0000000000020000 xr
*default*        0x0000000000000000 0xffffffffffffffff

Linker script and memory map

LOAD /mnt/d/Git/acconeer/compilers/gcc-arm-none-eabi-7-2018-q2-update/bin/../lib/gcc/arm-none-eabi/7.3.1/thumb/v6-m/crti.o
LOAD /mnt/d/Git/acconeer/compilers/gcc-arm-none-eabi-7-2018-q2-update/bin/../lib/gcc/arm-none-eabi/7.3.1/thumb/v6-m/crtbegin.o
LOAD /mnt/d/Git/acconeer/compilers/gcc-arm-none-eabi-7-2018-q2-update/bin/../lib/gcc/arm-none-eabi/7.3.1/../../../../arm-none-eabi/lib/thumb/v6-m/crt0.o
LOAD /tmp/cc8YQjNZ.ltrans0.ltrans.o
LOAD /tmp/cc8YQjNZ.ltrans1.ltrans.o
LOAD out/obj/syscalls.o
LOAD out/obj/startup_stm32g071xx.o
LOAD out/obj/sysmem.o
START GROUP
LOAD lib/libacc_detector_distance.a
LOAD lib/libacc_detector_presence.a
LOAD lib/libacc_rf_certification_test.a
LOAD lib/libacconeer.a
LOAD /mnt/d/Git/acconeer/compilers/gcc-arm-none-eabi-7-2018-q2-update/bin/../lib/gcc/arm-none-eabi/7.3.1/../../../../arm-none-eabi/lib/thumb/v6-m/libm.a
LOAD out/lib/libwrapprintf.a
LOAD out/lib/libstm32cube_fw_g0.a
END GROUP
START GROUP
LOAD /mnt/d/Git/acconeer/compilers/gcc-arm-none-eabi-7-2018-q2-update/bin/../lib/gcc/arm-none-eabi/7.3.1/thumb/v6-m/libgcc.a
LOAD /mnt/d/Git/acconeer/compilers/gcc-arm-none-eabi-7-2018-q2-update/bin/../lib/gcc/arm-none-eabi/7.3.1/../../../../arm-none-eabi/lib/thumb/v6-m/libc_nano.a
END GROUP
START GROUP
LOAD /mnt/d/Git/acconeer/compilers/gcc-arm-none-eabi-7-2018-q2-update/bin/../lib/gcc/arm-none-eabi/7.3.1/thumb/v6-m/libgcc.a
LOAD /mnt/d/Git/acconeer/compilers/gcc-arm-none-eabi-7-2018-q2-update/bin/../lib/gcc/arm-none-eabi/7.3.1/../../../../arm-none-eabi/lib/thumb/v6-m/libc_nano.a
LOAD /mnt/d/Git/acconeer/compilers/gcc-arm-none-eabi-7-2018-q2-update/bin/../lib/gcc/arm-none-eabi/7.3.1/../../../../arm-none-eabi/lib/thumb/v6-m/libnosys.a
END GROUP
START GROUP
LOAD /mnt/d/Git/acconeer/compilers/gcc-arm-none-eabi-7-2018-q2-update/bin/../lib/gcc/arm-none-eabi/7.3.1/thumb/v6-m/libgcc.a
LOAD /mnt/d/Git/acconeer/compilers/gcc-arm-none-eabi-7-2018-q2-update/bin/../lib/gcc/arm-none-eabi/7.3.1/../../../../arm-none-eabi/lib/thumb/v6-m/libc_nano.a
LOAD /mnt/d/Git/acconeer/compilers/gcc-arm-none-eabi-7-2018-q2-update/bin/../lib/gcc/arm-none-eabi/7.3.1/../../../../arm-none-eabi/lib/thumb/v6-m/libnosys.a
END GROUP
LOAD /mnt/d/Git/acconeer/compilers/gcc-arm-none-eabi-7-2018-q2-update/bin/../lib/gcc/arm-none-eabi/7.3.1/thumb/v6-m/crtend.o
LOAD /mnt/d/Git/acconeer/compilers/gcc-arm-none-eabi-7-2018-q2-update/bin/../lib/gcc/arm-none-eabi/7.3.1/thumb/v6-m/crtn.o
                0x0000000020009000                _estack = 0x20009000
                0x0000000000000200                _Min_Heap_Size = 0x200
                0x0000000000001400                _Min_Stack_Size = 0x1400

.isr_vector     0x0000000008000000       0xbc
                0x0000000008000000                . = ALIGN (0x4)
 *(.isr_vector)
 .isr_vector    0x0000000008000000       0xbc out/obj/startup_stm32g071xx.o
                0x0000000008000000                g_pfnVectors
                0x00000000080000bc                . = ALIGN (0x4)

.text           0x00000000080000bc     0xea6c
                0x00000000080000bc                . = ALIGN (0x4)
 *(.text)
 .text          0x00000000080000bc       0x48 /mnt/d/Git/acconeer/compilers/gcc-arm-none-eabi-7-2018-q2-update/bin/../lib/gcc/arm-none-eabi/7.3.1/thumb/v6-m/crtbegin.o
 .text          0x0000000008000104     0x662c /tmp/cc8YQjNZ.ltrans0.ltrans.o
                0x0000000008000184                filter_no_operation.lto_priv.170
                0x000000000800041c                reset.lto_priv.163.lto_priv.256
                0x0000000008000b34                iq_mix_q3_12_complex.lto_priv.179
                0x0000000008000be2                iq_mix_q3_12.lto_priv.180
                0x0000000008001040                acc_sensor_protocol_r2_ack_event
                0x0000000008001d7c                acc_assert_fail
                0x0000000008001eb8                acc_sensor_protocol_r2_wait_for_specific_event
                0x0000000008001f18                acc_sensor_protocol_r2_is_sensor_running
                0x0000000008001f32                acc_sensor_protocol_r2_run_program
                0x00000000080021c4                acc_rss_integration_mem_alloc_debug
                0x00000000080021e8                acc_rss_integration_sensor_device_transfer
                0x0000000008002224                acc_sensor_r2_load_confmem
                0x000000000800228c                acc_rss_integration_sensor_device_power_off
                0x000000000800229c                acc_rss_integration_sensor_device_power_on
                0x0000000008003058                acc_rss_integration_get_sensor_reference_frequency
                0x0000000008004768                acc_service_profile_set.part.6
                0x0000000008004768                acc_service_maximize_signal_attenuation_set.part.8
                0x0000000008004784                set_maximize_signal_attenuation.lto_priv.255
                0x00000000080047c4                HAL_UART_RxCpltCallback
                0x000000000800482c                SystemInit
                0x000000000800483c                USART1_IRQHandler
                0x00000000080049e0                I2C1_IRQHandler
                0x0000000008004a64                DMA1_Channel2_3_IRQHandler
                0x0000000008004a74                DMA1_Channel1_IRQHandler
                0x0000000008004a84                EXTI4_15_IRQHandler
                0x0000000008004a8e                EXTI2_3_IRQHandler
                0x0000000008004a98                RTC_TAMP_IRQHandler
                0x0000000008004afc                SysTick_Handler
                0x0000000008004b0c                PendSV_Handler
                0x0000000008004b0e                NMI_Handler
                0x0000000008004b10                SVC_Handler
                0x0000000008004b12                HardFault_Handler
                0x0000000008006700                acc_sensor_r2_conf_write_instr
 .text          0x0000000008006730     0x424c /tmp/cc8YQjNZ.ltrans1.ltrans.o
                0x0000000008006a1c                UART_DMAAbortOnError.lto_priv.344
                0x0000000008006b6c                validate.lto_priv.162
                0x0000000008006bd4                reset.lto_priv.169.lto_priv.324
                0x0000000008006bd6                consume.lto_priv.323
                0x0000000008006bec                validate.lto_priv.161
                0x0000000008006c40                reset.lto_priv.168
                0x0000000008006c50                filter_q3_12_complex.lto_priv.272
                0x0000000008006cd0                validate.lto_priv.160
                0x0000000008006d24                event.lto_priv.177
                0x0000000008006d40                saturation_check_i16.lto_priv.327
                0x0000000008006d9c                validate.lto_priv.159
                0x0000000008006e0c                event.lto_priv.176.lto_priv.335
                0x0000000008006e1c                validate.lto_priv.158
                0x0000000008006e70                event.lto_priv.175
                0x0000000008006e8a                noise_level_normalization_u16.lto_priv.341
                0x0000000008006ee0                validate.lto_priv.157
                0x0000000008006f88                event.lto_priv.174.lto_priv.338
                0x00000000080071b4                event.lto_priv.178
                0x00000000080071e6                reset.lto_priv.167.lto_priv.325
                0x00000000080071ee                reset.lto_priv.166.lto_priv.336
                0x00000000080071f6                reset.lto_priv.165.lto_priv.340
                0x00000000080071fe                reset.lto_priv.164.lto_priv.339
                0x0000000008007206                SPI_WaitFlagStateUntilTimeout.part.0.constprop.156
                0x0000000008007270                HAL_RTCEx_DeactivateWakeUpTimer.constprop.147
                0x00000000080072f0                HAL_RTCEx_SetWakeUpTimer_IT.constprop.146
                0x00000000080073ac                acc_integration_sleep_us.constprop.144
                0x00000000080073f0                HAL_UART_Transmit_IT.constprop.123
                0x00000000080074b8                RTC_ExitInitMode.constprop.110
                0x0000000008007508                RTC_EnterInitMode.constprop.109
                0x000000000800754c                FLASH_WaitForLastOperation.constprop.96
                0x00000000080075c8                HAL_UART_Receive_IT.constprop.87
                0x00000000080076e4                acc_service_maximize_signal_attenuation_set.constprop.67
                0x00000000080076f0                acc_service_profile_set.constprop.66
                0x0000000008007724                acc_rss_integration_mem_calloc_debug.constprop.64
                0x000000000800773c                internal_buffer_processed_read.constprop.30
                0x00000000080077c8                acc_sensor_reg_write
                0x00000000080077e2                acc_diagnostic_log_data_i16.constprop.20
                0x00000000080077e4                acc_confprogram_live_patch.constprop.16
                0x0000000008007914                get_dt.constprop.10
                0x000000000800794c                points_to_meter.constprop.9
                0x0000000008007978                UARTEx_SetNbDataToProcess.lto_priv.645
                0x00000000080079dc                HAL_UARTEx_DisableFifoMode
                0x0000000008007a14                HAL_UART_Transmit
                0x0000000008007ae8                RTC_ByteToBcd2
                0x0000000008007afe                HAL_RTC_SetAlarm_IT.constprop.133
                0x0000000008007c3c                HAL_InitTick
                0x0000000008007c98                HAL_DMA_IRQHandler
                0x0000000008007d40                HAL_DMA_Abort_IT
                0x0000000008007dbc                I2C_ITError.lto_priv.646
                0x00000000080080ec                HAL_RCC_GetSysClockFreq
                0x0000000008008178                HAL_GPIO_EXTI_IRQHandler
                0x0000000008008190                HAL_GPIO_Init
                0x00000000080082e0                HAL_UART_Init.constprop.98
                0x0000000008008dc4                biquad_q3_12_complex_direct_form_1.lto_priv.641
                0x0000000008008ec0                acc_confprogram_copy
                0x0000000008008ec0                acc_utils_uint32_to_transfer_buffer
                0x0000000008008f50                acc_confprogram_patch_offset
                0x0000000008009074                acc_diagnostic_log_data_u16
                0x0000000008009076                acc_diagnostic_log_scalar
                0x0000000008009078                acc_diagnostic_log_array
                0x000000000800907a                acc_diagnostic_log_set_parameter
                0x000000000800907c                acc_diagnostic_log_declare_parameter
                0x000000000800907e                acc_diagnostic_log_set_scope
                0x0000000008009080                accumulator_mod.lto_priv.640
                0x00000000080090bc                acc_alg_basic_saturation_check_u16
                0x0000000008009118                saturation_check_u16.lto_priv.326
                0x0000000008009120                eval_even_poly_f32.lto_priv.644
                0x0000000008009152                quarter_pi_cos_sin_f32.lto_priv.643
                0x0000000008009198                acc_alg_basic_math_q3_12_sin
                0x00000000080091c4                acc_alg_basic_math_q3_12_complex_scalar_abs
                0x00000000080093b4                phase_compensate_q3_12_complex.lto_priv.337
                0x00000000080093c8                internal_reg_read.lto_priv.642
                0x0000000008009416                acc_sensor_diagnostics_r2_sensor_status
                0x000000000800980c                acc_sensor_protocol_r2_wait_for_event.constprop.27
                0x0000000008009960                acc_sensor_protocol_r2_stop.constprop.25
                0x00000000080099ec                acc_sensor_protocol_r2_prepare_load.constprop.21
                0x0000000008009adc                acc_cpd_linear_sweep_get_info
                0x0000000008009b06                acc_cpd_linear_sweep_update_program
                0x0000000008009b5c                acc_probes_execute
                0x0000000008009b78                acc_cpd_linear_sweep_load_program
                0x000000000800a450                acc_probes_execute_primitive_probe
                0x000000000800a468                acc_probes_execute_uint16
                0x000000000800a486                acc_cpd_cbank_and_vana_calibration
                0x000000000800a780                acc_element_source_adc_inject_data
                0x000000000800a7a8                acc_element_source_adc_produce
 .text          0x000000000800a97c      0x334 /mnt/d/Git/acconeer/compilers/gcc-arm-none-eabi-7-2018-q2-update/bin/../lib/gcc/arm-none-eabi/7.3.1/thumb/v6-m/libgcc.a(addsf3.o)
                0x000000000800a97c                __aeabi_fadd
 .text          0x000000000800acb0      0x224 /mnt/d/Git/acconeer/compilers/gcc-arm-none-eabi-7-2018-q2-update/bin/../lib/gcc/arm-none-eabi/7.3.1/thumb/v6-m/libgcc.a(divsf3.o)
                0x000000000800acb0                __aeabi_fdiv
 .text          0x000000000800aed4      0x264 /mnt/d/Git/acconeer/compilers/gcc-arm-none-eabi-7-2018-q2-update/bin/../lib/gcc/arm-none-eabi/7.3.1/thumb/v6-m/libgcc.a(mulsf3.o)
                0x000000000800aed4                __aeabi_fmul
 .text          0x000000000800b138      0x388 /mnt/d/Git/acconeer/compilers/gcc-arm-none-eabi-7-2018-q2-update/bin/../lib/gcc/arm-none-eabi/7.3.1/thumb/v6-m/libgcc.a(subsf3.o)
                0x000000000800b138                __aeabi_fsub
 .text          0x000000000800b4c0       0x3c /mnt/d/Git/acconeer/compilers/gcc-arm-none-eabi-7-2018-q2-update/bin/../lib/gcc/arm-none-eabi/7.3.1/thumb/v6-m/libgcc.a(_clzsi2.o)
                0x000000000800b4c0                __clzsi2
 .text          0x000000000800b4fc       0x14 /mnt/d/Git/acconeer/compilers/gcc-arm-none-eabi-7-2018-q2-update/bin/../lib/gcc/arm-none-eabi/7.3.1/thumb/v6-m/libgcc.a(_thumb1_case_sqi.o)
                0x000000000800b4fc                __gnu_thumb1_case_sqi
 .text          0x000000000800b510       0x14 /mnt/d/Git/acconeer/compilers/gcc-arm-none-eabi-7-2018-q2-update/bin/../lib/gcc/arm-none-eabi/7.3.1/thumb/v6-m/libgcc.a(_thumb1_case_uqi.o)
                0x000000000800b510                __gnu_thumb1_case_uqi
 .text          0x000000000800b524       0x14 /mnt/d/Git/acconeer/compilers/gcc-arm-none-eabi-7-2018-q2-update/bin/../lib/gcc/arm-none-eabi/7.3.1/thumb/v6-m/libgcc.a(_thumb1_case_uhi.o)
                0x000000000800b524                __gnu_thumb1_case_uhi
 .text          0x000000000800b538      0x114 /mnt/d/Git/acconeer/compilers/gcc-arm-none-eabi-7-2018-q2-update/bin/../lib/gcc/arm-none-eabi/7.3.1/thumb/v6-m/libgcc.a(_udivsi3.o)
                0x000000000800b538                __udivsi3
                0x000000000800b538                __aeabi_uidiv
                0x000000000800b644                __aeabi_uidivmod
 .text          0x000000000800b64c      0x1d4 /mnt/d/Git/acconeer/compilers/gcc-arm-none-eabi-7-2018-q2-update/bin/../lib/gcc/arm-none-eabi/7.3.1/thumb/v6-m/libgcc.a(_divsi3.o)
                0x000000000800b64c                __aeabi_idiv
                0x000000000800b64c                __divsi3
                0x000000000800b818                __aeabi_idivmod
 .text          0x000000000800b820        0x4 /mnt/d/Git/acconeer/compilers/gcc-arm-none-eabi-7-2018-q2-update/bin/../lib/gcc/arm-none-eabi/7.3.1/thumb/v6-m/libgcc.a(_dvmd_tls.o)
                0x000000000800b820                __aeabi_ldiv0
                0x000000000800b820                __aeabi_idiv0
 .text          0x000000000800b824       0x74 /mnt/d/Git/acconeer/compilers/gcc-arm-none-eabi-7-2018-q2-update/bin/../lib/gcc/arm-none-eabi/7.3.1/thumb/v6-m/libgcc.a(_arm_cmpsf2.o)
                0x000000000800b824                __aeabi_cfrcmple
                0x000000000800b82c                __aeabi_cfcmple
                0x000000000800b82c                __aeabi_cfcmpeq
                0x000000000800b83c                __aeabi_fcmpeq
                0x000000000800b848                __aeabi_fcmplt
                0x000000000800b85c                __aeabi_fcmple
                0x000000000800b870                __aeabi_fcmpgt
                0x000000000800b884                __aeabi_fcmpge
 .text          0x000000000800b898       0x40 /mnt/d/Git/acconeer/compilers/gcc-arm-none-eabi-7-2018-q2-update/bin/../lib/gcc/arm-none-eabi/7.3.1/thumb/v6-m/libgcc.a(_aeabi_uldivmod.o)
                0x000000000800b898                __aeabi_uldivmod
 .text          0x000000000800b8d8       0x30 /mnt/d/Git/acconeer/compilers/gcc-arm-none-eabi-7-2018-q2-update/bin/../lib/gcc/arm-none-eabi/7.3.1/thumb/v6-m/libgcc.a(_fixunssfsi.o)
                0x000000000800b8d8                __aeabi_f2uiz
                0x000000000800b8d8                __fixunssfsi
 .text          0x000000000800b908      0x184 /mnt/d/Git/acconeer/compilers/gcc-arm-none-eabi-7-2018-q2-update/bin/../lib/gcc/arm-none-eabi/7.3.1/thumb/v6-m/libgcc.a(_udivmoddi4.o)
                0x000000000800b908                __udivmoddi4
 .text          0x000000000800ba8c       0x50 /mnt/d/Git/acconeer/compilers/gcc-arm-none-eabi-7-2018-q2-update/bin/../lib/gcc/arm-none-eabi/7.3.1/thumb/v6-m/libgcc.a(eqsf2.o)
                0x000000000800ba8c                __nesf2
                0x000000000800ba8c                __eqsf2
 .text          0x000000000800badc       0x9c /mnt/d/Git/acconeer/compilers/gcc-arm-none-eabi-7-2018-q2-update/bin/../lib/gcc/arm-none-eabi/7.3.1/thumb/v6-m/libgcc.a(gesf2.o)
                0x000000000800badc                __gtsf2
                0x000000000800badc                __gesf2
 .text          0x000000000800bb78       0xa0 /mnt/d/Git/acconeer/compilers/gcc-arm-none-eabi-7-2018-q2-update/bin/../lib/gcc/arm-none-eabi/7.3.1/thumb/v6-m/libgcc.a(lesf2.o)
                0x000000000800bb78                __lesf2
                0x000000000800bb78                __ltsf2
 .text          0x000000000800bc18       0x2c /mnt/d/Git/acconeer/compilers/gcc-arm-none-eabi-7-2018-q2-update/bin/../lib/gcc/arm-none-eabi/7.3.1/thumb/v6-m/libgcc.a(unordsf2.o)
                0x000000000800bc18                __aeabi_fcmpun
 .text          0x000000000800bc44       0x40 /mnt/d/Git/acconeer/compilers/gcc-arm-none-eabi-7-2018-q2-update/bin/../lib/gcc/arm-none-eabi/7.3.1/thumb/v6-m/libgcc.a(fixsfsi.o)
                0x000000000800bc44                __aeabi_f2iz
 .text          0x000000000800bc84       0x94 /mnt/d/Git/acconeer/compilers/gcc-arm-none-eabi-7-2018-q2-update/bin/../lib/gcc/arm-none-eabi/7.3.1/thumb/v6-m/libgcc.a(floatsisf.o)
                0x000000000800bc84                __aeabi_i2f
 .text          0x000000000800bd18       0x80 /mnt/d/Git/acconeer/compilers/gcc-arm-none-eabi-7-2018-q2-update/bin/../lib/gcc/arm-none-eabi/7.3.1/thumb/v6-m/libgcc.a(floatunsisf.o)
                0x000000000800bd18                __aeabi_ui2f
 .text          0x000000000800bd98       0xa4 /mnt/d/Git/acconeer/compilers/gcc-arm-none-eabi-7-2018-q2-update/bin/../lib/gcc/arm-none-eabi/7.3.1/thumb/v6-m/libgcc.a(extendsfdf2.o)
                0x000000000800bd98                __aeabi_f2d
 .text          0x000000000800be3c      0x108 /mnt/d/Git/acconeer/compilers/gcc-arm-none-eabi-7-2018-q2-update/bin/../lib/gcc/arm-none-eabi/7.3.1/thumb/v6-m/libgcc.a(truncdfsf2.o)
                0x000000000800be3c                __aeabi_d2f
 .text          0x000000000800bf44       0x18 /mnt/d/Git/acconeer/compilers/gcc-arm-none-eabi-7-2018-q2-update/bin/../lib/gcc/arm-none-eabi/7.3.1/thumb/v6-m/libgcc.a(_clzdi2.o)
                0x000000000800bf44                __clzdi2
 .text          0x000000000800bf5c        0xe /mnt/d/Git/acconeer/compilers/gcc-arm-none-eabi-7-2018-q2-update/bin/../lib/gcc/arm-none-eabi/7.3.1/../../../../arm-none-eabi/lib/thumb/v6-m/libc_nano.a(lib_a-strlen.o)
                0x000000000800bf5c                strlen
 *(.text*)
 *fill*         0x000000000800bf6a        0x2 
 .text.startup  0x000000000800bf6c     0x1344 /tmp/cc8YQjNZ.ltrans0.ltrans.o
                0x000000000800bf6c                main
 .text._write   0x000000000800d2b0       0x1c out/obj/syscalls.o
                0x000000000800d2b0                _write
 .text.Reset_Handler
                0x000000000800d2cc       0x50 out/obj/startup_stm32g071xx.o
                0x000000000800d2cc                Reset_Handler
 .text.Default_Handler
                0x000000000800d31c        0x2 out/obj/startup_stm32g071xx.o
                0x000000000800d31c                USART3_4_LPUART1_IRQHandler
                0x000000000800d31c                TIM1_CC_IRQHandler
                0x000000000800d31c                ADC1_COMP_IRQHandler
                0x000000000800d31c                PVD_IRQHandler
                0x000000000800d31c                TIM7_LPTIM2_IRQHandler
                0x000000000800d31c                SPI1_IRQHandler
                0x000000000800d31c                I2C2_IRQHandler
                0x000000000800d31c                TIM17_IRQHandler
                0x000000000800d31c                TIM16_IRQHandler
                0x000000000800d31c                TIM3_IRQHandler
                0x000000000800d31c                RCC_IRQHandler
                0x000000000800d31c                Default_Handler
                0x000000000800d31c                CEC_IRQHandler
                0x000000000800d31c                TIM14_IRQHandler
                0x000000000800d31c                TIM15_IRQHandler
                0x000000000800d31c                EXTI0_1_IRQHandler
                0x000000000800d31c                SPI2_IRQHandler
                0x000000000800d31c                TIM6_DAC_LPTIM1_IRQHandler
                0x000000000800d31c                WWDG_IRQHandler
                0x000000000800d31c                TIM2_IRQHandler
                0x000000000800d31c                DMA1_Ch4_7_DMAMUX1_OVR_IRQHandler
                0x000000000800d31c                UCPD1_2_IRQHandler
                0x000000000800d31c                USART2_IRQHandler
                0x000000000800d31c                FLASH_IRQHandler
                0x000000000800d31c                TIM1_BRK_UP_TRG_COM_IRQHandler
 *fill*         0x000000000800d31e        0x2 
 .text._sbrk    0x000000000800d320       0x40 out/obj/sysmem.o
                0x000000000800d320                _sbrk
 .text.__ieee754_sqrtf
                0x000000000800d360       0xb4 /mnt/d/Git/acconeer/compilers/gcc-arm-none-eabi-7-2018-q2-update/bin/../lib/gcc/arm-none-eabi/7.3.1/../../../../arm-none-eabi/lib/thumb/v6-m/libm.a(lib_a-ef_sqrt.o)
                0x000000000800d360                __ieee754_sqrtf
 .text.__errno  0x000000000800d414        0xc /mnt/d/Git/acconeer/compilers/gcc-arm-none-eabi-7-2018-q2-update/bin/../lib/gcc/arm-none-eabi/7.3.1/../../../../arm-none-eabi/lib/thumb/v6-m/libc_nano.a(lib_a-errno.o)
                0x000000000800d414                __errno
 .text.__sflush_r
                0x000000000800d420      0x114 /mnt/d/Git/acconeer/compilers/gcc-arm-none-eabi-7-2018-q2-update/bin/../lib/gcc/arm-none-eabi/7.3.1/../../../../arm-none-eabi/lib/thumb/v6-m/libc_nano.a(lib_a-fflush.o)
                0x000000000800d420                __sflush_r
 .text._fflush_r
                0x000000000800d534       0x58 /mnt/d/Git/acconeer/compilers/gcc-arm-none-eabi-7-2018-q2-update/bin/../lib/gcc/arm-none-eabi/7.3.1/../../../../arm-none-eabi/lib/thumb/v6-m/libc_nano.a(lib_a-fflush.o)
                0x000000000800d534                _fflush_r
 .text.fflush   0x000000000800d58c       0x28 /mnt/d/Git/acconeer/compilers/gcc-arm-none-eabi-7-2018-q2-update/bin/../lib/gcc/arm-none-eabi/7.3.1/../../../../arm-none-eabi/lib/thumb/v6-m/libc_nano.a(lib_a-fflush.o)
                0x000000000800d58c                fflush
 .text.std      0x000000000800d5b4       0x48 /mnt/d/Git/acconeer/compilers/gcc-arm-none-eabi-7-2018-q2-update/bin/../lib/gcc/arm-none-eabi/7.3.1/../../../../arm-none-eabi/lib/thumb/v6-m/libc_nano.a(lib_a-findfp.o)
 .text._cleanup_r
                0x000000000800d5fc       0x10 /mnt/d/Git/acconeer/compilers/gcc-arm-none-eabi-7-2018-q2-update/bin/../lib/gcc/arm-none-eabi/7.3.1/../../../../arm-none-eabi/lib/thumb/v6-m/libc_nano.a(lib_a-findfp.o)
                0x000000000800d5fc                _cleanup_r
 .text.__sfmoreglue
                0x000000000800d60c       0x2c /mnt/d/Git/acconeer/compilers/gcc-arm-none-eabi-7-2018-q2-update/bin/../lib/gcc/arm-none-eabi/7.3.1/../../../../arm-none-eabi/lib/thumb/v6-m/libc_nano.a(lib_a-findfp.o)
                0x000000000800d60c                __sfmoreglue
 .text.__sinit  0x000000000800d638       0x68 /mnt/d/Git/acconeer/compilers/gcc-arm-none-eabi-7-2018-q2-update/bin/../lib/gcc/arm-none-eabi/7.3.1/../../../../arm-none-eabi/lib/thumb/v6-m/libc_nano.a(lib_a-findfp.o)
                0x000000000800d638                __sinit
 .text.__sfp    0x000000000800d6a0       0x7c /mnt/d/Git/acconeer/compilers/gcc-arm-none-eabi-7-2018-q2-update/bin/../lib/gcc/arm-none-eabi/7.3.1/../../../../arm-none-eabi/lib/thumb/v6-m/libc_nano.a(lib_a-findfp.o)
                0x000000000800d6a0                __sfp
 .text._fwalk_reent
                0x000000000800d71c       0x42 /mnt/d/Git/acconeer/compilers/gcc-arm-none-eabi-7-2018-q2-update/bin/../lib/gcc/arm-none-eabi/7.3.1/../../../../arm-none-eabi/lib/thumb/v6-m/libc_nano.a(lib_a-fwalk.o)
                0x000000000800d71c                _fwalk_reent
 *fill*         0x000000000800d75e        0x2 
 .text.__libc_init_array
                0x000000000800d760       0x48 /mnt/d/Git/acconeer/compilers/gcc-arm-none-eabi-7-2018-q2-update/bin/../lib/gcc/arm-none-eabi/7.3.1/../../../../arm-none-eabi/lib/thumb/v6-m/libc_nano.a(lib_a-init.o)
                0x000000000800d760                __libc_init_array
 .text.memset   0x000000000800d7a8       0x10 /mnt/d/Git/acconeer/compilers/gcc-arm-none-eabi-7-2018-q2-update/bin/../lib/gcc/arm-none-eabi/7.3.1/../../../../arm-none-eabi/lib/thumb/v6-m/libc_nano.a(lib_a-memset.o)
                0x000000000800d7a8                memset
 .text._free_r  0x000000000800d7b8       0x94 /mnt/d/Git/acconeer/compilers/gcc-arm-none-eabi-7-2018-q2-update/bin/../lib/gcc/arm-none-eabi/7.3.1/../../../../arm-none-eabi/lib/thumb/v6-m/libc_nano.a(lib_a-nano-freer.o)
                0x000000000800d7b8                _free_r
 .text._malloc_r
                0x000000000800d84c       0xbc /mnt/d/Git/acconeer/compilers/gcc-arm-none-eabi-7-2018-q2-update/bin/../lib/gcc/arm-none-eabi/7.3.1/../../../../arm-none-eabi/lib/thumb/v6-m/libc_nano.a(lib_a-nano-mallocr.o)
                0x000000000800d84c                _malloc_r
 .text._sbrk_r  0x000000000800d908       0x24 /mnt/d/Git/acconeer/compilers/gcc-arm-none-eabi-7-2018-q2-update/bin/../lib/gcc/arm-none-eabi/7.3.1/../../../../arm-none-eabi/lib/thumb/v6-m/libc_nano.a(lib_a-sbrkr.o)
                0x000000000800d908                _sbrk_r
 .text.__sread  0x000000000800d92c       0x28 /mnt/d/Git/acconeer/compilers/gcc-arm-none-eabi-7-2018-q2-update/bin/../lib/gcc/arm-none-eabi/7.3.1/../../../../arm-none-eabi/lib/thumb/v6-m/libc_nano.a(lib_a-stdio.o)
                0x000000000800d92c                __sread
 .text.__swrite
                0x000000000800d954       0x38 /mnt/d/Git/acconeer/compilers/gcc-arm-none-eabi-7-2018-q2-update/bin/../lib/gcc/arm-none-eabi/7.3.1/../../../../arm-none-eabi/lib/thumb/v6-m/libc_nano.a(lib_a-stdio.o)
                0x000000000800d954                __swrite
 .text.__sseek  0x000000000800d98c       0x2c /mnt/d/Git/acconeer/compilers/gcc-arm-none-eabi-7-2018-q2-update/bin/../lib/gcc/arm-none-eabi/7.3.1/../../../../arm-none-eabi/lib/thumb/v6-m/libc_nano.a(lib_a-stdio.o)
                0x000000000800d98c                __sseek
 .text.__sclose
                0x000000000800d9b8        0xc /mnt/d/Git/acconeer/compilers/gcc-arm-none-eabi-7-2018-q2-update/bin/../lib/gcc/arm-none-eabi/7.3.1/../../../../arm-none-eabi/lib/thumb/v6-m/libc_nano.a(lib_a-stdio.o)
                0x000000000800d9b8                __sclose
 .text._write_r
                0x000000000800d9c4       0x28 /mnt/d/Git/acconeer/compilers/gcc-arm-none-eabi-7-2018-q2-update/bin/../lib/gcc/arm-none-eabi/7.3.1/../../../../arm-none-eabi/lib/thumb/v6-m/libc_nano.a(lib_a-writer.o)
                0x000000000800d9c4                _write_r
 .text._close_r
                0x000000000800d9ec       0x24 /mnt/d/Git/acconeer/compilers/gcc-arm-none-eabi-7-2018-q2-update/bin/../lib/gcc/arm-none-eabi/7.3.1/../../../../arm-none-eabi/lib/thumb/v6-m/libc_nano.a(lib_a-closer.o)
                0x000000000800d9ec                _close_r
 .text._lseek_r
                0x000000000800da10       0x28 /mnt/d/Git/acconeer/compilers/gcc-arm-none-eabi-7-2018-q2-update/bin/../lib/gcc/arm-none-eabi/7.3.1/../../../../arm-none-eabi/lib/thumb/v6-m/libc_nano.a(lib_a-lseekr.o)
                0x000000000800da10                _lseek_r
 .text.__malloc_lock
                0x000000000800da38        0x2 /mnt/d/Git/acconeer/compilers/gcc-arm-none-eabi-7-2018-q2-update/bin/../lib/gcc/arm-none-eabi/7.3.1/../../../../arm-none-eabi/lib/thumb/v6-m/libc_nano.a(lib_a-mlock.o)
                0x000000000800da38                __malloc_lock
 .text.__malloc_unlock
                0x000000000800da3a        0x2 /mnt/d/Git/acconeer/compilers/gcc-arm-none-eabi-7-2018-q2-update/bin/../lib/gcc/arm-none-eabi/7.3.1/../../../../arm-none-eabi/lib/thumb/v6-m/libc_nano.a(lib_a-mlock.o)
                0x000000000800da3a                __malloc_unlock
 .text._read_r  0x000000000800da3c       0x28 /mnt/d/Git/acconeer/compilers/gcc-arm-none-eabi-7-2018-q2-update/bin/../lib/gcc/arm-none-eabi/7.3.1/../../../../arm-none-eabi/lib/thumb/v6-m/libc_nano.a(lib_a-readr.o)
                0x000000000800da3c                _read_r
 .text._close   0x000000000800da64       0x10 /mnt/d/Git/acconeer/compilers/gcc-arm-none-eabi-7-2018-q2-update/bin/../lib/gcc/arm-none-eabi/7.3.1/../../../../arm-none-eabi/lib/thumb/v6-m/libnosys.a(close.o)
                0x000000000800da64                _close
 .text._lseek   0x000000000800da74       0x10 /mnt/d/Git/acconeer/compilers/gcc-arm-none-eabi-7-2018-q2-update/bin/../lib/gcc/arm-none-eabi/7.3.1/../../../../arm-none-eabi/lib/thumb/v6-m/libnosys.a(lseek.o)
                0x000000000800da74                _lseek
 .text._read    0x000000000800da84       0x10 /mnt/d/Git/acconeer/compilers/gcc-arm-none-eabi-7-2018-q2-update/bin/../lib/gcc/arm-none-eabi/7.3.1/../../../../arm-none-eabi/lib/thumb/v6-m/libnosys.a(read.o)
                0x000000000800da84                _read
 .text.fmaxf    0x000000000800da94       0x2c /mnt/d/Git/acconeer/compilers/gcc-arm-none-eabi-7-2018-q2-update/bin/../lib/gcc/arm-none-eabi/7.3.1/../../../../arm-none-eabi/lib/thumb/v6-m/libm.a(lib_a-sf_fmax.o)
                0x000000000800da94                fmaxf
 .text.__fpclassifyf
                0x000000000800dac0       0x40 /mnt/d/Git/acconeer/compilers/gcc-arm-none-eabi-7-2018-q2-update/bin/../lib/gcc/arm-none-eabi/7.3.1/../../../../arm-none-eabi/lib/thumb/v6-m/libm.a(lib_a-sf_fpclassify.o)
                0x000000000800dac0                __fpclassifyf
 .text.roundf   0x000000000800db00       0x44 /mnt/d/Git/acconeer/compilers/gcc-arm-none-eabi-7-2018-q2-update/bin/../lib/gcc/arm-none-eabi/7.3.1/../../../../arm-none-eabi/lib/thumb/v6-m/libm.a(lib_a-sf_round.o)
                0x000000000800db00                roundf
 .text.log10f   0x000000000800db44       0xf8 /mnt/d/Git/acconeer/compilers/gcc-arm-none-eabi-7-2018-q2-update/bin/../lib/gcc/arm-none-eabi/7.3.1/../../../../arm-none-eabi/lib/thumb/v6-m/libm.a(lib_a-wf_log10.o)
                0x000000000800db44                log10f
 .text.__ieee754_log10f
                0x000000000800dc3c       0xb0 /mnt/d/Git/acconeer/compilers/gcc-arm-none-eabi-7-2018-q2-update/bin/../lib/gcc/arm-none-eabi/7.3.1/../../../../arm-none-eabi/lib/thumb/v6-m/libm.a(lib_a-ef_log10.o)
                0x000000000800dc3c                __ieee754_log10f
 .text.matherr  0x000000000800dcec        0x4 /mnt/d/Git/acconeer/compilers/gcc-arm-none-eabi-7-2018-q2-update/bin/../lib/gcc/arm-none-eabi/7.3.1/../../../../arm-none-eabi/lib/thumb/v6-m/libm.a(lib_a-s_matherr.o)
                0x000000000800dcec                matherr
 .text.nan      0x000000000800dcf0        0xc /mnt/d/Git/acconeer/compilers/gcc-arm-none-eabi-7-2018-q2-update/bin/../lib/gcc/arm-none-eabi/7.3.1/../../../../arm-none-eabi/lib/thumb/v6-m/libm.a(lib_a-s_nan.o)
                0x000000000800dcf0                nan
 .text.__ieee754_logf
                0x000000000800dcfc      0x28c /mnt/d/Git/acconeer/compilers/gcc-arm-none-eabi-7-2018-q2-update/bin/../lib/gcc/arm-none-eabi/7.3.1/../../../../arm-none-eabi/lib/thumb/v6-m/libm.a(lib_a-ef_log.o)
                0x000000000800dcfc                __ieee754_logf
 .text.out_func
                0x000000000800df88       0x20 out/lib/libwrapprintf.a(acc_wrap_printf.o)
 .text.__wrap_puts
                0x000000000800dfa8       0x24 out/lib/libwrapprintf.a(acc_wrap_printf.o)
                0x000000000800dfa8                __wrap_puts
 .text.__wrap_printf
                0x000000000800dfcc       0x44 out/lib/libwrapprintf.a(acc_wrap_printf.o)
                0x000000000800dfcc                __wrap_printf
 .text.__wrap_vsnprintf
                0x000000000800e010        0x8 out/lib/libwrapprintf.a(acc_wrap_printf.o)
                0x000000000800e010                __wrap_vsnprintf
 .text._out_buffer
                0x000000000800e018        0x8 out/lib/libwrapprintf.a(printf.o)
 .text._out_null
                0x000000000800e020        0x2 out/lib/libwrapprintf.a(printf.o)
 .text._out_fct
                0x000000000800e022        0xe out/lib/libwrapprintf.a(printf.o)
 .text._ntoa_format
                0x000000000800e030      0x14a out/lib/libwrapprintf.a(printf.o)
 .text._ntoa_long
                0x000000000800e17a       0x90 out/lib/libwrapprintf.a(printf.o)
 .text._ntoa_long_long
                0x000000000800e20a       0xa4 out/lib/libwrapprintf.a(printf.o)
 *fill*         0x000000000800e2ae        0x2 
 .text._vsnprintf
                0x000000000800e2b0      0x45c out/lib/libwrapprintf.a(printf.o)
 .text.vsnprintf_
                0x000000000800e70c       0x18 out/lib/libwrapprintf.a(printf.o)
                0x000000000800e70c                vsnprintf_
 .text.fctvprintf
                0x000000000800e724       0x20 out/lib/libwrapprintf.a(printf.o)
                0x000000000800e724                fctvprintf
 .text.malloc   0x000000000800e744       0x14 /mnt/d/Git/acconeer/compilers/gcc-arm-none-eabi-7-2018-q2-update/bin/../lib/gcc/arm-none-eabi/7.3.1/../../../../arm-none-eabi/lib/thumb/v6-m/libc_nano.a(lib_a-malloc.o)
                0x000000000800e744                malloc
 .text.free     0x000000000800e758       0x14 /mnt/d/Git/acconeer/compilers/gcc-arm-none-eabi-7-2018-q2-update/bin/../lib/gcc/arm-none-eabi/7.3.1/../../../../arm-none-eabi/lib/thumb/v6-m/libc_nano.a(lib_a-malloc.o)
                0x000000000800e758                free
 .text.memcpy   0x000000000800e76c       0x12 /mnt/d/Git/acconeer/compilers/gcc-arm-none-eabi-7-2018-q2-update/bin/../lib/gcc/arm-none-eabi/7.3.1/../../../../arm-none-eabi/lib/thumb/v6-m/libc_nano.a(lib_a-memcpy-stub.o)
                0x000000000800e76c                memcpy
 .text.memmove  0x000000000800e77e       0x26 /mnt/d/Git/acconeer/compilers/gcc-arm-none-eabi-7-2018-q2-update/bin/../lib/gcc/arm-none-eabi/7.3.1/../../../../arm-none-eabi/lib/thumb/v6-m/libc_nano.a(lib_a-memmove.o)
                0x000000000800e77e                memmove
 .text.putchar  0x000000000800e7a4       0x28 /mnt/d/Git/acconeer/compilers/gcc-arm-none-eabi-7-2018-q2-update/bin/../lib/gcc/arm-none-eabi/7.3.1/../../../../arm-none-eabi/lib/thumb/v6-m/libc_nano.a(lib_a-putchar.o)
                0x000000000800e7a4                putchar
 .text._putc_r  0x000000000800e7cc       0x6c /mnt/d/Git/acconeer/compilers/gcc-arm-none-eabi-7-2018-q2-update/bin/../lib/gcc/arm-none-eabi/7.3.1/../../../../arm-none-eabi/lib/thumb/v6-m/libc_nano.a(lib_a-putc.o)
                0x000000000800e7cc                _putc_r
 .text.__swbuf_r
                0x000000000800e838       0xac /mnt/d/Git/acconeer/compilers/gcc-arm-none-eabi-7-2018-q2-update/bin/../lib/gcc/arm-none-eabi/7.3.1/../../../../arm-none-eabi/lib/thumb/v6-m/libc_nano.a(lib_a-wbuf.o)
                0x000000000800e838                __swbuf_r
 .text.__swsetup_r
                0x000000000800e8e4       0xec /mnt/d/Git/acconeer/compilers/gcc-arm-none-eabi-7-2018-q2-update/bin/../lib/gcc/arm-none-eabi/7.3.1/../../../../arm-none-eabi/lib/thumb/v6-m/libc_nano.a(lib_a-wsetup.o)
                0x000000000800e8e4                __swsetup_r
 .text.__swhatbuf_r
                0x000000000800e9d0       0x50 /mnt/d/Git/acconeer/compilers/gcc-arm-none-eabi-7-2018-q2-update/bin/../lib/gcc/arm-none-eabi/7.3.1/../../../../arm-none-eabi/lib/thumb/v6-m/libc_nano.a(lib_a-makebuf.o)
                0x000000000800e9d0                __swhatbuf_r
 .text.__smakebuf_r
                0x000000000800ea20       0x88 /mnt/d/Git/acconeer/compilers/gcc-arm-none-eabi-7-2018-q2-update/bin/../lib/gcc/arm-none-eabi/7.3.1/../../../../arm-none-eabi/lib/thumb/v6-m/libc_nano.a(lib_a-makebuf.o)
                0x000000000800ea20                __smakebuf_r
 .text._fstat_r
                0x000000000800eaa8       0x24 /mnt/d/Git/acconeer/compilers/gcc-arm-none-eabi-7-2018-q2-update/bin/../lib/gcc/arm-none-eabi/7.3.1/../../../../arm-none-eabi/lib/thumb/v6-m/libc_nano.a(lib_a-fstatr.o)
                0x000000000800eaa8                _fstat_r
 .text._isatty_r
                0x000000000800eacc       0x24 /mnt/d/Git/acconeer/compilers/gcc-arm-none-eabi-7-2018-q2-update/bin/../lib/gcc/arm-none-eabi/7.3.1/../../../../arm-none-eabi/lib/thumb/v6-m/libc_nano.a(lib_a-isattyr.o)
                0x000000000800eacc                _isatty_r
 .text._fstat   0x000000000800eaf0       0x10 /mnt/d/Git/acconeer/compilers/gcc-arm-none-eabi-7-2018-q2-update/bin/../lib/gcc/arm-none-eabi/7.3.1/../../../../arm-none-eabi/lib/thumb/v6-m/libnosys.a(fstat.o)
                0x000000000800eaf0                _fstat
 .text._isatty  0x000000000800eb00       0x10 /mnt/d/Git/acconeer/compilers/gcc-arm-none-eabi-7-2018-q2-update/bin/../lib/gcc/arm-none-eabi/7.3.1/../../../../arm-none-eabi/lib/thumb/v6-m/libnosys.a(isatty.o)
                0x000000000800eb00                _isatty
 *(.glue_7)
 .glue_7        0x000000000800eb10        0x0 linker stubs
 *(.glue_7t)
 .glue_7t       0x000000000800eb10        0x0 linker stubs
 *(.eh_frame)
 .eh_frame      0x000000000800eb10        0x0 /mnt/d/Git/acconeer/compilers/gcc-arm-none-eabi-7-2018-q2-update/bin/../lib/gcc/arm-none-eabi/7.3.1/thumb/v6-m/crtbegin.o
 *(.init)
 .init          0x000000000800eb10        0x4 /mnt/d/Git/acconeer/compilers/gcc-arm-none-eabi-7-2018-q2-update/bin/../lib/gcc/arm-none-eabi/7.3.1/thumb/v6-m/crti.o
                0x000000000800eb10                _init
 .init          0x000000000800eb14        0x8 /mnt/d/Git/acconeer/compilers/gcc-arm-none-eabi-7-2018-q2-update/bin/../lib/gcc/arm-none-eabi/7.3.1/thumb/v6-m/crtn.o
 *(.fini)
 .fini          0x000000000800eb1c        0x4 /mnt/d/Git/acconeer/compilers/gcc-arm-none-eabi-7-2018-q2-update/bin/../lib/gcc/arm-none-eabi/7.3.1/thumb/v6-m/crti.o
                0x000000000800eb1c                _fini
 .fini          0x000000000800eb20        0x8 /mnt/d/Git/acconeer/compilers/gcc-arm-none-eabi-7-2018-q2-update/bin/../lib/gcc/arm-none-eabi/7.3.1/thumb/v6-m/crtn.o
                0x000000000800eb28                . = ALIGN (0x4)
                0x000000000800eb28                _etext = .

.vfp11_veneer   0x000000000800eb28        0x0
 .vfp11_veneer  0x000000000800eb28        0x0 linker stubs

.v4_bx          0x000000000800eb28        0x0
 .v4_bx         0x000000000800eb28        0x0 linker stubs

.iplt           0x000000000800eb28        0x0
 .iplt          0x000000000800eb28        0x0 /mnt/d/Git/acconeer/compilers/gcc-arm-none-eabi-7-2018-q2-update/bin/../lib/gcc/arm-none-eabi/7.3.1/thumb/v6-m/crtbegin.o

.rodata         0x000000000800eb28     0x8268
                0x000000000800eb28                . = ALIGN (0x4)
 *(.rodata)
 .rodata        0x000000000800eb28     0x3460 /tmp/cc8YQjNZ.ltrans0.ltrans.o
 .rodata        0x0000000008011f88     0x2aa4 /tmp/cc8YQjNZ.ltrans1.ltrans.o
                0x0000000008012178                __compound_literal.134.lto_priv.633
                0x000000000801217e                __compound_literal.133.lto_priv.631
                0x0000000008012190                __compound_literal.132.lto_priv.629
                0x000000000801219c                __compound_literal.131.lto_priv.627
                0x00000000080121a2                __compound_literal.130.lto_priv.625
                0x00000000080121b4                __compound_literal.129.lto_priv.623
                0x00000000080121ba                __compound_literal.128.lto_priv.621
                0x00000000080121c6                __compound_literal.127.lto_priv.619
                0x00000000080121d2                __compound_literal.126.lto_priv.617
                0x00000000080121e4                __compound_literal.125.lto_priv.615
                0x00000000080121ea                __compound_literal.124.lto_priv.613
                0x00000000080121f0                __compound_literal.123.lto_priv.611
                0x00000000080121f6                __compound_literal.122.lto_priv.609
                0x00000000080121fc                __compound_literal.121.lto_priv.607
                0x0000000008012202                __compound_literal.120.lto_priv.605
                0x0000000008012208                __compound_literal.119.lto_priv.603
                0x0000000008012220                __compound_literal.118.lto_priv.601
                0x000000000801222c                __compound_literal.117.lto_priv.599
                0x0000000008012232                __compound_literal.116.lto_priv.597
                0x0000000008012244                __compound_literal.115.lto_priv.595
                0x0000000008012250                __compound_literal.114.lto_priv.593
                0x00000000080123e2                __compound_literal.113.lto_priv.591
                0x00000000080123ee                __compound_literal.112.lto_priv.589
                0x00000000080123f4                __compound_literal.111.lto_priv.587
                0x00000000080123fa                __compound_literal.110.lto_priv.585
                0x0000000008012400                __compound_literal.109.lto_priv.583
                0x0000000008012406                __compound_literal.108.lto_priv.581
                0x0000000008012424                __compound_literal.107.lto_priv.579
                0x000000000801242a                __compound_literal.106.lto_priv.577
                0x0000000008012430                __compound_literal.105.lto_priv.575
                0x0000000008012436                __compound_literal.104.lto_priv.573
                0x000000000801243c                __compound_literal.103.lto_priv.571
                0x0000000008012472                __compound_literal.102.lto_priv.569
                0x0000000008012478                __compound_literal.101.lto_priv.567
                0x000000000801247e                __compound_literal.100.lto_priv.565
                0x0000000008012484                __compound_literal.99.lto_priv.563
                0x000000000801248a                __compound_literal.98.lto_priv.561
                0x0000000008012496                __compound_literal.97.lto_priv.559
                0x00000000080124a8                __compound_literal.96.lto_priv.557
                0x00000000080124ae                __compound_literal.95.lto_priv.555
                0x00000000080124b4                __compound_literal.94.lto_priv.553
                0x00000000080124c6                __compound_literal.93.lto_priv.551
                0x00000000080124cc                __compound_literal.92.lto_priv.549
                0x00000000080124d2                __compound_literal.91.lto_priv.547
                0x00000000080124d8                __compound_literal.90.lto_priv.545
                0x00000000080124e4                __compound_literal.89.lto_priv.543
                0x00000000080124fc                __compound_literal.88.lto_priv.541
                0x0000000008012502                __compound_literal.87.lto_priv.539
                0x0000000008012508                __compound_literal.86.lto_priv.537
                0x000000000801250e                __compound_literal.85.lto_priv.535
                0x0000000008012514                __compound_literal.84.lto_priv.533
                0x000000000801251a                __compound_literal.83.lto_priv.531
                0x0000000008012520                __compound_literal.82.lto_priv.529
                0x0000000008012526                __compound_literal.81.lto_priv.527
                0x0000000008012538                __compound_literal.80.lto_priv.525
                0x000000000801253e                __compound_literal.79.lto_priv.523
                0x0000000008012544                __compound_literal.78.lto_priv.521
                0x000000000801254a                __compound_literal.77.lto_priv.519
                0x0000000008012550                __compound_literal.76.lto_priv.517
                0x000000000801255c                __compound_literal.75.lto_priv.515
                0x0000000008012562                __compound_literal.74.lto_priv.513
                0x0000000008012568                __compound_literal.73.lto_priv.511
                0x000000000801256e                __compound_literal.72.lto_priv.509
                0x0000000008012574                __compound_literal.71.lto_priv.507
                0x000000000801257a                __compound_literal.70.lto_priv.505
                0x00000000080125b0                __compound_literal.69.lto_priv.503
                0x00000000080125b6                __compound_literal.68.lto_priv.501
                0x00000000080125c8                __compound_literal.67.lto_priv.499
                0x00000000080125d4                __compound_literal.66.lto_priv.497
                0x00000000080125e0                __compound_literal.65.lto_priv.495
                0x00000000080125f2                __compound_literal.64.lto_priv.493
                0x0000000008012604                __compound_literal.63.lto_priv.491
                0x0000000008012616                __compound_literal.62.lto_priv.489
                0x000000000801261c                __compound_literal.61.lto_priv.487
                0x0000000008012622                __compound_literal.60.lto_priv.485
                0x000000000801262e                __compound_literal.59.lto_priv.483
                0x0000000008012640                __compound_literal.58.lto_priv.481
                0x0000000008012646                __compound_literal.57.lto_priv.479
                0x000000000801264c                __compound_literal.56.lto_priv.477.lto_priv.639
                0x000000000801265e                __compound_literal.55.lto_priv.474
                0x0000000008012670                __compound_literal.54.lto_priv.471
                0x000000000801267c                __compound_literal.53.lto_priv.468
                0x0000000008012682                __compound_literal.52.lto_priv.465
                0x00000000080126b2                __compound_literal.51.lto_priv.462
                0x00000000080126b8                __compound_literal.50.lto_priv.459
                0x00000000080126be                __compound_literal.49.lto_priv.456
                0x00000000080126c4                __compound_literal.48.lto_priv.453
                0x00000000080126ca                __compound_literal.47.lto_priv.450
                0x00000000080126d0                __compound_literal.46.lto_priv.447
                0x00000000080126d6                __compound_literal.45.lto_priv.444
                0x00000000080126dc                __compound_literal.44.lto_priv.441
                0x00000000080126e2                __compound_literal.43.lto_priv.438
                0x00000000080126e8                __compound_literal.42.lto_priv.435
                0x00000000080126ee                __compound_literal.41.lto_priv.432
                0x00000000080126f4                __compound_literal.40.lto_priv.429
                0x00000000080126fa                __compound_literal.39.lto_priv.426
                0x0000000008012700                __compound_literal.38.lto_priv.423
                0x0000000008012706                __compound_literal.37.lto_priv.420
                0x000000000801270c                __compound_literal.36.lto_priv.254
                0x0000000008012718                __compound_literal.35.lto_priv.252
                0x0000000008012724                __compound_literal.34.lto_priv.250
                0x000000000801272a                __compound_literal.33.lto_priv.248
                0x0000000008012730                __compound_literal.32.lto_priv.246
                0x0000000008012736                __compound_literal.31.lto_priv.244
                0x000000000801273c                __compound_literal.30.lto_priv.242
                0x0000000008012742                __compound_literal.29.lto_priv.240
                0x0000000008012748                __compound_literal.28.lto_priv.238
                0x000000000801274e                __compound_literal.27.lto_priv.236
                0x0000000008012754                __compound_literal.26.lto_priv.234
                0x000000000801275a                __compound_literal.25.lto_priv.232
                0x0000000008012760                __compound_literal.24.lto_priv.230
                0x0000000008012766                __compound_literal.23.lto_priv.228.lto_priv.638
                0x000000000801276c                __compound_literal.22.lto_priv.226.lto_priv.637
                0x0000000008012772                __compound_literal.21.lto_priv.224
                0x0000000008012778                __compound_literal.20.lto_priv.222
                0x000000000801277e                __compound_literal.19.lto_priv.220.lto_priv.636
                0x0000000008012784                __compound_literal.18.lto_priv.218
                0x000000000801278a                __compound_literal.17.lto_priv.216
                0x0000000008012790                __compound_literal.16.lto_priv.214
                0x00000000080127ae                __compound_literal.15.lto_priv.212
                0x00000000080127b4                __compound_literal.14.lto_priv.210
                0x00000000080127ba                __compound_literal.13.lto_priv.208
                0x00000000080127c0                __compound_literal.12.lto_priv.206
                0x00000000080127c6                __compound_literal.11.lto_priv.204
                0x00000000080127cc                __compound_literal.10.lto_priv.202
                0x00000000080127d2                __compound_literal.9.lto_priv.200.lto_priv.635
                0x00000000080127d8                __compound_literal.8.lto_priv.198
                0x00000000080127de                __compound_literal.7.lto_priv.196
                0x00000000080127e4                __compound_literal.6.lto_priv.194
                0x00000000080127ea                __compound_literal.5.lto_priv.192
                0x00000000080127f0                __compound_literal.4.lto_priv.190
                0x00000000080127f6                __compound_literal.3.lto_priv.188
                0x00000000080127fc                __compound_literal.2.lto_priv.186
                0x0000000008012802                __compound_literal.1.lto_priv.184
                0x0000000008012808                __compound_literal.0.lto_priv.182
                0x000000000801280e                CSWTCH.1.lto_priv.332
                0x0000000008012a60                acc_image_a111_r2c_sweep_param_table
                0x000000000801309c                uwTickFreq
                0x00000000080130a0                log_funcs.lto_priv.310
                0x0000000008013c0c                acc_image_a111_r2c_sweep
 .rodata        0x0000000008014a2c       0x80 /mnt/d/Git/acconeer/compilers/gcc-arm-none-eabi-7-2018-q2-update/bin/../lib/gcc/arm-none-eabi/7.3.1/thumb/v6-m/libgcc.a(divsf3.o)
 .rodata        0x0000000008014aac       0x40 /mnt/d/Git/acconeer/compilers/gcc-arm-none-eabi-7-2018-q2-update/bin/../lib/gcc/arm-none-eabi/7.3.1/thumb/v6-m/libgcc.a(mulsf3.o)
 *(.rodata*)
 .rodata.str1.1
                0x0000000008014aec     0x15fe /tmp/cc8YQjNZ.ltrans0.ltrans.o
                                       0x1655 (size before relaxing)
 .rodata.str1.1
                0x00000000080160ea      0xc34 /tmp/cc8YQjNZ.ltrans1.ltrans.o
                                        0xd4e (size before relaxing)
 *fill*         0x0000000008016d1e        0x2 
 .rodata.__sf_fake_stderr
                0x0000000008016d20       0x20 /mnt/d/Git/acconeer/compilers/gcc-arm-none-eabi-7-2018-q2-update/bin/../lib/gcc/arm-none-eabi/7.3.1/../../../../arm-none-eabi/lib/thumb/v6-m/libc_nano.a(lib_a-findfp.o)
                0x0000000008016d20                __sf_fake_stderr
 .rodata.__sf_fake_stdin
                0x0000000008016d40       0x20 /mnt/d/Git/acconeer/compilers/gcc-arm-none-eabi-7-2018-q2-update/bin/../lib/gcc/arm-none-eabi/7.3.1/../../../../arm-none-eabi/lib/thumb/v6-m/libc_nano.a(lib_a-findfp.o)
                0x0000000008016d40                __sf_fake_stdin
 .rodata.__sf_fake_stdout
                0x0000000008016d60       0x20 /mnt/d/Git/acconeer/compilers/gcc-arm-none-eabi-7-2018-q2-update/bin/../lib/gcc/arm-none-eabi/7.3.1/../../../../arm-none-eabi/lib/thumb/v6-m/libc_nano.a(lib_a-findfp.o)
                0x0000000008016d60                __sf_fake_stdout
 .rodata._global_impure_ptr
                0x0000000008016d80        0x4 /mnt/d/Git/acconeer/compilers/gcc-arm-none-eabi-7-2018-q2-update/bin/../lib/gcc/arm-none-eabi/7.3.1/../../../../arm-none-eabi/lib/thumb/v6-m/libc_nano.a(lib_a-impure.o)
                0x0000000008016d80                _global_impure_ptr
 .rodata.log10f.str1.4
                0x0000000008016d84        0xc /mnt/d/Git/acconeer/compilers/gcc-arm-none-eabi-7-2018-q2-update/bin/../lib/gcc/arm-none-eabi/7.3.1/../../../../arm-none-eabi/lib/thumb/v6-m/libm.a(lib_a-wf_log10.o)
                                          0x9 (size before relaxing)
 .rodata.__wrap_puts.str1.1
                0x0000000008016d90      0xc34 out/lib/libwrapprintf.a(acc_wrap_printf.o)
                                          0x2 (size before relaxing)
                0x00000000080179c4                . = ALIGN (0x4)

.ARM.extab
 *(.ARM.extab* .gnu.linkonce.armextab.*)

.ARM            0x0000000008016d90        0x8
                0x0000000008016d90                __exidx_start = .
 *(.ARM.exidx*)
 .ARM.exidx     0x0000000008016d90        0x8 /mnt/d/Git/acconeer/compilers/gcc-arm-none-eabi-7-2018-q2-update/bin/../lib/gcc/arm-none-eabi/7.3.1/thumb/v6-m/libgcc.a(_udivmoddi4.o)
                0x0000000008016d98                __exidx_end = .

.rel.dyn        0x0000000008016d98        0x0
 .rel.iplt      0x0000000008016d98        0x0 /mnt/d/Git/acconeer/compilers/gcc-arm-none-eabi-7-2018-q2-update/bin/../lib/gcc/arm-none-eabi/7.3.1/thumb/v6-m/crtbegin.o

.preinit_array  0x0000000008016d98        0x0
                0x0000000008016d98                PROVIDE (__preinit_array_start = .)
 *(.preinit_array*)
                0x0000000008016d98                PROVIDE (__preinit_array_end = .)

.init_array     0x0000000008016d98        0x4
                0x0000000008016d98                PROVIDE (__init_array_start = .)
 *(SORT_BY_NAME(.init_array.*))
 *(.init_array*)
 .init_array    0x0000000008016d98        0x4 /mnt/d/Git/acconeer/compilers/gcc-arm-none-eabi-7-2018-q2-update/bin/../lib/gcc/arm-none-eabi/7.3.1/thumb/v6-m/crtbegin.o
                0x0000000008016d9c                PROVIDE (__init_array_end = .)

.fini_array     0x0000000008016d9c        0x4
                [!provide]                        PROVIDE (__fini_array_start = .)
 *(SORT_BY_NAME(.fini_array.*))
 *(.fini_array*)
 .fini_array    0x0000000008016d9c        0x4 /mnt/d/Git/acconeer/compilers/gcc-arm-none-eabi-7-2018-q2-update/bin/../lib/gcc/arm-none-eabi/7.3.1/thumb/v6-m/crtbegin.o
                [!provide]                        PROVIDE (__fini_array_end = .)
                0x0000000008016da0                _sidata = LOADADDR (.data)

.data           0x0000000020000000       0x70 load address 0x0000000008016da0
                0x0000000020000000                . = ALIGN (0x4)
                0x0000000020000000                _sdata = .
 *(.data)
 .data          0x0000000020000000        0x8 /tmp/cc8YQjNZ.ltrans1.ltrans.o
                0x0000000020000000                SystemCoreClock
                0x0000000020000004                uwTickPrio
 *(.data*)
 .data._impure_ptr
                0x0000000020000008        0x4 /mnt/d/Git/acconeer/compilers/gcc-arm-none-eabi-7-2018-q2-update/bin/../lib/gcc/arm-none-eabi/7.3.1/../../../../arm-none-eabi/lib/thumb/v6-m/libc_nano.a(lib_a-impure.o)
                0x0000000020000008                _impure_ptr
 .data.impure_data
                0x000000002000000c       0x60 /mnt/d/Git/acconeer/compilers/gcc-arm-none-eabi-7-2018-q2-update/bin/../lib/gcc/arm-none-eabi/7.3.1/../../../../arm-none-eabi/lib/thumb/v6-m/libc_nano.a(lib_a-impure.o)
 .data.__fdlib_version
                0x000000002000006c        0x1 /mnt/d/Git/acconeer/compilers/gcc-arm-none-eabi-7-2018-q2-update/bin/../lib/gcc/arm-none-eabi/7.3.1/../../../../arm-none-eabi/lib/thumb/v6-m/libm.a(lib_a-s_lib_ver.o)
                0x000000002000006c                __fdlib_version
                0x0000000020000070                . = ALIGN (0x4)
 *fill*         0x000000002000006d        0x3 
                0x0000000020000070                _edata = .

.igot.plt       0x0000000020000070        0x0 load address 0x0000000008016e10
 .igot.plt      0x0000000020000070        0x0 /mnt/d/Git/acconeer/compilers/gcc-arm-none-eabi-7-2018-q2-update/bin/../lib/gcc/arm-none-eabi/7.3.1/thumb/v6-m/crtbegin.o
                0x0000000020000070                . = ALIGN (0x4)

.bss            0x0000000020000070      0x544 load address 0x0000000008016e10
                0x0000000020000070                _sbss = .
                0x0000000020000070                __bss_start__ = _sbss
 *(.bss)
 .bss           0x0000000020000070       0x1c /mnt/d/Git/acconeer/compilers/gcc-arm-none-eabi-7-2018-q2-update/bin/../lib/gcc/arm-none-eabi/7.3.1/thumb/v6-m/crtbegin.o
 .bss           0x000000002000008c      0x218 /tmp/cc8YQjNZ.ltrans0.ltrans.o
 .bss           0x00000000200002a4      0x274 /tmp/cc8YQjNZ.ltrans1.ltrans.o
                0x00000000200002a4                hrtc
                0x00000000200002d0                uwTick
                0x00000000200002d4                concrete_hal
                0x000000002000030c                hspi1
                0x0000000020000370                rtc_wakeup_triggered
                0x0000000020000374                pFlash
                0x000000002000038c                uart_rx_buff
                0x00000000200003cc                hdma_usart1_tx
                0x0000000020000428                hdma_usart1_rx
                0x0000000020000484                sensor_info.lto_priv.273
                0x0000000020000488                manager_func_substitution.lto_priv.274
                0x000000002000048c                huart1
 *(.bss*)
 .bss.__sbrk_heap_end
                0x0000000020000518        0x4 out/obj/sysmem.o
 .bss.__malloc_free_list
                0x000000002000051c        0x4 /mnt/d/Git/acconeer/compilers/gcc-arm-none-eabi-7-2018-q2-update/bin/../lib/gcc/arm-none-eabi/7.3.1/../../../../arm-none-eabi/lib/thumb/v6-m/libc_nano.a(lib_a-nano-mallocr.o)
                0x000000002000051c                __malloc_free_list
 .bss.__malloc_sbrk_start
                0x0000000020000520        0x4 /mnt/d/Git/acconeer/compilers/gcc-arm-none-eabi-7-2018-q2-update/bin/../lib/gcc/arm-none-eabi/7.3.1/../../../../arm-none-eabi/lib/thumb/v6-m/libc_nano.a(lib_a-nano-mallocr.o)
                0x0000000020000520                __malloc_sbrk_start
 *(COMMON)
 COMMON         0x0000000020000524       0x8c /tmp/cc8YQjNZ.ltrans0.ltrans.o
                0x0000000020000524                huart2
 COMMON         0x00000000200005b0        0x4 /mnt/d/Git/acconeer/compilers/gcc-arm-none-eabi-7-2018-q2-update/bin/../lib/gcc/arm-none-eabi/7.3.1/../../../../arm-none-eabi/lib/thumb/v6-m/libc_nano.a(lib_a-reent.o)
                0x00000000200005b0                errno
                0x00000000200005b4                . = ALIGN (0x4)
                0x00000000200005b4                _ebss = .
                0x00000000200005b4                __bss_end__ = _ebss

._user_heap_stack
                0x00000000200005b4     0x1604 load address 0x0000000008016e10
                0x00000000200005b8                . = ALIGN (0x8)
 *fill*         0x00000000200005b4        0x4 
                [!provide]                        PROVIDE (end = .)
                0x00000000200005b8                PROVIDE (_end = .)
                0x00000000200007b8                . = (. + _Min_Heap_Size)
 *fill*         0x00000000200005b8      0x200 
                0x0000000020001bb8                . = (. + _Min_Stack_Size)
 *fill*         0x00000000200007b8     0x1400 
                0x0000000020001bb8                . = ALIGN (0x8)

/DISCARD/
 libc.a(*)
 libm.a(*)
 libgcc.a(*)

.ARM.attributes
                0x0000000000000000       0x28
 *(.ARM.attributes)
 .ARM.attributes
                0x0000000000000000       0x1e /mnt/d/Git/acconeer/compilers/gcc-arm-none-eabi-7-2018-q2-update/bin/../lib/gcc/arm-none-eabi/7.3.1/thumb/v6-m/crti.o
 .ARM.attributes
                0x000000000000001e       0x2c /mnt/d/Git/acconeer/compilers/gcc-arm-none-eabi-7-2018-q2-update/bin/../lib/gcc/arm-none-eabi/7.3.1/thumb/v6-m/crtbegin.o
 .ARM.attributes
                0x000000000000004a       0x30 /tmp/cc8YQjNZ.ltrans0.ltrans.o
 .ARM.attributes
                0x000000000000007a       0x30 /tmp/cc8YQjNZ.ltrans1.ltrans.o
 .ARM.attributes
                0x00000000000000aa       0x32 out/obj/syscalls.o
 .ARM.attributes
                0x00000000000000dc       0x21 out/obj/startup_stm32g071xx.o
 .ARM.attributes
                0x00000000000000fd       0x32 out/obj/sysmem.o
 .ARM.attributes
                0x000000000000012f       0x2c /mnt/d/Git/acconeer/compilers/gcc-arm-none-eabi-7-2018-q2-update/bin/../lib/gcc/arm-none-eabi/7.3.1/../../../../arm-none-eabi/lib/thumb/v6-m/libm.a(lib_a-ef_sqrt.o)
 .ARM.attributes
                0x000000000000015b       0x2c /mnt/d/Git/acconeer/compilers/gcc-arm-none-eabi-7-2018-q2-update/bin/../lib/gcc/arm-none-eabi/7.3.1/thumb/v6-m/libgcc.a(addsf3.o)
 .ARM.attributes
                0x0000000000000187       0x2c /mnt/d/Git/acconeer/compilers/gcc-arm-none-eabi-7-2018-q2-update/bin/../lib/gcc/arm-none-eabi/7.3.1/thumb/v6-m/libgcc.a(divsf3.o)
 .ARM.attributes
                0x00000000000001b3       0x2c /mnt/d/Git/acconeer/compilers/gcc-arm-none-eabi-7-2018-q2-update/bin/../lib/gcc/arm-none-eabi/7.3.1/thumb/v6-m/libgcc.a(mulsf3.o)
 .ARM.attributes
                0x00000000000001df       0x2c /mnt/d/Git/acconeer/compilers/gcc-arm-none-eabi-7-2018-q2-update/bin/../lib/gcc/arm-none-eabi/7.3.1/thumb/v6-m/libgcc.a(subsf3.o)
 .ARM.attributes
                0x000000000000020b       0x1e /mnt/d/Git/acconeer/compilers/gcc-arm-none-eabi-7-2018-q2-update/bin/../lib/gcc/arm-none-eabi/7.3.1/thumb/v6-m/libgcc.a(_clzsi2.o)
 .ARM.attributes
                0x0000000000000229       0x2c /mnt/d/Git/acconeer/compilers/gcc-arm-none-eabi-7-2018-q2-update/bin/../lib/gcc/arm-none-eabi/7.3.1/../../../../arm-none-eabi/lib/thumb/v6-m/libc_nano.a(lib_a-errno.o)
 .ARM.attributes
                0x0000000000000255       0x2c /mnt/d/Git/acconeer/compilers/gcc-arm-none-eabi-7-2018-q2-update/bin/../lib/gcc/arm-none-eabi/7.3.1/../../../../arm-none-eabi/lib/thumb/v6-m/libc_nano.a(lib_a-fflush.o)
 .ARM.attributes
                0x0000000000000281       0x2c /mnt/d/Git/acconeer/compilers/gcc-arm-none-eabi-7-2018-q2-update/bin/../lib/gcc/arm-none-eabi/7.3.1/../../../../arm-none-eabi/lib/thumb/v6-m/libc_nano.a(lib_a-findfp.o)
 .ARM.attributes
                0x00000000000002ad       0x2c /mnt/d/Git/acconeer/compilers/gcc-arm-none-eabi-7-2018-q2-update/bin/../lib/gcc/arm-none-eabi/7.3.1/../../../../arm-none-eabi/lib/thumb/v6-m/libc_nano.a(lib_a-fwalk.o)
 .ARM.attributes
                0x00000000000002d9       0x2c /mnt/d/Git/acconeer/compilers/gcc-arm-none-eabi-7-2018-q2-update/bin/../lib/gcc/arm-none-eabi/7.3.1/../../../../arm-none-eabi/lib/thumb/v6-m/libc_nano.a(lib_a-impure.o)
 .ARM.attributes
                0x0000000000000305       0x2c /mnt/d/Git/acconeer/compilers/gcc-arm-none-eabi-7-2018-q2-update/bin/../lib/gcc/arm-none-eabi/7.3.1/../../../../arm-none-eabi/lib/thumb/v6-m/libc_nano.a(lib_a-init.o)
 .ARM.attributes
                0x0000000000000331       0x2c /mnt/d/Git/acconeer/compilers/gcc-arm-none-eabi-7-2018-q2-update/bin/../lib/gcc/arm-none-eabi/7.3.1/../../../../arm-none-eabi/lib/thumb/v6-m/libc_nano.a(lib_a-memset.o)
 .ARM.attributes
                0x000000000000035d       0x2c /mnt/d/Git/acconeer/compilers/gcc-arm-none-eabi-7-2018-q2-update/bin/../lib/gcc/arm-none-eabi/7.3.1/../../../../arm-none-eabi/lib/thumb/v6-m/libc_nano.a(lib_a-nano-freer.o)
 .ARM.attributes
                0x0000000000000389       0x2c /mnt/d/Git/acconeer/compilers/gcc-arm-none-eabi-7-2018-q2-update/bin/../lib/gcc/arm-none-eabi/7.3.1/../../../../arm-none-eabi/lib/thumb/v6-m/libc_nano.a(lib_a-nano-mallocr.o)
 .ARM.attributes
                0x00000000000003b5       0x2c /mnt/d/Git/acconeer/compilers/gcc-arm-none-eabi-7-2018-q2-update/bin/../lib/gcc/arm-none-eabi/7.3.1/../../../../arm-none-eabi/lib/thumb/v6-m/libc_nano.a(lib_a-sbrkr.o)
 .ARM.attributes
                0x00000000000003e1       0x2c /mnt/d/Git/acconeer/compilers/gcc-arm-none-eabi-7-2018-q2-update/bin/../lib/gcc/arm-none-eabi/7.3.1/../../../../arm-none-eabi/lib/thumb/v6-m/libc_nano.a(lib_a-stdio.o)
 .ARM.attributes
                0x000000000000040d       0x2c /mnt/d/Git/acconeer/compilers/gcc-arm-none-eabi-7-2018-q2-update/bin/../lib/gcc/arm-none-eabi/7.3.1/../../../../arm-none-eabi/lib/thumb/v6-m/libc_nano.a(lib_a-writer.o)
 .ARM.attributes
                0x0000000000000439       0x2c /mnt/d/Git/acconeer/compilers/gcc-arm-none-eabi-7-2018-q2-update/bin/../lib/gcc/arm-none-eabi/7.3.1/../../../../arm-none-eabi/lib/thumb/v6-m/libc_nano.a(lib_a-closer.o)
 .ARM.attributes
                0x0000000000000465       0x2c /mnt/d/Git/acconeer/compilers/gcc-arm-none-eabi-7-2018-q2-update/bin/../lib/gcc/arm-none-eabi/7.3.1/../../../../arm-none-eabi/lib/thumb/v6-m/libc_nano.a(lib_a-lseekr.o)
 .ARM.attributes
                0x0000000000000491       0x2c /mnt/d/Git/acconeer/compilers/gcc-arm-none-eabi-7-2018-q2-update/bin/../lib/gcc/arm-none-eabi/7.3.1/../../../../arm-none-eabi/lib/thumb/v6-m/libc_nano.a(lib_a-mlock.o)
 .ARM.attributes
                0x00000000000004bd       0x2c /mnt/d/Git/acconeer/compilers/gcc-arm-none-eabi-7-2018-q2-update/bin/../lib/gcc/arm-none-eabi/7.3.1/../../../../arm-none-eabi/lib/thumb/v6-m/libc_nano.a(lib_a-readr.o)
 .ARM.attributes
                0x00000000000004e9       0x2c /mnt/d/Git/acconeer/compilers/gcc-arm-none-eabi-7-2018-q2-update/bin/../lib/gcc/arm-none-eabi/7.3.1/../../../../arm-none-eabi/lib/thumb/v6-m/libc_nano.a(lib_a-reent.o)
 .ARM.attributes
                0x0000000000000515       0x2c /mnt/d/Git/acconeer/compilers/gcc-arm-none-eabi-7-2018-q2-update/bin/../lib/gcc/arm-none-eabi/7.3.1/../../../../arm-none-eabi/lib/thumb/v6-m/libnosys.a(close.o)
 .ARM.attributes
                0x0000000000000541       0x2c /mnt/d/Git/acconeer/compilers/gcc-arm-none-eabi-7-2018-q2-update/bin/../lib/gcc/arm-none-eabi/7.3.1/../../../../arm-none-eabi/lib/thumb/v6-m/libnosys.a(lseek.o)
 .ARM.attributes
                0x000000000000056d       0x2c /mnt/d/Git/acconeer/compilers/gcc-arm-none-eabi-7-2018-q2-update/bin/../lib/gcc/arm-none-eabi/7.3.1/../../../../arm-none-eabi/lib/thumb/v6-m/libnosys.a(read.o)
 .ARM.attributes
                0x0000000000000599       0x1e /mnt/d/Git/acconeer/compilers/gcc-arm-none-eabi-7-2018-q2-update/bin/../lib/gcc/arm-none-eabi/7.3.1/thumb/v6-m/crtn.o
 .ARM.attributes
                0x00000000000005b7       0x2c /mnt/d/Git/acconeer/compilers/gcc-arm-none-eabi-7-2018-q2-update/bin/../lib/gcc/arm-none-eabi/7.3.1/../../../../arm-none-eabi/lib/thumb/v6-m/libm.a(lib_a-sf_fmax.o)
 .ARM.attributes
                0x00000000000005e3       0x2c /mnt/d/Git/acconeer/compilers/gcc-arm-none-eabi-7-2018-q2-update/bin/../lib/gcc/arm-none-eabi/7.3.1/../../../../arm-none-eabi/lib/thumb/v6-m/libm.a(lib_a-sf_fpclassify.o)
 .ARM.attributes
                0x000000000000060f       0x2c /mnt/d/Git/acconeer/compilers/gcc-arm-none-eabi-7-2018-q2-update/bin/../lib/gcc/arm-none-eabi/7.3.1/../../../../arm-none-eabi/lib/thumb/v6-m/libm.a(lib_a-sf_round.o)
 .ARM.attributes
                0x000000000000063b       0x2c /mnt/d/Git/acconeer/compilers/gcc-arm-none-eabi-7-2018-q2-update/bin/../lib/gcc/arm-none-eabi/7.3.1/../../../../arm-none-eabi/lib/thumb/v6-m/libm.a(lib_a-wf_log10.o)
 .ARM.attributes
                0x0000000000000667       0x2c /mnt/d/Git/acconeer/compilers/gcc-arm-none-eabi-7-2018-q2-update/bin/../lib/gcc/arm-none-eabi/7.3.1/../../../../arm-none-eabi/lib/thumb/v6-m/libm.a(lib_a-ef_log10.o)
 .ARM.attributes
                0x0000000000000693       0x2c /mnt/d/Git/acconeer/compilers/gcc-arm-none-eabi-7-2018-q2-update/bin/../lib/gcc/arm-none-eabi/7.3.1/../../../../arm-none-eabi/lib/thumb/v6-m/libm.a(lib_a-s_lib_ver.o)
 .ARM.attributes
                0x00000000000006bf       0x2c /mnt/d/Git/acconeer/compilers/gcc-arm-none-eabi-7-2018-q2-update/bin/../lib/gcc/arm-none-eabi/7.3.1/../../../../arm-none-eabi/lib/thumb/v6-m/libm.a(lib_a-s_matherr.o)
 .ARM.attributes
                0x00000000000006eb       0x2c /mnt/d/Git/acconeer/compilers/gcc-arm-none-eabi-7-2018-q2-update/bin/../lib/gcc/arm-none-eabi/7.3.1/../../../../arm-none-eabi/lib/thumb/v6-m/libm.a(lib_a-s_nan.o)
 .ARM.attributes
                0x0000000000000717       0x2c /mnt/d/Git/acconeer/compilers/gcc-arm-none-eabi-7-2018-q2-update/bin/../lib/gcc/arm-none-eabi/7.3.1/../../../../arm-none-eabi/lib/thumb/v6-m/libm.a(lib_a-ef_log.o)
 .ARM.attributes
                0x0000000000000743       0x32 out/lib/libwrapprintf.a(acc_wrap_printf.o)
 .ARM.attributes
                0x0000000000000775       0x32 out/lib/libwrapprintf.a(printf.o)
 .ARM.attributes
                0x00000000000007a7       0x1e /mnt/d/Git/acconeer/compilers/gcc-arm-none-eabi-7-2018-q2-update/bin/../lib/gcc/arm-none-eabi/7.3.1/thumb/v6-m/libgcc.a(_thumb1_case_sqi.o)
 .ARM.attributes
                0x00000000000007c5       0x1e /mnt/d/Git/acconeer/compilers/gcc-arm-none-eabi-7-2018-q2-update/bin/../lib/gcc/arm-none-eabi/7.3.1/thumb/v6-m/libgcc.a(_thumb1_case_uqi.o)
 .ARM.attributes
                0x00000000000007e3       0x1e /mnt/d/Git/acconeer/compilers/gcc-arm-none-eabi-7-2018-q2-update/bin/../lib/gcc/arm-none-eabi/7.3.1/thumb/v6-m/libgcc.a(_thumb1_case_uhi.o)
 .ARM.attributes
                0x0000000000000801       0x1e /mnt/d/Git/acconeer/compilers/gcc-arm-none-eabi-7-2018-q2-update/bin/../lib/gcc/arm-none-eabi/7.3.1/thumb/v6-m/libgcc.a(_udivsi3.o)
 .ARM.attributes
                0x000000000000081f       0x1e /mnt/d/Git/acconeer/compilers/gcc-arm-none-eabi-7-2018-q2-update/bin/../lib/gcc/arm-none-eabi/7.3.1/thumb/v6-m/libgcc.a(_divsi3.o)
 .ARM.attributes
                0x000000000000083d       0x1e /mnt/d/Git/acconeer/compilers/gcc-arm-none-eabi-7-2018-q2-update/bin/../lib/gcc/arm-none-eabi/7.3.1/thumb/v6-m/libgcc.a(_dvmd_tls.o)
 .ARM.attributes
                0x000000000000085b       0x1e /mnt/d/Git/acconeer/compilers/gcc-arm-none-eabi-7-2018-q2-update/bin/../lib/gcc/arm-none-eabi/7.3.1/thumb/v6-m/libgcc.a(_arm_cmpsf2.o)
 .ARM.attributes
                0x0000000000000879       0x1e /mnt/d/Git/acconeer/compilers/gcc-arm-none-eabi-7-2018-q2-update/bin/../lib/gcc/arm-none-eabi/7.3.1/thumb/v6-m/libgcc.a(_aeabi_uldivmod.o)
 .ARM.attributes
                0x0000000000000897       0x2c /mnt/d/Git/acconeer/compilers/gcc-arm-none-eabi-7-2018-q2-update/bin/../lib/gcc/arm-none-eabi/7.3.1/thumb/v6-m/libgcc.a(_fixunssfsi.o)
 .ARM.attributes
                0x00000000000008c3       0x2c /mnt/d/Git/acconeer/compilers/gcc-arm-none-eabi-7-2018-q2-update/bin/../lib/gcc/arm-none-eabi/7.3.1/thumb/v6-m/libgcc.a(_udivmoddi4.o)
 .ARM.attributes
                0x00000000000008ef       0x2c /mnt/d/Git/acconeer/compilers/gcc-arm-none-eabi-7-2018-q2-update/bin/../lib/gcc/arm-none-eabi/7.3.1/thumb/v6-m/libgcc.a(eqsf2.o)
 .ARM.attributes
                0x000000000000091b       0x2c /mnt/d/Git/acconeer/compilers/gcc-arm-none-eabi-7-2018-q2-update/bin/../lib/gcc/arm-none-eabi/7.3.1/thumb/v6-m/libgcc.a(gesf2.o)
 .ARM.attributes
                0x0000000000000947       0x2c /mnt/d/Git/acconeer/compilers/gcc-arm-none-eabi-7-2018-q2-update/bin/../lib/gcc/arm-none-eabi/7.3.1/thumb/v6-m/libgcc.a(lesf2.o)
 .ARM.attributes
                0x0000000000000973       0x2c /mnt/d/Git/acconeer/compilers/gcc-arm-none-eabi-7-2018-q2-update/bin/../lib/gcc/arm-none-eabi/7.3.1/thumb/v6-m/libgcc.a(unordsf2.o)
 .ARM.attributes
                0x000000000000099f       0x2c /mnt/d/Git/acconeer/compilers/gcc-arm-none-eabi-7-2018-q2-update/bin/../lib/gcc/arm-none-eabi/7.3.1/thumb/v6-m/libgcc.a(fixsfsi.o)
 .ARM.attributes
                0x00000000000009cb       0x2c /mnt/d/Git/acconeer/compilers/gcc-arm-none-eabi-7-2018-q2-update/bin/../lib/gcc/arm-none-eabi/7.3.1/thumb/v6-m/libgcc.a(floatsisf.o)
 .ARM.attributes
                0x00000000000009f7       0x2c /mnt/d/Git/acconeer/compilers/gcc-arm-none-eabi-7-2018-q2-update/bin/../lib/gcc/arm-none-eabi/7.3.1/thumb/v6-m/libgcc.a(floatunsisf.o)
 .ARM.attributes
                0x0000000000000a23       0x2c /mnt/d/Git/acconeer/compilers/gcc-arm-none-eabi-7-2018-q2-update/bin/../lib/gcc/arm-none-eabi/7.3.1/thumb/v6-m/libgcc.a(extendsfdf2.o)
 .ARM.attributes
                0x0000000000000a4f       0x2c /mnt/d/Git/acconeer/compilers/gcc-arm-none-eabi-7-2018-q2-update/bin/../lib/gcc/arm-none-eabi/7.3.1/thumb/v6-m/libgcc.a(truncdfsf2.o)
 .ARM.attributes
                0x0000000000000a7b       0x1e /mnt/d/Git/acconeer/compilers/gcc-arm-none-eabi-7-2018-q2-update/bin/../lib/gcc/arm-none-eabi/7.3.1/thumb/v6-m/libgcc.a(_clzdi2.o)
 .ARM.attributes
                0x0000000000000a99       0x2c /mnt/d/Git/acconeer/compilers/gcc-arm-none-eabi-7-2018-q2-update/bin/../lib/gcc/arm-none-eabi/7.3.1/../../../../arm-none-eabi/lib/thumb/v6-m/libc_nano.a(lib_a-malloc.o)
 .ARM.attributes
                0x0000000000000ac5       0x2c /mnt/d/Git/acconeer/compilers/gcc-arm-none-eabi-7-2018-q2-update/bin/../lib/gcc/arm-none-eabi/7.3.1/../../../../arm-none-eabi/lib/thumb/v6-m/libc_nano.a(lib_a-memcpy-stub.o)
 .ARM.attributes
                0x0000000000000af1       0x2c /mnt/d/Git/acconeer/compilers/gcc-arm-none-eabi-7-2018-q2-update/bin/../lib/gcc/arm-none-eabi/7.3.1/../../../../arm-none-eabi/lib/thumb/v6-m/libc_nano.a(lib_a-memmove.o)
 .ARM.attributes
                0x0000000000000b1d       0x2c /mnt/d/Git/acconeer/compilers/gcc-arm-none-eabi-7-2018-q2-update/bin/../lib/gcc/arm-none-eabi/7.3.1/../../../../arm-none-eabi/lib/thumb/v6-m/libc_nano.a(lib_a-putchar.o)
 .ARM.attributes
                0x0000000000000b49       0x1c /mnt/d/Git/acconeer/compilers/gcc-arm-none-eabi-7-2018-q2-update/bin/../lib/gcc/arm-none-eabi/7.3.1/../../../../arm-none-eabi/lib/thumb/v6-m/libc_nano.a(lib_a-strlen.o)
 .ARM.attributes
                0x0000000000000b65       0x2c /mnt/d/Git/acconeer/compilers/gcc-arm-none-eabi-7-2018-q2-update/bin/../lib/gcc/arm-none-eabi/7.3.1/../../../../arm-none-eabi/lib/thumb/v6-m/libc_nano.a(lib_a-putc.o)
 .ARM.attributes
                0x0000000000000b91       0x2c /mnt/d/Git/acconeer/compilers/gcc-arm-none-eabi-7-2018-q2-update/bin/../lib/gcc/arm-none-eabi/7.3.1/../../../../arm-none-eabi/lib/thumb/v6-m/libc_nano.a(lib_a-wbuf.o)
 .ARM.attributes
                0x0000000000000bbd       0x2c /mnt/d/Git/acconeer/compilers/gcc-arm-none-eabi-7-2018-q2-update/bin/../lib/gcc/arm-none-eabi/7.3.1/../../../../arm-none-eabi/lib/thumb/v6-m/libc_nano.a(lib_a-wsetup.o)
 .ARM.attributes
                0x0000000000000be9       0x2c /mnt/d/Git/acconeer/compilers/gcc-arm-none-eabi-7-2018-q2-update/bin/../lib/gcc/arm-none-eabi/7.3.1/../../../../arm-none-eabi/lib/thumb/v6-m/libc_nano.a(lib_a-makebuf.o)
 .ARM.attributes
                0x0000000000000c15       0x2c /mnt/d/Git/acconeer/compilers/gcc-arm-none-eabi-7-2018-q2-update/bin/../lib/gcc/arm-none-eabi/7.3.1/../../../../arm-none-eabi/lib/thumb/v6-m/libc_nano.a(lib_a-fstatr.o)
 .ARM.attributes
                0x0000000000000c41       0x2c /mnt/d/Git/acconeer/compilers/gcc-arm-none-eabi-7-2018-q2-update/bin/../lib/gcc/arm-none-eabi/7.3.1/../../../../arm-none-eabi/lib/thumb/v6-m/libc_nano.a(lib_a-isattyr.o)
 .ARM.attributes
                0x0000000000000c6d       0x2c /mnt/d/Git/acconeer/compilers/gcc-arm-none-eabi-7-2018-q2-update/bin/../lib/gcc/arm-none-eabi/7.3.1/../../../../arm-none-eabi/lib/thumb/v6-m/libnosys.a(fstat.o)
 .ARM.attributes
                0x0000000000000c99       0x2c /mnt/d/Git/acconeer/compilers/gcc-arm-none-eabi-7-2018-q2-update/bin/../lib/gcc/arm-none-eabi/7.3.1/../../../../arm-none-eabi/lib/thumb/v6-m/libnosys.a(isatty.o)
OUTPUT(out/main.elf elf32-littlearm)

.comment        0x0000000000000000       0x7f
 .comment       0x0000000000000000       0x80 /tmp/cc8YQjNZ.ltrans0.ltrans.o
 .comment       0x0000000000000000       0x80 /tmp/cc8YQjNZ.ltrans1.ltrans.o
 .comment       0x0000000000000000       0x7f out/obj/syscalls.o
                                         0x80 (size before relaxing)
 .comment       0x000000000000007f       0x80 out/obj/sysmem.o
 .comment       0x000000000000007f       0x80 out/lib/libwrapprintf.a(acc_wrap_printf.o)
 .comment       0x000000000000007f       0x80 out/lib/libwrapprintf.a(printf.o)

.debug_info     0x0000000000000000     0x2e7b
 .debug_info    0x0000000000000000      0x7fc out/obj/syscalls.o
 .debug_info    0x00000000000007fc      0x9a7 out/obj/sysmem.o
 .debug_info    0x00000000000011a3      0xd4a out/lib/libwrapprintf.a(acc_wrap_printf.o)
 .debug_info    0x0000000000001eed      0xf8e out/lib/libwrapprintf.a(printf.o)

.debug_abbrev   0x0000000000000000      0x945
 .debug_abbrev  0x0000000000000000      0x187 out/obj/syscalls.o
 .debug_abbrev  0x0000000000000187      0x1f9 out/obj/sysmem.o
 .debug_abbrev  0x0000000000000380      0x2c7 out/lib/libwrapprintf.a(acc_wrap_printf.o)
 .debug_abbrev  0x0000000000000647      0x2fe out/lib/libwrapprintf.a(printf.o)

.debug_loc      0x0000000000000000     0x1989
 .debug_loc     0x0000000000000000       0x6b out/obj/syscalls.o
 .debug_loc     0x000000000000006b       0x4a out/obj/sysmem.o
 .debug_loc     0x00000000000000b5      0x279 out/lib/libwrapprintf.a(acc_wrap_printf.o)
 .debug_loc     0x000000000000032e     0x165b out/lib/libwrapprintf.a(printf.o)

.debug_aranges  0x0000000000000000      0x120
 .debug_aranges
                0x0000000000000000       0x20 out/obj/syscalls.o
 .debug_aranges
                0x0000000000000020       0x20 out/obj/sysmem.o
 .debug_aranges
                0x0000000000000040       0x50 out/lib/libwrapprintf.a(acc_wrap_printf.o)
 .debug_aranges
                0x0000000000000090       0x90 out/lib/libwrapprintf.a(printf.o)

.debug_ranges   0x0000000000000000      0x1f8
 .debug_ranges  0x0000000000000000       0x10 out/obj/syscalls.o
 .debug_ranges  0x0000000000000010       0x10 out/obj/sysmem.o
 .debug_ranges  0x0000000000000020       0x40 out/lib/libwrapprintf.a(acc_wrap_printf.o)
 .debug_ranges  0x0000000000000060      0x198 out/lib/libwrapprintf.a(printf.o)

.debug_line     0x0000000000000000      0xdee
 .debug_line    0x0000000000000000      0x2f4 out/obj/syscalls.o
 .debug_line    0x00000000000002f4      0x228 out/obj/sysmem.o
 .debug_line    0x000000000000051c      0x355 out/lib/libwrapprintf.a(acc_wrap_printf.o)
 .debug_line    0x0000000000000871      0x57d out/lib/libwrapprintf.a(printf.o)

.debug_str      0x0000000000000000      0xe1d
 .debug_str     0x0000000000000000      0x6dd out/obj/syscalls.o
                                        0x76f (size before relaxing)
 .debug_str     0x00000000000006dd      0x52c out/obj/sysmem.o
                                        0x641 (size before relaxing)
 .debug_str     0x0000000000000c09       0xf2 out/lib/libwrapprintf.a(acc_wrap_printf.o)
                                        0x6a1 (size before relaxing)
 .debug_str     0x0000000000000cfb      0x122 out/lib/libwrapprintf.a(printf.o)
                                        0x358 (size before relaxing)

.debug_frame    0x0000000000000000      0xee0
 .debug_frame   0x0000000000000000       0x28 out/obj/syscalls.o
 .debug_frame   0x0000000000000028       0x28 out/obj/sysmem.o
 .debug_frame   0x0000000000000050       0x2c /mnt/d/Git/acconeer/compilers/gcc-arm-none-eabi-7-2018-q2-update/bin/../lib/gcc/arm-none-eabi/7.3.1/../../../../arm-none-eabi/lib/thumb/v6-m/libm.a(lib_a-ef_sqrt.o)
 .debug_frame   0x000000000000007c       0x38 /mnt/d/Git/acconeer/compilers/gcc-arm-none-eabi-7-2018-q2-update/bin/../lib/gcc/arm-none-eabi/7.3.1/thumb/v6-m/libgcc.a(addsf3.o)
 .debug_frame   0x00000000000000b4       0x3c /mnt/d/Git/acconeer/compilers/gcc-arm-none-eabi-7-2018-q2-update/bin/../lib/gcc/arm-none-eabi/7.3.1/thumb/v6-m/libgcc.a(divsf3.o)
 .debug_frame   0x00000000000000f0       0x3c /mnt/d/Git/acconeer/compilers/gcc-arm-none-eabi-7-2018-q2-update/bin/../lib/gcc/arm-none-eabi/7.3.1/thumb/v6-m/libgcc.a(mulsf3.o)
 .debug_frame   0x000000000000012c       0x38 /mnt/d/Git/acconeer/compilers/gcc-arm-none-eabi-7-2018-q2-update/bin/../lib/gcc/arm-none-eabi/7.3.1/thumb/v6-m/libgcc.a(subsf3.o)
 .debug_frame   0x0000000000000164       0x20 /mnt/d/Git/acconeer/compilers/gcc-arm-none-eabi-7-2018-q2-update/bin/../lib/gcc/arm-none-eabi/7.3.1/../../../../arm-none-eabi/lib/thumb/v6-m/libc_nano.a(lib_a-errno.o)
 .debug_frame   0x0000000000000184       0x68 /mnt/d/Git/acconeer/compilers/gcc-arm-none-eabi-7-2018-q2-update/bin/../lib/gcc/arm-none-eabi/7.3.1/../../../../arm-none-eabi/lib/thumb/v6-m/libc_nano.a(lib_a-fflush.o)
 .debug_frame   0x00000000000001ec      0x140 /mnt/d/Git/acconeer/compilers/gcc-arm-none-eabi-7-2018-q2-update/bin/../lib/gcc/arm-none-eabi/7.3.1/../../../../arm-none-eabi/lib/thumb/v6-m/libc_nano.a(lib_a-findfp.o)
 .debug_frame   0x000000000000032c       0x58 /mnt/d/Git/acconeer/compilers/gcc-arm-none-eabi-7-2018-q2-update/bin/../lib/gcc/arm-none-eabi/7.3.1/../../../../arm-none-eabi/lib/thumb/v6-m/libc_nano.a(lib_a-fwalk.o)
 .debug_frame   0x0000000000000384       0x2c /mnt/d/Git/acconeer/compilers/gcc-arm-none-eabi-7-2018-q2-update/bin/../lib/gcc/arm-none-eabi/7.3.1/../../../../arm-none-eabi/lib/thumb/v6-m/libc_nano.a(lib_a-init.o)
 .debug_frame   0x00000000000003b0       0x20 /mnt/d/Git/acconeer/compilers/gcc-arm-none-eabi-7-2018-q2-update/bin/../lib/gcc/arm-none-eabi/7.3.1/../../../../arm-none-eabi/lib/thumb/v6-m/libc_nano.a(lib_a-memset.o)
 .debug_frame   0x00000000000003d0       0x2c /mnt/d/Git/acconeer/compilers/gcc-arm-none-eabi-7-2018-q2-update/bin/../lib/gcc/arm-none-eabi/7.3.1/../../../../arm-none-eabi/lib/thumb/v6-m/libc_nano.a(lib_a-nano-freer.o)
 .debug_frame   0x00000000000003fc       0x2c /mnt/d/Git/acconeer/compilers/gcc-arm-none-eabi-7-2018-q2-update/bin/../lib/gcc/arm-none-eabi/7.3.1/../../../../arm-none-eabi/lib/thumb/v6-m/libc_nano.a(lib_a-nano-mallocr.o)
 .debug_frame   0x0000000000000428       0x2c /mnt/d/Git/acconeer/compilers/gcc-arm-none-eabi-7-2018-q2-update/bin/../lib/gcc/arm-none-eabi/7.3.1/../../../../arm-none-eabi/lib/thumb/v6-m/libc_nano.a(lib_a-sbrkr.o)
 .debug_frame   0x0000000000000454       0x90 /mnt/d/Git/acconeer/compilers/gcc-arm-none-eabi-7-2018-q2-update/bin/../lib/gcc/arm-none-eabi/7.3.1/../../../../arm-none-eabi/lib/thumb/v6-m/libc_nano.a(lib_a-stdio.o)
 .debug_frame   0x00000000000004e4       0x2c /mnt/d/Git/acconeer/compilers/gcc-arm-none-eabi-7-2018-q2-update/bin/../lib/gcc/arm-none-eabi/7.3.1/../../../../arm-none-eabi/lib/thumb/v6-m/libc_nano.a(lib_a-writer.o)
 .debug_frame   0x0000000000000510       0x2c /mnt/d/Git/acconeer/compilers/gcc-arm-none-eabi-7-2018-q2-update/bin/../lib/gcc/arm-none-eabi/7.3.1/../../../../arm-none-eabi/lib/thumb/v6-m/libc_nano.a(lib_a-closer.o)
 .debug_frame   0x000000000000053c       0x2c /mnt/d/Git/acconeer/compilers/gcc-arm-none-eabi-7-2018-q2-update/bin/../lib/gcc/arm-none-eabi/7.3.1/../../../../arm-none-eabi/lib/thumb/v6-m/libc_nano.a(lib_a-lseekr.o)
 .debug_frame   0x0000000000000568       0x30 /mnt/d/Git/acconeer/compilers/gcc-arm-none-eabi-7-2018-q2-update/bin/../lib/gcc/arm-none-eabi/7.3.1/../../../../arm-none-eabi/lib/thumb/v6-m/libc_nano.a(lib_a-mlock.o)
 .debug_frame   0x0000000000000598       0x2c /mnt/d/Git/acconeer/compilers/gcc-arm-none-eabi-7-2018-q2-update/bin/../lib/gcc/arm-none-eabi/7.3.1/../../../../arm-none-eabi/lib/thumb/v6-m/libc_nano.a(lib_a-readr.o)
 .debug_frame   0x00000000000005c4       0x48 /mnt/d/Git/acconeer/compilers/gcc-arm-none-eabi-7-2018-q2-update/bin/../lib/gcc/arm-none-eabi/7.3.1/../../../../arm-none-eabi/lib/thumb/v6-m/libc_nano.a(lib_a-reent.o)
 .debug_frame   0x000000000000060c       0x20 /mnt/d/Git/acconeer/compilers/gcc-arm-none-eabi-7-2018-q2-update/bin/../lib/gcc/arm-none-eabi/7.3.1/../../../../arm-none-eabi/lib/thumb/v6-m/libnosys.a(close.o)
 .debug_frame   0x000000000000062c       0x20 /mnt/d/Git/acconeer/compilers/gcc-arm-none-eabi-7-2018-q2-update/bin/../lib/gcc/arm-none-eabi/7.3.1/../../../../arm-none-eabi/lib/thumb/v6-m/libnosys.a(lseek.o)
 .debug_frame   0x000000000000064c       0x20 /mnt/d/Git/acconeer/compilers/gcc-arm-none-eabi-7-2018-q2-update/bin/../lib/gcc/arm-none-eabi/7.3.1/../../../../arm-none-eabi/lib/thumb/v6-m/libnosys.a(read.o)
 .debug_frame   0x000000000000066c       0x2c /mnt/d/Git/acconeer/compilers/gcc-arm-none-eabi-7-2018-q2-update/bin/../lib/gcc/arm-none-eabi/7.3.1/../../../../arm-none-eabi/lib/thumb/v6-m/libm.a(lib_a-sf_fmax.o)
 .debug_frame   0x0000000000000698       0x20 /mnt/d/Git/acconeer/compilers/gcc-arm-none-eabi-7-2018-q2-update/bin/../lib/gcc/arm-none-eabi/7.3.1/../../../../arm-none-eabi/lib/thumb/v6-m/libm.a(lib_a-sf_fpclassify.o)
 .debug_frame   0x00000000000006b8       0x28 /mnt/d/Git/acconeer/compilers/gcc-arm-none-eabi-7-2018-q2-update/bin/../lib/gcc/arm-none-eabi/7.3.1/../../../../arm-none-eabi/lib/thumb/v6-m/libm.a(lib_a-sf_round.o)
 .debug_frame   0x00000000000006e0       0x30 /mnt/d/Git/acconeer/compilers/gcc-arm-none-eabi-7-2018-q2-update/bin/../lib/gcc/arm-none-eabi/7.3.1/../../../../arm-none-eabi/lib/thumb/v6-m/libm.a(lib_a-wf_log10.o)
 .debug_frame   0x0000000000000710       0x2c /mnt/d/Git/acconeer/compilers/gcc-arm-none-eabi-7-2018-q2-update/bin/../lib/gcc/arm-none-eabi/7.3.1/../../../../arm-none-eabi/lib/thumb/v6-m/libm.a(lib_a-ef_log10.o)
 .debug_frame   0x000000000000073c       0x20 /mnt/d/Git/acconeer/compilers/gcc-arm-none-eabi-7-2018-q2-update/bin/../lib/gcc/arm-none-eabi/7.3.1/../../../../arm-none-eabi/lib/thumb/v6-m/libm.a(lib_a-s_matherr.o)
 .debug_frame   0x000000000000075c       0x20 /mnt/d/Git/acconeer/compilers/gcc-arm-none-eabi-7-2018-q2-update/bin/../lib/gcc/arm-none-eabi/7.3.1/../../../../arm-none-eabi/lib/thumb/v6-m/libm.a(lib_a-s_nan.o)
 .debug_frame   0x000000000000077c       0x3c /mnt/d/Git/acconeer/compilers/gcc-arm-none-eabi-7-2018-q2-update/bin/../lib/gcc/arm-none-eabi/7.3.1/../../../../arm-none-eabi/lib/thumb/v6-m/libm.a(lib_a-ef_log.o)
 .debug_frame   0x00000000000007b8       0xcc out/lib/libwrapprintf.a(acc_wrap_printf.o)
 .debug_frame   0x0000000000000884      0x1c4 out/lib/libwrapprintf.a(printf.o)
 .debug_frame   0x0000000000000a48       0x20 /mnt/d/Git/acconeer/compilers/gcc-arm-none-eabi-7-2018-q2-update/bin/../lib/gcc/arm-none-eabi/7.3.1/thumb/v6-m/libgcc.a(_udivsi3.o)
 .debug_frame   0x0000000000000a68       0x20 /mnt/d/Git/acconeer/compilers/gcc-arm-none-eabi-7-2018-q2-update/bin/../lib/gcc/arm-none-eabi/7.3.1/thumb/v6-m/libgcc.a(_divsi3.o)
 .debug_frame   0x0000000000000a88       0x28 /mnt/d/Git/acconeer/compilers/gcc-arm-none-eabi-7-2018-q2-update/bin/../lib/gcc/arm-none-eabi/7.3.1/thumb/v6-m/libgcc.a(_fixunssfsi.o)
 .debug_frame   0x0000000000000ab0       0x3c /mnt/d/Git/acconeer/compilers/gcc-arm-none-eabi-7-2018-q2-update/bin/../lib/gcc/arm-none-eabi/7.3.1/thumb/v6-m/libgcc.a(_udivmoddi4.o)
 .debug_frame   0x0000000000000aec       0x2c /mnt/d/Git/acconeer/compilers/gcc-arm-none-eabi-7-2018-q2-update/bin/../lib/gcc/arm-none-eabi/7.3.1/thumb/v6-m/libgcc.a(eqsf2.o)
 .debug_frame   0x0000000000000b18       0x2c /mnt/d/Git/acconeer/compilers/gcc-arm-none-eabi-7-2018-q2-update/bin/../lib/gcc/arm-none-eabi/7.3.1/thumb/v6-m/libgcc.a(gesf2.o)
 .debug_frame   0x0000000000000b44       0x2c /mnt/d/Git/acconeer/compilers/gcc-arm-none-eabi-7-2018-q2-update/bin/../lib/gcc/arm-none-eabi/7.3.1/thumb/v6-m/libgcc.a(lesf2.o)
 .debug_frame   0x0000000000000b70       0x20 /mnt/d/Git/acconeer/compilers/gcc-arm-none-eabi-7-2018-q2-update/bin/../lib/gcc/arm-none-eabi/7.3.1/thumb/v6-m/libgcc.a(unordsf2.o)
 .debug_frame   0x0000000000000b90       0x20 /mnt/d/Git/acconeer/compilers/gcc-arm-none-eabi-7-2018-q2-update/bin/../lib/gcc/arm-none-eabi/7.3.1/thumb/v6-m/libgcc.a(fixsfsi.o)
 .debug_frame   0x0000000000000bb0       0x2c /mnt/d/Git/acconeer/compilers/gcc-arm-none-eabi-7-2018-q2-update/bin/../lib/gcc/arm-none-eabi/7.3.1/thumb/v6-m/libgcc.a(floatsisf.o)
 .debug_frame   0x0000000000000bdc       0x2c /mnt/d/Git/acconeer/compilers/gcc-arm-none-eabi-7-2018-q2-update/bin/../lib/gcc/arm-none-eabi/7.3.1/thumb/v6-m/libgcc.a(floatunsisf.o)
 .debug_frame   0x0000000000000c08       0x2c /mnt/d/Git/acconeer/compilers/gcc-arm-none-eabi-7-2018-q2-update/bin/../lib/gcc/arm-none-eabi/7.3.1/thumb/v6-m/libgcc.a(extendsfdf2.o)
 .debug_frame   0x0000000000000c34       0x30 /mnt/d/Git/acconeer/compilers/gcc-arm-none-eabi-7-2018-q2-update/bin/../lib/gcc/arm-none-eabi/7.3.1/thumb/v6-m/libgcc.a(truncdfsf2.o)
 .debug_frame   0x0000000000000c64       0x40 /mnt/d/Git/acconeer/compilers/gcc-arm-none-eabi-7-2018-q2-update/bin/../lib/gcc/arm-none-eabi/7.3.1/../../../../arm-none-eabi/lib/thumb/v6-m/libc_nano.a(lib_a-malloc.o)
 .debug_frame   0x0000000000000ca4       0x28 /mnt/d/Git/acconeer/compilers/gcc-arm-none-eabi-7-2018-q2-update/bin/../lib/gcc/arm-none-eabi/7.3.1/../../../../arm-none-eabi/lib/thumb/v6-m/libc_nano.a(lib_a-memcpy-stub.o)
 .debug_frame   0x0000000000000ccc       0x28 /mnt/d/Git/acconeer/compilers/gcc-arm-none-eabi-7-2018-q2-update/bin/../lib/gcc/arm-none-eabi/7.3.1/../../../../arm-none-eabi/lib/thumb/v6-m/libc_nano.a(lib_a-memmove.o)
 .debug_frame   0x0000000000000cf4       0x48 /mnt/d/Git/acconeer/compilers/gcc-arm-none-eabi-7-2018-q2-update/bin/../lib/gcc/arm-none-eabi/7.3.1/../../../../arm-none-eabi/lib/thumb/v6-m/libc_nano.a(lib_a-putchar.o)
 .debug_frame   0x0000000000000d3c       0x44 /mnt/d/Git/acconeer/compilers/gcc-arm-none-eabi-7-2018-q2-update/bin/../lib/gcc/arm-none-eabi/7.3.1/../../../../arm-none-eabi/lib/thumb/v6-m/libc_nano.a(lib_a-putc.o)
 .debug_frame   0x0000000000000d80       0x48 /mnt/d/Git/acconeer/compilers/gcc-arm-none-eabi-7-2018-q2-update/bin/../lib/gcc/arm-none-eabi/7.3.1/../../../../arm-none-eabi/lib/thumb/v6-m/libc_nano.a(lib_a-wbuf.o)
 .debug_frame   0x0000000000000dc8       0x2c /mnt/d/Git/acconeer/compilers/gcc-arm-none-eabi-7-2018-q2-update/bin/../lib/gcc/arm-none-eabi/7.3.1/../../../../arm-none-eabi/lib/thumb/v6-m/libc_nano.a(lib_a-wsetup.o)
 .debug_frame   0x0000000000000df4       0x54 /mnt/d/Git/acconeer/compilers/gcc-arm-none-eabi-7-2018-q2-update/bin/../lib/gcc/arm-none-eabi/7.3.1/../../../../arm-none-eabi/lib/thumb/v6-m/libc_nano.a(lib_a-makebuf.o)
 .debug_frame   0x0000000000000e48       0x2c /mnt/d/Git/acconeer/compilers/gcc-arm-none-eabi-7-2018-q2-update/bin/../lib/gcc/arm-none-eabi/7.3.1/../../../../arm-none-eabi/lib/thumb/v6-m/libc_nano.a(lib_a-fstatr.o)
 .debug_frame   0x0000000000000e74       0x2c /mnt/d/Git/acconeer/compilers/gcc-arm-none-eabi-7-2018-q2-update/bin/../lib/gcc/arm-none-eabi/7.3.1/../../../../arm-none-eabi/lib/thumb/v6-m/libc_nano.a(lib_a-isattyr.o)
 .debug_frame   0x0000000000000ea0       0x20 /mnt/d/Git/acconeer/compilers/gcc-arm-none-eabi-7-2018-q2-update/bin/../lib/gcc/arm-none-eabi/7.3.1/../../../../arm-none-eabi/lib/thumb/v6-m/libnosys.a(fstat.o)
 .debug_frame   0x0000000000000ec0       0x20 /mnt/d/Git/acconeer/compilers/gcc-arm-none-eabi-7-2018-q2-update/bin/../lib/gcc/arm-none-eabi/7.3.1/../../../../arm-none-eabi/lib/thumb/v6-m/libnosys.a(isatty.o)

.stab           0x0000000000000000       0x84
 .stab          0x0000000000000000       0x24 /mnt/d/Git/acconeer/compilers/gcc-arm-none-eabi-7-2018-q2-update/bin/../lib/gcc/arm-none-eabi/7.3.1/../../../../arm-none-eabi/lib/thumb/v6-m/libnosys.a(close.o)
 .stab          0x0000000000000024       0x18 /mnt/d/Git/acconeer/compilers/gcc-arm-none-eabi-7-2018-q2-update/bin/../lib/gcc/arm-none-eabi/7.3.1/../../../../arm-none-eabi/lib/thumb/v6-m/libnosys.a(lseek.o)
                                         0x24 (size before relaxing)
 .stab          0x000000000000003c       0x18 /mnt/d/Git/acconeer/compilers/gcc-arm-none-eabi-7-2018-q2-update/bin/../lib/gcc/arm-none-eabi/7.3.1/../../../../arm-none-eabi/lib/thumb/v6-m/libnosys.a(read.o)
                                         0x24 (size before relaxing)
 .stab          0x0000000000000054       0x18 /mnt/d/Git/acconeer/compilers/gcc-arm-none-eabi-7-2018-q2-update/bin/../lib/gcc/arm-none-eabi/7.3.1/../../../../arm-none-eabi/lib/thumb/v6-m/libnosys.a(fstat.o)
                                         0x24 (size before relaxing)