Archive member included to satisfy reference by file (symbol)

out/lib/libstm32cube_fw_g0.a(stm32g0xx_hal_gpio.o)
                              out/obj/main.o (symbol from plugin) (HAL_GPIO_Init)
out/lib/libstm32cube_fw_g0.a(stm32g0xx_hal_rcc.o)
                              out/obj/main.o (symbol from plugin) (HAL_RCC_OscConfig)
out/lib/libstm32cube_fw_g0.a(stm32g0xx_hal_rcc_ex.o)
                              out/obj/main.o (symbol from plugin) (HAL_RCCEx_PeriphCLKConfig)
out/lib/libstm32cube_fw_g0.a(stm32g0xx_hal_flash.o)
                              out/obj/main.o (symbol from plugin) (HAL_FLASH_Unlock)
out/lib/libstm32cube_fw_g0.a(stm32g0xx_hal_flash_ex.o)
                              out/obj/main.o (symbol from plugin) (HAL_FLASHEx_OBProgram)
out/lib/libstm32cube_fw_g0.a(stm32g0xx_hal_dma.o)
                              out/obj/stm32g0xx_hal_msp.o (symbol from plugin) (HAL_DMA_Init)
out/lib/libstm32cube_fw_g0.a(stm32g0xx_hal_pwr.o)
                              stm32g0xx_hal_rcc_ex.o (symbol from plugin) (HAL_PWR_EnableBkUpAccess)
out/lib/libstm32cube_fw_g0.a(stm32g0xx_hal_pwr_ex.o)
                              out/obj/main.o (symbol from plugin) (HAL_PWREx_ControlVoltageScaling)
out/lib/libstm32cube_fw_g0.a(stm32g0xx_hal_cortex.o)
                              out/obj/main.o (symbol from plugin) (HAL_NVIC_SetPriority)
out/lib/libstm32cube_fw_g0.a(stm32g0xx_hal.o)
                              stm32g0xx_hal_rcc.o (symbol from plugin) (uwTickPrio)
out/lib/libstm32cube_fw_g0.a(stm32g0xx_hal_i2c.o)
                              out/obj/main.o (symbol from plugin) (HAL_I2C_Init)
out/lib/libstm32cube_fw_g0.a(stm32g0xx_hal_i2c_ex.o)
                              out/obj/main.o (symbol from plugin) (HAL_I2CEx_ConfigAnalogFilter)
out/lib/libstm32cube_fw_g0.a(stm32g0xx_hal_rtc.o)
                              out/obj/acc_integration_stm32.o (symbol from plugin) (HAL_RTC_DeactivateAlarm)
out/lib/libstm32cube_fw_g0.a(stm32g0xx_hal_rtc_ex.o)
                              out/obj/main.o (symbol from plugin) (HAL_RTCEx_SetWakeUpTimer_IT)
out/lib/libstm32cube_fw_g0.a(stm32g0xx_hal_spi.o)
                              out/obj/main.o (symbol from plugin) (HAL_SPI_Init)
out/lib/libstm32cube_fw_g0.a(stm32g0xx_hal_uart.o)
                              out/obj/acc_integration_stm32.o (symbol from plugin) (HAL_UART_DeInit)
out/lib/libstm32cube_fw_g0.a(stm32g0xx_hal_uart_ex.o)
                              stm32g0xx_hal_uart.o (symbol from plugin) (HAL_UARTEx_WakeupCallback)
lib/libacconeer.a(acc_rss.o)  out/obj/reg_interface.o (symbol from plugin) (acc_rss_activate)
lib/libacconeer.a(acc_service.o)
                              out/obj/reg_interface.o (symbol from plugin) (acc_service_requested_start_set)
lib/libacconeer.a(acc_service_manager.o)
                              acc_rss.o (symbol from plugin) (acc_service_manager_activate)
lib/libacconeer.a(acc_service_sparse.o)
                              out/obj/reg_interface.o (symbol from plugin) (acc_service_sparse_configuration_create)
lib/libacconeer.a(acc_radar_engine_sparse.o)
                              acc_service_sparse.o (symbol from plugin) (acc_radar_engine_sparse_create)
lib/libacconeer.a(acc_radar_engine_common.o)
                              acc_radar_engine_sparse.o (symbol from plugin) (acc_radar_engine_common_get_timeout_ms)
lib/libacconeer.a(acc_sensor_comm_r2.o)
                              acc_radar_engine_sparse.o (symbol from plugin) (acc_sensor_r2_get_max_header_length)
lib/libacconeer.a(acc_sensor_manager.o)
                              acc_rss.o (symbol from plugin) (acc_sensor_manager_activate)
lib/libacconeer.a(acc_sensor_protocol_r2.o)
                              acc_radar_engine_sparse.o (symbol from plugin) (acc_sensor_protocol_r2_ack_event)
lib/libacconeer.a(acc_sweep_manager.o)
                              acc_sensor_manager.o (symbol from plugin) (acc_sweep_manager_prepare)
lib/libacconeer.a(acc_alg_cca.o)
                              acc_radar_engine_sparse.o (symbol from plugin) (acc_alg_cca_calculate)
lib/libacconeer.a(acc_assert.o)
                              acc_sensor_comm_r2.o (symbol from plugin) (acc_assert_fail)
lib/libacconeer.a(acc_base_configuration.o)
                              acc_service.o (symbol from plugin) (acc_base_configuration_sensor_get)
lib/libacconeer.a(acc_rss_integration.o)
                              acc_rss.o (symbol from plugin) (concrete_hal)
lib/libacconeer.a(acc_probes.o)
                              acc_radar_engine_sparse.o (symbol from plugin) (acc_probes_execute_uint16)
lib/libacconeer.a(acc_utils.o)
                              acc_sensor_comm_r2.o (symbol from plugin) (acc_utils_swap16_array)
lib/libacconeer.a(acc_pipeline_direct.o)
                              acc_service_sparse.o (symbol from plugin) (acc_pipeline_direct_assemble)
lib/libacconeer.a(acc_cpd_cbank_and_vana_calibration.o)
[...]
Memory Configuration

Name             Origin             Length             Attributes
RAM              0x0000000020000000 0x0000000000009000 xrw
FLASH            0x0000000008000000 0x0000000000020000 xr
*default*        0x0000000000000000 0xffffffffffffffff

Linker script and memory map

LOAD /mnt/c/Users/scat0009/drop/acconeer/compilers/gcc-arm-none-eabi-7-2018-q2-update/bin/../lib/gcc/arm-none-eabi/7.3.1/thumb/v6-m/crti.o
LOAD /mnt/c/Users/scat0009/drop/acconeer/compilers/gcc-arm-none-eabi-7-2018-q2-update/bin/../lib/gcc/arm-none-eabi/7.3.1/thumb/v6-m/crtbegin.o
LOAD /mnt/c/Users/scat0009/drop/acconeer/compilers/gcc-arm-none-eabi-7-2018-q2-update/bin/../lib/gcc/arm-none-eabi/7.3.1/../../../../arm-none-eabi/lib/thumb/v6-m/crt0.o
LOAD /tmp/cc6KZinX.ltrans0.ltrans.o
LOAD out/obj/syscalls.o
LOAD out/obj/startup_stm32g071xx.o
LOAD out/obj/sysmem.o
LOAD out/lib/libwrapprintf.a
LOAD out/lib/libstm32cube_fw_g0.a
START GROUP
LOAD lib/libacc_detector_distance.a
LOAD lib/libacc_detector_presence.a
LOAD lib/libacc_rf_certification_test.a
LOAD lib/libacconeer.a
LOAD /mnt/c/Users/scat0009/drop/acconeer/compilers/gcc-arm-none-eabi-7-2018-q2-update/bin/../lib/gcc/arm-none-eabi/7.3.1/../../../../arm-none-eabi/lib/thumb/v6-m/libm.a
LOAD out/lib/libwrapprintf.a
LOAD out/lib/libstm32cube_fw_g0.a
END GROUP
START GROUP
LOAD /mnt/c/Users/scat0009/drop/acconeer/compilers/gcc-arm-none-eabi-7-2018-q2-update/bin/../lib/gcc/arm-none-eabi/7.3.1/thumb/v6-m/libgcc.a
LOAD /mnt/c/Users/scat0009/drop/acconeer/compilers/gcc-arm-none-eabi-7-2018-q2-update/bin/../lib/gcc/arm-none-eabi/7.3.1/../../../../arm-none-eabi/lib/thumb/v6-m/libc_nano.a
END GROUP
START GROUP
LOAD /mnt/c/Users/scat0009/drop/acconeer/compilers/gcc-arm-none-eabi-7-2018-q2-update/bin/../lib/gcc/arm-none-eabi/7.3.1/thumb/v6-m/libgcc.a
LOAD /mnt/c/Users/scat0009/drop/acconeer/compilers/gcc-arm-none-eabi-7-2018-q2-update/bin/../lib/gcc/arm-none-eabi/7.3.1/../../../../arm-none-eabi/lib/thumb/v6-m/libc_nano.a
LOAD /mnt/c/Users/scat0009/drop/acconeer/compilers/gcc-arm-none-eabi-7-2018-q2-update/bin/../lib/gcc/arm-none-eabi/7.3.1/../../../../arm-none-eabi/lib/thumb/v6-m/libnosys.a
END GROUP
START GROUP
LOAD /mnt/c/Users/scat0009/drop/acconeer/compilers/gcc-arm-none-eabi-7-2018-q2-update/bin/../lib/gcc/arm-none-eabi/7.3.1/thumb/v6-m/libgcc.a
LOAD /mnt/c/Users/scat0009/drop/acconeer/compilers/gcc-arm-none-eabi-7-2018-q2-update/bin/../lib/gcc/arm-none-eabi/7.3.1/../../../../arm-none-eabi/lib/thumb/v6-m/libc_nano.a
LOAD /mnt/c/Users/scat0009/drop/acconeer/compilers/gcc-arm-none-eabi-7-2018-q2-update/bin/../lib/gcc/arm-none-eabi/7.3.1/../../../../arm-none-eabi/lib/thumb/v6-m/libnosys.a
END GROUP
LOAD /mnt/c/Users/scat0009/drop/acconeer/compilers/gcc-arm-none-eabi-7-2018-q2-update/bin/../lib/gcc/arm-none-eabi/7.3.1/thumb/v6-m/crtend.o
LOAD /mnt/c/Users/scat0009/drop/acconeer/compilers/gcc-arm-none-eabi-7-2018-q2-update/bin/../lib/gcc/arm-none-eabi/7.3.1/thumb/v6-m/crtn.o
                0x0000000020009000                _estack = 0x20009000
                0x0000000000000200                _Min_Heap_Size = 0x200
                0x0000000000001400                _Min_Stack_Size = 0x1400

.isr_vector     0x0000000008000000       0xbc
                0x0000000008000000                . = ALIGN (0x4)
 *(.isr_vector)
 .isr_vector    0x0000000008000000       0xbc out/obj/startup_stm32g071xx.o
                0x0000000008000000                g_pfnVectors
                0x00000000080000bc                . = ALIGN (0x4)

.text           0x00000000080000bc     0xe530
                0x00000000080000bc                . = ALIGN (0x4)
 *(.text)
 .text          0x00000000080000bc       0x48 /mnt/c/Users/scat0009/drop/acconeer/compilers/gcc-arm-none-eabi-7-2018-q2-update/bin/../lib/gcc/arm-none-eabi/7.3.1/thumb/v6-m/crtbegin.o
 .text          0x0000000008000104     0x7b24 /tmp/cc6KZinX.ltrans0.ltrans.o
                0x000000000800786c                HAL_UART_Transmit
                0x0000000008007940                SystemInit
                0x0000000008007950                USART1_IRQHandler
                0x0000000008007af4                I2C1_IRQHandler
                0x0000000008007b78                DMA1_Channel2_3_IRQHandler
                0x0000000008007b88                DMA1_Channel1_IRQHandler
                0x0000000008007b98                EXTI4_15_IRQHandler
                0x0000000008007ba2                EXTI2_3_IRQHandler
                0x0000000008007bac                RTC_TAMP_IRQHandler
                0x0000000008007c10                SysTick_Handler
                0x0000000008007c20                PendSV_Handler
                0x0000000008007c22                NMI_Handler
                0x0000000008007c24                SVC_Handler
                0x0000000008007c26                HardFault_Handler
 .text          0x0000000008007c28       0x14 /mnt/c/Users/scat0009/drop/acconeer/compilers/gcc-arm-none-eabi-7-2018-q2-update/bin/../lib/gcc/arm-none-eabi/7.3.1/thumb/v6-m/libgcc.a(_thumb1_case_sqi.o)
                0x0000000008007c28                __gnu_thumb1_case_sqi
 .text          0x0000000008007c3c       0x14 /mnt/c/Users/scat0009/drop/acconeer/compilers/gcc-arm-none-eabi-7-2018-q2-update/bin/../lib/gcc/arm-none-eabi/7.3.1/thumb/v6-m/libgcc.a(_thumb1_case_uqi.o)
                0x0000000008007c3c                __gnu_thumb1_case_uqi
 .text          0x0000000008007c50       0x14 /mnt/c/Users/scat0009/drop/acconeer/compilers/gcc-arm-none-eabi-7-2018-q2-update/bin/../lib/gcc/arm-none-eabi/7.3.1/thumb/v6-m/libgcc.a(_thumb1_case_uhi.o)
                0x0000000008007c50                __gnu_thumb1_case_uhi
 .text          0x0000000008007c64      0x114 /mnt/c/Users/scat0009/drop/acconeer/compilers/gcc-arm-none-eabi-7-2018-q2-update/bin/../lib/gcc/arm-none-eabi/7.3.1/thumb/v6-m/libgcc.a(_udivsi3.o)
                0x0000000008007c64                __udivsi3
                0x0000000008007c64                __aeabi_uidiv
                0x0000000008007d70                __aeabi_uidivmod
 .text          0x0000000008007d78      0x1d4 /mnt/c/Users/scat0009/drop/acconeer/compilers/gcc-arm-none-eabi-7-2018-q2-update/bin/../lib/gcc/arm-none-eabi/7.3.1/thumb/v6-m/libgcc.a(_divsi3.o)
                0x0000000008007d78                __aeabi_idiv
                0x0000000008007d78                __divsi3
                0x0000000008007f44                __aeabi_idivmod
 .text          0x0000000008007f4c        0x4 /mnt/c/Users/scat0009/drop/acconeer/compilers/gcc-arm-none-eabi-7-2018-q2-update/bin/../lib/gcc/arm-none-eabi/7.3.1/thumb/v6-m/libgcc.a(_dvmd_tls.o)
                0x0000000008007f4c                __aeabi_ldiv0
                0x0000000008007f4c                __aeabi_idiv0
 .text          0x0000000008007f50       0x7c /mnt/c/Users/scat0009/drop/acconeer/compilers/gcc-arm-none-eabi-7-2018-q2-update/bin/../lib/gcc/arm-none-eabi/7.3.1/thumb/v6-m/libgcc.a(_arm_cmpdf2.o)
                0x0000000008007f50                __aeabi_cdrcmple
                0x0000000008007f60                __aeabi_cdcmple
                0x0000000008007f60                __aeabi_cdcmpeq
                0x0000000008007f70                __aeabi_dcmpeq
                0x0000000008007f7c                __aeabi_dcmplt
                0x0000000008007f90                __aeabi_dcmple
                0x0000000008007fa4                __aeabi_dcmpgt
                0x0000000008007fb8                __aeabi_dcmpge
 .text          0x0000000008007fcc       0x74 /mnt/c/Users/scat0009/drop/acconeer/compilers/gcc-arm-none-eabi-7-2018-q2-update/bin/../lib/gcc/arm-none-eabi/7.3.1/thumb/v6-m/libgcc.a(_arm_cmpsf2.o)
                0x0000000008007fcc                __aeabi_cfrcmple
                0x0000000008007fd4                __aeabi_cfcmple
                0x0000000008007fd4                __aeabi_cfcmpeq
                0x0000000008007fe4                __aeabi_fcmpeq
                0x0000000008007ff0                __aeabi_fcmplt
                0x0000000008008004                __aeabi_fcmple
                0x0000000008008018                __aeabi_fcmpgt
                0x000000000800802c                __aeabi_fcmpge
 .text          0x0000000008008040       0x40 /mnt/c/Users/scat0009/drop/acconeer/compilers/gcc-arm-none-eabi-7-2018-q2-update/bin/../lib/gcc/arm-none-eabi/7.3.1/thumb/v6-m/libgcc.a(_aeabi_uldivmod.o)
                0x0000000008008040                __aeabi_uldivmod
 .text          0x0000000008008080       0x30 /mnt/c/Users/scat0009/drop/acconeer/compilers/gcc-arm-none-eabi-7-2018-q2-update/bin/../lib/gcc/arm-none-eabi/7.3.1/thumb/v6-m/libgcc.a(_fixunssfsi.o)
                0x0000000008008080                __aeabi_f2uiz
                0x0000000008008080                __fixunssfsi
 .text          0x00000000080080b0      0x184 /mnt/c/Users/scat0009/drop/acconeer/compilers/gcc-arm-none-eabi-7-2018-q2-update/bin/../lib/gcc/arm-none-eabi/7.3.1/thumb/v6-m/libgcc.a(_udivmoddi4.o)
                0x00000000080080b0                __udivmoddi4
 .text          0x0000000008008234      0x334 /mnt/c/Users/scat0009/drop/acconeer/compilers/gcc-arm-none-eabi-7-2018-q2-update/bin/../lib/gcc/arm-none-eabi/7.3.1/thumb/v6-m/libgcc.a(addsf3.o)
                0x0000000008008234                __aeabi_fadd
 .text          0x0000000008008568      0x224 /mnt/c/Users/scat0009/drop/acconeer/compilers/gcc-arm-none-eabi-7-2018-q2-update/bin/../lib/gcc/arm-none-eabi/7.3.1/thumb/v6-m/libgcc.a(divsf3.o)
                0x0000000008008568                __aeabi_fdiv
 .text          0x000000000800878c       0x50 /mnt/c/Users/scat0009/drop/acconeer/compilers/gcc-arm-none-eabi-7-2018-q2-update/bin/../lib/gcc/arm-none-eabi/7.3.1/thumb/v6-m/libgcc.a(eqsf2.o)
                0x000000000800878c                __nesf2
                0x000000000800878c                __eqsf2
 .text          0x00000000080087dc       0x9c /mnt/c/Users/scat0009/drop/acconeer/compilers/gcc-arm-none-eabi-7-2018-q2-update/bin/../lib/gcc/arm-none-eabi/7.3.1/thumb/v6-m/libgcc.a(gesf2.o)
                0x00000000080087dc                __gtsf2
                0x00000000080087dc                __gesf2
 .text          0x0000000008008878       0xa0 /mnt/c/Users/scat0009/drop/acconeer/compilers/gcc-arm-none-eabi-7-2018-q2-update/bin/../lib/gcc/arm-none-eabi/7.3.1/thumb/v6-m/libgcc.a(lesf2.o)
                0x0000000008008878                __lesf2
                0x0000000008008878                __ltsf2
 .text          0x0000000008008918      0x264 /mnt/c/Users/scat0009/drop/acconeer/compilers/gcc-arm-none-eabi-7-2018-q2-update/bin/../lib/gcc/arm-none-eabi/7.3.1/thumb/v6-m/libgcc.a(mulsf3.o)
                0x0000000008008918                __aeabi_fmul
 .text          0x0000000008008b7c      0x388 /mnt/c/Users/scat0009/drop/acconeer/compilers/gcc-arm-none-eabi-7-2018-q2-update/bin/../lib/gcc/arm-none-eabi/7.3.1/thumb/v6-m/libgcc.a(subsf3.o)
                0x0000000008008b7c                __aeabi_fsub
 .text          0x0000000008008f04       0x2c /mnt/c/Users/scat0009/drop/acconeer/compilers/gcc-arm-none-eabi-7-2018-q2-update/bin/../lib/gcc/arm-none-eabi/7.3.1/thumb/v6-m/libgcc.a(unordsf2.o)
                0x0000000008008f04                __aeabi_fcmpun
 .text          0x0000000008008f30       0x40 /mnt/c/Users/scat0009/drop/acconeer/compilers/gcc-arm-none-eabi-7-2018-q2-update/bin/../lib/gcc/arm-none-eabi/7.3.1/thumb/v6-m/libgcc.a(fixsfsi.o)
                0x0000000008008f30                __aeabi_f2iz
 .text          0x0000000008008f70       0x94 /mnt/c/Users/scat0009/drop/acconeer/compilers/gcc-arm-none-eabi-7-2018-q2-update/bin/../lib/gcc/arm-none-eabi/7.3.1/thumb/v6-m/libgcc.a(floatsisf.o)
                0x0000000008008f70                __aeabi_i2f
 .text          0x0000000008009004       0x80 /mnt/c/Users/scat0009/drop/acconeer/compilers/gcc-arm-none-eabi-7-2018-q2-update/bin/../lib/gcc/arm-none-eabi/7.3.1/thumb/v6-m/libgcc.a(floatunsisf.o)
                0x0000000008009004                __aeabi_ui2f
 .text          0x0000000008009084      0x638 /mnt/c/Users/scat0009/drop/acconeer/compilers/gcc-arm-none-eabi-7-2018-q2-update/bin/../lib/gcc/arm-none-eabi/7.3.1/thumb/v6-m/libgcc.a(adddf3.o)
                0x0000000008009084                __aeabi_dadd
 .text          0x00000000080096bc      0x604 /mnt/c/Users/scat0009/drop/acconeer/compilers/gcc-arm-none-eabi-7-2018-q2-update/bin/../lib/gcc/arm-none-eabi/7.3.1/thumb/v6-m/libgcc.a(divdf3.o)
                0x00000000080096bc                __aeabi_ddiv
 .text          0x0000000008009cc0       0x78 /mnt/c/Users/scat0009/drop/acconeer/compilers/gcc-arm-none-eabi-7-2018-q2-update/bin/../lib/gcc/arm-none-eabi/7.3.1/thumb/v6-m/libgcc.a(eqdf2.o)
                0x0000000008009cc0                __eqdf2
                0x0000000008009cc0                __nedf2
 .text          0x0000000008009d38       0xc8 /mnt/c/Users/scat0009/drop/acconeer/compilers/gcc-arm-none-eabi-7-2018-q2-update/bin/../lib/gcc/arm-none-eabi/7.3.1/thumb/v6-m/libgcc.a(gedf2.o)
                0x0000000008009d38                __gtdf2
                0x0000000008009d38                __gedf2
 .text          0x0000000008009e00       0xd0 /mnt/c/Users/scat0009/drop/acconeer/compilers/gcc-arm-none-eabi-7-2018-q2-update/bin/../lib/gcc/arm-none-eabi/7.3.1/thumb/v6-m/libgcc.a(ledf2.o)
                0x0000000008009e00                __ltdf2
                0x0000000008009e00                __ledf2
 .text          0x0000000008009ed0      0x4e4 /mnt/c/Users/scat0009/drop/acconeer/compilers/gcc-arm-none-eabi-7-2018-q2-update/bin/../lib/gcc/arm-none-eabi/7.3.1/thumb/v6-m/libgcc.a(muldf3.o)
                0x0000000008009ed0                __aeabi_dmul
 .text          0x000000000800a3b4      0x690 /mnt/c/Users/scat0009/drop/acconeer/compilers/gcc-arm-none-eabi-7-2018-q2-update/bin/../lib/gcc/arm-none-eabi/7.3.1/thumb/v6-m/libgcc.a(subdf3.o)
                0x000000000800a3b4                __aeabi_dsub
 .text          0x000000000800aa44       0x38 /mnt/c/Users/scat0009/drop/acconeer/compilers/gcc-arm-none-eabi-7-2018-q2-update/bin/../lib/gcc/arm-none-eabi/7.3.1/thumb/v6-m/libgcc.a(unorddf2.o)
                0x000000000800aa44                __aeabi_dcmpun
 .text          0x000000000800aa7c       0x6c /mnt/c/Users/scat0009/drop/acconeer/compilers/gcc-arm-none-eabi-7-2018-q2-update/bin/../lib/gcc/arm-none-eabi/7.3.1/thumb/v6-m/libgcc.a(fixdfsi.o)
                0x000000000800aa7c                __aeabi_d2iz
 .text          0x000000000800aae8       0x74 /mnt/c/Users/scat0009/drop/acconeer/compilers/gcc-arm-none-eabi-7-2018-q2-update/bin/../lib/gcc/arm-none-eabi/7.3.1/thumb/v6-m/libgcc.a(floatsidf.o)
                0x000000000800aae8                __aeabi_i2d
 .text          0x000000000800ab5c       0x64 /mnt/c/Users/scat0009/drop/acconeer/compilers/gcc-arm-none-eabi-7-2018-q2-update/bin/../lib/gcc/arm-none-eabi/7.3.1/thumb/v6-m/libgcc.a(floatunsidf.o)
                0x000000000800ab5c                __aeabi_ui2d
 .text          0x000000000800abc0       0xa4 /mnt/c/Users/scat0009/drop/acconeer/compilers/gcc-arm-none-eabi-7-2018-q2-update/bin/../lib/gcc/arm-none-eabi/7.3.1/thumb/v6-m/libgcc.a(extendsfdf2.o)
                0x000000000800abc0                __aeabi_f2d
 .text          0x000000000800ac64      0x108 /mnt/c/Users/scat0009/drop/acconeer/compilers/gcc-arm-none-eabi-7-2018-q2-update/bin/../lib/gcc/arm-none-eabi/7.3.1/thumb/v6-m/libgcc.a(truncdfsf2.o)
                0x000000000800ac64                __aeabi_d2f
 .text          0x000000000800ad6c       0x3c /mnt/c/Users/scat0009/drop/acconeer/compilers/gcc-arm-none-eabi-7-2018-q2-update/bin/../lib/gcc/arm-none-eabi/7.3.1/thumb/v6-m/libgcc.a(_clzsi2.o)
                0x000000000800ad6c                __clzsi2
 .text          0x000000000800ada8       0x18 /mnt/c/Users/scat0009/drop/acconeer/compilers/gcc-arm-none-eabi-7-2018-q2-update/bin/../lib/gcc/arm-none-eabi/7.3.1/thumb/v6-m/libgcc.a(_clzdi2.o)
                0x000000000800ada8                __clzdi2
 .text          0x000000000800adc0        0xe /mnt/c/Users/scat0009/drop/acconeer/compilers/gcc-arm-none-eabi-7-2018-q2-update/bin/../lib/gcc/arm-none-eabi/7.3.1/../../../../arm-none-eabi/lib/thumb/v6-m/libc_nano.a(lib_a-strlen.o)
                0x000000000800adc0                strlen
 *(.text*)
 *fill*         0x000000000800adce        0x2 
 .text.unlikely
                0x000000000800add0       0x38 /tmp/cc6KZinX.ltrans0.ltrans.o
 .text.startup  0x000000000800ae08      0xfac /tmp/cc6KZinX.ltrans0.ltrans.o
                0x000000000800ae08                main
 .text._write   0x000000000800bdb4       0x1c out/obj/syscalls.o
                0x000000000800bdb4                _write
 .text.Reset_Handler
                0x000000000800bdd0       0x50 out/obj/startup_stm32g071xx.o
                0x000000000800bdd0                Reset_Handler
 .text.Default_Handler
                0x000000000800be20        0x2 out/obj/startup_stm32g071xx.o
                0x000000000800be20                USART3_4_LPUART1_IRQHandler
                0x000000000800be20                TIM1_CC_IRQHandler
                0x000000000800be20                ADC1_COMP_IRQHandler
                0x000000000800be20                PVD_IRQHandler
                0x000000000800be20                TIM7_LPTIM2_IRQHandler
                0x000000000800be20                SPI1_IRQHandler
                0x000000000800be20                I2C2_IRQHandler
                0x000000000800be20                TIM17_IRQHandler
                0x000000000800be20                TIM16_IRQHandler
                0x000000000800be20                TIM3_IRQHandler
                0x000000000800be20                RCC_IRQHandler
                0x000000000800be20                Default_Handler
                0x000000000800be20                CEC_IRQHandler
                0x000000000800be20                TIM14_IRQHandler
                0x000000000800be20                TIM15_IRQHandler
                0x000000000800be20                EXTI0_1_IRQHandler
                0x000000000800be20                SPI2_IRQHandler
                0x000000000800be20                TIM6_DAC_LPTIM1_IRQHandler
                0x000000000800be20                WWDG_IRQHandler
                0x000000000800be20                TIM2_IRQHandler
                0x000000000800be20                DMA1_Ch4_7_DMAMUX1_OVR_IRQHandler
                0x000000000800be20                UCPD1_2_IRQHandler
                0x000000000800be20                USART2_IRQHandler
                0x000000000800be20                FLASH_IRQHandler
                0x000000000800be20                TIM1_BRK_UP_TRG_COM_IRQHandler
 *fill*         0x000000000800be22        0x2 
 .text._sbrk    0x000000000800be24       0x40 out/obj/sysmem.o
                0x000000000800be24                _sbrk
 .text.__errno  0x000000000800be64        0xc /mnt/c/Users/scat0009/drop/acconeer/compilers/gcc-arm-none-eabi-7-2018-q2-update/bin/../lib/gcc/arm-none-eabi/7.3.1/../../../../arm-none-eabi/lib/thumb/v6-m/libc_nano.a(lib_a-errno.o)
                0x000000000800be64                __errno
 .text.__libc_init_array
                0x000000000800be70       0x48 /mnt/c/Users/scat0009/drop/acconeer/compilers/gcc-arm-none-eabi-7-2018-q2-update/bin/../lib/gcc/arm-none-eabi/7.3.1/../../../../arm-none-eabi/lib/thumb/v6-m/libc_nano.a(lib_a-init.o)
                0x000000000800be70                __libc_init_array
 .text.memset   0x000000000800beb8       0x10 /mnt/c/Users/scat0009/drop/acconeer/compilers/gcc-arm-none-eabi-7-2018-q2-update/bin/../lib/gcc/arm-none-eabi/7.3.1/../../../../arm-none-eabi/lib/thumb/v6-m/libc_nano.a(lib_a-memset.o)
                0x000000000800beb8                memset
 .text.out_func
                0x000000000800bec8       0x20 out/lib/libwrapprintf.a(acc_wrap_printf.o)
 .text.__wrap_puts
                0x000000000800bee8       0x24 out/lib/libwrapprintf.a(acc_wrap_printf.o)
                0x000000000800bee8                __wrap_puts
 .text.__wrap_printf
                0x000000000800bf0c       0x44 out/lib/libwrapprintf.a(acc_wrap_printf.o)
                0x000000000800bf0c                __wrap_printf
 .text.__wrap_vsnprintf
                0x000000000800bf50        0x8 out/lib/libwrapprintf.a(acc_wrap_printf.o)
                0x000000000800bf50                __wrap_vsnprintf
 .text._out_buffer
                0x000000000800bf58        0x8 out/lib/libwrapprintf.a(printf.o)
 .text._out_null
                0x000000000800bf60        0x2 out/lib/libwrapprintf.a(printf.o)
 .text._out_fct
                0x000000000800bf62        0xe out/lib/libwrapprintf.a(printf.o)
 .text._ntoa_format
                0x000000000800bf70      0x14a out/lib/libwrapprintf.a(printf.o)
 .text._ntoa_long
                0x000000000800c0ba       0x90 out/lib/libwrapprintf.a(printf.o)
 .text._ntoa_long_long
                0x000000000800c14a       0xa4 out/lib/libwrapprintf.a(printf.o)
 *fill*         0x000000000800c1ee        0x2 
 .text._vsnprintf
                0x000000000800c1f0      0x45c out/lib/libwrapprintf.a(printf.o)
 .text.vsnprintf_
                0x000000000800c64c       0x18 out/lib/libwrapprintf.a(printf.o)
                0x000000000800c64c                vsnprintf_
 .text.fctvprintf
                0x000000000800c664       0x20 out/lib/libwrapprintf.a(printf.o)
                0x000000000800c664                fctvprintf
 .text.cos      0x000000000800c684       0x8c /mnt/c/Users/scat0009/drop/acconeer/compilers/gcc-arm-none-eabi-7-2018-q2-update/bin/../lib/gcc/arm-none-eabi/7.3.1/../../../../arm-none-eabi/lib/thumb/v6-m/libm.a(lib_a-s_cos.o)
                0x000000000800c684                cos
 .text.fmaxf    0x000000000800c710       0x2c /mnt/c/Users/scat0009/drop/acconeer/compilers/gcc-arm-none-eabi-7-2018-q2-update/bin/../lib/gcc/arm-none-eabi/7.3.1/../../../../arm-none-eabi/lib/thumb/v6-m/libm.a(lib_a-sf_fmax.o)
                0x000000000800c710                fmaxf
 .text.__fpclassifyf
                0x000000000800c73c       0x40 /mnt/c/Users/scat0009/drop/acconeer/compilers/gcc-arm-none-eabi-7-2018-q2-update/bin/../lib/gcc/arm-none-eabi/7.3.1/../../../../arm-none-eabi/lib/thumb/v6-m/libm.a(lib_a-sf_fpclassify.o)
                0x000000000800c73c                __fpclassifyf
 .text.roundf   0x000000000800c77c       0x44 /mnt/c/Users/scat0009/drop/acconeer/compilers/gcc-arm-none-eabi-7-2018-q2-update/bin/../lib/gcc/arm-none-eabi/7.3.1/../../../../arm-none-eabi/lib/thumb/v6-m/libm.a(lib_a-sf_round.o)
                0x000000000800c77c                roundf
 .text.sqrt     0x000000000800c7c0       0xc0 /mnt/c/Users/scat0009/drop/acconeer/compilers/gcc-arm-none-eabi-7-2018-q2-update/bin/../lib/gcc/arm-none-eabi/7.3.1/../../../../arm-none-eabi/lib/thumb/v6-m/libm.a(lib_a-w_sqrt.o)
                0x000000000800c7c0                sqrt
 .text.expf     0x000000000800c880       0xe8 /mnt/c/Users/scat0009/drop/acconeer/compilers/gcc-arm-none-eabi-7-2018-q2-update/bin/../lib/gcc/arm-none-eabi/7.3.1/../../../../arm-none-eabi/lib/thumb/v6-m/libm.a(lib_a-wf_exp.o)
                0x000000000800c880                expf
 .text.log10f   0x000000000800c968       0xf8 /mnt/c/Users/scat0009/drop/acconeer/compilers/gcc-arm-none-eabi-7-2018-q2-update/bin/../lib/gcc/arm-none-eabi/7.3.1/../../../../arm-none-eabi/lib/thumb/v6-m/libm.a(lib_a-wf_log10.o)
                0x000000000800c968                log10f
 .text.__ieee754_rem_pio2
                0x000000000800ca60      0x420 /mnt/c/Users/scat0009/drop/acconeer/compilers/gcc-arm-none-eabi-7-2018-q2-update/bin/../lib/gcc/arm-none-eabi/7.3.1/../../../../arm-none-eabi/lib/thumb/v6-m/libm.a(lib_a-e_rem_pio2.o)
                0x000000000800ca60                __ieee754_rem_pio2
 .text.__ieee754_sqrt
                0x000000000800ce80      0x1b0 /mnt/c/Users/scat0009/drop/acconeer/compilers/gcc-arm-none-eabi-7-2018-q2-update/bin/../lib/gcc/arm-none-eabi/7.3.1/../../../../arm-none-eabi/lib/thumb/v6-m/libm.a(lib_a-e_sqrt.o)
                0x000000000800ce80                __ieee754_sqrt
 .text.__ieee754_expf
                0x000000000800d030      0x1f4 /mnt/c/Users/scat0009/drop/acconeer/compilers/gcc-arm-none-eabi-7-2018-q2-update/bin/../lib/gcc/arm-none-eabi/7.3.1/../../../../arm-none-eabi/lib/thumb/v6-m/libm.a(lib_a-ef_exp.o)
                0x000000000800d030                __ieee754_expf
 .text.__ieee754_log10f
                0x000000000800d224       0xb0 /mnt/c/Users/scat0009/drop/acconeer/compilers/gcc-arm-none-eabi-7-2018-q2-update/bin/../lib/gcc/arm-none-eabi/7.3.1/../../../../arm-none-eabi/lib/thumb/v6-m/libm.a(lib_a-ef_log10.o)
                0x000000000800d224                __ieee754_log10f
 .text.__kernel_cos
                0x000000000800d2d4      0x234 /mnt/c/Users/scat0009/drop/acconeer/compilers/gcc-arm-none-eabi-7-2018-q2-update/bin/../lib/gcc/arm-none-eabi/7.3.1/../../../../arm-none-eabi/lib/thumb/v6-m/libm.a(lib_a-k_cos.o)
                0x000000000800d2d4                __kernel_cos
 .text.__kernel_rem_pio2
                0x000000000800d508      0x8c0 /mnt/c/Users/scat0009/drop/acconeer/compilers/gcc-arm-none-eabi-7-2018-q2-update/bin/../lib/gcc/arm-none-eabi/7.3.1/../../../../arm-none-eabi/lib/thumb/v6-m/libm.a(lib_a-k_rem_pio2.o)
                0x000000000800d508                __kernel_rem_pio2
 .text.__kernel_sin
                0x000000000800ddc8      0x164 /mnt/c/Users/scat0009/drop/acconeer/compilers/gcc-arm-none-eabi-7-2018-q2-update/bin/../lib/gcc/arm-none-eabi/7.3.1/../../../../arm-none-eabi/lib/thumb/v6-m/libm.a(lib_a-k_sin.o)
                0x000000000800ddc8                __kernel_sin
 .text.fabs     0x000000000800df2c        0x8 /mnt/c/Users/scat0009/drop/acconeer/compilers/gcc-arm-none-eabi-7-2018-q2-update/bin/../lib/gcc/arm-none-eabi/7.3.1/../../../../arm-none-eabi/lib/thumb/v6-m/libm.a(lib_a-s_fabs.o)
                0x000000000800df2c                fabs
 .text.floor    0x000000000800df34      0x138 /mnt/c/Users/scat0009/drop/acconeer/compilers/gcc-arm-none-eabi-7-2018-q2-update/bin/../lib/gcc/arm-none-eabi/7.3.1/../../../../arm-none-eabi/lib/thumb/v6-m/libm.a(lib_a-s_floor.o)
                0x000000000800df34                floor
 .text.matherr  0x000000000800e06c        0x4 /mnt/c/Users/scat0009/drop/acconeer/compilers/gcc-arm-none-eabi-7-2018-q2-update/bin/../lib/gcc/arm-none-eabi/7.3.1/../../../../arm-none-eabi/lib/thumb/v6-m/libm.a(lib_a-s_matherr.o)
                0x000000000800e06c                matherr
 .text.nan      0x000000000800e070        0xc /mnt/c/Users/scat0009/drop/acconeer/compilers/gcc-arm-none-eabi-7-2018-q2-update/bin/../lib/gcc/arm-none-eabi/7.3.1/../../../../arm-none-eabi/lib/thumb/v6-m/libm.a(lib_a-s_nan.o)
                0x000000000800e070                nan
 .text.scalbn   0x000000000800e07c       0xd0 /mnt/c/Users/scat0009/drop/acconeer/compilers/gcc-arm-none-eabi-7-2018-q2-update/bin/../lib/gcc/arm-none-eabi/7.3.1/../../../../arm-none-eabi/lib/thumb/v6-m/libm.a(lib_a-s_scalbn.o)
                0x000000000800e07c                scalbn
 .text.finitef  0x000000000800e14c       0x14 /mnt/c/Users/scat0009/drop/acconeer/compilers/gcc-arm-none-eabi-7-2018-q2-update/bin/../lib/gcc/arm-none-eabi/7.3.1/../../../../arm-none-eabi/lib/thumb/v6-m/libm.a(lib_a-sf_finite.o)
                0x000000000800e14c                finitef
 .text.__ieee754_logf
                0x000000000800e160      0x28c /mnt/c/Users/scat0009/drop/acconeer/compilers/gcc-arm-none-eabi-7-2018-q2-update/bin/../lib/gcc/arm-none-eabi/7.3.1/../../../../arm-none-eabi/lib/thumb/v6-m/libm.a(lib_a-ef_log.o)
                0x000000000800e160                __ieee754_logf
 .text.copysign
                0x000000000800e3ec       0x10 /mnt/c/Users/scat0009/drop/acconeer/compilers/gcc-arm-none-eabi-7-2018-q2-update/bin/../lib/gcc/arm-none-eabi/7.3.1/../../../../arm-none-eabi/lib/thumb/v6-m/libm.a(lib_a-s_copysign.o)
                0x000000000800e3ec                copysign
 .text.malloc   0x000000000800e3fc       0x14 /mnt/c/Users/scat0009/drop/acconeer/compilers/gcc-arm-none-eabi-7-2018-q2-update/bin/../lib/gcc/arm-none-eabi/7.3.1/../../../../arm-none-eabi/lib/thumb/v6-m/libc_nano.a(lib_a-malloc.o)
                0x000000000800e3fc                malloc
 .text.free     0x000000000800e410       0x14 /mnt/c/Users/scat0009/drop/acconeer/compilers/gcc-arm-none-eabi-7-2018-q2-update/bin/../lib/gcc/arm-none-eabi/7.3.1/../../../../arm-none-eabi/lib/thumb/v6-m/libc_nano.a(lib_a-malloc.o)
                0x000000000800e410                free
 .text.memcpy   0x000000000800e424       0x12 /mnt/c/Users/scat0009/drop/acconeer/compilers/gcc-arm-none-eabi-7-2018-q2-update/bin/../lib/gcc/arm-none-eabi/7.3.1/../../../../arm-none-eabi/lib/thumb/v6-m/libc_nano.a(lib_a-memcpy-stub.o)
                0x000000000800e424                memcpy
 .text.memmove  0x000000000800e436       0x26 /mnt/c/Users/scat0009/drop/acconeer/compilers/gcc-arm-none-eabi-7-2018-q2-update/bin/../lib/gcc/arm-none-eabi/7.3.1/../../../../arm-none-eabi/lib/thumb/v6-m/libc_nano.a(lib_a-memmove.o)
                0x000000000800e436                memmove
 .text._free_r  0x000000000800e45c       0x94 /mnt/c/Users/scat0009/drop/acconeer/compilers/gcc-arm-none-eabi-7-2018-q2-update/bin/../lib/gcc/arm-none-eabi/7.3.1/../../../../arm-none-eabi/lib/thumb/v6-m/libc_nano.a(lib_a-nano-freer.o)
                0x000000000800e45c                _free_r
 .text._malloc_r
                0x000000000800e4f0       0xbc /mnt/c/Users/scat0009/drop/acconeer/compilers/gcc-arm-none-eabi-7-2018-q2-update/bin/../lib/gcc/arm-none-eabi/7.3.1/../../../../arm-none-eabi/lib/thumb/v6-m/libc_nano.a(lib_a-nano-mallocr.o)
                0x000000000800e4f0                _malloc_r
 .text._sbrk_r  0x000000000800e5ac       0x24 /mnt/c/Users/scat0009/drop/acconeer/compilers/gcc-arm-none-eabi-7-2018-q2-update/bin/../lib/gcc/arm-none-eabi/7.3.1/../../../../arm-none-eabi/lib/thumb/v6-m/libc_nano.a(lib_a-sbrkr.o)
                0x000000000800e5ac                _sbrk_r
 .text.__malloc_lock
                0x000000000800e5d0        0x2 /mnt/c/Users/scat0009/drop/acconeer/compilers/gcc-arm-none-eabi-7-2018-q2-update/bin/../lib/gcc/arm-none-eabi/7.3.1/../../../../arm-none-eabi/lib/thumb/v6-m/libc_nano.a(lib_a-mlock.o)
                0x000000000800e5d0                __malloc_lock
 .text.__malloc_unlock
                0x000000000800e5d2        0x2 /mnt/c/Users/scat0009/drop/acconeer/compilers/gcc-arm-none-eabi-7-2018-q2-update/bin/../lib/gcc/arm-none-eabi/7.3.1/../../../../arm-none-eabi/lib/thumb/v6-m/libc_nano.a(lib_a-mlock.o)
                0x000000000800e5d2                __malloc_unlock
 *(.glue_7)
 .glue_7        0x000000000800e5d4        0x0 linker stubs
 *(.glue_7t)
 .glue_7t       0x000000000800e5d4        0x0 linker stubs
 *(.eh_frame)
 .eh_frame      0x000000000800e5d4        0x0 /mnt/c/Users/scat0009/drop/acconeer/compilers/gcc-arm-none-eabi-7-2018-q2-update/bin/../lib/gcc/arm-none-eabi/7.3.1/thumb/v6-m/crtbegin.o
 *(.init)
 .init          0x000000000800e5d4        0x4 /mnt/c/Users/scat0009/drop/acconeer/compilers/gcc-arm-none-eabi-7-2018-q2-update/bin/../lib/gcc/arm-none-eabi/7.3.1/thumb/v6-m/crti.o
                0x000000000800e5d4                _init
 .init          0x000000000800e5d8        0x8 /mnt/c/Users/scat0009/drop/acconeer/compilers/gcc-arm-none-eabi-7-2018-q2-update/bin/../lib/gcc/arm-none-eabi/7.3.1/thumb/v6-m/crtn.o
 *(.fini)
 .fini          0x000000000800e5e0        0x4 /mnt/c/Users/scat0009/drop/acconeer/compilers/gcc-arm-none-eabi-7-2018-q2-update/bin/../lib/gcc/arm-none-eabi/7.3.1/thumb/v6-m/crti.o
                0x000000000800e5e0                _fini
 .fini          0x000000000800e5e4        0x8 /mnt/c/Users/scat0009/drop/acconeer/compilers/gcc-arm-none-eabi-7-2018-q2-update/bin/../lib/gcc/arm-none-eabi/7.3.1/thumb/v6-m/crtn.o
                0x000000000800e5ec                . = ALIGN (0x4)
                0x000000000800e5ec                _etext = .

.vfp11_veneer   0x000000000800e5ec        0x0
 .vfp11_veneer  0x000000000800e5ec        0x0 linker stubs

.v4_bx          0x000000000800e5ec        0x0
 .v4_bx         0x000000000800e5ec        0x0 linker stubs

.iplt           0x000000000800e5ec        0x0
 .iplt          0x000000000800e5ec        0x0 /mnt/c/Users/scat0009/drop/acconeer/compilers/gcc-arm-none-eabi-7-2018-q2-update/bin/../lib/gcc/arm-none-eabi/7.3.1/thumb/v6-m/crtbegin.o

.rodata         0x000000000800e5f0     0x49d0
                0x000000000800e5f0                . = ALIGN (0x4)
 *(.rodata)
 .rodata        0x000000000800e5f0     0x2ed0 /tmp/cc6KZinX.ltrans0.ltrans.o
 .rodata        0x00000000080114c0       0x80 /mnt/c/Users/scat0009/drop/acconeer/compilers/gcc-arm-none-eabi-7-2018-q2-update/bin/../lib/gcc/arm-none-eabi/7.3.1/thumb/v6-m/libgcc.a(divsf3.o)
 .rodata        0x0000000008011540       0x40 /mnt/c/Users/scat0009/drop/acconeer/compilers/gcc-arm-none-eabi-7-2018-q2-update/bin/../lib/gcc/arm-none-eabi/7.3.1/thumb/v6-m/libgcc.a(mulsf3.o)
 .rodata        0x0000000008011580       0x40 /mnt/c/Users/scat0009/drop/acconeer/compilers/gcc-arm-none-eabi-7-2018-q2-update/bin/../lib/gcc/arm-none-eabi/7.3.1/thumb/v6-m/libgcc.a(divdf3.o)
 .rodata        0x00000000080115c0       0x40 /mnt/c/Users/scat0009/drop/acconeer/compilers/gcc-arm-none-eabi-7-2018-q2-update/bin/../lib/gcc/arm-none-eabi/7.3.1/thumb/v6-m/libgcc.a(muldf3.o)
 *(.rodata*)
 .rodata.str1.1
                0x0000000008011600     0x17b4 /tmp/cc6KZinX.ltrans0.ltrans.o
                                       0x1813 (size before relaxing)
 .rodata.__wrap_puts.str1.1
                0x0000000008012db4     0x17b4 out/lib/libwrapprintf.a(acc_wrap_printf.o)
                                          0x2 (size before relaxing)
 .rodata.sqrt.str1.4
                0x0000000008012db4        0x5 /mnt/c/Users/scat0009/drop/acconeer/compilers/gcc-arm-none-eabi-7-2018-q2-update/bin/../lib/gcc/arm-none-eabi/7.3.1/../../../../arm-none-eabi/lib/thumb/v6-m/libm.a(lib_a-w_sqrt.o)
 *fill*         0x0000000008012db9        0x3 
 .rodata.expf.str1.4
                0x0000000008012dbc        0x5 /mnt/c/Users/scat0009/drop/acconeer/compilers/gcc-arm-none-eabi-7-2018-q2-update/bin/../lib/gcc/arm-none-eabi/7.3.1/../../../../arm-none-eabi/lib/thumb/v6-m/libm.a(lib_a-wf_exp.o)
 *fill*         0x0000000008012dc1        0x3 
 .rodata.log10f.str1.4
                0x0000000008012dc4        0x8 /mnt/c/Users/scat0009/drop/acconeer/compilers/gcc-arm-none-eabi-7-2018-q2-update/bin/../lib/gcc/arm-none-eabi/7.3.1/../../../../arm-none-eabi/lib/thumb/v6-m/libm.a(lib_a-wf_log10.o)
                                          0x9 (size before relaxing)
 .rodata.npio2_hw
                0x0000000008012dcc       0x80 /mnt/c/Users/scat0009/drop/acconeer/compilers/gcc-arm-none-eabi-7-2018-q2-update/bin/../lib/gcc/arm-none-eabi/7.3.1/../../../../arm-none-eabi/lib/thumb/v6-m/libm.a(lib_a-e_rem_pio2.o)
 .rodata.two_over_pi
                0x0000000008012e4c      0x108 /mnt/c/Users/scat0009/drop/acconeer/compilers/gcc-arm-none-eabi-7-2018-q2-update/bin/../lib/gcc/arm-none-eabi/7.3.1/../../../../arm-none-eabi/lib/thumb/v6-m/libm.a(lib_a-e_rem_pio2.o)
 .rodata.halF   0x0000000008012f54        0x8 /mnt/c/Users/scat0009/drop/acconeer/compilers/gcc-arm-none-eabi-7-2018-q2-update/bin/../lib/gcc/arm-none-eabi/7.3.1/../../../../arm-none-eabi/lib/thumb/v6-m/libm.a(lib_a-ef_exp.o)
 .rodata.ln2HI  0x0000000008012f5c        0x8 /mnt/c/Users/scat0009/drop/acconeer/compilers/gcc-arm-none-eabi-7-2018-q2-update/bin/../lib/gcc/arm-none-eabi/7.3.1/../../../../arm-none-eabi/lib/thumb/v6-m/libm.a(lib_a-ef_exp.o)
 .rodata.ln2LO  0x0000000008012f64        0x8 /mnt/c/Users/scat0009/drop/acconeer/compilers/gcc-arm-none-eabi-7-2018-q2-update/bin/../lib/gcc/arm-none-eabi/7.3.1/../../../../arm-none-eabi/lib/thumb/v6-m/libm.a(lib_a-ef_exp.o)
 *fill*         0x0000000008012f6c        0x4 
 .rodata.PIo2   0x0000000008012f70       0x40 /mnt/c/Users/scat0009/drop/acconeer/compilers/gcc-arm-none-eabi-7-2018-q2-update/bin/../lib/gcc/arm-none-eabi/7.3.1/../../../../arm-none-eabi/lib/thumb/v6-m/libm.a(lib_a-k_rem_pio2.o)
 .rodata.init_jk
                0x0000000008012fb0       0x10 /mnt/c/Users/scat0009/drop/acconeer/compilers/gcc-arm-none-eabi-7-2018-q2-update/bin/../lib/gcc/arm-none-eabi/7.3.1/../../../../arm-none-eabi/lib/thumb/v6-m/libm.a(lib_a-k_rem_pio2.o)
                0x0000000008012fc0                . = ALIGN (0x4)

.ARM.extab
 *(.ARM.extab* .gnu.linkonce.armextab.*)

.ARM            0x0000000008012fc0        0x8
                0x0000000008012fc0                __exidx_start = .
 *(.ARM.exidx*)
 .ARM.exidx     0x0000000008012fc0        0x8 /mnt/c/Users/scat0009/drop/acconeer/compilers/gcc-arm-none-eabi-7-2018-q2-update/bin/../lib/gcc/arm-none-eabi/7.3.1/thumb/v6-m/libgcc.a(_udivmoddi4.o)
                0x0000000008012fc8                __exidx_end = .

.rel.dyn        0x0000000008012fc8        0x0
 .rel.iplt      0x0000000008012fc8        0x0 /mnt/c/Users/scat0009/drop/acconeer/compilers/gcc-arm-none-eabi-7-2018-q2-update/bin/../lib/gcc/arm-none-eabi/7.3.1/thumb/v6-m/crtbegin.o

.preinit_array  0x0000000008012fc8        0x0
                0x0000000008012fc8                PROVIDE (__preinit_array_start = .)
 *(.preinit_array*)
                0x0000000008012fc8                PROVIDE (__preinit_array_end = .)

.init_array     0x0000000008012fc8        0x4
                0x0000000008012fc8                PROVIDE (__init_array_start = .)
 *(SORT_BY_NAME(.init_array.*))
 *(.init_array*)
 .init_array    0x0000000008012fc8        0x4 /mnt/c/Users/scat0009/drop/acconeer/compilers/gcc-arm-none-eabi-7-2018-q2-update/bin/../lib/gcc/arm-none-eabi/7.3.1/thumb/v6-m/crtbegin.o
                0x0000000008012fcc                PROVIDE (__init_array_end = .)

.fini_array     0x0000000008012fcc        0x4
                [!provide]                        PROVIDE (__fini_array_start = .)
 *(SORT_BY_NAME(.fini_array.*))
 *(.fini_array*)
 .fini_array    0x0000000008012fcc        0x4 /mnt/c/Users/scat0009/drop/acconeer/compilers/gcc-arm-none-eabi-7-2018-q2-update/bin/../lib/gcc/arm-none-eabi/7.3.1/thumb/v6-m/crtbegin.o
                [!provide]                        PROVIDE (__fini_array_end = .)
                0x0000000008012fd0                _sidata = LOADADDR (.data)

.data           0x0000000020000000       0x70 load address 0x0000000008012fd0
                0x0000000020000000                . = ALIGN (0x4)
                0x0000000020000000                _sdata = .
 *(.data)
 .data          0x0000000020000000        0x8 /tmp/cc6KZinX.ltrans0.ltrans.o
 *(.data*)
 .data._impure_ptr
                0x0000000020000008        0x4 /mnt/c/Users/scat0009/drop/acconeer/compilers/gcc-arm-none-eabi-7-2018-q2-update/bin/../lib/gcc/arm-none-eabi/7.3.1/../../../../arm-none-eabi/lib/thumb/v6-m/libc_nano.a(lib_a-impure.o)
                0x0000000020000008                _impure_ptr
 .data.impure_data
                0x000000002000000c       0x60 /mnt/c/Users/scat0009/drop/acconeer/compilers/gcc-arm-none-eabi-7-2018-q2-update/bin/../lib/gcc/arm-none-eabi/7.3.1/../../../../arm-none-eabi/lib/thumb/v6-m/libc_nano.a(lib_a-impure.o)
 .data.__fdlib_version
                0x000000002000006c        0x1 /mnt/c/Users/scat0009/drop/acconeer/compilers/gcc-arm-none-eabi-7-2018-q2-update/bin/../lib/gcc/arm-none-eabi/7.3.1/../../../../arm-none-eabi/lib/thumb/v6-m/libm.a(lib_a-s_lib_ver.o)
                0x000000002000006c                __fdlib_version
                0x0000000020000070                . = ALIGN (0x4)
 *fill*         0x000000002000006d        0x3 
                0x0000000020000070                _edata = .

.igot.plt       0x0000000020000070        0x0 load address 0x0000000008013040
 .igot.plt      0x0000000020000070        0x0 /mnt/c/Users/scat0009/drop/acconeer/compilers/gcc-arm-none-eabi-7-2018-q2-update/bin/../lib/gcc/arm-none-eabi/7.3.1/thumb/v6-m/crtbegin.o
                0x0000000020000070                . = ALIGN (0x4)

.bss            0x0000000020000070      0x608 load address 0x0000000008013040
                0x0000000020000070                _sbss = .
                0x0000000020000070                __bss_start__ = _sbss
 *(.bss)
 .bss           0x0000000020000070       0x1c /mnt/c/Users/scat0009/drop/acconeer/compilers/gcc-arm-none-eabi-7-2018-q2-update/bin/../lib/gcc/arm-none-eabi/7.3.1/thumb/v6-m/crtbegin.o
 .bss           0x000000002000008c      0x550 /tmp/cc6KZinX.ltrans0.ltrans.o
 *(.bss*)
 .bss.__sbrk_heap_end
                0x00000000200005dc        0x4 out/obj/sysmem.o
 .bss.__malloc_free_list
                0x00000000200005e0        0x4 /mnt/c/Users/scat0009/drop/acconeer/compilers/gcc-arm-none-eabi-7-2018-q2-update/bin/../lib/gcc/arm-none-eabi/7.3.1/../../../../arm-none-eabi/lib/thumb/v6-m/libc_nano.a(lib_a-nano-mallocr.o)
                0x00000000200005e0                __malloc_free_list
 .bss.__malloc_sbrk_start
                0x00000000200005e4        0x4 /mnt/c/Users/scat0009/drop/acconeer/compilers/gcc-arm-none-eabi-7-2018-q2-update/bin/../lib/gcc/arm-none-eabi/7.3.1/../../../../arm-none-eabi/lib/thumb/v6-m/libc_nano.a(lib_a-nano-mallocr.o)
                0x00000000200005e4                __malloc_sbrk_start
 *(COMMON)
 COMMON         0x00000000200005e8       0x8c /tmp/cc6KZinX.ltrans0.ltrans.o
                0x00000000200005e8                huart2
 COMMON         0x0000000020000674        0x4 /mnt/c/Users/scat0009/drop/acconeer/compilers/gcc-arm-none-eabi-7-2018-q2-update/bin/../lib/gcc/arm-none-eabi/7.3.1/../../../../arm-none-eabi/lib/thumb/v6-m/libc_nano.a(lib_a-reent.o)
                0x0000000020000674                errno
                0x0000000020000678                . = ALIGN (0x4)
                0x0000000020000678                _ebss = .
                0x0000000020000678                __bss_end__ = _ebss

._user_heap_stack
                0x0000000020000678     0x1600 load address 0x0000000008013040
                0x0000000020000678                . = ALIGN (0x8)
                [!provide]                        PROVIDE (end = .)
                0x0000000020000678                PROVIDE (_end = .)
                0x0000000020000878                . = (. + _Min_Heap_Size)
 *fill*         0x0000000020000678      0x200 
                0x0000000020001c78                . = (. + _Min_Stack_Size)
 *fill*         0x0000000020000878     0x1400 
                0x0000000020001c78                . = ALIGN (0x8)

/DISCARD/
 libc.a(*)
 libm.a(*)
 libgcc.a(*)

.ARM.attributes
                0x0000000000000000       0x28
 *(.ARM.attributes)
 .ARM.attributes
                0x0000000000000000       0x1e /mnt/c/Users/scat0009/drop/acconeer/compilers/gcc-arm-none-eabi-7-2018-q2-update/bin/../lib/gcc/arm-none-eabi/7.3.1/thumb/v6-m/crti.o
 .ARM.attributes
                0x000000000000001e       0x2c /mnt/c/Users/scat0009/drop/acconeer/compilers/gcc-arm-none-eabi-7-2018-q2-update/bin/../lib/gcc/arm-none-eabi/7.3.1/thumb/v6-m/crtbegin.o
 .ARM.attributes
                0x000000000000004a       0x30 /tmp/cc6KZinX.ltrans0.ltrans.o
 .ARM.attributes
                0x000000000000007a       0x32 out/obj/syscalls.o
 .ARM.attributes
                0x00000000000000ac       0x21 out/obj/startup_stm32g071xx.o
 .ARM.attributes
                0x00000000000000cd       0x32 out/obj/sysmem.o
 .ARM.attributes
                0x00000000000000ff       0x2c /mnt/c/Users/scat0009/drop/acconeer/compilers/gcc-arm-none-eabi-7-2018-q2-update/bin/../lib/gcc/arm-none-eabi/7.3.1/../../../../arm-none-eabi/lib/thumb/v6-m/libc_nano.a(lib_a-errno.o)
 .ARM.attributes
                0x000000000000012b       0x2c /mnt/c/Users/scat0009/drop/acconeer/compilers/gcc-arm-none-eabi-7-2018-q2-update/bin/../lib/gcc/arm-none-eabi/7.3.1/../../../../arm-none-eabi/lib/thumb/v6-m/libc_nano.a(lib_a-impure.o)
 .ARM.attributes
                0x0000000000000157       0x2c /mnt/c/Users/scat0009/drop/acconeer/compilers/gcc-arm-none-eabi-7-2018-q2-update/bin/../lib/gcc/arm-none-eabi/7.3.1/../../../../arm-none-eabi/lib/thumb/v6-m/libc_nano.a(lib_a-init.o)
 .ARM.attributes
                0x0000000000000183       0x2c /mnt/c/Users/scat0009/drop/acconeer/compilers/gcc-arm-none-eabi-7-2018-q2-update/bin/../lib/gcc/arm-none-eabi/7.3.1/../../../../arm-none-eabi/lib/thumb/v6-m/libc_nano.a(lib_a-memset.o)
 .ARM.attributes
                0x00000000000001af       0x1e /mnt/c/Users/scat0009/drop/acconeer/compilers/gcc-arm-none-eabi-7-2018-q2-update/bin/../lib/gcc/arm-none-eabi/7.3.1/thumb/v6-m/crtn.o
 .ARM.attributes
                0x00000000000001cd       0x32 out/lib/libwrapprintf.a(acc_wrap_printf.o)
 .ARM.attributes
                0x00000000000001ff       0x32 out/lib/libwrapprintf.a(printf.o)
 .ARM.attributes
                0x0000000000000231       0x2c /mnt/c/Users/scat0009/drop/acconeer/compilers/gcc-arm-none-eabi-7-2018-q2-update/bin/../lib/gcc/arm-none-eabi/7.3.1/../../../../arm-none-eabi/lib/thumb/v6-m/libm.a(lib_a-s_cos.o)
 .ARM.attributes
                0x000000000000025d       0x2c /mnt/c/Users/scat0009/drop/acconeer/compilers/gcc-arm-none-eabi-7-2018-q2-update/bin/../lib/gcc/arm-none-eabi/7.3.1/../../../../arm-none-eabi/lib/thumb/v6-m/libm.a(lib_a-sf_fmax.o)
 .ARM.attributes
                0x0000000000000289       0x2c /mnt/c/Users/scat0009/drop/acconeer/compilers/gcc-arm-none-eabi-7-2018-q2-update/bin/../lib/gcc/arm-none-eabi/7.3.1/../../../../arm-none-eabi/lib/thumb/v6-m/libm.a(lib_a-sf_fpclassify.o)
 .ARM.attributes
                0x00000000000002b5       0x2c /mnt/c/Users/scat0009/drop/acconeer/compilers/gcc-arm-none-eabi-7-2018-q2-update/bin/../lib/gcc/arm-none-eabi/7.3.1/../../../../arm-none-eabi/lib/thumb/v6-m/libm.a(lib_a-sf_round.o)
 .ARM.attributes
                0x00000000000002e1       0x2c /mnt/c/Users/scat0009/drop/acconeer/compilers/gcc-arm-none-eabi-7-2018-q2-update/bin/../lib/gcc/arm-none-eabi/7.3.1/../../../../arm-none-eabi/lib/thumb/v6-m/libm.a(lib_a-w_sqrt.o)
 .ARM.attributes
                0x000000000000030d       0x2c /mnt/c/Users/scat0009/drop/acconeer/compilers/gcc-arm-none-eabi-7-2018-q2-update/bin/../lib/gcc/arm-none-eabi/7.3.1/../../../../arm-none-eabi/lib/thumb/v6-m/libm.a(lib_a-wf_exp.o)
 .ARM.attributes
                0x0000000000000339       0x2c /mnt/c/Users/scat0009/drop/acconeer/compilers/gcc-arm-none-eabi-7-2018-q2-update/bin/../lib/gcc/arm-none-eabi/7.3.1/../../../../arm-none-eabi/lib/thumb/v6-m/libm.a(lib_a-wf_log10.o)
 .ARM.attributes
                0x0000000000000365       0x2c /mnt/c/Users/scat0009/drop/acconeer/compilers/gcc-arm-none-eabi-7-2018-q2-update/bin/../lib/gcc/arm-none-eabi/7.3.1/../../../../arm-none-eabi/lib/thumb/v6-m/libm.a(lib_a-e_rem_pio2.o)
 .ARM.attributes
                0x0000000000000391       0x2c /mnt/c/Users/scat0009/drop/acconeer/compilers/gcc-arm-none-eabi-7-2018-q2-update/bin/../lib/gcc/arm-none-eabi/7.3.1/../../../../arm-none-eabi/lib/thumb/v6-m/libm.a(lib_a-e_sqrt.o)
 .ARM.attributes
                0x00000000000003bd       0x2c /mnt/c/Users/scat0009/drop/acconeer/compilers/gcc-arm-none-eabi-7-2018-q2-update/bin/../lib/gcc/arm-none-eabi/7.3.1/../../../../arm-none-eabi/lib/thumb/v6-m/libm.a(lib_a-ef_exp.o)
 .ARM.attributes
                0x00000000000003e9       0x2c /mnt/c/Users/scat0009/drop/acconeer/compilers/gcc-arm-none-eabi-7-2018-q2-update/bin/../lib/gcc/arm-none-eabi/7.3.1/../../../../arm-none-eabi/lib/thumb/v6-m/libm.a(lib_a-ef_log10.o)
 .ARM.attributes
                0x0000000000000415       0x2c /mnt/c/Users/scat0009/drop/acconeer/compilers/gcc-arm-none-eabi-7-2018-q2-update/bin/../lib/gcc/arm-none-eabi/7.3.1/../../../../arm-none-eabi/lib/thumb/v6-m/libm.a(lib_a-k_cos.o)
 .ARM.attributes
                0x0000000000000441       0x2c /mnt/c/Users/scat0009/drop/acconeer/compilers/gcc-arm-none-eabi-7-2018-q2-update/bin/../lib/gcc/arm-none-eabi/7.3.1/../../../../arm-none-eabi/lib/thumb/v6-m/libm.a(lib_a-k_rem_pio2.o)
 .ARM.attributes
                0x000000000000046d       0x2c /mnt/c/Users/scat0009/drop/acconeer/compilers/gcc-arm-none-eabi-7-2018-q2-update/bin/../lib/gcc/arm-none-eabi/7.3.1/../../../../arm-none-eabi/lib/thumb/v6-m/libm.a(lib_a-k_sin.o)
 .ARM.attributes
                0x0000000000000499       0x2c /mnt/c/Users/scat0009/drop/acconeer/compilers/gcc-arm-none-eabi-7-2018-q2-update/bin/../lib/gcc/arm-none-eabi/7.3.1/../../../../arm-none-eabi/lib/thumb/v6-m/libm.a(lib_a-s_fabs.o)
 .ARM.attributes
                0x00000000000004c5       0x2c /mnt/c/Users/scat0009/drop/acconeer/compilers/gcc-arm-none-eabi-7-2018-q2-update/bin/../lib/gcc/arm-none-eabi/7.3.1/../../../../arm-none-eabi/lib/thumb/v6-m/libm.a(lib_a-s_floor.o)
 .ARM.attributes
                0x00000000000004f1       0x2c /mnt/c/Users/scat0009/drop/acconeer/compilers/gcc-arm-none-eabi-7-2018-q2-update/bin/../lib/gcc/arm-none-eabi/7.3.1/../../../../arm-none-eabi/lib/thumb/v6-m/libm.a(lib_a-s_lib_ver.o)
 .ARM.attributes
                0x000000000000051d       0x2c /mnt/c/Users/scat0009/drop/acconeer/compilers/gcc-arm-none-eabi-7-2018-q2-update/bin/../lib/gcc/arm-none-eabi/7.3.1/../../../../arm-none-eabi/lib/thumb/v6-m/libm.a(lib_a-s_matherr.o)
 .ARM.attributes
                0x0000000000000549       0x2c /mnt/c/Users/scat0009/drop/acconeer/compilers/gcc-arm-none-eabi-7-2018-q2-update/bin/../lib/gcc/arm-none-eabi/7.3.1/../../../../arm-none-eabi/lib/thumb/v6-m/libm.a(lib_a-s_nan.o)
 .ARM.attributes
                0x0000000000000575       0x2c /mnt/c/Users/scat0009/drop/acconeer/compilers/gcc-arm-none-eabi-7-2018-q2-update/bin/../lib/gcc/arm-none-eabi/7.3.1/../../../../arm-none-eabi/lib/thumb/v6-m/libm.a(lib_a-s_scalbn.o)
 .ARM.attributes
                0x00000000000005a1       0x2c /mnt/c/Users/scat0009/drop/acconeer/compilers/gcc-arm-none-eabi-7-2018-q2-update/bin/../lib/gcc/arm-none-eabi/7.3.1/../../../../arm-none-eabi/lib/thumb/v6-m/libm.a(lib_a-sf_finite.o)
 .ARM.attributes
                0x00000000000005cd       0x2c /mnt/c/Users/scat0009/drop/acconeer/compilers/gcc-arm-none-eabi-7-2018-q2-update/bin/../lib/gcc/arm-none-eabi/7.3.1/../../../../arm-none-eabi/lib/thumb/v6-m/libm.a(lib_a-ef_log.o)
 .ARM.attributes
                0x00000000000005f9       0x2c /mnt/c/Users/scat0009/drop/acconeer/compilers/gcc-arm-none-eabi-7-2018-q2-update/bin/../lib/gcc/arm-none-eabi/7.3.1/../../../../arm-none-eabi/lib/thumb/v6-m/libm.a(lib_a-s_copysign.o)
 .ARM.attributes
                0x0000000000000625       0x1e /mnt/c/Users/scat0009/drop/acconeer/compilers/gcc-arm-none-eabi-7-2018-q2-update/bin/../lib/gcc/arm-none-eabi/7.3.1/thumb/v6-m/libgcc.a(_thumb1_case_sqi.o)
 .ARM.attributes
                0x0000000000000643       0x1e /mnt/c/Users/scat0009/drop/acconeer/compilers/gcc-arm-none-eabi-7-2018-q2-update/bin/../lib/gcc/arm-none-eabi/7.3.1/thumb/v6-m/libgcc.a(_thumb1_case_uqi.o)
 .ARM.attributes
                0x0000000000000661       0x1e /mnt/c/Users/scat0009/drop/acconeer/compilers/gcc-arm-none-eabi-7-2018-q2-update/bin/../lib/gcc/arm-none-eabi/7.3.1/thumb/v6-m/libgcc.a(_thumb1_case_uhi.o)
 .ARM.attributes
                0x000000000000067f       0x1e /mnt/c/Users/scat0009/drop/acconeer/compilers/gcc-arm-none-eabi-7-2018-q2-update/bin/../lib/gcc/arm-none-eabi/7.3.1/thumb/v6-m/libgcc.a(_udivsi3.o)
 .ARM.attributes
                0x000000000000069d       0x1e /mnt/c/Users/scat0009/drop/acconeer/compilers/gcc-arm-none-eabi-7-2018-q2-update/bin/../lib/gcc/arm-none-eabi/7.3.1/thumb/v6-m/libgcc.a(_divsi3.o)
 .ARM.attributes
                0x00000000000006bb       0x1e /mnt/c/Users/scat0009/drop/acconeer/compilers/gcc-arm-none-eabi-7-2018-q2-update/bin/../lib/gcc/arm-none-eabi/7.3.1/thumb/v6-m/libgcc.a(_dvmd_tls.o)
 .ARM.attributes
                0x00000000000006d9       0x1e /mnt/c/Users/scat0009/drop/acconeer/compilers/gcc-arm-none-eabi-7-2018-q2-update/bin/../lib/gcc/arm-none-eabi/7.3.1/thumb/v6-m/libgcc.a(_arm_cmpdf2.o)
 .ARM.attributes
                0x00000000000006f7       0x1e /mnt/c/Users/scat0009/drop/acconeer/compilers/gcc-arm-none-eabi-7-2018-q2-update/bin/../lib/gcc/arm-none-eabi/7.3.1/thumb/v6-m/libgcc.a(_arm_cmpsf2.o)
 .ARM.attributes
                0x0000000000000715       0x1e /mnt/c/Users/scat0009/drop/acconeer/compilers/gcc-arm-none-eabi-7-2018-q2-update/bin/../lib/gcc/arm-none-eabi/7.3.1/thumb/v6-m/libgcc.a(_aeabi_uldivmod.o)
 .ARM.attributes
                0x0000000000000733       0x2c /mnt/c/Users/scat0009/drop/acconeer/compilers/gcc-arm-none-eabi-7-2018-q2-update/bin/../lib/gcc/arm-none-eabi/7.3.1/thumb/v6-m/libgcc.a(_fixunssfsi.o)
 .ARM.attributes
                0x000000000000075f       0x2c /mnt/c/Users/scat0009/drop/acconeer/compilers/gcc-arm-none-eabi-7-2018-q2-update/bin/../lib/gcc/arm-none-eabi/7.3.1/thumb/v6-m/libgcc.a(_udivmoddi4.o)
 .ARM.attributes
                0x000000000000078b       0x2c /mnt/c/Users/scat0009/drop/acconeer/compilers/gcc-arm-none-eabi-7-2018-q2-update/bin/../lib/gcc/arm-none-eabi/7.3.1/thumb/v6-m/libgcc.a(addsf3.o)
 .ARM.attributes
                0x00000000000007b7       0x2c /mnt/c/Users/scat0009/drop/acconeer/compilers/gcc-arm-none-eabi-7-2018-q2-update/bin/../lib/gcc/arm-none-eabi/7.3.1/thumb/v6-m/libgcc.a(divsf3.o)
 .ARM.attributes
                0x00000000000007e3       0x2c /mnt/c/Users/scat0009/drop/acconeer/compilers/gcc-arm-none-eabi-7-2018-q2-update/bin/../lib/gcc/arm-none-eabi/7.3.1/thumb/v6-m/libgcc.a(eqsf2.o)
 .ARM.attributes
                0x000000000000080f       0x2c /mnt/c/Users/scat0009/drop/acconeer/compilers/gcc-arm-none-eabi-7-2018-q2-update/bin/../lib/gcc/arm-none-eabi/7.3.1/thumb/v6-m/libgcc.a(gesf2.o)
 .ARM.attributes
                0x000000000000083b       0x2c /mnt/c/Users/scat0009/drop/acconeer/compilers/gcc-arm-none-eabi-7-2018-q2-update/bin/../lib/gcc/arm-none-eabi/7.3.1/thumb/v6-m/libgcc.a(lesf2.o)
 .ARM.attributes
                0x0000000000000867       0x2c /mnt/c/Users/scat0009/drop/acconeer/compilers/gcc-arm-none-eabi-7-2018-q2-update/bin/../lib/gcc/arm-none-eabi/7.3.1/thumb/v6-m/libgcc.a(mulsf3.o)
 .ARM.attributes
                0x0000000000000893       0x2c /mnt/c/Users/scat0009/drop/acconeer/compilers/gcc-arm-none-eabi-7-2018-q2-update/bin/../lib/gcc/arm-none-eabi/7.3.1/thumb/v6-m/libgcc.a(subsf3.o)
 .ARM.attributes
                0x00000000000008bf       0x2c /mnt/c/Users/scat0009/drop/acconeer/compilers/gcc-arm-none-eabi-7-2018-q2-update/bin/../lib/gcc/arm-none-eabi/7.3.1/thumb/v6-m/libgcc.a(unordsf2.o)
 .ARM.attributes
                0x00000000000008eb       0x2c /mnt/c/Users/scat0009/drop/acconeer/compilers/gcc-arm-none-eabi-7-2018-q2-update/bin/../lib/gcc/arm-none-eabi/7.3.1/thumb/v6-m/libgcc.a(fixsfsi.o)
 .ARM.attributes
                0x0000000000000917       0x2c /mnt/c/Users/scat0009/drop/acconeer/compilers/gcc-arm-none-eabi-7-2018-q2-update/bin/../lib/gcc/arm-none-eabi/7.3.1/thumb/v6-m/libgcc.a(floatsisf.o)
 .ARM.attributes
                0x0000000000000943       0x2c /mnt/c/Users/scat0009/drop/acconeer/compilers/gcc-arm-none-eabi-7-2018-q2-update/bin/../lib/gcc/arm-none-eabi/7.3.1/thumb/v6-m/libgcc.a(floatunsisf.o)
 .ARM.attributes
                0x000000000000096f       0x2c /mnt/c/Users/scat0009/drop/acconeer/compilers/gcc-arm-none-eabi-7-2018-q2-update/bin/../lib/gcc/arm-none-eabi/7.3.1/thumb/v6-m/libgcc.a(adddf3.o)
 .ARM.attributes
                0x000000000000099b       0x2c /mnt/c/Users/scat0009/drop/acconeer/compilers/gcc-arm-none-eabi-7-2018-q2-update/bin/../lib/gcc/arm-none-eabi/7.3.1/thumb/v6-m/libgcc.a(divdf3.o)
 .ARM.attributes
                0x00000000000009c7       0x2c /mnt/c/Users/scat0009/drop/acconeer/compilers/gcc-arm-none-eabi-7-2018-q2-update/bin/../lib/gcc/arm-none-eabi/7.3.1/thumb/v6-m/libgcc.a(eqdf2.o)
 .ARM.attributes
                0x00000000000009f3       0x2c /mnt/c/Users/scat0009/drop/acconeer/compilers/gcc-arm-none-eabi-7-2018-q2-update/bin/../lib/gcc/arm-none-eabi/7.3.1/thumb/v6-m/libgcc.a(gedf2.o)
 .ARM.attributes
                0x0000000000000a1f       0x2c /mnt/c/Users/scat0009/drop/acconeer/compilers/gcc-arm-none-eabi-7-2018-q2-update/bin/../lib/gcc/arm-none-eabi/7.3.1/thumb/v6-m/libgcc.a(ledf2.o)
 .ARM.attributes
                0x0000000000000a4b       0x2c /mnt/c/Users/scat0009/drop/acconeer/compilers/gcc-arm-none-eabi-7-2018-q2-update/bin/../lib/gcc/arm-none-eabi/7.3.1/thumb/v6-m/libgcc.a(muldf3.o)
 .ARM.attributes
                0x0000000000000a77       0x2c /mnt/c/Users/scat0009/drop/acconeer/compilers/gcc-arm-none-eabi-7-2018-q2-update/bin/../lib/gcc/arm-none-eabi/7.3.1/thumb/v6-m/libgcc.a(subdf3.o)
 .ARM.attributes
                0x0000000000000aa3       0x2c /mnt/c/Users/scat0009/drop/acconeer/compilers/gcc-arm-none-eabi-7-2018-q2-update/bin/../lib/gcc/arm-none-eabi/7.3.1/thumb/v6-m/libgcc.a(unorddf2.o)
 .ARM.attributes
                0x0000000000000acf       0x2c /mnt/c/Users/scat0009/drop/acconeer/compilers/gcc-arm-none-eabi-7-2018-q2-update/bin/../lib/gcc/arm-none-eabi/7.3.1/thumb/v6-m/libgcc.a(fixdfsi.o)
 .ARM.attributes
                0x0000000000000afb       0x2c /mnt/c/Users/scat0009/drop/acconeer/compilers/gcc-arm-none-eabi-7-2018-q2-update/bin/../lib/gcc/arm-none-eabi/7.3.1/thumb/v6-m/libgcc.a(floatsidf.o)
 .ARM.attributes
                0x0000000000000b27       0x2c /mnt/c/Users/scat0009/drop/acconeer/compilers/gcc-arm-none-eabi-7-2018-q2-update/bin/../lib/gcc/arm-none-eabi/7.3.1/thumb/v6-m/libgcc.a(floatunsidf.o)
 .ARM.attributes
                0x0000000000000b53       0x2c /mnt/c/Users/scat0009/drop/acconeer/compilers/gcc-arm-none-eabi-7-2018-q2-update/bin/../lib/gcc/arm-none-eabi/7.3.1/thumb/v6-m/libgcc.a(extendsfdf2.o)
 .ARM.attributes
                0x0000000000000b7f       0x2c /mnt/c/Users/scat0009/drop/acconeer/compilers/gcc-arm-none-eabi-7-2018-q2-update/bin/../lib/gcc/arm-none-eabi/7.3.1/thumb/v6-m/libgcc.a(truncdfsf2.o)
 .ARM.attributes
                0x0000000000000bab       0x1e /mnt/c/Users/scat0009/drop/acconeer/compilers/gcc-arm-none-eabi-7-2018-q2-update/bin/../lib/gcc/arm-none-eabi/7.3.1/thumb/v6-m/libgcc.a(_clzsi2.o)
 .ARM.attributes
                0x0000000000000bc9       0x1e /mnt/c/Users/scat0009/drop/acconeer/compilers/gcc-arm-none-eabi-7-2018-q2-update/bin/../lib/gcc/arm-none-eabi/7.3.1/thumb/v6-m/libgcc.a(_clzdi2.o)
 .ARM.attributes
                0x0000000000000be7       0x2c /mnt/c/Users/scat0009/drop/acconeer/compilers/gcc-arm-none-eabi-7-2018-q2-update/bin/../lib/gcc/arm-none-eabi/7.3.1/../../../../arm-none-eabi/lib/thumb/v6-m/libc_nano.a(lib_a-malloc.o)
 .ARM.attributes
                0x0000000000000c13       0x2c /mnt/c/Users/scat0009/drop/acconeer/compilers/gcc-arm-none-eabi-7-2018-q2-update/bin/../lib/gcc/arm-none-eabi/7.3.1/../../../../arm-none-eabi/lib/thumb/v6-m/libc_nano.a(lib_a-memcpy-stub.o)
 .ARM.attributes
                0x0000000000000c3f       0x2c /mnt/c/Users/scat0009/drop/acconeer/compilers/gcc-arm-none-eabi-7-2018-q2-update/bin/../lib/gcc/arm-none-eabi/7.3.1/../../../../arm-none-eabi/lib/thumb/v6-m/libc_nano.a(lib_a-memmove.o)
 .ARM.attributes
                0x0000000000000c6b       0x2c /mnt/c/Users/scat0009/drop/acconeer/compilers/gcc-arm-none-eabi-7-2018-q2-update/bin/../lib/gcc/arm-none-eabi/7.3.1/../../../../arm-none-eabi/lib/thumb/v6-m/libc_nano.a(lib_a-nano-freer.o)
 .ARM.attributes
                0x0000000000000c97       0x2c /mnt/c/Users/scat0009/drop/acconeer/compilers/gcc-arm-none-eabi-7-2018-q2-update/bin/../lib/gcc/arm-none-eabi/7.3.1/../../../../arm-none-eabi/lib/thumb/v6-m/libc_nano.a(lib_a-nano-mallocr.o)
 .ARM.attributes
                0x0000000000000cc3       0x2c /mnt/c/Users/scat0009/drop/acconeer/compilers/gcc-arm-none-eabi-7-2018-q2-update/bin/../lib/gcc/arm-none-eabi/7.3.1/../../../../arm-none-eabi/lib/thumb/v6-m/libc_nano.a(lib_a-sbrkr.o)
 .ARM.attributes
                0x0000000000000cef       0x1c /mnt/c/Users/scat0009/drop/acconeer/compilers/gcc-arm-none-eabi-7-2018-q2-update/bin/../lib/gcc/arm-none-eabi/7.3.1/../../../../arm-none-eabi/lib/thumb/v6-m/libc_nano.a(lib_a-strlen.o)
 .ARM.attributes
                0x0000000000000d0b       0x2c /mnt/c/Users/scat0009/drop/acconeer/compilers/gcc-arm-none-eabi-7-2018-q2-update/bin/../lib/gcc/arm-none-eabi/7.3.1/../../../../arm-none-eabi/lib/thumb/v6-m/libc_nano.a(lib_a-mlock.o)
 .ARM.attributes
                0x0000000000000d37       0x2c /mnt/c/Users/scat0009/drop/acconeer/compilers/gcc-arm-none-eabi-7-2018-q2-update/bin/../lib/gcc/arm-none-eabi/7.3.1/../../../../arm-none-eabi/lib/thumb/v6-m/libc_nano.a(lib_a-reent.o)
OUTPUT(out/main.elf elf32-littlearm)

.comment        0x0000000000000000       0x7f
 .comment       0x0000000000000000       0x80 /tmp/cc6KZinX.ltrans0.ltrans.o
 .comment       0x0000000000000000       0x7f out/obj/syscalls.o
                                         0x80 (size before relaxing)
 .comment       0x000000000000007f       0x80 out/obj/sysmem.o
 .comment       0x000000000000007f       0x80 out/lib/libwrapprintf.a(acc_wrap_printf.o)
 .comment       0x000000000000007f       0x80 out/lib/libwrapprintf.a(printf.o)

.debug_info     0x0000000000000000     0x2e7b
 .debug_info    0x0000000000000000      0x7fc out/obj/syscalls.o
 .debug_info    0x00000000000007fc      0x9a7 out/obj/sysmem.o
 .debug_info    0x00000000000011a3      0xd4a out/lib/libwrapprintf.a(acc_wrap_printf.o)
 .debug_info    0x0000000000001eed      0xf8e out/lib/libwrapprintf.a(printf.o)

.debug_abbrev   0x0000000000000000      0x945
 .debug_abbrev  0x0000000000000000      0x187 out/obj/syscalls.o
 .debug_abbrev  0x0000000000000187      0x1f9 out/obj/sysmem.o
 .debug_abbrev  0x0000000000000380      0x2c7 out/lib/libwrapprintf.a(acc_wrap_printf.o)
 .debug_abbrev  0x0000000000000647      0x2fe out/lib/libwrapprintf.a(printf.o)

.debug_loc      0x0000000000000000     0x1989
 .debug_loc     0x0000000000000000       0x6b out/obj/syscalls.o
 .debug_loc     0x000000000000006b       0x4a out/obj/sysmem.o
 .debug_loc     0x00000000000000b5      0x279 out/lib/libwrapprintf.a(acc_wrap_printf.o)
 .debug_loc     0x000000000000032e     0x165b out/lib/libwrapprintf.a(printf.o)

.debug_aranges  0x0000000000000000      0x120
 .debug_aranges
                0x0000000000000000       0x20 out/obj/syscalls.o
 .debug_aranges
                0x0000000000000020       0x20 out/obj/sysmem.o
 .debug_aranges
                0x0000000000000040       0x50 out/lib/libwrapprintf.a(acc_wrap_printf.o)
 .debug_aranges
                0x0000000000000090       0x90 out/lib/libwrapprintf.a(printf.o)

.debug_ranges   0x0000000000000000      0x1f8
 .debug_ranges  0x0000000000000000       0x10 out/obj/syscalls.o
 .debug_ranges  0x0000000000000010       0x10 out/obj/sysmem.o
 .debug_ranges  0x0000000000000020       0x40 out/lib/libwrapprintf.a(acc_wrap_printf.o)
 .debug_ranges  0x0000000000000060      0x198 out/lib/libwrapprintf.a(printf.o)

.debug_line     0x0000000000000000      0xcee
 .debug_line    0x0000000000000000      0x29e out/obj/syscalls.o
 .debug_line    0x000000000000029e      0x1f5 out/obj/sysmem.o
 .debug_line    0x0000000000000493      0x311 out/lib/libwrapprintf.a(acc_wrap_printf.o)
 .debug_line    0x00000000000007a4      0x54a out/lib/libwrapprintf.a(printf.o)

.debug_str      0x0000000000000000      0xe0c
 .debug_str     0x0000000000000000      0x6cc out/obj/syscalls.o
                                        0x75e (size before relaxing)
 .debug_str     0x00000000000006cc      0x52c out/obj/sysmem.o
                                        0x630 (size before relaxing)
 .debug_str     0x0000000000000bf8       0xf2 out/lib/libwrapprintf.a(acc_wrap_printf.o)
                                        0x690 (size before relaxing)
 .debug_str     0x0000000000000cea      0x122 out/lib/libwrapprintf.a(printf.o)
                                        0x347 (size before relaxing)

.debug_frame    0x0000000000000000      0xe24
 .debug_frame   0x0000000000000000       0x28 out/obj/syscalls.o
 .debug_frame   0x0000000000000028       0x28 out/obj/sysmem.o
 .debug_frame   0x0000000000000050       0x20 /mnt/c/Users/scat0009/drop/acconeer/compilers/gcc-arm-none-eabi-7-2018-q2-update/bin/../lib/gcc/arm-none-eabi/7.3.1/../../../../arm-none-eabi/lib/thumb/v6-m/libc_nano.a(lib_a-errno.o)
 .debug_frame   0x0000000000000070       0x2c /mnt/c/Users/scat0009/drop/acconeer/compilers/gcc-arm-none-eabi-7-2018-q2-update/bin/../lib/gcc/arm-none-eabi/7.3.1/../../../../arm-none-eabi/lib/thumb/v6-m/libc_nano.a(lib_a-init.o)
 .debug_frame   0x000000000000009c       0x20 /mnt/c/Users/scat0009/drop/acconeer/compilers/gcc-arm-none-eabi-7-2018-q2-update/bin/../lib/gcc/arm-none-eabi/7.3.1/../../../../arm-none-eabi/lib/thumb/v6-m/libc_nano.a(lib_a-memset.o)
 .debug_frame   0x00000000000000bc       0xcc out/lib/libwrapprintf.a(acc_wrap_printf.o)
 .debug_frame   0x0000000000000188      0x1c4 out/lib/libwrapprintf.a(printf.o)
 .debug_frame   0x000000000000034c       0x2c /mnt/c/Users/scat0009/drop/acconeer/compilers/gcc-arm-none-eabi-7-2018-q2-update/bin/../lib/gcc/arm-none-eabi/7.3.1/../../../../arm-none-eabi/lib/thumb/v6-m/libm.a(lib_a-s_cos.o)
 .debug_frame   0x0000000000000378       0x2c /mnt/c/Users/scat0009/drop/acconeer/compilers/gcc-arm-none-eabi-7-2018-q2-update/bin/../lib/gcc/arm-none-eabi/7.3.1/../../../../arm-none-eabi/lib/thumb/v6-m/libm.a(lib_a-sf_fmax.o)
 .debug_frame   0x00000000000003a4       0x20 /mnt/c/Users/scat0009/drop/acconeer/compilers/gcc-arm-none-eabi-7-2018-q2-update/bin/../lib/gcc/arm-none-eabi/7.3.1/../../../../arm-none-eabi/lib/thumb/v6-m/libm.a(lib_a-sf_fpclassify.o)
 .debug_frame   0x00000000000003c4       0x28 /mnt/c/Users/scat0009/drop/acconeer/compilers/gcc-arm-none-eabi-7-2018-q2-update/bin/../lib/gcc/arm-none-eabi/7.3.1/../../../../arm-none-eabi/lib/thumb/v6-m/libm.a(lib_a-sf_round.o)
 .debug_frame   0x00000000000003ec       0x38 /mnt/c/Users/scat0009/drop/acconeer/compilers/gcc-arm-none-eabi-7-2018-q2-update/bin/../lib/gcc/arm-none-eabi/7.3.1/../../../../arm-none-eabi/lib/thumb/v6-m/libm.a(lib_a-w_sqrt.o)
 .debug_frame   0x0000000000000424       0x30 /mnt/c/Users/scat0009/drop/acconeer/compilers/gcc-arm-none-eabi-7-2018-q2-update/bin/../lib/gcc/arm-none-eabi/7.3.1/../../../../arm-none-eabi/lib/thumb/v6-m/libm.a(lib_a-wf_exp.o)
 .debug_frame   0x0000000000000454       0x30 /mnt/c/Users/scat0009/drop/acconeer/compilers/gcc-arm-none-eabi-7-2018-q2-update/bin/../lib/gcc/arm-none-eabi/7.3.1/../../../../arm-none-eabi/lib/thumb/v6-m/libm.a(lib_a-wf_log10.o)
 .debug_frame   0x0000000000000484       0x3c /mnt/c/Users/scat0009/drop/acconeer/compilers/gcc-arm-none-eabi-7-2018-q2-update/bin/../lib/gcc/arm-none-eabi/7.3.1/../../../../arm-none-eabi/lib/thumb/v6-m/libm.a(lib_a-e_rem_pio2.o)
 .debug_frame   0x00000000000004c0       0x38 /mnt/c/Users/scat0009/drop/acconeer/compilers/gcc-arm-none-eabi-7-2018-q2-update/bin/../lib/gcc/arm-none-eabi/7.3.1/../../../../arm-none-eabi/lib/thumb/v6-m/libm.a(lib_a-e_sqrt.o)
 .debug_frame   0x00000000000004f8       0x38 /mnt/c/Users/scat0009/drop/acconeer/compilers/gcc-arm-none-eabi-7-2018-q2-update/bin/../lib/gcc/arm-none-eabi/7.3.1/../../../../arm-none-eabi/lib/thumb/v6-m/libm.a(lib_a-ef_exp.o)
 .debug_frame   0x0000000000000530       0x2c /mnt/c/Users/scat0009/drop/acconeer/compilers/gcc-arm-none-eabi-7-2018-q2-update/bin/../lib/gcc/arm-none-eabi/7.3.1/../../../../arm-none-eabi/lib/thumb/v6-m/libm.a(lib_a-ef_log10.o)
 .debug_frame   0x000000000000055c       0x38 /mnt/c/Users/scat0009/drop/acconeer/compilers/gcc-arm-none-eabi-7-2018-q2-update/bin/../lib/gcc/arm-none-eabi/7.3.1/../../../../arm-none-eabi/lib/thumb/v6-m/libm.a(lib_a-k_cos.o)
 .debug_frame   0x0000000000000594       0x3c /mnt/c/Users/scat0009/drop/acconeer/compilers/gcc-arm-none-eabi-7-2018-q2-update/bin/../lib/gcc/arm-none-eabi/7.3.1/../../../../arm-none-eabi/lib/thumb/v6-m/libm.a(lib_a-k_rem_pio2.o)
 .debug_frame   0x00000000000005d0       0x38 /mnt/c/Users/scat0009/drop/acconeer/compilers/gcc-arm-none-eabi-7-2018-q2-update/bin/../lib/gcc/arm-none-eabi/7.3.1/../../../../arm-none-eabi/lib/thumb/v6-m/libm.a(lib_a-k_sin.o)
 .debug_frame   0x0000000000000608       0x20 /mnt/c/Users/scat0009/drop/acconeer/compilers/gcc-arm-none-eabi-7-2018-q2-update/bin/../lib/gcc/arm-none-eabi/7.3.1/../../../../arm-none-eabi/lib/thumb/v6-m/libm.a(lib_a-s_fabs.o)
 .debug_frame   0x0000000000000628       0x38 /mnt/c/Users/scat0009/drop/acconeer/compilers/gcc-arm-none-eabi-7-2018-q2-update/bin/../lib/gcc/arm-none-eabi/7.3.1/../../../../arm-none-eabi/lib/thumb/v6-m/libm.a(lib_a-s_floor.o)
 .debug_frame   0x0000000000000660       0x20 /mnt/c/Users/scat0009/drop/acconeer/compilers/gcc-arm-none-eabi-7-2018-q2-update/bin/../lib/gcc/arm-none-eabi/7.3.1/../../../../arm-none-eabi/lib/thumb/v6-m/libm.a(lib_a-s_matherr.o)
 .debug_frame   0x0000000000000680       0x20 /mnt/c/Users/scat0009/drop/acconeer/compilers/gcc-arm-none-eabi-7-2018-q2-update/bin/../lib/gcc/arm-none-eabi/7.3.1/../../../../arm-none-eabi/lib/thumb/v6-m/libm.a(lib_a-s_nan.o)
 .debug_frame   0x00000000000006a0       0x2c /mnt/c/Users/scat0009/drop/acconeer/compilers/gcc-arm-none-eabi-7-2018-q2-update/bin/../lib/gcc/arm-none-eabi/7.3.1/../../../../arm-none-eabi/lib/thumb/v6-m/libm.a(lib_a-s_scalbn.o)
 .debug_frame   0x00000000000006cc       0x20 /mnt/c/Users/scat0009/drop/acconeer/compilers/gcc-arm-none-eabi-7-2018-q2-update/bin/../lib/gcc/arm-none-eabi/7.3.1/../../../../arm-none-eabi/lib/thumb/v6-m/libm.a(lib_a-sf_finite.o)
 .debug_frame   0x00000000000006ec       0x3c /mnt/c/Users/scat0009/drop/acconeer/compilers/gcc-arm-none-eabi-7-2018-q2-update/bin/../lib/gcc/arm-none-eabi/7.3.1/../../../../arm-none-eabi/lib/thumb/v6-m/libm.a(lib_a-ef_log.o)
 .debug_frame   0x0000000000000728       0x2c /mnt/c/Users/scat0009/drop/acconeer/compilers/gcc-arm-none-eabi-7-2018-q2-update/bin/../lib/gcc/arm-none-eabi/7.3.1/../../../../arm-none-eabi/lib/thumb/v6-m/libm.a(lib_a-s_copysign.o)
 .debug_frame   0x0000000000000754       0x20 /mnt/c/Users/scat0009/drop/acconeer/compilers/gcc-arm-none-eabi-7-2018-q2-update/bin/../lib/gcc/arm-none-eabi/7.3.1/thumb/v6-m/libgcc.a(_udivsi3.o)
 .debug_frame   0x0000000000000774       0x20 /mnt/c/Users/scat0009/drop/acconeer/compilers/gcc-arm-none-eabi-7-2018-q2-update/bin/../lib/gcc/arm-none-eabi/7.3.1/thumb/v6-m/libgcc.a(_divsi3.o)
 .debug_frame   0x0000000000000794       0x28 /mnt/c/Users/scat0009/drop/acconeer/compilers/gcc-arm-none-eabi-7-2018-q2-update/bin/../lib/gcc/arm-none-eabi/7.3.1/thumb/v6-m/libgcc.a(_fixunssfsi.o)
 .debug_frame   0x00000000000007bc       0x3c /mnt/c/Users/scat0009/drop/acconeer/compilers/gcc-arm-none-eabi-7-2018-q2-update/bin/../lib/gcc/arm-none-eabi/7.3.1/thumb/v6-m/libgcc.a(_udivmoddi4.o)
 .debug_frame   0x00000000000007f8       0x38 /mnt/c/Users/scat0009/drop/acconeer/compilers/gcc-arm-none-eabi-7-2018-q2-update/bin/../lib/gcc/arm-none-eabi/7.3.1/thumb/v6-m/libgcc.a(addsf3.o)
 .debug_frame   0x0000000000000830       0x3c /mnt/c/Users/scat0009/drop/acconeer/compilers/gcc-arm-none-eabi-7-2018-q2-update/bin/../lib/gcc/arm-none-eabi/7.3.1/thumb/v6-m/libgcc.a(divsf3.o)
 .debug_frame   0x000000000000086c       0x2c /mnt/c/Users/scat0009/drop/acconeer/compilers/gcc-arm-none-eabi-7-2018-q2-update/bin/../lib/gcc/arm-none-eabi/7.3.1/thumb/v6-m/libgcc.a(eqsf2.o)
 .debug_frame   0x0000000000000898       0x2c /mnt/c/Users/scat0009/drop/acconeer/compilers/gcc-arm-none-eabi-7-2018-q2-update/bin/../lib/gcc/arm-none-eabi/7.3.1/thumb/v6-m/libgcc.a(gesf2.o)
 .debug_frame   0x00000000000008c4       0x2c /mnt/c/Users/scat0009/drop/acconeer/compilers/gcc-arm-none-eabi-7-2018-q2-update/bin/../lib/gcc/arm-none-eabi/7.3.1/thumb/v6-m/libgcc.a(lesf2.o)
 .debug_frame   0x00000000000008f0       0x3c /mnt/c/Users/scat0009/drop/acconeer/compilers/gcc-arm-none-eabi-7-2018-q2-update/bin/../lib/gcc/arm-none-eabi/7.3.1/thumb/v6-m/libgcc.a(mulsf3.o)
 .debug_frame   0x000000000000092c       0x38 /mnt/c/Users/scat0009/drop/acconeer/compilers/gcc-arm-none-eabi-7-2018-q2-update/bin/../lib/gcc/arm-none-eabi/7.3.1/thumb/v6-m/libgcc.a(subsf3.o)
 .debug_frame   0x0000000000000964       0x20 /mnt/c/Users/scat0009/drop/acconeer/compilers/gcc-arm-none-eabi-7-2018-q2-update/bin/../lib/gcc/arm-none-eabi/7.3.1/thumb/v6-m/libgcc.a(unordsf2.o)
 .debug_frame   0x0000000000000984       0x20 /mnt/c/Users/scat0009/drop/acconeer/compilers/gcc-arm-none-eabi-7-2018-q2-update/bin/../lib/gcc/arm-none-eabi/7.3.1/thumb/v6-m/libgcc.a(fixsfsi.o)
 .debug_frame   0x00000000000009a4       0x2c /mnt/c/Users/scat0009/drop/acconeer/compilers/gcc-arm-none-eabi-7-2018-q2-update/bin/../lib/gcc/arm-none-eabi/7.3.1/thumb/v6-m/libgcc.a(floatsisf.o)
 .debug_frame   0x00000000000009d0       0x2c /mnt/c/Users/scat0009/drop/acconeer/compilers/gcc-arm-none-eabi-7-2018-q2-update/bin/../lib/gcc/arm-none-eabi/7.3.1/thumb/v6-m/libgcc.a(floatunsisf.o)
 .debug_frame   0x00000000000009fc       0x38 /mnt/c/Users/scat0009/drop/acconeer/compilers/gcc-arm-none-eabi-7-2018-q2-update/bin/../lib/gcc/arm-none-eabi/7.3.1/thumb/v6-m/libgcc.a(adddf3.o)
 .debug_frame   0x0000000000000a34       0x3c /mnt/c/Users/scat0009/drop/acconeer/compilers/gcc-arm-none-eabi-7-2018-q2-update/bin/../lib/gcc/arm-none-eabi/7.3.1/thumb/v6-m/libgcc.a(divdf3.o)
 .debug_frame   0x0000000000000a70       0x38 /mnt/c/Users/scat0009/drop/acconeer/compilers/gcc-arm-none-eabi-7-2018-q2-update/bin/../lib/gcc/arm-none-eabi/7.3.1/thumb/v6-m/libgcc.a(eqdf2.o)
 .debug_frame   0x0000000000000aa8       0x38 /mnt/c/Users/scat0009/drop/acconeer/compilers/gcc-arm-none-eabi-7-2018-q2-update/bin/../lib/gcc/arm-none-eabi/7.3.1/thumb/v6-m/libgcc.a(gedf2.o)
 .debug_frame   0x0000000000000ae0       0x38 /mnt/c/Users/scat0009/drop/acconeer/compilers/gcc-arm-none-eabi-7-2018-q2-update/bin/../lib/gcc/arm-none-eabi/7.3.1/thumb/v6-m/libgcc.a(ledf2.o)
 .debug_frame   0x0000000000000b18       0x3c /mnt/c/Users/scat0009/drop/acconeer/compilers/gcc-arm-none-eabi-7-2018-q2-update/bin/../lib/gcc/arm-none-eabi/7.3.1/thumb/v6-m/libgcc.a(muldf3.o)
 .debug_frame   0x0000000000000b54       0x3c /mnt/c/Users/scat0009/drop/acconeer/compilers/gcc-arm-none-eabi-7-2018-q2-update/bin/../lib/gcc/arm-none-eabi/7.3.1/thumb/v6-m/libgcc.a(subdf3.o)
 .debug_frame   0x0000000000000b90       0x2c /mnt/c/Users/scat0009/drop/acconeer/compilers/gcc-arm-none-eabi-7-2018-q2-update/bin/../lib/gcc/arm-none-eabi/7.3.1/thumb/v6-m/libgcc.a(unorddf2.o)
 .debug_frame   0x0000000000000bbc       0x2c /mnt/c/Users/scat0009/drop/acconeer/compilers/gcc-arm-none-eabi-7-2018-q2-update/bin/../lib/gcc/arm-none-eabi/7.3.1/thumb/v6-m/libgcc.a(fixdfsi.o)
 .debug_frame   0x0000000000000be8       0x2c /mnt/c/Users/scat0009/drop/acconeer/compilers/gcc-arm-none-eabi-7-2018-q2-update/bin/../lib/gcc/arm-none-eabi/7.3.1/thumb/v6-m/libgcc.a(floatsidf.o)
 .debug_frame   0x0000000000000c14       0x28 /mnt/c/Users/scat0009/drop/acconeer/compilers/gcc-arm-none-eabi-7-2018-q2-update/bin/../lib/gcc/arm-none-eabi/7.3.1/thumb/v6-m/libgcc.a(floatunsidf.o)
 .debug_frame   0x0000000000000c3c       0x2c /mnt/c/Users/scat0009/drop/acconeer/compilers/gcc-arm-none-eabi-7-2018-q2-update/bin/../lib/gcc/arm-none-eabi/7.3.1/thumb/v6-m/libgcc.a(extendsfdf2.o)
 .debug_frame   0x0000000000000c68       0x30 /mnt/c/Users/scat0009/drop/acconeer/compilers/gcc-arm-none-eabi-7-2018-q2-update/bin/../lib/gcc/arm-none-eabi/7.3.1/thumb/v6-m/libgcc.a(truncdfsf2.o)
 .debug_frame   0x0000000000000c98       0x40 /mnt/c/Users/scat0009/drop/acconeer/compilers/gcc-arm-none-eabi-7-2018-q2-update/bin/../lib/gcc/arm-none-eabi/7.3.1/../../../../arm-none-eabi/lib/thumb/v6-m/libc_nano.a(lib_a-malloc.o)
 .debug_frame   0x0000000000000cd8       0x28 /mnt/c/Users/scat0009/drop/acconeer/compilers/gcc-arm-none-eabi-7-2018-q2-update/bin/../lib/gcc/arm-none-eabi/7.3.1/../../../../arm-none-eabi/lib/thumb/v6-m/libc_nano.a(lib_a-memcpy-stub.o)
 .debug_frame   0x0000000000000d00       0x28 /mnt/c/Users/scat0009/drop/acconeer/compilers/gcc-arm-none-eabi-7-2018-q2-update/bin/../lib/gcc/arm-none-eabi/7.3.1/../../../../arm-none-eabi/lib/thumb/v6-m/libc_nano.a(lib_a-memmove.o)
 .debug_frame   0x0000000000000d28       0x2c /mnt/c/Users/scat0009/drop/acconeer/compilers/gcc-arm-none-eabi-7-2018-q2-update/bin/../lib/gcc/arm-none-eabi/7.3.1/../../../../arm-none-eabi/lib/thumb/v6-m/libc_nano.a(lib_a-nano-freer.o)
 .debug_frame   0x0000000000000d54       0x2c /mnt/c/Users/scat0009/drop/acconeer/compilers/gcc-arm-none-eabi-7-2018-q2-update/bin/../lib/gcc/arm-none-eabi/7.3.1/../../../../arm-none-eabi/lib/thumb/v6-m/libc_nano.a(lib_a-nano-mallocr.o)
 .debug_frame   0x0000000000000d80       0x2c /mnt/c/Users/scat0009/drop/acconeer/compilers/gcc-arm-none-eabi-7-2018-q2-update/bin/../lib/gcc/arm-none-eabi/7.3.1/../../../../arm-none-eabi/lib/thumb/v6-m/libc_nano.a(lib_a-sbrkr.o)
 .debug_frame   0x0000000000000dac       0x30 /mnt/c/Users/scat0009/drop/acconeer/compilers/gcc-arm-none-eabi-7-2018-q2-update/bin/../lib/gcc/arm-none-eabi/7.3.1/../../../../arm-none-eabi/lib/thumb/v6-m/libc_nano.a(lib_a-mlock.o)
 .debug_frame   0x0000000000000ddc       0x48 /mnt/c/Users/scat0009/drop/acconeer/compilers/gcc-arm-none-eabi-7-2018-q2-update/bin/../lib/gcc/arm-none-eabi/7.3.1/../../../../arm-none-eabi/lib/thumb/v6-m/libc_nano.a(lib_a-reent.o)
