Archive member included to satisfy reference by file (symbol)

lib/libacconeer.a(acc_rss.o)  out/obj/reg_interface.o (symbol from plugin) (acc_rss_activate)
lib/libacconeer.a(acc_service_envelope.o)
                              out/obj/reg_interface.o (symbol from plugin) (acc_service_envelope_configuration_create)
lib/libacconeer.a(acc_service_manager.o)
                              acc_rss.o (symbol from plugin) (acc_service_manager_activate)
lib/libacconeer.a(acc_service_sparse.o)
                              out/obj/reg_interface.o (symbol from plugin) (acc_service_sparse_configuration_create)
lib/libacconeer.a(acc_service.o)
                              acc_service_envelope.o (symbol from plugin) (acc_service_get_base_configuration)
lib/libacconeer.a(acc_base_configuration.o)
                              acc_service.o (symbol from plugin) (acc_base_configuration_sensor_get)
lib/libacconeer.a(acc_rss_integration.o)
                              acc_rss.o (symbol from plugin) (concrete_hal)
lib/libacconeer.a(acc_pipeline_direct.o)
                              acc_service_sparse.o (symbol from plugin) (acc_pipeline_direct_assemble)
lib/libacconeer.a(acc_pipeline_envelope.o)
                              acc_service_envelope.o (symbol from plugin) (acc_pipeline_envelope_assemble)
lib/libacconeer.a(acc_radar_engine_linear.o)
                              acc_service_envelope.o (symbol from plugin) (acc_radar_engine_linear_create)
lib/libacconeer.a(acc_radar_engine_sparse.o)
                              acc_service_sparse.o (symbol from plugin) (acc_radar_engine_sparse_create)
lib/libacconeer.a(acc_radar_engine.o)
                              acc_radar_engine_linear.o (symbol from plugin) (acc_radar_engine_acquire_adc_data)
lib/libacconeer.a(acc_radar_engine_common_sweep_w_dly.o)
                              acc_radar_engine_linear.o (symbol from plugin) (acc_radar_engine_common_sweep_w_dly_initialize_range)
lib/libacconeer.a(acc_radar_engine_common.o)
                              acc_radar_engine_linear.o (symbol from plugin) (acc_radar_engine_common_get_timeout_ms)
lib/libacconeer.a(acc_sensor_comm_r2.o)
                              acc_radar_engine_linear.o (symbol from plugin) (acc_sensor_r2_get_max_header_length)
lib/libacconeer.a(acc_sensor_manager.o)
                              acc_rss.o (symbol from plugin) (acc_sensor_manager_activate)
lib/libacconeer.a(acc_sensor_protocol_r2.o)
                              acc_radar_engine_linear.o (symbol from plugin) (acc_sensor_protocol_r2_ack_event)
lib/libacconeer.a(acc_sweep_manager.o)
                              acc_sensor_manager.o (symbol from plugin) (acc_sweep_manager_prepare)
lib/libacconeer.a(acc_utils.o)
                              acc_rss_integration.o (symbol from plugin) (acc_utils_swap16_array)
lib/libacconeer.a(acc_alg_cca.o)
                              acc_radar_engine_linear.o (symbol from plugin) (acc_alg_cca_calculate)
lib/libacconeer.a(acc_assert.o)
                              acc_rss_integration.o (symbol from plugin) (acc_assert_fail)
lib/libacconeer.a(acc_element.o)
                              acc_pipeline_envelope.o (symbol from plugin) (acc_element_sizeof)
lib/libacconeer.a(acc_element_abs.o)
                              acc_pipeline_envelope.o (symbol from plugin) (acc_element_abs_init)
lib/libacconeer.a(acc_element_centering.o)
                              acc_pipeline_envelope.o (symbol from plugin) (acc_element_centering_init)
lib/libacconeer.a(acc_element_converter.o)
                              acc_pipeline_envelope.o (symbol from plugin) (acc_element_converter_init)
lib/libacconeer.a(acc_element_crop.o)
                              acc_pipeline_envelope.o (symbol from plugin) (acc_element_crop_init)
lib/libacconeer.a(acc_element_depth_domain_low_pass_filter.o)
                              acc_pipeline_envelope.o (symbol from plugin) (acc_element_depth_domain_low_pass_filter_init)
lib/libacconeer.a(acc_element_iq_mixer.o)
                              acc_pipeline_envelope.o (symbol from plugin) (acc_element_iq_mixer_init)
lib/libacconeer.a(acc_element_noise_level_normalization.o)
                              acc_pipeline_envelope.o (symbol from plugin) (acc_element_noise_level_normalization_init)
lib/libacconeer.a(acc_element_phase_compensation.o)
                              acc_pipeline_envelope.o (symbol from plugin) (acc_element_phase_compensation_init)
lib/libacconeer.a(acc_element_saturation_check.o)
                              acc_pipeline_direct.o (symbol from plugin) (acc_element_saturation_check_init)
lib/libacconeer.a(acc_element_time_domain_low_pass_filter.o)
                              acc_pipeline_envelope.o (symbol from plugin) (acc_element_time_domain_low_pass_filter_init)
lib/libacconeer.a(acc_element_sink_callback.o)
                              acc_pipeline_direct.o (symbol from plugin) (acc_element_sink_callback_init)
lib/libacconeer.a(acc_element_source_adc.o)
[...]
Memory Configuration

Name             Origin             Length             Attributes
RAM              0x0000000020000000 0x0000000000009000 xrw
FLASH            0x0000000008000000 0x0000000000020000 xr
*default*        0x0000000000000000 0xffffffffffffffff

Linker script and memory map

LOAD /mnt/c/Users/Stephen/Documents/Repositories/acconeer/compilers/gcc-arm-none-eabi-7-2018-q2-update/bin/../lib/gcc/arm-none-eabi/7.3.1/thumb/v6-m/crti.o
LOAD /mnt/c/Users/Stephen/Documents/Repositories/acconeer/compilers/gcc-arm-none-eabi-7-2018-q2-update/bin/../lib/gcc/arm-none-eabi/7.3.1/thumb/v6-m/crtbegin.o
LOAD /mnt/c/Users/Stephen/Documents/Repositories/acconeer/compilers/gcc-arm-none-eabi-7-2018-q2-update/bin/../lib/gcc/arm-none-eabi/7.3.1/../../../../arm-none-eabi/lib/thumb/v6-m/crt0.o
LOAD /tmp/ccC7QXwn.ltrans0.ltrans.o
LOAD /tmp/ccC7QXwn.ltrans1.ltrans.o
LOAD out/obj/syscalls.o
LOAD out/obj/startup_stm32g071xx.o
LOAD out/obj/sysmem.o
START GROUP
LOAD lib/libacc_detector_distance.a
LOAD lib/libacc_detector_presence.a
LOAD lib/libacc_rf_certification_test.a
LOAD lib/libacconeer.a
LOAD /mnt/c/Users/Stephen/Documents/Repositories/acconeer/compilers/gcc-arm-none-eabi-7-2018-q2-update/bin/../lib/gcc/arm-none-eabi/7.3.1/../../../../arm-none-eabi/lib/thumb/v6-m/libm.a
LOAD out/lib/libwrapprintf.a
LOAD out/lib/libstm32cube_fw_g0.a
END GROUP
START GROUP
LOAD /mnt/c/Users/Stephen/Documents/Repositories/acconeer/compilers/gcc-arm-none-eabi-7-2018-q2-update/bin/../lib/gcc/arm-none-eabi/7.3.1/thumb/v6-m/libgcc.a
LOAD /mnt/c/Users/Stephen/Documents/Repositories/acconeer/compilers/gcc-arm-none-eabi-7-2018-q2-update/bin/../lib/gcc/arm-none-eabi/7.3.1/../../../../arm-none-eabi/lib/thumb/v6-m/libc_nano.a
END GROUP
START GROUP
LOAD /mnt/c/Users/Stephen/Documents/Repositories/acconeer/compilers/gcc-arm-none-eabi-7-2018-q2-update/bin/../lib/gcc/arm-none-eabi/7.3.1/thumb/v6-m/libgcc.a
LOAD /mnt/c/Users/Stephen/Documents/Repositories/acconeer/compilers/gcc-arm-none-eabi-7-2018-q2-update/bin/../lib/gcc/arm-none-eabi/7.3.1/../../../../arm-none-eabi/lib/thumb/v6-m/libc_nano.a
LOAD /mnt/c/Users/Stephen/Documents/Repositories/acconeer/compilers/gcc-arm-none-eabi-7-2018-q2-update/bin/../lib/gcc/arm-none-eabi/7.3.1/../../../../arm-none-eabi/lib/thumb/v6-m/libnosys.a
END GROUP
START GROUP
LOAD /mnt/c/Users/Stephen/Documents/Repositories/acconeer/compilers/gcc-arm-none-eabi-7-2018-q2-update/bin/../lib/gcc/arm-none-eabi/7.3.1/thumb/v6-m/libgcc.a
LOAD /mnt/c/Users/Stephen/Documents/Repositories/acconeer/compilers/gcc-arm-none-eabi-7-2018-q2-update/bin/../lib/gcc/arm-none-eabi/7.3.1/../../../../arm-none-eabi/lib/thumb/v6-m/libc_nano.a
LOAD /mnt/c/Users/Stephen/Documents/Repositories/acconeer/compilers/gcc-arm-none-eabi-7-2018-q2-update/bin/../lib/gcc/arm-none-eabi/7.3.1/../../../../arm-none-eabi/lib/thumb/v6-m/libnosys.a
END GROUP
LOAD /mnt/c/Users/Stephen/Documents/Repositories/acconeer/compilers/gcc-arm-none-eabi-7-2018-q2-update/bin/../lib/gcc/arm-none-eabi/7.3.1/thumb/v6-m/crtend.o
LOAD /mnt/c/Users/Stephen/Documents/Repositories/acconeer/compilers/gcc-arm-none-eabi-7-2018-q2-update/bin/../lib/gcc/arm-none-eabi/7.3.1/thumb/v6-m/crtn.o
                0x0000000020009000                _estack = 0x20009000
                0x0000000000000200                _Min_Heap_Size = 0x200
                0x0000000000001400                _Min_Stack_Size = 0x1400

.isr_vector     0x0000000008000000       0xbc
                0x0000000008000000                . = ALIGN (0x4)
 *(.isr_vector)
 .isr_vector    0x0000000008000000       0xbc out/obj/startup_stm32g071xx.o
                0x0000000008000000                g_pfnVectors
                0x00000000080000bc                . = ALIGN (0x4)

.text           0x00000000080000bc    0x14ba8
                0x00000000080000bc                . = ALIGN (0x4)
 *(.text)
 .text          0x00000000080000bc       0x48 /mnt/c/Users/Stephen/Documents/Repositories/acconeer/compilers/gcc-arm-none-eabi-7-2018-q2-update/bin/../lib/gcc/arm-none-eabi/7.3.1/thumb/v6-m/crtbegin.o
 .text          0x0000000008000104     0x7fa0 /tmp/ccC7QXwn.ltrans0.ltrans.o
                0x0000000008000300                filter_no_operation.lto_priv.167
                0x0000000008000598                reset.lto_priv.162.lto_priv.249
                0x0000000008001518                acc_sensor_protocol_r2_ack_event
                0x0000000008002894                acc_assert_fail
                0x00000000080028b4                do_phase_compensation_q3_12.lto_priv.250
                0x0000000008002b5c                acc_sensor_protocol_r2_wait_for_specific_event
                0x0000000008002bbc                acc_sensor_protocol_r2_is_sensor_running
                0x0000000008002bd6                acc_sensor_protocol_r2_run_program
                0x0000000008002e68                acc_sensor_manager_hibernate_enter.lto_priv.247
                0x0000000008002ea0                acc_rss_integration_mem_alloc_debug
                0x0000000008002ec4                acc_rss_integration_sensor_device_transfer
                0x0000000008002f00                acc_sensor_r2_load_confmem
                0x0000000008002f68                acc_rss_integration_sensor_device_power_off
                0x0000000008003d24                acc_sensor_manager_power_on_and_start_sensor.lto_priv.248
                0x00000000080040ac                acc_rss_integration_get_sensor_reference_frequency
                0x00000000080057a4                HAL_UART_RxCpltCallback
                0x000000000800580c                RegInt_getreg
                0x0000000008005b04                RegInt_setregf
                0x0000000008006174                SystemInit
                0x0000000008006184                USART1_IRQHandler
                0x0000000008006328                I2C1_IRQHandler
                0x00000000080063c0                DMA1_Channel2_3_IRQHandler
                0x00000000080063d0                DMA1_Channel1_IRQHandler
                0x00000000080063e0                EXTI4_15_IRQHandler
                0x00000000080063ea                EXTI2_3_IRQHandler
                0x00000000080063f4                RTC_TAMP_IRQHandler
                0x0000000008006458                SysTick_Handler
                0x0000000008006468                PendSV_Handler
                0x000000000800646a                NMI_Handler
                0x000000000800646c                SVC_Handler
                0x000000000800646e                HardFault_Handler
                0x0000000008008074                acc_sensor_r2_conf_write_instr
 .text          0x00000000080080a4     0x3ff4 /tmp/ccC7QXwn.ltrans1.ltrans.o
                0x00000000080082c4                UART_DMAAbortOnError.lto_priv.342
                0x00000000080084e8                validate.lto_priv.161
                0x0000000008008550                reset.lto_priv.166.lto_priv.328
                0x0000000008008552                consume.lto_priv.327
                0x0000000008008568                validate.lto_priv.160
                0x00000000080085bc                reset.lto_priv.165
                0x00000000080085cc                filter_q3_12_complex.lto_priv.274
                0x000000000800864c                validate.lto_priv.159
                0x00000000080086a0                event.lto_priv.171
                0x00000000080086bc                saturation_check_i16.lto_priv.331
                0x0000000008008718                validate.lto_priv.158
                0x0000000008008788                event.lto_priv.170.lto_priv.339
                0x00000000080089b4                event.lto_priv.172
                0x00000000080089e6                reset.lto_priv.164.lto_priv.329
                0x00000000080089ee                reset.lto_priv.163.lto_priv.340
                0x00000000080089f6                phase_compensate_q3_12_complex.lto_priv.341
                0x0000000008008a0a                SPI_WaitFlagStateUntilTimeout.part.0.constprop.157
                0x0000000008008a74                HAL_RTCEx_DeactivateWakeUpTimer.constprop.148
                0x0000000008008af4                HAL_RTCEx_SetWakeUpTimer_IT.constprop.147
                0x0000000008008bb0                acc_integration_sleep_us.constprop.145
                0x0000000008008bf4                HAL_GPIO_DeInit.constprop.142
                0x0000000008008ca4                HAL_UART_Transmit_IT.constprop.119
                0x0000000008008d6c                RTC_ExitInitMode.constprop.106
                0x0000000008008dbc                RTC_EnterInitMode.constprop.105
                0x0000000008008e00                FLASH_WaitForLastOperation.constprop.92
                0x0000000008008e7c                HAL_UART_Receive_IT.constprop.83
                0x0000000008008f98                Reg_regor.constprop.76
                0x0000000008008fb0                acc_rss_integration_mem_calloc_debug.constprop.75
                0x0000000008008fc8                internal_buffer_processed_read.constprop.30
                0x0000000008009054                acc_sensor_reg_write
                0x000000000800906e                acc_diagnostic_log_data_i16.constprop.20
                0x0000000008009070                acc_confprogram_live_patch.constprop.16
                0x00000000080091a0                get_dt.constprop.10
                0x00000000080091d8                points_to_meter.constprop.9
                0x0000000008009204                UARTEx_SetNbDataToProcess.lto_priv.643
                0x0000000008009268                HAL_UARTEx_DisableFifoMode
                0x00000000080092a0                HAL_UART_Transmit
                0x0000000008009374                RTC_ByteToBcd2
                0x000000000800938a                HAL_RTC_SetAlarm_IT.constprop.129
                0x00000000080094c8                HAL_InitTick
                0x0000000008009524                HAL_DMA_DeInit.part.1
                0x00000000080095a8                HAL_DMA_IRQHandler
                0x0000000008009650                HAL_DMA_Abort_IT
                0x00000000080096cc                I2C_ITError.lto_priv.644
                0x00000000080099fc                HAL_RCC_GetSysClockFreq
                0x0000000008009a88                HAL_GPIO_EXTI_IRQHandler
                0x0000000008009aa0                HAL_GPIO_Init
                0x0000000008009bf0                HAL_UART_Init.constprop.94
                0x000000000800a6d4                biquad_q3_12_complex_direct_form_1.lto_priv.639
                0x000000000800a7d0                acc_confprogram_copy
                0x000000000800a7d0                acc_utils_uint32_to_transfer_buffer
                0x000000000800a860                acc_confprogram_patch_offset
                0x000000000800a984                acc_diagnostic_log_data_u16
                0x000000000800a986                acc_diagnostic_log_scalar
                0x000000000800a988                acc_diagnostic_log_array
                0x000000000800a98a                acc_diagnostic_log_set_parameter
                0x000000000800a98c                acc_diagnostic_log_declare_parameter
                0x000000000800a98e                acc_diagnostic_log_set_scope
                0x000000000800a990                accumulator_mod.lto_priv.638
                0x000000000800a9cc                acc_alg_basic_saturation_check_u16
                0x000000000800aa28                saturation_check_u16.lto_priv.330
                0x000000000800aa30                eval_even_poly_f32.lto_priv.642
                0x000000000800aa62                quarter_pi_cos_sin_f32.lto_priv.641
                0x000000000800aaa8                acc_alg_basic_math_q3_12_sin
                0x000000000800aad4                acc_alg_basic_math_q3_12_complex_scalar_abs
                0x000000000800ab38                internal_reg_read.lto_priv.640
                0x000000000800ab86                acc_sensor_diagnostics_r2_sensor_status
                0x000000000800af7c                acc_sensor_protocol_r2_wait_for_event.constprop.27
                0x000000000800b0d0                acc_sensor_protocol_r2_stop.constprop.25
                0x000000000800b15c                acc_sensor_protocol_r2_prepare_load.constprop.21
                0x000000000800b24c                acc_cpd_linear_sweep_get_info
                0x000000000800b276                acc_cpd_linear_sweep_update_program
                0x000000000800b2cc                acc_probes_execute
                0x000000000800b2e8                acc_cpd_linear_sweep_load_program
                0x000000000800bbc0                acc_probes_execute_primitive_probe
                0x000000000800bbd8                acc_probes_execute_uint16
                0x000000000800bbf6                acc_cpd_cbank_and_vana_calibration
                0x000000000800bef0                acc_element_source_adc_inject_data
                0x000000000800bf18                acc_element_source_adc_produce
 .text          0x000000000800c098      0x334 /mnt/c/Users/Stephen/Documents/Repositories/acconeer/compilers/gcc-arm-none-eabi-7-2018-q2-update/bin/../lib/gcc/arm-none-eabi/7.3.1/thumb/v6-m/libgcc.a(addsf3.o)
                0x000000000800c098                __aeabi_fadd
 .text          0x000000000800c3cc      0x224 /mnt/c/Users/Stephen/Documents/Repositories/acconeer/compilers/gcc-arm-none-eabi-7-2018-q2-update/bin/../lib/gcc/arm-none-eabi/7.3.1/thumb/v6-m/libgcc.a(divsf3.o)
                0x000000000800c3cc                __aeabi_fdiv
 .text          0x000000000800c5f0      0x264 /mnt/c/Users/Stephen/Documents/Repositories/acconeer/compilers/gcc-arm-none-eabi-7-2018-q2-update/bin/../lib/gcc/arm-none-eabi/7.3.1/thumb/v6-m/libgcc.a(mulsf3.o)
                0x000000000800c5f0                __aeabi_fmul
 .text          0x000000000800c854      0x388 /mnt/c/Users/Stephen/Documents/Repositories/acconeer/compilers/gcc-arm-none-eabi-7-2018-q2-update/bin/../lib/gcc/arm-none-eabi/7.3.1/thumb/v6-m/libgcc.a(subsf3.o)
                0x000000000800c854                __aeabi_fsub
 .text          0x000000000800cbdc       0x3c /mnt/c/Users/Stephen/Documents/Repositories/acconeer/compilers/gcc-arm-none-eabi-7-2018-q2-update/bin/../lib/gcc/arm-none-eabi/7.3.1/thumb/v6-m/libgcc.a(_clzsi2.o)
                0x000000000800cbdc                __clzsi2
 .text          0x000000000800cc18       0x14 /mnt/c/Users/Stephen/Documents/Repositories/acconeer/compilers/gcc-arm-none-eabi-7-2018-q2-update/bin/../lib/gcc/arm-none-eabi/7.3.1/thumb/v6-m/libgcc.a(_thumb1_case_sqi.o)
                0x000000000800cc18                __gnu_thumb1_case_sqi
 .text          0x000000000800cc2c       0x14 /mnt/c/Users/Stephen/Documents/Repositories/acconeer/compilers/gcc-arm-none-eabi-7-2018-q2-update/bin/../lib/gcc/arm-none-eabi/7.3.1/thumb/v6-m/libgcc.a(_thumb1_case_uqi.o)
                0x000000000800cc2c                __gnu_thumb1_case_uqi
 .text          0x000000000800cc40       0x14 /mnt/c/Users/Stephen/Documents/Repositories/acconeer/compilers/gcc-arm-none-eabi-7-2018-q2-update/bin/../lib/gcc/arm-none-eabi/7.3.1/thumb/v6-m/libgcc.a(_thumb1_case_uhi.o)
                0x000000000800cc40                __gnu_thumb1_case_uhi
 .text          0x000000000800cc54      0x114 /mnt/c/Users/Stephen/Documents/Repositories/acconeer/compilers/gcc-arm-none-eabi-7-2018-q2-update/bin/../lib/gcc/arm-none-eabi/7.3.1/thumb/v6-m/libgcc.a(_udivsi3.o)
                0x000000000800cc54                __udivsi3
                0x000000000800cc54                __aeabi_uidiv
                0x000000000800cd60                __aeabi_uidivmod
 .text          0x000000000800cd68      0x1d4 /mnt/c/Users/Stephen/Documents/Repositories/acconeer/compilers/gcc-arm-none-eabi-7-2018-q2-update/bin/../lib/gcc/arm-none-eabi/7.3.1/thumb/v6-m/libgcc.a(_divsi3.o)
                0x000000000800cd68                __aeabi_idiv
                0x000000000800cd68                __divsi3
                0x000000000800cf34                __aeabi_idivmod
 .text          0x000000000800cf3c        0x4 /mnt/c/Users/Stephen/Documents/Repositories/acconeer/compilers/gcc-arm-none-eabi-7-2018-q2-update/bin/../lib/gcc/arm-none-eabi/7.3.1/thumb/v6-m/libgcc.a(_dvmd_tls.o)
                0x000000000800cf3c                __aeabi_ldiv0
                0x000000000800cf3c                __aeabi_idiv0
 .text          0x000000000800cf40       0x7c /mnt/c/Users/Stephen/Documents/Repositories/acconeer/compilers/gcc-arm-none-eabi-7-2018-q2-update/bin/../lib/gcc/arm-none-eabi/7.3.1/thumb/v6-m/libgcc.a(_arm_cmpdf2.o)
                0x000000000800cf40                __aeabi_cdrcmple
                0x000000000800cf50                __aeabi_cdcmple
                0x000000000800cf50                __aeabi_cdcmpeq
                0x000000000800cf60                __aeabi_dcmpeq
                0x000000000800cf6c                __aeabi_dcmplt
                0x000000000800cf80                __aeabi_dcmple
                0x000000000800cf94                __aeabi_dcmpgt
                0x000000000800cfa8                __aeabi_dcmpge
 .text          0x000000000800cfbc       0x74 /mnt/c/Users/Stephen/Documents/Repositories/acconeer/compilers/gcc-arm-none-eabi-7-2018-q2-update/bin/../lib/gcc/arm-none-eabi/7.3.1/thumb/v6-m/libgcc.a(_arm_cmpsf2.o)
                0x000000000800cfbc                __aeabi_cfrcmple
                0x000000000800cfc4                __aeabi_cfcmple
                0x000000000800cfc4                __aeabi_cfcmpeq
                0x000000000800cfd4                __aeabi_fcmpeq
                0x000000000800cfe0                __aeabi_fcmplt
                0x000000000800cff4                __aeabi_fcmple
                0x000000000800d008                __aeabi_fcmpgt
                0x000000000800d01c                __aeabi_fcmpge
 .text          0x000000000800d030       0x40 /mnt/c/Users/Stephen/Documents/Repositories/acconeer/compilers/gcc-arm-none-eabi-7-2018-q2-update/bin/../lib/gcc/arm-none-eabi/7.3.1/thumb/v6-m/libgcc.a(_aeabi_uldivmod.o)
                0x000000000800d030                __aeabi_uldivmod
 .text          0x000000000800d070       0x30 /mnt/c/Users/Stephen/Documents/Repositories/acconeer/compilers/gcc-arm-none-eabi-7-2018-q2-update/bin/../lib/gcc/arm-none-eabi/7.3.1/thumb/v6-m/libgcc.a(_fixunssfsi.o)
                0x000000000800d070                __aeabi_f2uiz
                0x000000000800d070                __fixunssfsi
 .text          0x000000000800d0a0      0x184 /mnt/c/Users/Stephen/Documents/Repositories/acconeer/compilers/gcc-arm-none-eabi-7-2018-q2-update/bin/../lib/gcc/arm-none-eabi/7.3.1/thumb/v6-m/libgcc.a(_udivmoddi4.o)
                0x000000000800d0a0                __udivmoddi4
 .text          0x000000000800d224       0x50 /mnt/c/Users/Stephen/Documents/Repositories/acconeer/compilers/gcc-arm-none-eabi-7-2018-q2-update/bin/../lib/gcc/arm-none-eabi/7.3.1/thumb/v6-m/libgcc.a(eqsf2.o)
                0x000000000800d224                __nesf2
                0x000000000800d224                __eqsf2
 .text          0x000000000800d274       0x9c /mnt/c/Users/Stephen/Documents/Repositories/acconeer/compilers/gcc-arm-none-eabi-7-2018-q2-update/bin/../lib/gcc/arm-none-eabi/7.3.1/thumb/v6-m/libgcc.a(gesf2.o)
                0x000000000800d274                __gtsf2
                0x000000000800d274                __gesf2
 .text          0x000000000800d310       0xa0 /mnt/c/Users/Stephen/Documents/Repositories/acconeer/compilers/gcc-arm-none-eabi-7-2018-q2-update/bin/../lib/gcc/arm-none-eabi/7.3.1/thumb/v6-m/libgcc.a(lesf2.o)
                0x000000000800d310                __lesf2
                0x000000000800d310                __ltsf2
 .text          0x000000000800d3b0       0x2c /mnt/c/Users/Stephen/Documents/Repositories/acconeer/compilers/gcc-arm-none-eabi-7-2018-q2-update/bin/../lib/gcc/arm-none-eabi/7.3.1/thumb/v6-m/libgcc.a(unordsf2.o)
                0x000000000800d3b0                __aeabi_fcmpun
 .text          0x000000000800d3dc       0x40 /mnt/c/Users/Stephen/Documents/Repositories/acconeer/compilers/gcc-arm-none-eabi-7-2018-q2-update/bin/../lib/gcc/arm-none-eabi/7.3.1/thumb/v6-m/libgcc.a(fixsfsi.o)
                0x000000000800d3dc                __aeabi_f2iz
 .text          0x000000000800d41c       0x94 /mnt/c/Users/Stephen/Documents/Repositories/acconeer/compilers/gcc-arm-none-eabi-7-2018-q2-update/bin/../lib/gcc/arm-none-eabi/7.3.1/thumb/v6-m/libgcc.a(floatsisf.o)
                0x000000000800d41c                __aeabi_i2f
 .text          0x000000000800d4b0       0x80 /mnt/c/Users/Stephen/Documents/Repositories/acconeer/compilers/gcc-arm-none-eabi-7-2018-q2-update/bin/../lib/gcc/arm-none-eabi/7.3.1/thumb/v6-m/libgcc.a(floatunsisf.o)
                0x000000000800d4b0                __aeabi_ui2f
 .text          0x000000000800d530      0x638 /mnt/c/Users/Stephen/Documents/Repositories/acconeer/compilers/gcc-arm-none-eabi-7-2018-q2-update/bin/../lib/gcc/arm-none-eabi/7.3.1/thumb/v6-m/libgcc.a(adddf3.o)
                0x000000000800d530                __aeabi_dadd
 .text          0x000000000800db68      0x604 /mnt/c/Users/Stephen/Documents/Repositories/acconeer/compilers/gcc-arm-none-eabi-7-2018-q2-update/bin/../lib/gcc/arm-none-eabi/7.3.1/thumb/v6-m/libgcc.a(divdf3.o)
                0x000000000800db68                __aeabi_ddiv
 .text          0x000000000800e16c       0x78 /mnt/c/Users/Stephen/Documents/Repositories/acconeer/compilers/gcc-arm-none-eabi-7-2018-q2-update/bin/../lib/gcc/arm-none-eabi/7.3.1/thumb/v6-m/libgcc.a(eqdf2.o)
                0x000000000800e16c                __eqdf2
                0x000000000800e16c                __nedf2
 .text          0x000000000800e1e4       0xc8 /mnt/c/Users/Stephen/Documents/Repositories/acconeer/compilers/gcc-arm-none-eabi-7-2018-q2-update/bin/../lib/gcc/arm-none-eabi/7.3.1/thumb/v6-m/libgcc.a(gedf2.o)
                0x000000000800e1e4                __gtdf2
                0x000000000800e1e4                __gedf2
 .text          0x000000000800e2ac       0xd0 /mnt/c/Users/Stephen/Documents/Repositories/acconeer/compilers/gcc-arm-none-eabi-7-2018-q2-update/bin/../lib/gcc/arm-none-eabi/7.3.1/thumb/v6-m/libgcc.a(ledf2.o)
                0x000000000800e2ac                __ltdf2
                0x000000000800e2ac                __ledf2
 .text          0x000000000800e37c      0x4e4 /mnt/c/Users/Stephen/Documents/Repositories/acconeer/compilers/gcc-arm-none-eabi-7-2018-q2-update/bin/../lib/gcc/arm-none-eabi/7.3.1/thumb/v6-m/libgcc.a(muldf3.o)
                0x000000000800e37c                __aeabi_dmul
 .text          0x000000000800e860      0x690 /mnt/c/Users/Stephen/Documents/Repositories/acconeer/compilers/gcc-arm-none-eabi-7-2018-q2-update/bin/../lib/gcc/arm-none-eabi/7.3.1/thumb/v6-m/libgcc.a(subdf3.o)
                0x000000000800e860                __aeabi_dsub
 .text          0x000000000800eef0       0x38 /mnt/c/Users/Stephen/Documents/Repositories/acconeer/compilers/gcc-arm-none-eabi-7-2018-q2-update/bin/../lib/gcc/arm-none-eabi/7.3.1/thumb/v6-m/libgcc.a(unorddf2.o)
                0x000000000800eef0                __aeabi_dcmpun
 .text          0x000000000800ef28       0x6c /mnt/c/Users/Stephen/Documents/Repositories/acconeer/compilers/gcc-arm-none-eabi-7-2018-q2-update/bin/../lib/gcc/arm-none-eabi/7.3.1/thumb/v6-m/libgcc.a(fixdfsi.o)
                0x000000000800ef28                __aeabi_d2iz
 .text          0x000000000800ef94       0x74 /mnt/c/Users/Stephen/Documents/Repositories/acconeer/compilers/gcc-arm-none-eabi-7-2018-q2-update/bin/../lib/gcc/arm-none-eabi/7.3.1/thumb/v6-m/libgcc.a(floatsidf.o)
                0x000000000800ef94                __aeabi_i2d
 .text          0x000000000800f008       0x64 /mnt/c/Users/Stephen/Documents/Repositories/acconeer/compilers/gcc-arm-none-eabi-7-2018-q2-update/bin/../lib/gcc/arm-none-eabi/7.3.1/thumb/v6-m/libgcc.a(floatunsidf.o)
                0x000000000800f008                __aeabi_ui2d
 .text          0x000000000800f06c       0xa4 /mnt/c/Users/Stephen/Documents/Repositories/acconeer/compilers/gcc-arm-none-eabi-7-2018-q2-update/bin/../lib/gcc/arm-none-eabi/7.3.1/thumb/v6-m/libgcc.a(extendsfdf2.o)
                0x000000000800f06c                __aeabi_f2d
 .text          0x000000000800f110      0x108 /mnt/c/Users/Stephen/Documents/Repositories/acconeer/compilers/gcc-arm-none-eabi-7-2018-q2-update/bin/../lib/gcc/arm-none-eabi/7.3.1/thumb/v6-m/libgcc.a(truncdfsf2.o)
                0x000000000800f110                __aeabi_d2f
 .text          0x000000000800f218       0x18 /mnt/c/Users/Stephen/Documents/Repositories/acconeer/compilers/gcc-arm-none-eabi-7-2018-q2-update/bin/../lib/gcc/arm-none-eabi/7.3.1/thumb/v6-m/libgcc.a(_clzdi2.o)
                0x000000000800f218                __clzdi2
 .text          0x000000000800f230        0xe /mnt/c/Users/Stephen/Documents/Repositories/acconeer/compilers/gcc-arm-none-eabi-7-2018-q2-update/bin/../lib/gcc/arm-none-eabi/7.3.1/../../../../arm-none-eabi/lib/thumb/v6-m/libc_nano.a(lib_a-strlen.o)
                0x000000000800f230                strlen
 *(.text*)
 *fill*         0x000000000800f23e        0x2 
 .text.startup  0x000000000800f240     0x2928 /tmp/ccC7QXwn.ltrans0.ltrans.o
                0x000000000800f240                main
 .text._write   0x0000000008011b68       0x1c out/obj/syscalls.o
                0x0000000008011b68                _write
 .text.Reset_Handler
                0x0000000008011b84       0x50 out/obj/startup_stm32g071xx.o
                0x0000000008011b84                Reset_Handler
 .text.Default_Handler
                0x0000000008011bd4        0x2 out/obj/startup_stm32g071xx.o
                0x0000000008011bd4                USART3_4_LPUART1_IRQHandler
                0x0000000008011bd4                TIM1_CC_IRQHandler
                0x0000000008011bd4                ADC1_COMP_IRQHandler
                0x0000000008011bd4                PVD_IRQHandler
                0x0000000008011bd4                TIM7_LPTIM2_IRQHandler
                0x0000000008011bd4                SPI1_IRQHandler
                0x0000000008011bd4                I2C2_IRQHandler
                0x0000000008011bd4                TIM17_IRQHandler
                0x0000000008011bd4                TIM16_IRQHandler
                0x0000000008011bd4                TIM3_IRQHandler
                0x0000000008011bd4                RCC_IRQHandler
                0x0000000008011bd4                Default_Handler
                0x0000000008011bd4                CEC_IRQHandler
                0x0000000008011bd4                TIM14_IRQHandler
                0x0000000008011bd4                TIM15_IRQHandler
                0x0000000008011bd4                EXTI0_1_IRQHandler
                0x0000000008011bd4                SPI2_IRQHandler
                0x0000000008011bd4                TIM6_DAC_LPTIM1_IRQHandler
                0x0000000008011bd4                WWDG_IRQHandler
                0x0000000008011bd4                TIM2_IRQHandler
                0x0000000008011bd4                DMA1_Ch4_7_DMAMUX1_OVR_IRQHandler
                0x0000000008011bd4                UCPD1_2_IRQHandler
                0x0000000008011bd4                USART2_IRQHandler
                0x0000000008011bd4                FLASH_IRQHandler
                0x0000000008011bd4                TIM1_BRK_UP_TRG_COM_IRQHandler
 *fill*         0x0000000008011bd6        0x2 
 .text._sbrk    0x0000000008011bd8       0x40 out/obj/sysmem.o
                0x0000000008011bd8                _sbrk
 .text.__ieee754_sqrtf
                0x0000000008011c18       0xb4 /mnt/c/Users/Stephen/Documents/Repositories/acconeer/compilers/gcc-arm-none-eabi-7-2018-q2-update/bin/../lib/gcc/arm-none-eabi/7.3.1/../../../../arm-none-eabi/lib/thumb/v6-m/libm.a(lib_a-ef_sqrt.o)
                0x0000000008011c18                __ieee754_sqrtf
 .text.__errno  0x0000000008011ccc        0xc /mnt/c/Users/Stephen/Documents/Repositories/acconeer/compilers/gcc-arm-none-eabi-7-2018-q2-update/bin/../lib/gcc/arm-none-eabi/7.3.1/../../../../arm-none-eabi/lib/thumb/v6-m/libc_nano.a(lib_a-errno.o)
                0x0000000008011ccc                __errno
 .text.__sflush_r
                0x0000000008011cd8      0x114 /mnt/c/Users/Stephen/Documents/Repositories/acconeer/compilers/gcc-arm-none-eabi-7-2018-q2-update/bin/../lib/gcc/arm-none-eabi/7.3.1/../../../../arm-none-eabi/lib/thumb/v6-m/libc_nano.a(lib_a-fflush.o)
                0x0000000008011cd8                __sflush_r
 .text._fflush_r
                0x0000000008011dec       0x58 /mnt/c/Users/Stephen/Documents/Repositories/acconeer/compilers/gcc-arm-none-eabi-7-2018-q2-update/bin/../lib/gcc/arm-none-eabi/7.3.1/../../../../arm-none-eabi/lib/thumb/v6-m/libc_nano.a(lib_a-fflush.o)
                0x0000000008011dec                _fflush_r
 .text.fflush   0x0000000008011e44       0x28 /mnt/c/Users/Stephen/Documents/Repositories/acconeer/compilers/gcc-arm-none-eabi-7-2018-q2-update/bin/../lib/gcc/arm-none-eabi/7.3.1/../../../../arm-none-eabi/lib/thumb/v6-m/libc_nano.a(lib_a-fflush.o)
                0x0000000008011e44                fflush
 .text.std      0x0000000008011e6c       0x48 /mnt/c/Users/Stephen/Documents/Repositories/acconeer/compilers/gcc-arm-none-eabi-7-2018-q2-update/bin/../lib/gcc/arm-none-eabi/7.3.1/../../../../arm-none-eabi/lib/thumb/v6-m/libc_nano.a(lib_a-findfp.o)
 .text._cleanup_r
                0x0000000008011eb4       0x10 /mnt/c/Users/Stephen/Documents/Repositories/acconeer/compilers/gcc-arm-none-eabi-7-2018-q2-update/bin/../lib/gcc/arm-none-eabi/7.3.1/../../../../arm-none-eabi/lib/thumb/v6-m/libc_nano.a(lib_a-findfp.o)
                0x0000000008011eb4                _cleanup_r
 .text.__sfmoreglue
                0x0000000008011ec4       0x2c /mnt/c/Users/Stephen/Documents/Repositories/acconeer/compilers/gcc-arm-none-eabi-7-2018-q2-update/bin/../lib/gcc/arm-none-eabi/7.3.1/../../../../arm-none-eabi/lib/thumb/v6-m/libc_nano.a(lib_a-findfp.o)
                0x0000000008011ec4                __sfmoreglue
 .text.__sinit  0x0000000008011ef0       0x68 /mnt/c/Users/Stephen/Documents/Repositories/acconeer/compilers/gcc-arm-none-eabi-7-2018-q2-update/bin/../lib/gcc/arm-none-eabi/7.3.1/../../../../arm-none-eabi/lib/thumb/v6-m/libc_nano.a(lib_a-findfp.o)
                0x0000000008011ef0                __sinit
 .text.__sfp    0x0000000008011f58       0x7c /mnt/c/Users/Stephen/Documents/Repositories/acconeer/compilers/gcc-arm-none-eabi-7-2018-q2-update/bin/../lib/gcc/arm-none-eabi/7.3.1/../../../../arm-none-eabi/lib/thumb/v6-m/libc_nano.a(lib_a-findfp.o)
                0x0000000008011f58                __sfp
 .text._fwalk_reent
                0x0000000008011fd4       0x42 /mnt/c/Users/Stephen/Documents/Repositories/acconeer/compilers/gcc-arm-none-eabi-7-2018-q2-update/bin/../lib/gcc/arm-none-eabi/7.3.1/../../../../arm-none-eabi/lib/thumb/v6-m/libc_nano.a(lib_a-fwalk.o)
                0x0000000008011fd4                _fwalk_reent
 *fill*         0x0000000008012016        0x2 
 .text.__libc_init_array
                0x0000000008012018       0x48 /mnt/c/Users/Stephen/Documents/Repositories/acconeer/compilers/gcc-arm-none-eabi-7-2018-q2-update/bin/../lib/gcc/arm-none-eabi/7.3.1/../../../../arm-none-eabi/lib/thumb/v6-m/libc_nano.a(lib_a-init.o)
                0x0000000008012018                __libc_init_array
 .text.memset   0x0000000008012060       0x10 /mnt/c/Users/Stephen/Documents/Repositories/acconeer/compilers/gcc-arm-none-eabi-7-2018-q2-update/bin/../lib/gcc/arm-none-eabi/7.3.1/../../../../arm-none-eabi/lib/thumb/v6-m/libc_nano.a(lib_a-memset.o)
                0x0000000008012060                memset
 .text._free_r  0x0000000008012070       0x94 /mnt/c/Users/Stephen/Documents/Repositories/acconeer/compilers/gcc-arm-none-eabi-7-2018-q2-update/bin/../lib/gcc/arm-none-eabi/7.3.1/../../../../arm-none-eabi/lib/thumb/v6-m/libc_nano.a(lib_a-nano-freer.o)
                0x0000000008012070                _free_r
 .text._malloc_r
                0x0000000008012104       0xbc /mnt/c/Users/Stephen/Documents/Repositories/acconeer/compilers/gcc-arm-none-eabi-7-2018-q2-update/bin/../lib/gcc/arm-none-eabi/7.3.1/../../../../arm-none-eabi/lib/thumb/v6-m/libc_nano.a(lib_a-nano-mallocr.o)
                0x0000000008012104                _malloc_r
 .text._sbrk_r  0x00000000080121c0       0x24 /mnt/c/Users/Stephen/Documents/Repositories/acconeer/compilers/gcc-arm-none-eabi-7-2018-q2-update/bin/../lib/gcc/arm-none-eabi/7.3.1/../../../../arm-none-eabi/lib/thumb/v6-m/libc_nano.a(lib_a-sbrkr.o)
                0x00000000080121c0                _sbrk_r
 .text.__sread  0x00000000080121e4       0x28 /mnt/c/Users/Stephen/Documents/Repositories/acconeer/compilers/gcc-arm-none-eabi-7-2018-q2-update/bin/../lib/gcc/arm-none-eabi/7.3.1/../../../../arm-none-eabi/lib/thumb/v6-m/libc_nano.a(lib_a-stdio.o)
                0x00000000080121e4                __sread
 .text.__swrite
                0x000000000801220c       0x38 /mnt/c/Users/Stephen/Documents/Repositories/acconeer/compilers/gcc-arm-none-eabi-7-2018-q2-update/bin/../lib/gcc/arm-none-eabi/7.3.1/../../../../arm-none-eabi/lib/thumb/v6-m/libc_nano.a(lib_a-stdio.o)
                0x000000000801220c                __swrite
 .text.__sseek  0x0000000008012244       0x2c /mnt/c/Users/Stephen/Documents/Repositories/acconeer/compilers/gcc-arm-none-eabi-7-2018-q2-update/bin/../lib/gcc/arm-none-eabi/7.3.1/../../../../arm-none-eabi/lib/thumb/v6-m/libc_nano.a(lib_a-stdio.o)
                0x0000000008012244                __sseek
 .text.__sclose
                0x0000000008012270        0xc /mnt/c/Users/Stephen/Documents/Repositories/acconeer/compilers/gcc-arm-none-eabi-7-2018-q2-update/bin/../lib/gcc/arm-none-eabi/7.3.1/../../../../arm-none-eabi/lib/thumb/v6-m/libc_nano.a(lib_a-stdio.o)
                0x0000000008012270                __sclose
 .text._write_r
                0x000000000801227c       0x28 /mnt/c/Users/Stephen/Documents/Repositories/acconeer/compilers/gcc-arm-none-eabi-7-2018-q2-update/bin/../lib/gcc/arm-none-eabi/7.3.1/../../../../arm-none-eabi/lib/thumb/v6-m/libc_nano.a(lib_a-writer.o)
                0x000000000801227c                _write_r
 .text._close_r
                0x00000000080122a4       0x24 /mnt/c/Users/Stephen/Documents/Repositories/acconeer/compilers/gcc-arm-none-eabi-7-2018-q2-update/bin/../lib/gcc/arm-none-eabi/7.3.1/../../../../arm-none-eabi/lib/thumb/v6-m/libc_nano.a(lib_a-closer.o)
                0x00000000080122a4                _close_r
 .text._lseek_r
                0x00000000080122c8       0x28 /mnt/c/Users/Stephen/Documents/Repositories/acconeer/compilers/gcc-arm-none-eabi-7-2018-q2-update/bin/../lib/gcc/arm-none-eabi/7.3.1/../../../../arm-none-eabi/lib/thumb/v6-m/libc_nano.a(lib_a-lseekr.o)
                0x00000000080122c8                _lseek_r
 .text.__malloc_lock
                0x00000000080122f0        0x2 /mnt/c/Users/Stephen/Documents/Repositories/acconeer/compilers/gcc-arm-none-eabi-7-2018-q2-update/bin/../lib/gcc/arm-none-eabi/7.3.1/../../../../arm-none-eabi/lib/thumb/v6-m/libc_nano.a(lib_a-mlock.o)
                0x00000000080122f0                __malloc_lock
 .text.__malloc_unlock
                0x00000000080122f2        0x2 /mnt/c/Users/Stephen/Documents/Repositories/acconeer/compilers/gcc-arm-none-eabi-7-2018-q2-update/bin/../lib/gcc/arm-none-eabi/7.3.1/../../../../arm-none-eabi/lib/thumb/v6-m/libc_nano.a(lib_a-mlock.o)
                0x00000000080122f2                __malloc_unlock
 .text._read_r  0x00000000080122f4       0x28 /mnt/c/Users/Stephen/Documents/Repositories/acconeer/compilers/gcc-arm-none-eabi-7-2018-q2-update/bin/../lib/gcc/arm-none-eabi/7.3.1/../../../../arm-none-eabi/lib/thumb/v6-m/libc_nano.a(lib_a-readr.o)
                0x00000000080122f4                _read_r
 .text._close   0x000000000801231c       0x10 /mnt/c/Users/Stephen/Documents/Repositories/acconeer/compilers/gcc-arm-none-eabi-7-2018-q2-update/bin/../lib/gcc/arm-none-eabi/7.3.1/../../../../arm-none-eabi/lib/thumb/v6-m/libnosys.a(close.o)
                0x000000000801231c                _close
 .text._lseek   0x000000000801232c       0x10 /mnt/c/Users/Stephen/Documents/Repositories/acconeer/compilers/gcc-arm-none-eabi-7-2018-q2-update/bin/../lib/gcc/arm-none-eabi/7.3.1/../../../../arm-none-eabi/lib/thumb/v6-m/libnosys.a(lseek.o)
                0x000000000801232c                _lseek
 .text._read    0x000000000801233c       0x10 /mnt/c/Users/Stephen/Documents/Repositories/acconeer/compilers/gcc-arm-none-eabi-7-2018-q2-update/bin/../lib/gcc/arm-none-eabi/7.3.1/../../../../arm-none-eabi/lib/thumb/v6-m/libnosys.a(read.o)
                0x000000000801233c                _read
 .text.cos      0x000000000801234c       0x8c /mnt/c/Users/Stephen/Documents/Repositories/acconeer/compilers/gcc-arm-none-eabi-7-2018-q2-update/bin/../lib/gcc/arm-none-eabi/7.3.1/../../../../arm-none-eabi/lib/thumb/v6-m/libm.a(lib_a-s_cos.o)
                0x000000000801234c                cos
 .text.fmaxf    0x00000000080123d8       0x2c /mnt/c/Users/Stephen/Documents/Repositories/acconeer/compilers/gcc-arm-none-eabi-7-2018-q2-update/bin/../lib/gcc/arm-none-eabi/7.3.1/../../../../arm-none-eabi/lib/thumb/v6-m/libm.a(lib_a-sf_fmax.o)
                0x00000000080123d8                fmaxf
 .text.__fpclassifyf
                0x0000000008012404       0x40 /mnt/c/Users/Stephen/Documents/Repositories/acconeer/compilers/gcc-arm-none-eabi-7-2018-q2-update/bin/../lib/gcc/arm-none-eabi/7.3.1/../../../../arm-none-eabi/lib/thumb/v6-m/libm.a(lib_a-sf_fpclassify.o)
                0x0000000008012404                __fpclassifyf
 .text.roundf   0x0000000008012444       0x44 /mnt/c/Users/Stephen/Documents/Repositories/acconeer/compilers/gcc-arm-none-eabi-7-2018-q2-update/bin/../lib/gcc/arm-none-eabi/7.3.1/../../../../arm-none-eabi/lib/thumb/v6-m/libm.a(lib_a-sf_round.o)
                0x0000000008012444                roundf
 .text.sqrt     0x0000000008012488       0xc0 /mnt/c/Users/Stephen/Documents/Repositories/acconeer/compilers/gcc-arm-none-eabi-7-2018-q2-update/bin/../lib/gcc/arm-none-eabi/7.3.1/../../../../arm-none-eabi/lib/thumb/v6-m/libm.a(lib_a-w_sqrt.o)
                0x0000000008012488                sqrt
 .text.expf     0x0000000008012548       0xe8 /mnt/c/Users/Stephen/Documents/Repositories/acconeer/compilers/gcc-arm-none-eabi-7-2018-q2-update/bin/../lib/gcc/arm-none-eabi/7.3.1/../../../../arm-none-eabi/lib/thumb/v6-m/libm.a(lib_a-wf_exp.o)
                0x0000000008012548                expf
 .text.log10f   0x0000000008012630       0xf8 /mnt/c/Users/Stephen/Documents/Repositories/acconeer/compilers/gcc-arm-none-eabi-7-2018-q2-update/bin/../lib/gcc/arm-none-eabi/7.3.1/../../../../arm-none-eabi/lib/thumb/v6-m/libm.a(lib_a-wf_log10.o)
                0x0000000008012630                log10f
 .text.__ieee754_rem_pio2
                0x0000000008012728      0x420 /mnt/c/Users/Stephen/Documents/Repositories/acconeer/compilers/gcc-arm-none-eabi-7-2018-q2-update/bin/../lib/gcc/arm-none-eabi/7.3.1/../../../../arm-none-eabi/lib/thumb/v6-m/libm.a(lib_a-e_rem_pio2.o)
                0x0000000008012728                __ieee754_rem_pio2
 .text.__ieee754_sqrt
                0x0000000008012b48      0x1b0 /mnt/c/Users/Stephen/Documents/Repositories/acconeer/compilers/gcc-arm-none-eabi-7-2018-q2-update/bin/../lib/gcc/arm-none-eabi/7.3.1/../../../../arm-none-eabi/lib/thumb/v6-m/libm.a(lib_a-e_sqrt.o)
                0x0000000008012b48                __ieee754_sqrt
 .text.__ieee754_expf
                0x0000000008012cf8      0x1f4 /mnt/c/Users/Stephen/Documents/Repositories/acconeer/compilers/gcc-arm-none-eabi-7-2018-q2-update/bin/../lib/gcc/arm-none-eabi/7.3.1/../../../../arm-none-eabi/lib/thumb/v6-m/libm.a(lib_a-ef_exp.o)
                0x0000000008012cf8                __ieee754_expf
 .text.__ieee754_log10f
                0x0000000008012eec       0xb0 /mnt/c/Users/Stephen/Documents/Repositories/acconeer/compilers/gcc-arm-none-eabi-7-2018-q2-update/bin/../lib/gcc/arm-none-eabi/7.3.1/../../../../arm-none-eabi/lib/thumb/v6-m/libm.a(lib_a-ef_log10.o)
                0x0000000008012eec                __ieee754_log10f
 .text.__kernel_cos
                0x0000000008012f9c      0x234 /mnt/c/Users/Stephen/Documents/Repositories/acconeer/compilers/gcc-arm-none-eabi-7-2018-q2-update/bin/../lib/gcc/arm-none-eabi/7.3.1/../../../../arm-none-eabi/lib/thumb/v6-m/libm.a(lib_a-k_cos.o)
                0x0000000008012f9c                __kernel_cos
 .text.__kernel_rem_pio2
                0x00000000080131d0      0x8c0 /mnt/c/Users/Stephen/Documents/Repositories/acconeer/compilers/gcc-arm-none-eabi-7-2018-q2-update/bin/../lib/gcc/arm-none-eabi/7.3.1/../../../../arm-none-eabi/lib/thumb/v6-m/libm.a(lib_a-k_rem_pio2.o)
                0x00000000080131d0                __kernel_rem_pio2
 .text.__kernel_sin
                0x0000000008013a90      0x164 /mnt/c/Users/Stephen/Documents/Repositories/acconeer/compilers/gcc-arm-none-eabi-7-2018-q2-update/bin/../lib/gcc/arm-none-eabi/7.3.1/../../../../arm-none-eabi/lib/thumb/v6-m/libm.a(lib_a-k_sin.o)
                0x0000000008013a90                __kernel_sin
 .text.fabs     0x0000000008013bf4        0x8 /mnt/c/Users/Stephen/Documents/Repositories/acconeer/compilers/gcc-arm-none-eabi-7-2018-q2-update/bin/../lib/gcc/arm-none-eabi/7.3.1/../../../../arm-none-eabi/lib/thumb/v6-m/libm.a(lib_a-s_fabs.o)
                0x0000000008013bf4                fabs
 .text.floor    0x0000000008013bfc      0x138 /mnt/c/Users/Stephen/Documents/Repositories/acconeer/compilers/gcc-arm-none-eabi-7-2018-q2-update/bin/../lib/gcc/arm-none-eabi/7.3.1/../../../../arm-none-eabi/lib/thumb/v6-m/libm.a(lib_a-s_floor.o)
                0x0000000008013bfc                floor
 .text.matherr  0x0000000008013d34        0x4 /mnt/c/Users/Stephen/Documents/Repositories/acconeer/compilers/gcc-arm-none-eabi-7-2018-q2-update/bin/../lib/gcc/arm-none-eabi/7.3.1/../../../../arm-none-eabi/lib/thumb/v6-m/libm.a(lib_a-s_matherr.o)
                0x0000000008013d34                matherr
 .text.nan      0x0000000008013d38        0xc /mnt/c/Users/Stephen/Documents/Repositories/acconeer/compilers/gcc-arm-none-eabi-7-2018-q2-update/bin/../lib/gcc/arm-none-eabi/7.3.1/../../../../arm-none-eabi/lib/thumb/v6-m/libm.a(lib_a-s_nan.o)
                0x0000000008013d38                nan
 .text.scalbn   0x0000000008013d44       0xd0 /mnt/c/Users/Stephen/Documents/Repositories/acconeer/compilers/gcc-arm-none-eabi-7-2018-q2-update/bin/../lib/gcc/arm-none-eabi/7.3.1/../../../../arm-none-eabi/lib/thumb/v6-m/libm.a(lib_a-s_scalbn.o)
                0x0000000008013d44                scalbn
 .text.finitef  0x0000000008013e14       0x14 /mnt/c/Users/Stephen/Documents/Repositories/acconeer/compilers/gcc-arm-none-eabi-7-2018-q2-update/bin/../lib/gcc/arm-none-eabi/7.3.1/../../../../arm-none-eabi/lib/thumb/v6-m/libm.a(lib_a-sf_finite.o)
                0x0000000008013e14                finitef
 .text.__ieee754_logf
                0x0000000008013e28      0x28c /mnt/c/Users/Stephen/Documents/Repositories/acconeer/compilers/gcc-arm-none-eabi-7-2018-q2-update/bin/../lib/gcc/arm-none-eabi/7.3.1/../../../../arm-none-eabi/lib/thumb/v6-m/libm.a(lib_a-ef_log.o)
                0x0000000008013e28                __ieee754_logf
 .text.copysign
                0x00000000080140b4       0x10 /mnt/c/Users/Stephen/Documents/Repositories/acconeer/compilers/gcc-arm-none-eabi-7-2018-q2-update/bin/../lib/gcc/arm-none-eabi/7.3.1/../../../../arm-none-eabi/lib/thumb/v6-m/libm.a(lib_a-s_copysign.o)
                0x00000000080140b4                copysign
 .text.out_func
                0x00000000080140c4       0x20 out/lib/libwrapprintf.a(acc_wrap_printf.o)
 .text.__wrap_puts
                0x00000000080140e4       0x24 out/lib/libwrapprintf.a(acc_wrap_printf.o)
                0x00000000080140e4                __wrap_puts
 .text.__wrap_printf
                0x0000000008014108       0x44 out/lib/libwrapprintf.a(acc_wrap_printf.o)
                0x0000000008014108                __wrap_printf
 .text.__wrap_vsnprintf
                0x000000000801414c        0x8 out/lib/libwrapprintf.a(acc_wrap_printf.o)
                0x000000000801414c                __wrap_vsnprintf
 .text._out_buffer
                0x0000000008014154        0x8 out/lib/libwrapprintf.a(printf.o)
 .text._out_null
                0x000000000801415c        0x2 out/lib/libwrapprintf.a(printf.o)
 .text._out_fct
                0x000000000801415e        0xe out/lib/libwrapprintf.a(printf.o)
 .text._ntoa_format
                0x000000000801416c      0x14a out/lib/libwrapprintf.a(printf.o)
 .text._ntoa_long
                0x00000000080142b6       0x90 out/lib/libwrapprintf.a(printf.o)
 .text._ntoa_long_long
                0x0000000008014346       0xa4 out/lib/libwrapprintf.a(printf.o)
 *fill*         0x00000000080143ea        0x2 
 .text._vsnprintf
                0x00000000080143ec      0x45c out/lib/libwrapprintf.a(printf.o)
 .text.vsnprintf_
                0x0000000008014848       0x18 out/lib/libwrapprintf.a(printf.o)
                0x0000000008014848                vsnprintf_
 .text.fctvprintf
                0x0000000008014860       0x20 out/lib/libwrapprintf.a(printf.o)
                0x0000000008014860                fctvprintf
 .text.malloc   0x0000000008014880       0x14 /mnt/c/Users/Stephen/Documents/Repositories/acconeer/compilers/gcc-arm-none-eabi-7-2018-q2-update/bin/../lib/gcc/arm-none-eabi/7.3.1/../../../../arm-none-eabi/lib/thumb/v6-m/libc_nano.a(lib_a-malloc.o)
                0x0000000008014880                malloc
 .text.free     0x0000000008014894       0x14 /mnt/c/Users/Stephen/Documents/Repositories/acconeer/compilers/gcc-arm-none-eabi-7-2018-q2-update/bin/../lib/gcc/arm-none-eabi/7.3.1/../../../../arm-none-eabi/lib/thumb/v6-m/libc_nano.a(lib_a-malloc.o)
                0x0000000008014894                free
 .text.memcpy   0x00000000080148a8       0x12 /mnt/c/Users/Stephen/Documents/Repositories/acconeer/compilers/gcc-arm-none-eabi-7-2018-q2-update/bin/../lib/gcc/arm-none-eabi/7.3.1/../../../../arm-none-eabi/lib/thumb/v6-m/libc_nano.a(lib_a-memcpy-stub.o)
                0x00000000080148a8                memcpy
 .text.memmove  0x00000000080148ba       0x26 /mnt/c/Users/Stephen/Documents/Repositories/acconeer/compilers/gcc-arm-none-eabi-7-2018-q2-update/bin/../lib/gcc/arm-none-eabi/7.3.1/../../../../arm-none-eabi/lib/thumb/v6-m/libc_nano.a(lib_a-memmove.o)
                0x00000000080148ba                memmove
 .text.putchar  0x00000000080148e0       0x28 /mnt/c/Users/Stephen/Documents/Repositories/acconeer/compilers/gcc-arm-none-eabi-7-2018-q2-update/bin/../lib/gcc/arm-none-eabi/7.3.1/../../../../arm-none-eabi/lib/thumb/v6-m/libc_nano.a(lib_a-putchar.o)
                0x00000000080148e0                putchar
 .text._putc_r  0x0000000008014908       0x6c /mnt/c/Users/Stephen/Documents/Repositories/acconeer/compilers/gcc-arm-none-eabi-7-2018-q2-update/bin/../lib/gcc/arm-none-eabi/7.3.1/../../../../arm-none-eabi/lib/thumb/v6-m/libc_nano.a(lib_a-putc.o)
                0x0000000008014908                _putc_r
 .text.__swbuf_r
                0x0000000008014974       0xac /mnt/c/Users/Stephen/Documents/Repositories/acconeer/compilers/gcc-arm-none-eabi-7-2018-q2-update/bin/../lib/gcc/arm-none-eabi/7.3.1/../../../../arm-none-eabi/lib/thumb/v6-m/libc_nano.a(lib_a-wbuf.o)
                0x0000000008014974                __swbuf_r
 .text.__swsetup_r
                0x0000000008014a20       0xec /mnt/c/Users/Stephen/Documents/Repositories/acconeer/compilers/gcc-arm-none-eabi-7-2018-q2-update/bin/../lib/gcc/arm-none-eabi/7.3.1/../../../../arm-none-eabi/lib/thumb/v6-m/libc_nano.a(lib_a-wsetup.o)
                0x0000000008014a20                __swsetup_r
 .text.__swhatbuf_r
                0x0000000008014b0c       0x50 /mnt/c/Users/Stephen/Documents/Repositories/acconeer/compilers/gcc-arm-none-eabi-7-2018-q2-update/bin/../lib/gcc/arm-none-eabi/7.3.1/../../../../arm-none-eabi/lib/thumb/v6-m/libc_nano.a(lib_a-makebuf.o)
                0x0000000008014b0c                __swhatbuf_r
 .text.__smakebuf_r
                0x0000000008014b5c       0x88 /mnt/c/Users/Stephen/Documents/Repositories/acconeer/compilers/gcc-arm-none-eabi-7-2018-q2-update/bin/../lib/gcc/arm-none-eabi/7.3.1/../../../../arm-none-eabi/lib/thumb/v6-m/libc_nano.a(lib_a-makebuf.o)
                0x0000000008014b5c                __smakebuf_r
 .text._fstat_r
                0x0000000008014be4       0x24 /mnt/c/Users/Stephen/Documents/Repositories/acconeer/compilers/gcc-arm-none-eabi-7-2018-q2-update/bin/../lib/gcc/arm-none-eabi/7.3.1/../../../../arm-none-eabi/lib/thumb/v6-m/libc_nano.a(lib_a-fstatr.o)
                0x0000000008014be4                _fstat_r
 .text._isatty_r
                0x0000000008014c08       0x24 /mnt/c/Users/Stephen/Documents/Repositories/acconeer/compilers/gcc-arm-none-eabi-7-2018-q2-update/bin/../lib/gcc/arm-none-eabi/7.3.1/../../../../arm-none-eabi/lib/thumb/v6-m/libc_nano.a(lib_a-isattyr.o)
                0x0000000008014c08                _isatty_r
 .text._fstat   0x0000000008014c2c       0x10 /mnt/c/Users/Stephen/Documents/Repositories/acconeer/compilers/gcc-arm-none-eabi-7-2018-q2-update/bin/../lib/gcc/arm-none-eabi/7.3.1/../../../../arm-none-eabi/lib/thumb/v6-m/libnosys.a(fstat.o)
                0x0000000008014c2c                _fstat
 .text._isatty  0x0000000008014c3c       0x10 /mnt/c/Users/Stephen/Documents/Repositories/acconeer/compilers/gcc-arm-none-eabi-7-2018-q2-update/bin/../lib/gcc/arm-none-eabi/7.3.1/../../../../arm-none-eabi/lib/thumb/v6-m/libnosys.a(isatty.o)
                0x0000000008014c3c                _isatty
 *(.glue_7)
 .glue_7        0x0000000008014c4c        0x0 linker stubs
 *(.glue_7t)
 .glue_7t       0x0000000008014c4c        0x0 linker stubs
 *(.eh_frame)
 .eh_frame      0x0000000008014c4c        0x0 /mnt/c/Users/Stephen/Documents/Repositories/acconeer/compilers/gcc-arm-none-eabi-7-2018-q2-update/bin/../lib/gcc/arm-none-eabi/7.3.1/thumb/v6-m/crtbegin.o
 *(.init)
 .init          0x0000000008014c4c        0x4 /mnt/c/Users/Stephen/Documents/Repositories/acconeer/compilers/gcc-arm-none-eabi-7-2018-q2-update/bin/../lib/gcc/arm-none-eabi/7.3.1/thumb/v6-m/crti.o
                0x0000000008014c4c                _init
 .init          0x0000000008014c50        0x8 /mnt/c/Users/Stephen/Documents/Repositories/acconeer/compilers/gcc-arm-none-eabi-7-2018-q2-update/bin/../lib/gcc/arm-none-eabi/7.3.1/thumb/v6-m/crtn.o
 *(.fini)
 .fini          0x0000000008014c58        0x4 /mnt/c/Users/Stephen/Documents/Repositories/acconeer/compilers/gcc-arm-none-eabi-7-2018-q2-update/bin/../lib/gcc/arm-none-eabi/7.3.1/thumb/v6-m/crti.o
                0x0000000008014c58                _fini
 .fini          0x0000000008014c5c        0x8 /mnt/c/Users/Stephen/Documents/Repositories/acconeer/compilers/gcc-arm-none-eabi-7-2018-q2-update/bin/../lib/gcc/arm-none-eabi/7.3.1/thumb/v6-m/crtn.o
                0x0000000008014c64                . = ALIGN (0x4)
                0x0000000008014c64                _etext = .

.vfp11_veneer   0x0000000008014c64        0x0
 .vfp11_veneer  0x0000000008014c64        0x0 linker stubs

.v4_bx          0x0000000008014c64        0x0
 .v4_bx         0x0000000008014c64        0x0 linker stubs

.iplt           0x0000000008014c64        0x0
 .iplt          0x0000000008014c64        0x0 /mnt/c/Users/Stephen/Documents/Repositories/acconeer/compilers/gcc-arm-none-eabi-7-2018-q2-update/bin/../lib/gcc/arm-none-eabi/7.3.1/thumb/v6-m/crtbegin.o

.rodata         0x0000000008014c68     0x8af8
                0x0000000008014c68                . = ALIGN (0x4)
 *(.rodata)
 .rodata        0x0000000008014c68     0x345c /tmp/ccC7QXwn.ltrans0.ltrans.o
 .rodata        0x00000000080180c4     0x2aa4 /tmp/ccC7QXwn.ltrans1.ltrans.o
                0x00000000080182b4                __compound_literal.134.lto_priv.631
                0x00000000080182ba                __compound_literal.133.lto_priv.629
                0x00000000080182cc                __compound_literal.132.lto_priv.627
                0x00000000080182d8                __compound_literal.131.lto_priv.625
                0x00000000080182de                __compound_literal.130.lto_priv.623
                0x00000000080182f0                __compound_literal.129.lto_priv.621
                0x00000000080182f6                __compound_literal.128.lto_priv.619
                0x0000000008018302                __compound_literal.127.lto_priv.617
                0x000000000801830e                __compound_literal.126.lto_priv.615
                0x0000000008018320                __compound_literal.125.lto_priv.613
                0x0000000008018326                __compound_literal.124.lto_priv.611
                0x000000000801832c                __compound_literal.123.lto_priv.609
                0x0000000008018332                __compound_literal.122.lto_priv.607
                0x0000000008018338                __compound_literal.121.lto_priv.605
                0x000000000801833e                __compound_literal.120.lto_priv.603
                0x0000000008018344                __compound_literal.119.lto_priv.601
                0x000000000801835c                __compound_literal.118.lto_priv.599
                0x0000000008018368                __compound_literal.117.lto_priv.597
                0x000000000801836e                __compound_literal.116.lto_priv.595
                0x0000000008018380                __compound_literal.115.lto_priv.593
                0x000000000801838c                __compound_literal.114.lto_priv.591
                0x000000000801851e                __compound_literal.113.lto_priv.589
                0x000000000801852a                __compound_literal.112.lto_priv.587
                0x0000000008018530                __compound_literal.111.lto_priv.585
                0x0000000008018536                __compound_literal.110.lto_priv.583
                0x000000000801853c                __compound_literal.109.lto_priv.581
                0x0000000008018542                __compound_literal.108.lto_priv.579
                0x0000000008018560                __compound_literal.107.lto_priv.577
                0x0000000008018566                __compound_literal.106.lto_priv.575
                0x000000000801856c                __compound_literal.105.lto_priv.573
                0x0000000008018572                __compound_literal.104.lto_priv.571
                0x0000000008018578                __compound_literal.103.lto_priv.569
                0x00000000080185ae                __compound_literal.102.lto_priv.567
                0x00000000080185b4                __compound_literal.101.lto_priv.565
                0x00000000080185ba                __compound_literal.100.lto_priv.563
                0x00000000080185c0                __compound_literal.99.lto_priv.561
                0x00000000080185c6                __compound_literal.98.lto_priv.559
                0x00000000080185d2                __compound_literal.97.lto_priv.557
                0x00000000080185e4                __compound_literal.96.lto_priv.555
                0x00000000080185ea                __compound_literal.95.lto_priv.553
                0x00000000080185f0                __compound_literal.94.lto_priv.551
                0x0000000008018602                __compound_literal.93.lto_priv.549
                0x0000000008018608                __compound_literal.92.lto_priv.547
                0x000000000801860e                __compound_literal.91.lto_priv.545
                0x0000000008018614                __compound_literal.90.lto_priv.543
                0x0000000008018620                __compound_literal.89.lto_priv.541
                0x0000000008018638                __compound_literal.88.lto_priv.539
                0x000000000801863e                __compound_literal.87.lto_priv.537
                0x0000000008018644                __compound_literal.86.lto_priv.535
                0x000000000801864a                __compound_literal.85.lto_priv.533
                0x0000000008018650                __compound_literal.84.lto_priv.531
                0x0000000008018656                __compound_literal.83.lto_priv.529
                0x000000000801865c                __compound_literal.82.lto_priv.527
                0x0000000008018662                __compound_literal.81.lto_priv.525
                0x0000000008018674                __compound_literal.80.lto_priv.523
                0x000000000801867a                __compound_literal.79.lto_priv.521
                0x0000000008018680                __compound_literal.78.lto_priv.519
                0x0000000008018686                __compound_literal.77.lto_priv.517
                0x000000000801868c                __compound_literal.76.lto_priv.515
                0x0000000008018698                __compound_literal.75.lto_priv.513
                0x000000000801869e                __compound_literal.74.lto_priv.511
                0x00000000080186a4                __compound_literal.73.lto_priv.509
                0x00000000080186aa                __compound_literal.72.lto_priv.507
                0x00000000080186b0                __compound_literal.71.lto_priv.505
                0x00000000080186b6                __compound_literal.70.lto_priv.503
                0x00000000080186ec                __compound_literal.69.lto_priv.501
                0x00000000080186f2                __compound_literal.68.lto_priv.499
                0x0000000008018704                __compound_literal.67.lto_priv.497
                0x0000000008018710                __compound_literal.66.lto_priv.495
                0x000000000801871c                __compound_literal.65.lto_priv.493
                0x000000000801872e                __compound_literal.64.lto_priv.491
                0x0000000008018740                __compound_literal.63.lto_priv.489
                0x0000000008018752                __compound_literal.62.lto_priv.487
                0x0000000008018758                __compound_literal.61.lto_priv.485
                0x000000000801875e                __compound_literal.60.lto_priv.483
                0x000000000801876a                __compound_literal.59.lto_priv.481
                0x000000000801877c                __compound_literal.58.lto_priv.479
                0x0000000008018782                __compound_literal.57.lto_priv.477
                0x0000000008018788                __compound_literal.56.lto_priv.475.lto_priv.637
                0x000000000801879a                __compound_literal.55.lto_priv.472
                0x00000000080187ac                __compound_literal.54.lto_priv.469
                0x00000000080187b8                __compound_literal.53.lto_priv.466
                0x00000000080187be                __compound_literal.52.lto_priv.463
                0x00000000080187ee                __compound_literal.51.lto_priv.460
                0x00000000080187f4                __compound_literal.50.lto_priv.457
                0x00000000080187fa                __compound_literal.49.lto_priv.454
                0x0000000008018800                __compound_literal.48.lto_priv.451
                0x0000000008018806                __compound_literal.47.lto_priv.448
                0x000000000801880c                __compound_literal.46.lto_priv.445
                0x0000000008018812                __compound_literal.45.lto_priv.442
                0x0000000008018818                __compound_literal.44.lto_priv.439
                0x000000000801881e                __compound_literal.43.lto_priv.436
                0x0000000008018824                __compound_literal.42.lto_priv.433
                0x000000000801882a                __compound_literal.41.lto_priv.430
                0x0000000008018830                __compound_literal.40.lto_priv.427
                0x0000000008018836                __compound_literal.39.lto_priv.424
                0x000000000801883c                __compound_literal.38.lto_priv.421
                0x0000000008018842                __compound_literal.37.lto_priv.418
                0x0000000008018848                __compound_literal.36.lto_priv.246
                0x0000000008018854                __compound_literal.35.lto_priv.244
                0x0000000008018860                __compound_literal.34.lto_priv.242
                0x0000000008018866                __compound_literal.33.lto_priv.240
                0x000000000801886c                __compound_literal.32.lto_priv.238
                0x0000000008018872                __compound_literal.31.lto_priv.236
                0x0000000008018878                __compound_literal.30.lto_priv.234
                0x000000000801887e                __compound_literal.29.lto_priv.232
                0x0000000008018884                __compound_literal.28.lto_priv.230
                0x000000000801888a                __compound_literal.27.lto_priv.228
                0x0000000008018890                __compound_literal.26.lto_priv.226
                0x0000000008018896                __compound_literal.25.lto_priv.224
                0x000000000801889c                __compound_literal.24.lto_priv.222
                0x00000000080188a2                __compound_literal.23.lto_priv.220.lto_priv.636
                0x00000000080188a8                __compound_literal.22.lto_priv.218.lto_priv.635
                0x00000000080188ae                __compound_literal.21.lto_priv.216
                0x00000000080188b4                __compound_literal.20.lto_priv.214
                0x00000000080188ba                __compound_literal.19.lto_priv.212.lto_priv.634
                0x00000000080188c0                __compound_literal.18.lto_priv.210
                0x00000000080188c6                __compound_literal.17.lto_priv.208
                0x00000000080188cc                __compound_literal.16.lto_priv.206
                0x00000000080188ea                __compound_literal.15.lto_priv.204
                0x00000000080188f0                __compound_literal.14.lto_priv.202
                0x00000000080188f6                __compound_literal.13.lto_priv.200
                0x00000000080188fc                __compound_literal.12.lto_priv.198
                0x0000000008018902                __compound_literal.11.lto_priv.196
                0x0000000008018908                __compound_literal.10.lto_priv.194
                0x000000000801890e                __compound_literal.9.lto_priv.192.lto_priv.633
                0x0000000008018914                __compound_literal.8.lto_priv.190
                0x000000000801891a                __compound_literal.7.lto_priv.188
                0x0000000008018920                __compound_literal.6.lto_priv.186
                0x0000000008018926                __compound_literal.5.lto_priv.184
                0x000000000801892c                __compound_literal.4.lto_priv.182
                0x0000000008018932                __compound_literal.3.lto_priv.180
                0x0000000008018938                __compound_literal.2.lto_priv.178
                0x000000000801893e                __compound_literal.1.lto_priv.176
                0x0000000008018944                __compound_literal.0.lto_priv.174
                0x000000000801894a                CSWTCH.1.lto_priv.336
                0x0000000008018b9c                acc_image_a111_r2c_sweep_param_table
                0x00000000080191d8                uwTickFreq
                0x00000000080191dc                log_funcs.lto_priv.312
                0x0000000008019d48                acc_image_a111_r2c_sweep
 .rodata        0x000000000801ab68       0x80 /mnt/c/Users/Stephen/Documents/Repositories/acconeer/compilers/gcc-arm-none-eabi-7-2018-q2-update/bin/../lib/gcc/arm-none-eabi/7.3.1/thumb/v6-m/libgcc.a(divsf3.o)
 .rodata        0x000000000801abe8       0x40 /mnt/c/Users/Stephen/Documents/Repositories/acconeer/compilers/gcc-arm-none-eabi-7-2018-q2-update/bin/../lib/gcc/arm-none-eabi/7.3.1/thumb/v6-m/libgcc.a(mulsf3.o)
 .rodata        0x000000000801ac28       0x40 /mnt/c/Users/Stephen/Documents/Repositories/acconeer/compilers/gcc-arm-none-eabi-7-2018-q2-update/bin/../lib/gcc/arm-none-eabi/7.3.1/thumb/v6-m/libgcc.a(divdf3.o)
 .rodata        0x000000000801ac68       0x40 /mnt/c/Users/Stephen/Documents/Repositories/acconeer/compilers/gcc-arm-none-eabi-7-2018-q2-update/bin/../lib/gcc/arm-none-eabi/7.3.1/thumb/v6-m/libgcc.a(muldf3.o)
 *(.rodata*)
 .rodata.str1.1
                0x000000000801aca8     0x1ce1 /tmp/ccC7QXwn.ltrans0.ltrans.o
                                       0x1d77 (size before relaxing)
 .rodata.str1.1
                0x000000000801c989      0xb64 /tmp/ccC7QXwn.ltrans1.ltrans.o
                                        0xc7e (size before relaxing)
 *fill*         0x000000000801d4ed        0x3 
 .rodata.__sf_fake_stderr
                0x000000000801d4f0       0x20 /mnt/c/Users/Stephen/Documents/Repositories/acconeer/compilers/gcc-arm-none-eabi-7-2018-q2-update/bin/../lib/gcc/arm-none-eabi/7.3.1/../../../../arm-none-eabi/lib/thumb/v6-m/libc_nano.a(lib_a-findfp.o)
                0x000000000801d4f0                __sf_fake_stderr
 .rodata.__sf_fake_stdin
                0x000000000801d510       0x20 /mnt/c/Users/Stephen/Documents/Repositories/acconeer/compilers/gcc-arm-none-eabi-7-2018-q2-update/bin/../lib/gcc/arm-none-eabi/7.3.1/../../../../arm-none-eabi/lib/thumb/v6-m/libc_nano.a(lib_a-findfp.o)
                0x000000000801d510                __sf_fake_stdin
 .rodata.__sf_fake_stdout
                0x000000000801d530       0x20 /mnt/c/Users/Stephen/Documents/Repositories/acconeer/compilers/gcc-arm-none-eabi-7-2018-q2-update/bin/../lib/gcc/arm-none-eabi/7.3.1/../../../../arm-none-eabi/lib/thumb/v6-m/libc_nano.a(lib_a-findfp.o)
                0x000000000801d530                __sf_fake_stdout
 .rodata._global_impure_ptr
                0x000000000801d550        0x4 /mnt/c/Users/Stephen/Documents/Repositories/acconeer/compilers/gcc-arm-none-eabi-7-2018-q2-update/bin/../lib/gcc/arm-none-eabi/7.3.1/../../../../arm-none-eabi/lib/thumb/v6-m/libc_nano.a(lib_a-impure.o)
                0x000000000801d550                _global_impure_ptr
 .rodata.sqrt.str1.4
                0x000000000801d554        0x5 /mnt/c/Users/Stephen/Documents/Repositories/acconeer/compilers/gcc-arm-none-eabi-7-2018-q2-update/bin/../lib/gcc/arm-none-eabi/7.3.1/../../../../arm-none-eabi/lib/thumb/v6-m/libm.a(lib_a-w_sqrt.o)
 *fill*         0x000000000801d559        0x3 
 .rodata.expf.str1.4
                0x000000000801d55c        0x5 /mnt/c/Users/Stephen/Documents/Repositories/acconeer/compilers/gcc-arm-none-eabi-7-2018-q2-update/bin/../lib/gcc/arm-none-eabi/7.3.1/../../../../arm-none-eabi/lib/thumb/v6-m/libm.a(lib_a-wf_exp.o)
 *fill*         0x000000000801d561        0x3 
 .rodata.log10f.str1.4
                0x000000000801d564        0x8 /mnt/c/Users/Stephen/Documents/Repositories/acconeer/compilers/gcc-arm-none-eabi-7-2018-q2-update/bin/../lib/gcc/arm-none-eabi/7.3.1/../../../../arm-none-eabi/lib/thumb/v6-m/libm.a(lib_a-wf_log10.o)
                                          0x9 (size before relaxing)
 .rodata.npio2_hw
                0x000000000801d56c       0x80 /mnt/c/Users/Stephen/Documents/Repositories/acconeer/compilers/gcc-arm-none-eabi-7-2018-q2-update/bin/../lib/gcc/arm-none-eabi/7.3.1/../../../../arm-none-eabi/lib/thumb/v6-m/libm.a(lib_a-e_rem_pio2.o)
 .rodata.two_over_pi
                0x000000000801d5ec      0x108 /mnt/c/Users/Stephen/Documents/Repositories/acconeer/compilers/gcc-arm-none-eabi-7-2018-q2-update/bin/../lib/gcc/arm-none-eabi/7.3.1/../../../../arm-none-eabi/lib/thumb/v6-m/libm.a(lib_a-e_rem_pio2.o)
 .rodata.halF   0x000000000801d6f4        0x8 /mnt/c/Users/Stephen/Documents/Repositories/acconeer/compilers/gcc-arm-none-eabi-7-2018-q2-update/bin/../lib/gcc/arm-none-eabi/7.3.1/../../../../arm-none-eabi/lib/thumb/v6-m/libm.a(lib_a-ef_exp.o)
 .rodata.ln2HI  0x000000000801d6fc        0x8 /mnt/c/Users/Stephen/Documents/Repositories/acconeer/compilers/gcc-arm-none-eabi-7-2018-q2-update/bin/../lib/gcc/arm-none-eabi/7.3.1/../../../../arm-none-eabi/lib/thumb/v6-m/libm.a(lib_a-ef_exp.o)
 .rodata.ln2LO  0x000000000801d704        0x8 /mnt/c/Users/Stephen/Documents/Repositories/acconeer/compilers/gcc-arm-none-eabi-7-2018-q2-update/bin/../lib/gcc/arm-none-eabi/7.3.1/../../../../arm-none-eabi/lib/thumb/v6-m/libm.a(lib_a-ef_exp.o)
 *fill*         0x000000000801d70c        0x4 
 .rodata.PIo2   0x000000000801d710       0x40 /mnt/c/Users/Stephen/Documents/Repositories/acconeer/compilers/gcc-arm-none-eabi-7-2018-q2-update/bin/../lib/gcc/arm-none-eabi/7.3.1/../../../../arm-none-eabi/lib/thumb/v6-m/libm.a(lib_a-k_rem_pio2.o)
 .rodata.init_jk
                0x000000000801d750       0x10 /mnt/c/Users/Stephen/Documents/Repositories/acconeer/compilers/gcc-arm-none-eabi-7-2018-q2-update/bin/../lib/gcc/arm-none-eabi/7.3.1/../../../../arm-none-eabi/lib/thumb/v6-m/libm.a(lib_a-k_rem_pio2.o)
 .rodata.__wrap_puts.str1.1
                0x000000000801d760      0xb64 out/lib/libwrapprintf.a(acc_wrap_printf.o)
                                          0x2 (size before relaxing)
                0x000000000801e2c4                . = ALIGN (0x4)

.ARM.extab
 *(.ARM.extab* .gnu.linkonce.armextab.*)

.ARM            0x000000000801d760        0x8
                0x000000000801d760                __exidx_start = .
 *(.ARM.exidx*)
 .ARM.exidx     0x000000000801d760        0x8 /mnt/c/Users/Stephen/Documents/Repositories/acconeer/compilers/gcc-arm-none-eabi-7-2018-q2-update/bin/../lib/gcc/arm-none-eabi/7.3.1/thumb/v6-m/libgcc.a(_udivmoddi4.o)
                0x000000000801d768                __exidx_end = .

.rel.dyn        0x000000000801d768        0x0
 .rel.iplt      0x000000000801d768        0x0 /mnt/c/Users/Stephen/Documents/Repositories/acconeer/compilers/gcc-arm-none-eabi-7-2018-q2-update/bin/../lib/gcc/arm-none-eabi/7.3.1/thumb/v6-m/crtbegin.o

.preinit_array  0x000000000801d768        0x0
                0x000000000801d768                PROVIDE (__preinit_array_start = .)
 *(.preinit_array*)
                0x000000000801d768                PROVIDE (__preinit_array_end = .)

.init_array     0x000000000801d768        0x4
                0x000000000801d768                PROVIDE (__init_array_start = .)
 *(SORT_BY_NAME(.init_array.*))
 *(.init_array*)
 .init_array    0x000000000801d768        0x4 /mnt/c/Users/Stephen/Documents/Repositories/acconeer/compilers/gcc-arm-none-eabi-7-2018-q2-update/bin/../lib/gcc/arm-none-eabi/7.3.1/thumb/v6-m/crtbegin.o
                0x000000000801d76c                PROVIDE (__init_array_end = .)

.fini_array     0x000000000801d76c        0x4
                [!provide]                        PROVIDE (__fini_array_start = .)
 *(SORT_BY_NAME(.fini_array.*))
 *(.fini_array*)
 .fini_array    0x000000000801d76c        0x4 /mnt/c/Users/Stephen/Documents/Repositories/acconeer/compilers/gcc-arm-none-eabi-7-2018-q2-update/bin/../lib/gcc/arm-none-eabi/7.3.1/thumb/v6-m/crtbegin.o
                [!provide]                        PROVIDE (__fini_array_end = .)
                0x000000000801d770                _sidata = LOADADDR (.data)

.data           0x0000000020000000       0x70 load address 0x000000000801d770
                0x0000000020000000                . = ALIGN (0x4)
                0x0000000020000000                _sdata = .
 *(.data)
 .data          0x0000000020000000        0x8 /tmp/ccC7QXwn.ltrans1.ltrans.o
                0x0000000020000000                SystemCoreClock
                0x0000000020000004                uwTickPrio
 *(.data*)
 .data._impure_ptr
                0x0000000020000008        0x4 /mnt/c/Users/Stephen/Documents/Repositories/acconeer/compilers/gcc-arm-none-eabi-7-2018-q2-update/bin/../lib/gcc/arm-none-eabi/7.3.1/../../../../arm-none-eabi/lib/thumb/v6-m/libc_nano.a(lib_a-impure.o)
                0x0000000020000008                _impure_ptr
 .data.impure_data
                0x000000002000000c       0x60 /mnt/c/Users/Stephen/Documents/Repositories/acconeer/compilers/gcc-arm-none-eabi-7-2018-q2-update/bin/../lib/gcc/arm-none-eabi/7.3.1/../../../../arm-none-eabi/lib/thumb/v6-m/libc_nano.a(lib_a-impure.o)
 .data.__fdlib_version
                0x000000002000006c        0x1 /mnt/c/Users/Stephen/Documents/Repositories/acconeer/compilers/gcc-arm-none-eabi-7-2018-q2-update/bin/../lib/gcc/arm-none-eabi/7.3.1/../../../../arm-none-eabi/lib/thumb/v6-m/libm.a(lib_a-s_lib_ver.o)
                0x000000002000006c                __fdlib_version
                0x0000000020000070                . = ALIGN (0x4)
 *fill*         0x000000002000006d        0x3 
                0x0000000020000070                _edata = .

.igot.plt       0x0000000020000070        0x0 load address 0x000000000801d7e0
 .igot.plt      0x0000000020000070        0x0 /mnt/c/Users/Stephen/Documents/Repositories/acconeer/compilers/gcc-arm-none-eabi-7-2018-q2-update/bin/../lib/gcc/arm-none-eabi/7.3.1/thumb/v6-m/crtbegin.o
                0x0000000020000070                . = ALIGN (0x4)

.bss            0x0000000020000070      0x658 load address 0x000000000801d7e0
                0x0000000020000070                _sbss = .
                0x0000000020000070                __bss_start__ = _sbss
 *(.bss)
 .bss           0x0000000020000070       0x1c /mnt/c/Users/Stephen/Documents/Repositories/acconeer/compilers/gcc-arm-none-eabi-7-2018-q2-update/bin/../lib/gcc/arm-none-eabi/7.3.1/thumb/v6-m/crtbegin.o
 .bss           0x000000002000008c      0x32c /tmp/ccC7QXwn.ltrans0.ltrans.o
 .bss           0x00000000200003b8      0x274 /tmp/ccC7QXwn.ltrans1.ltrans.o
                0x00000000200003b8                hrtc
                0x00000000200003e4                uwTick
                0x00000000200003e8                concrete_hal
                0x0000000020000420                hspi1
                0x0000000020000484                rtc_wakeup_triggered
                0x0000000020000488                pFlash
                0x00000000200004a0                uart_rx_buff
                0x00000000200004e0                hdma_usart1_tx
                0x000000002000053c                hdma_usart1_rx
                0x0000000020000598                sensor_info.lto_priv.275
                0x000000002000059c                manager_func_substitution.lto_priv.276
                0x00000000200005a0                huart1
 *(.bss*)
 .bss.__sbrk_heap_end
                0x000000002000062c        0x4 out/obj/sysmem.o
 .bss.__malloc_free_list
                0x0000000020000630        0x4 /mnt/c/Users/Stephen/Documents/Repositories/acconeer/compilers/gcc-arm-none-eabi-7-2018-q2-update/bin/../lib/gcc/arm-none-eabi/7.3.1/../../../../arm-none-eabi/lib/thumb/v6-m/libc_nano.a(lib_a-nano-mallocr.o)
                0x0000000020000630                __malloc_free_list
 .bss.__malloc_sbrk_start
                0x0000000020000634        0x4 /mnt/c/Users/Stephen/Documents/Repositories/acconeer/compilers/gcc-arm-none-eabi-7-2018-q2-update/bin/../lib/gcc/arm-none-eabi/7.3.1/../../../../arm-none-eabi/lib/thumb/v6-m/libc_nano.a(lib_a-nano-mallocr.o)
                0x0000000020000634                __malloc_sbrk_start
 *(COMMON)
 COMMON         0x0000000020000638       0x8c /tmp/ccC7QXwn.ltrans0.ltrans.o
                0x0000000020000638                huart2
 COMMON         0x00000000200006c4        0x4 /mnt/c/Users/Stephen/Documents/Repositories/acconeer/compilers/gcc-arm-none-eabi-7-2018-q2-update/bin/../lib/gcc/arm-none-eabi/7.3.1/../../../../arm-none-eabi/lib/thumb/v6-m/libc_nano.a(lib_a-reent.o)
                0x00000000200006c4                errno
                0x00000000200006c8                . = ALIGN (0x4)
                0x00000000200006c8                _ebss = .
                0x00000000200006c8                __bss_end__ = _ebss

._user_heap_stack
                0x00000000200006c8     0x1600 load address 0x000000000801d7e0
                0x00000000200006c8                . = ALIGN (0x8)
                [!provide]                        PROVIDE (end = .)
                0x00000000200006c8                PROVIDE (_end = .)
                0x00000000200008c8                . = (. + _Min_Heap_Size)
 *fill*         0x00000000200006c8      0x200 
                0x0000000020001cc8                . = (. + _Min_Stack_Size)
 *fill*         0x00000000200008c8     0x1400 
                0x0000000020001cc8                . = ALIGN (0x8)

/DISCARD/
 libc.a(*)
 libm.a(*)
 libgcc.a(*)

.ARM.attributes
                0x0000000000000000       0x28
 *(.ARM.attributes)
 .ARM.attributes
                0x0000000000000000       0x1e /mnt/c/Users/Stephen/Documents/Repositories/acconeer/compilers/gcc-arm-none-eabi-7-2018-q2-update/bin/../lib/gcc/arm-none-eabi/7.3.1/thumb/v6-m/crti.o
 .ARM.attributes
                0x000000000000001e       0x2c /mnt/c/Users/Stephen/Documents/Repositories/acconeer/compilers/gcc-arm-none-eabi-7-2018-q2-update/bin/../lib/gcc/arm-none-eabi/7.3.1/thumb/v6-m/crtbegin.o
 .ARM.attributes
                0x000000000000004a       0x30 /tmp/ccC7QXwn.ltrans0.ltrans.o
 .ARM.attributes
                0x000000000000007a       0x30 /tmp/ccC7QXwn.ltrans1.ltrans.o
 .ARM.attributes
                0x00000000000000aa       0x32 out/obj/syscalls.o
 .ARM.attributes
                0x00000000000000dc       0x21 out/obj/startup_stm32g071xx.o
 .ARM.attributes
                0x00000000000000fd       0x32 out/obj/sysmem.o
 .ARM.attributes
                0x000000000000012f       0x2c /mnt/c/Users/Stephen/Documents/Repositories/acconeer/compilers/gcc-arm-none-eabi-7-2018-q2-update/bin/../lib/gcc/arm-none-eabi/7.3.1/../../../../arm-none-eabi/lib/thumb/v6-m/libm.a(lib_a-ef_sqrt.o)
 .ARM.attributes
                0x000000000000015b       0x2c /mnt/c/Users/Stephen/Documents/Repositories/acconeer/compilers/gcc-arm-none-eabi-7-2018-q2-update/bin/../lib/gcc/arm-none-eabi/7.3.1/thumb/v6-m/libgcc.a(addsf3.o)
 .ARM.attributes
                0x0000000000000187       0x2c /mnt/c/Users/Stephen/Documents/Repositories/acconeer/compilers/gcc-arm-none-eabi-7-2018-q2-update/bin/../lib/gcc/arm-none-eabi/7.3.1/thumb/v6-m/libgcc.a(divsf3.o)
 .ARM.attributes
                0x00000000000001b3       0x2c /mnt/c/Users/Stephen/Documents/Repositories/acconeer/compilers/gcc-arm-none-eabi-7-2018-q2-update/bin/../lib/gcc/arm-none-eabi/7.3.1/thumb/v6-m/libgcc.a(mulsf3.o)
 .ARM.attributes
                0x00000000000001df       0x2c /mnt/c/Users/Stephen/Documents/Repositories/acconeer/compilers/gcc-arm-none-eabi-7-2018-q2-update/bin/../lib/gcc/arm-none-eabi/7.3.1/thumb/v6-m/libgcc.a(subsf3.o)
 .ARM.attributes
                0x000000000000020b       0x1e /mnt/c/Users/Stephen/Documents/Repositories/acconeer/compilers/gcc-arm-none-eabi-7-2018-q2-update/bin/../lib/gcc/arm-none-eabi/7.3.1/thumb/v6-m/libgcc.a(_clzsi2.o)
 .ARM.attributes
                0x0000000000000229       0x2c /mnt/c/Users/Stephen/Documents/Repositories/acconeer/compilers/gcc-arm-none-eabi-7-2018-q2-update/bin/../lib/gcc/arm-none-eabi/7.3.1/../../../../arm-none-eabi/lib/thumb/v6-m/libc_nano.a(lib_a-errno.o)
 .ARM.attributes
                0x0000000000000255       0x2c /mnt/c/Users/Stephen/Documents/Repositories/acconeer/compilers/gcc-arm-none-eabi-7-2018-q2-update/bin/../lib/gcc/arm-none-eabi/7.3.1/../../../../arm-none-eabi/lib/thumb/v6-m/libc_nano.a(lib_a-fflush.o)
 .ARM.attributes
                0x0000000000000281       0x2c /mnt/c/Users/Stephen/Documents/Repositories/acconeer/compilers/gcc-arm-none-eabi-7-2018-q2-update/bin/../lib/gcc/arm-none-eabi/7.3.1/../../../../arm-none-eabi/lib/thumb/v6-m/libc_nano.a(lib_a-findfp.o)
 .ARM.attributes
                0x00000000000002ad       0x2c /mnt/c/Users/Stephen/Documents/Repositories/acconeer/compilers/gcc-arm-none-eabi-7-2018-q2-update/bin/../lib/gcc/arm-none-eabi/7.3.1/../../../../arm-none-eabi/lib/thumb/v6-m/libc_nano.a(lib_a-fwalk.o)
 .ARM.attributes
                0x00000000000002d9       0x2c /mnt/c/Users/Stephen/Documents/Repositories/acconeer/compilers/gcc-arm-none-eabi-7-2018-q2-update/bin/../lib/gcc/arm-none-eabi/7.3.1/../../../../arm-none-eabi/lib/thumb/v6-m/libc_nano.a(lib_a-impure.o)
 .ARM.attributes
                0x0000000000000305       0x2c /mnt/c/Users/Stephen/Documents/Repositories/acconeer/compilers/gcc-arm-none-eabi-7-2018-q2-update/bin/../lib/gcc/arm-none-eabi/7.3.1/../../../../arm-none-eabi/lib/thumb/v6-m/libc_nano.a(lib_a-init.o)
 .ARM.attributes
                0x0000000000000331       0x2c /mnt/c/Users/Stephen/Documents/Repositories/acconeer/compilers/gcc-arm-none-eabi-7-2018-q2-update/bin/../lib/gcc/arm-none-eabi/7.3.1/../../../../arm-none-eabi/lib/thumb/v6-m/libc_nano.a(lib_a-memset.o)
 .ARM.attributes
                0x000000000000035d       0x2c /mnt/c/Users/Stephen/Documents/Repositories/acconeer/compilers/gcc-arm-none-eabi-7-2018-q2-update/bin/../lib/gcc/arm-none-eabi/7.3.1/../../../../arm-none-eabi/lib/thumb/v6-m/libc_nano.a(lib_a-nano-freer.o)
 .ARM.attributes
                0x0000000000000389       0x2c /mnt/c/Users/Stephen/Documents/Repositories/acconeer/compilers/gcc-arm-none-eabi-7-2018-q2-update/bin/../lib/gcc/arm-none-eabi/7.3.1/../../../../arm-none-eabi/lib/thumb/v6-m/libc_nano.a(lib_a-nano-mallocr.o)
 .ARM.attributes
                0x00000000000003b5       0x2c /mnt/c/Users/Stephen/Documents/Repositories/acconeer/compilers/gcc-arm-none-eabi-7-2018-q2-update/bin/../lib/gcc/arm-none-eabi/7.3.1/../../../../arm-none-eabi/lib/thumb/v6-m/libc_nano.a(lib_a-sbrkr.o)
 .ARM.attributes
                0x00000000000003e1       0x2c /mnt/c/Users/Stephen/Documents/Repositories/acconeer/compilers/gcc-arm-none-eabi-7-2018-q2-update/bin/../lib/gcc/arm-none-eabi/7.3.1/../../../../arm-none-eabi/lib/thumb/v6-m/libc_nano.a(lib_a-stdio.o)
 .ARM.attributes
                0x000000000000040d       0x2c /mnt/c/Users/Stephen/Documents/Repositories/acconeer/compilers/gcc-arm-none-eabi-7-2018-q2-update/bin/../lib/gcc/arm-none-eabi/7.3.1/../../../../arm-none-eabi/lib/thumb/v6-m/libc_nano.a(lib_a-writer.o)
 .ARM.attributes
                0x0000000000000439       0x2c /mnt/c/Users/Stephen/Documents/Repositories/acconeer/compilers/gcc-arm-none-eabi-7-2018-q2-update/bin/../lib/gcc/arm-none-eabi/7.3.1/../../../../arm-none-eabi/lib/thumb/v6-m/libc_nano.a(lib_a-closer.o)
 .ARM.attributes
                0x0000000000000465       0x2c /mnt/c/Users/Stephen/Documents/Repositories/acconeer/compilers/gcc-arm-none-eabi-7-2018-q2-update/bin/../lib/gcc/arm-none-eabi/7.3.1/../../../../arm-none-eabi/lib/thumb/v6-m/libc_nano.a(lib_a-lseekr.o)
 .ARM.attributes
                0x0000000000000491       0x2c /mnt/c/Users/Stephen/Documents/Repositories/acconeer/compilers/gcc-arm-none-eabi-7-2018-q2-update/bin/../lib/gcc/arm-none-eabi/7.3.1/../../../../arm-none-eabi/lib/thumb/v6-m/libc_nano.a(lib_a-mlock.o)
 .ARM.attributes
                0x00000000000004bd       0x2c /mnt/c/Users/Stephen/Documents/Repositories/acconeer/compilers/gcc-arm-none-eabi-7-2018-q2-update/bin/../lib/gcc/arm-none-eabi/7.3.1/../../../../arm-none-eabi/lib/thumb/v6-m/libc_nano.a(lib_a-readr.o)
 .ARM.attributes
                0x00000000000004e9       0x2c /mnt/c/Users/Stephen/Documents/Repositories/acconeer/compilers/gcc-arm-none-eabi-7-2018-q2-update/bin/../lib/gcc/arm-none-eabi/7.3.1/../../../../arm-none-eabi/lib/thumb/v6-m/libc_nano.a(lib_a-reent.o)
 .ARM.attributes
                0x0000000000000515       0x2c /mnt/c/Users/Stephen/Documents/Repositories/acconeer/compilers/gcc-arm-none-eabi-7-2018-q2-update/bin/../lib/gcc/arm-none-eabi/7.3.1/../../../../arm-none-eabi/lib/thumb/v6-m/libnosys.a(close.o)
 .ARM.attributes
                0x0000000000000541       0x2c /mnt/c/Users/Stephen/Documents/Repositories/acconeer/compilers/gcc-arm-none-eabi-7-2018-q2-update/bin/../lib/gcc/arm-none-eabi/7.3.1/../../../../arm-none-eabi/lib/thumb/v6-m/libnosys.a(lseek.o)
 .ARM.attributes
                0x000000000000056d       0x2c /mnt/c/Users/Stephen/Documents/Repositories/acconeer/compilers/gcc-arm-none-eabi-7-2018-q2-update/bin/../lib/gcc/arm-none-eabi/7.3.1/../../../../arm-none-eabi/lib/thumb/v6-m/libnosys.a(read.o)
 .ARM.attributes
                0x0000000000000599       0x1e /mnt/c/Users/Stephen/Documents/Repositories/acconeer/compilers/gcc-arm-none-eabi-7-2018-q2-update/bin/../lib/gcc/arm-none-eabi/7.3.1/thumb/v6-m/crtn.o
 .ARM.attributes
                0x00000000000005b7       0x2c /mnt/c/Users/Stephen/Documents/Repositories/acconeer/compilers/gcc-arm-none-eabi-7-2018-q2-update/bin/../lib/gcc/arm-none-eabi/7.3.1/../../../../arm-none-eabi/lib/thumb/v6-m/libm.a(lib_a-s_cos.o)
 .ARM.attributes
                0x00000000000005e3       0x2c /mnt/c/Users/Stephen/Documents/Repositories/acconeer/compilers/gcc-arm-none-eabi-7-2018-q2-update/bin/../lib/gcc/arm-none-eabi/7.3.1/../../../../arm-none-eabi/lib/thumb/v6-m/libm.a(lib_a-sf_fmax.o)
 .ARM.attributes
                0x000000000000060f       0x2c /mnt/c/Users/Stephen/Documents/Repositories/acconeer/compilers/gcc-arm-none-eabi-7-2018-q2-update/bin/../lib/gcc/arm-none-eabi/7.3.1/../../../../arm-none-eabi/lib/thumb/v6-m/libm.a(lib_a-sf_fpclassify.o)
 .ARM.attributes
                0x000000000000063b       0x2c /mnt/c/Users/Stephen/Documents/Repositories/acconeer/compilers/gcc-arm-none-eabi-7-2018-q2-update/bin/../lib/gcc/arm-none-eabi/7.3.1/../../../../arm-none-eabi/lib/thumb/v6-m/libm.a(lib_a-sf_round.o)
 .ARM.attributes
                0x0000000000000667       0x2c /mnt/c/Users/Stephen/Documents/Repositories/acconeer/compilers/gcc-arm-none-eabi-7-2018-q2-update/bin/../lib/gcc/arm-none-eabi/7.3.1/../../../../arm-none-eabi/lib/thumb/v6-m/libm.a(lib_a-w_sqrt.o)
 .ARM.attributes
                0x0000000000000693       0x2c /mnt/c/Users/Stephen/Documents/Repositories/acconeer/compilers/gcc-arm-none-eabi-7-2018-q2-update/bin/../lib/gcc/arm-none-eabi/7.3.1/../../../../arm-none-eabi/lib/thumb/v6-m/libm.a(lib_a-wf_exp.o)
 .ARM.attributes
                0x00000000000006bf       0x2c /mnt/c/Users/Stephen/Documents/Repositories/acconeer/compilers/gcc-arm-none-eabi-7-2018-q2-update/bin/../lib/gcc/arm-none-eabi/7.3.1/../../../../arm-none-eabi/lib/thumb/v6-m/libm.a(lib_a-wf_log10.o)
 .ARM.attributes
                0x00000000000006eb       0x2c /mnt/c/Users/Stephen/Documents/Repositories/acconeer/compilers/gcc-arm-none-eabi-7-2018-q2-update/bin/../lib/gcc/arm-none-eabi/7.3.1/../../../../arm-none-eabi/lib/thumb/v6-m/libm.a(lib_a-e_rem_pio2.o)
 .ARM.attributes
                0x0000000000000717       0x2c /mnt/c/Users/Stephen/Documents/Repositories/acconeer/compilers/gcc-arm-none-eabi-7-2018-q2-update/bin/../lib/gcc/arm-none-eabi/7.3.1/../../../../arm-none-eabi/lib/thumb/v6-m/libm.a(lib_a-e_sqrt.o)
 .ARM.attributes
                0x0000000000000743       0x2c /mnt/c/Users/Stephen/Documents/Repositories/acconeer/compilers/gcc-arm-none-eabi-7-2018-q2-update/bin/../lib/gcc/arm-none-eabi/7.3.1/../../../../arm-none-eabi/lib/thumb/v6-m/libm.a(lib_a-ef_exp.o)
 .ARM.attributes
                0x000000000000076f       0x2c /mnt/c/Users/Stephen/Documents/Repositories/acconeer/compilers/gcc-arm-none-eabi-7-2018-q2-update/bin/../lib/gcc/arm-none-eabi/7.3.1/../../../../arm-none-eabi/lib/thumb/v6-m/libm.a(lib_a-ef_log10.o)
 .ARM.attributes
                0x000000000000079b       0x2c /mnt/c/Users/Stephen/Documents/Repositories/acconeer/compilers/gcc-arm-none-eabi-7-2018-q2-update/bin/../lib/gcc/arm-none-eabi/7.3.1/../../../../arm-none-eabi/lib/thumb/v6-m/libm.a(lib_a-k_cos.o)
 .ARM.attributes
                0x00000000000007c7       0x2c /mnt/c/Users/Stephen/Documents/Repositories/acconeer/compilers/gcc-arm-none-eabi-7-2018-q2-update/bin/../lib/gcc/arm-none-eabi/7.3.1/../../../../arm-none-eabi/lib/thumb/v6-m/libm.a(lib_a-k_rem_pio2.o)
 .ARM.attributes
                0x00000000000007f3       0x2c /mnt/c/Users/Stephen/Documents/Repositories/acconeer/compilers/gcc-arm-none-eabi-7-2018-q2-update/bin/../lib/gcc/arm-none-eabi/7.3.1/../../../../arm-none-eabi/lib/thumb/v6-m/libm.a(lib_a-k_sin.o)
 .ARM.attributes
                0x000000000000081f       0x2c /mnt/c/Users/Stephen/Documents/Repositories/acconeer/compilers/gcc-arm-none-eabi-7-2018-q2-update/bin/../lib/gcc/arm-none-eabi/7.3.1/../../../../arm-none-eabi/lib/thumb/v6-m/libm.a(lib_a-s_fabs.o)
 .ARM.attributes
                0x000000000000084b       0x2c /mnt/c/Users/Stephen/Documents/Repositories/acconeer/compilers/gcc-arm-none-eabi-7-2018-q2-update/bin/../lib/gcc/arm-none-eabi/7.3.1/../../../../arm-none-eabi/lib/thumb/v6-m/libm.a(lib_a-s_floor.o)
 .ARM.attributes
                0x0000000000000877       0x2c /mnt/c/Users/Stephen/Documents/Repositories/acconeer/compilers/gcc-arm-none-eabi-7-2018-q2-update/bin/../lib/gcc/arm-none-eabi/7.3.1/../../../../arm-none-eabi/lib/thumb/v6-m/libm.a(lib_a-s_lib_ver.o)
 .ARM.attributes
                0x00000000000008a3       0x2c /mnt/c/Users/Stephen/Documents/Repositories/acconeer/compilers/gcc-arm-none-eabi-7-2018-q2-update/bin/../lib/gcc/arm-none-eabi/7.3.1/../../../../arm-none-eabi/lib/thumb/v6-m/libm.a(lib_a-s_matherr.o)
 .ARM.attributes
                0x00000000000008cf       0x2c /mnt/c/Users/Stephen/Documents/Repositories/acconeer/compilers/gcc-arm-none-eabi-7-2018-q2-update/bin/../lib/gcc/arm-none-eabi/7.3.1/../../../../arm-none-eabi/lib/thumb/v6-m/libm.a(lib_a-s_nan.o)
 .ARM.attributes
                0x00000000000008fb       0x2c /mnt/c/Users/Stephen/Documents/Repositories/acconeer/compilers/gcc-arm-none-eabi-7-2018-q2-update/bin/../lib/gcc/arm-none-eabi/7.3.1/../../../../arm-none-eabi/lib/thumb/v6-m/libm.a(lib_a-s_scalbn.o)
 .ARM.attributes
                0x0000000000000927       0x2c /mnt/c/Users/Stephen/Documents/Repositories/acconeer/compilers/gcc-arm-none-eabi-7-2018-q2-update/bin/../lib/gcc/arm-none-eabi/7.3.1/../../../../arm-none-eabi/lib/thumb/v6-m/libm.a(lib_a-sf_finite.o)
 .ARM.attributes
                0x0000000000000953       0x2c /mnt/c/Users/Stephen/Documents/Repositories/acconeer/compilers/gcc-arm-none-eabi-7-2018-q2-update/bin/../lib/gcc/arm-none-eabi/7.3.1/../../../../arm-none-eabi/lib/thumb/v6-m/libm.a(lib_a-ef_log.o)
 .ARM.attributes
                0x000000000000097f       0x2c /mnt/c/Users/Stephen/Documents/Repositories/acconeer/compilers/gcc-arm-none-eabi-7-2018-q2-update/bin/../lib/gcc/arm-none-eabi/7.3.1/../../../../arm-none-eabi/lib/thumb/v6-m/libm.a(lib_a-s_copysign.o)
 .ARM.attributes
                0x00000000000009ab       0x32 out/lib/libwrapprintf.a(acc_wrap_printf.o)
 .ARM.attributes
                0x00000000000009dd       0x32 out/lib/libwrapprintf.a(printf.o)
 .ARM.attributes
                0x0000000000000a0f       0x1e /mnt/c/Users/Stephen/Documents/Repositories/acconeer/compilers/gcc-arm-none-eabi-7-2018-q2-update/bin/../lib/gcc/arm-none-eabi/7.3.1/thumb/v6-m/libgcc.a(_thumb1_case_sqi.o)
 .ARM.attributes
                0x0000000000000a2d       0x1e /mnt/c/Users/Stephen/Documents/Repositories/acconeer/compilers/gcc-arm-none-eabi-7-2018-q2-update/bin/../lib/gcc/arm-none-eabi/7.3.1/thumb/v6-m/libgcc.a(_thumb1_case_uqi.o)
 .ARM.attributes
                0x0000000000000a4b       0x1e /mnt/c/Users/Stephen/Documents/Repositories/acconeer/compilers/gcc-arm-none-eabi-7-2018-q2-update/bin/../lib/gcc/arm-none-eabi/7.3.1/thumb/v6-m/libgcc.a(_thumb1_case_uhi.o)
 .ARM.attributes
                0x0000000000000a69       0x1e /mnt/c/Users/Stephen/Documents/Repositories/acconeer/compilers/gcc-arm-none-eabi-7-2018-q2-update/bin/../lib/gcc/arm-none-eabi/7.3.1/thumb/v6-m/libgcc.a(_udivsi3.o)
 .ARM.attributes
                0x0000000000000a87       0x1e /mnt/c/Users/Stephen/Documents/Repositories/acconeer/compilers/gcc-arm-none-eabi-7-2018-q2-update/bin/../lib/gcc/arm-none-eabi/7.3.1/thumb/v6-m/libgcc.a(_divsi3.o)
 .ARM.attributes
                0x0000000000000aa5       0x1e /mnt/c/Users/Stephen/Documents/Repositories/acconeer/compilers/gcc-arm-none-eabi-7-2018-q2-update/bin/../lib/gcc/arm-none-eabi/7.3.1/thumb/v6-m/libgcc.a(_dvmd_tls.o)
 .ARM.attributes
                0x0000000000000ac3       0x1e /mnt/c/Users/Stephen/Documents/Repositories/acconeer/compilers/gcc-arm-none-eabi-7-2018-q2-update/bin/../lib/gcc/arm-none-eabi/7.3.1/thumb/v6-m/libgcc.a(_arm_cmpdf2.o)
 .ARM.attributes
                0x0000000000000ae1       0x1e /mnt/c/Users/Stephen/Documents/Repositories/acconeer/compilers/gcc-arm-none-eabi-7-2018-q2-update/bin/../lib/gcc/arm-none-eabi/7.3.1/thumb/v6-m/libgcc.a(_arm_cmpsf2.o)
 .ARM.attributes
                0x0000000000000aff       0x1e /mnt/c/Users/Stephen/Documents/Repositories/acconeer/compilers/gcc-arm-none-eabi-7-2018-q2-update/bin/../lib/gcc/arm-none-eabi/7.3.1/thumb/v6-m/libgcc.a(_aeabi_uldivmod.o)
 .ARM.attributes
                0x0000000000000b1d       0x2c /mnt/c/Users/Stephen/Documents/Repositories/acconeer/compilers/gcc-arm-none-eabi-7-2018-q2-update/bin/../lib/gcc/arm-none-eabi/7.3.1/thumb/v6-m/libgcc.a(_fixunssfsi.o)
 .ARM.attributes
                0x0000000000000b49       0x2c /mnt/c/Users/Stephen/Documents/Repositories/acconeer/compilers/gcc-arm-none-eabi-7-2018-q2-update/bin/../lib/gcc/arm-none-eabi/7.3.1/thumb/v6-m/libgcc.a(_udivmoddi4.o)
 .ARM.attributes
                0x0000000000000b75       0x2c /mnt/c/Users/Stephen/Documents/Repositories/acconeer/compilers/gcc-arm-none-eabi-7-2018-q2-update/bin/../lib/gcc/arm-none-eabi/7.3.1/thumb/v6-m/libgcc.a(eqsf2.o)
 .ARM.attributes
                0x0000000000000ba1       0x2c /mnt/c/Users/Stephen/Documents/Repositories/acconeer/compilers/gcc-arm-none-eabi-7-2018-q2-update/bin/../lib/gcc/arm-none-eabi/7.3.1/thumb/v6-m/libgcc.a(gesf2.o)
 .ARM.attributes
                0x0000000000000bcd       0x2c /mnt/c/Users/Stephen/Documents/Repositories/acconeer/compilers/gcc-arm-none-eabi-7-2018-q2-update/bin/../lib/gcc/arm-none-eabi/7.3.1/thumb/v6-m/libgcc.a(lesf2.o)
 .ARM.attributes
                0x0000000000000bf9       0x2c /mnt/c/Users/Stephen/Documents/Repositories/acconeer/compilers/gcc-arm-none-eabi-7-2018-q2-update/bin/../lib/gcc/arm-none-eabi/7.3.1/thumb/v6-m/libgcc.a(unordsf2.o)
 .ARM.attributes
                0x0000000000000c25       0x2c /mnt/c/Users/Stephen/Documents/Repositories/acconeer/compilers/gcc-arm-none-eabi-7-2018-q2-update/bin/../lib/gcc/arm-none-eabi/7.3.1/thumb/v6-m/libgcc.a(fixsfsi.o)
 .ARM.attributes
                0x0000000000000c51       0x2c /mnt/c/Users/Stephen/Documents/Repositories/acconeer/compilers/gcc-arm-none-eabi-7-2018-q2-update/bin/../lib/gcc/arm-none-eabi/7.3.1/thumb/v6-m/libgcc.a(floatsisf.o)
 .ARM.attributes
                0x0000000000000c7d       0x2c /mnt/c/Users/Stephen/Documents/Repositories/acconeer/compilers/gcc-arm-none-eabi-7-2018-q2-update/bin/../lib/gcc/arm-none-eabi/7.3.1/thumb/v6-m/libgcc.a(floatunsisf.o)