Archive member included to satisfy reference by file (symbol)

lib/libacconeer.a(acc_rss.o)  out/obj/reg_interface.o (symbol from plugin) (acc_rss_activate)
lib/libacconeer.a(acc_service_envelope.o)
                              out/obj/reg_interface.o (symbol from plugin) (acc_service_envelope_configuration_create)
lib/libacconeer.a(acc_service_manager.o)
                              acc_rss.o (symbol from plugin) (acc_service_manager_activate)
lib/libacconeer.a(acc_service_sparse.o)
                              out/obj/reg_interface.o (symbol from plugin) (acc_service_sparse_configuration_create)
lib/libacconeer.a(acc_service.o)
                              acc_service_envelope.o (symbol from plugin) (acc_service_get_base_configuration)
lib/libacconeer.a(acc_base_configuration.o)
                              acc_service.o (symbol from plugin) (acc_base_configuration_sensor_get)
lib/libacconeer.a(acc_rss_integration.o)
                              acc_rss.o (symbol from plugin) (concrete_hal)
lib/libacconeer.a(acc_pipeline_direct.o)
                              acc_service_sparse.o (symbol from plugin) (acc_pipeline_direct_assemble)
lib/libacconeer.a(acc_pipeline_envelope.o)
                              acc_service_envelope.o (symbol from plugin) (acc_pipeline_envelope_assemble)
lib/libacconeer.a(acc_radar_engine_linear.o)
                              acc_service_envelope.o (symbol from plugin) (acc_radar_engine_linear_create)
lib/libacconeer.a(acc_radar_engine_sparse.o)
                              acc_service_sparse.o (symbol from plugin) (acc_radar_engine_sparse_create)
lib/libacconeer.a(acc_radar_engine.o)
                              acc_radar_engine_linear.o (symbol from plugin) (acc_radar_engine_acquire_adc_data)
lib/libacconeer.a(acc_radar_engine_common_sweep_w_dly.o)
                              acc_radar_engine_linear.o (symbol from plugin) (acc_radar_engine_common_sweep_w_dly_initialize_range)
lib/libacconeer.a(acc_radar_engine_common.o)
                              acc_radar_engine_linear.o (symbol from plugin) (acc_radar_engine_common_get_timeout_ms)
lib/libacconeer.a(acc_sensor_comm_r2.o)
                              acc_radar_engine_linear.o (symbol from plugin) (acc_sensor_r2_get_max_header_length)
lib/libacconeer.a(acc_sensor_manager.o)
                              acc_rss.o (symbol from plugin) (acc_sensor_manager_activate)
lib/libacconeer.a(acc_sensor_protocol_r2.o)
                              acc_radar_engine_linear.o (symbol from plugin) (acc_sensor_protocol_r2_ack_event)
lib/libacconeer.a(acc_sweep_manager.o)
                              acc_sensor_manager.o (symbol from plugin) (acc_sweep_manager_prepare)
lib/libacconeer.a(acc_utils.o)
                              acc_rss_integration.o (symbol from plugin) (acc_utils_swap16_array)
lib/libacconeer.a(acc_alg_cca.o)
                              acc_radar_engine_linear.o (symbol from plugin) (acc_alg_cca_calculate)
lib/libacconeer.a(acc_assert.o)
                              acc_rss_integration.o (symbol from plugin) (acc_assert_fail)
lib/libacconeer.a(acc_element.o)
                              acc_pipeline_envelope.o (symbol from plugin) (acc_element_sizeof)
lib/libacconeer.a(acc_element_abs.o)
                              acc_pipeline_envelope.o (symbol from plugin) (acc_element_abs_init)
lib/libacconeer.a(acc_element_centering.o)
                              acc_pipeline_envelope.o (symbol from plugin) (acc_element_centering_init)
lib/libacconeer.a(acc_element_converter.o)
                              acc_pipeline_envelope.o (symbol from plugin) (acc_element_converter_init)
lib/libacconeer.a(acc_element_crop.o)
                              acc_pipeline_envelope.o (symbol from plugin) (acc_element_crop_init)
lib/libacconeer.a(acc_element_depth_domain_low_pass_filter.o)
                              acc_pipeline_envelope.o (symbol from plugin) (acc_element_depth_domain_low_pass_filter_init)
lib/libacconeer.a(acc_element_iq_mixer.o)
                              acc_pipeline_envelope.o (symbol from plugin) (acc_element_iq_mixer_init)
lib/libacconeer.a(acc_element_noise_level_normalization.o)
                              acc_pipeline_envelope.o (symbol from plugin) (acc_element_noise_level_normalization_init)
lib/libacconeer.a(acc_element_phase_compensation.o)
                              acc_pipeline_envelope.o (symbol from plugin) (acc_element_phase_compensation_init)
lib/libacconeer.a(acc_element_saturation_check.o)
                              acc_pipeline_direct.o (symbol from plugin) (acc_element_saturation_check_init)
lib/libacconeer.a(acc_element_time_domain_low_pass_filter.o)
                              acc_pipeline_envelope.o (symbol from plugin) (acc_element_time_domain_low_pass_filter_init)
lib/libacconeer.a(acc_element_sink_callback.o)
                              acc_pipeline_direct.o (symbol from plugin) (acc_element_sink_callback_init)
lib/libacconeer.a(acc_element_source_adc.o)
[...]
Memory Configuration

Name             Origin             Length             Attributes
RAM              0x0000000020000000 0x0000000000009000 xrw
FLASH            0x0000000008000000 0x0000000000020000 xr
*default*        0x0000000000000000 0xffffffffffffffff

Linker script and memory map

LOAD /mnt/d/Git/acconeer/compilers/gcc-arm-none-eabi-7-2018-q2-update/bin/../lib/gcc/arm-none-eabi/7.3.1/thumb/v6-m/crti.o
LOAD /mnt/d/Git/acconeer/compilers/gcc-arm-none-eabi-7-2018-q2-update/bin/../lib/gcc/arm-none-eabi/7.3.1/thumb/v6-m/crtbegin.o
LOAD /mnt/d/Git/acconeer/compilers/gcc-arm-none-eabi-7-2018-q2-update/bin/../lib/gcc/arm-none-eabi/7.3.1/../../../../arm-none-eabi/lib/thumb/v6-m/crt0.o
LOAD /tmp/cc5ufPvB.ltrans0.ltrans.o
LOAD /tmp/cc5ufPvB.ltrans1.ltrans.o
LOAD out/obj/syscalls.o
LOAD out/obj/startup_stm32g071xx.o
LOAD out/obj/sysmem.o
START GROUP
LOAD lib/libacc_detector_distance.a
LOAD lib/libacc_detector_presence.a
LOAD lib/libacc_rf_certification_test.a
LOAD lib/libacconeer.a
LOAD /mnt/d/Git/acconeer/compilers/gcc-arm-none-eabi-7-2018-q2-update/bin/../lib/gcc/arm-none-eabi/7.3.1/../../../../arm-none-eabi/lib/thumb/v6-m/libm.a
LOAD out/lib/libwrapprintf.a
LOAD out/lib/libstm32cube_fw_g0.a
END GROUP
START GROUP
LOAD /mnt/d/Git/acconeer/compilers/gcc-arm-none-eabi-7-2018-q2-update/bin/../lib/gcc/arm-none-eabi/7.3.1/thumb/v6-m/libgcc.a
LOAD /mnt/d/Git/acconeer/compilers/gcc-arm-none-eabi-7-2018-q2-update/bin/../lib/gcc/arm-none-eabi/7.3.1/../../../../arm-none-eabi/lib/thumb/v6-m/libg_nano.a
LOAD /mnt/d/Git/acconeer/compilers/gcc-arm-none-eabi-7-2018-q2-update/bin/../lib/gcc/arm-none-eabi/7.3.1/../../../../arm-none-eabi/lib/thumb/v6-m/libc_nano.a
END GROUP
START GROUP
LOAD /mnt/d/Git/acconeer/compilers/gcc-arm-none-eabi-7-2018-q2-update/bin/../lib/gcc/arm-none-eabi/7.3.1/thumb/v6-m/libgcc.a
LOAD /mnt/d/Git/acconeer/compilers/gcc-arm-none-eabi-7-2018-q2-update/bin/../lib/gcc/arm-none-eabi/7.3.1/../../../../arm-none-eabi/lib/thumb/v6-m/libc_nano.a
LOAD /mnt/d/Git/acconeer/compilers/gcc-arm-none-eabi-7-2018-q2-update/bin/../lib/gcc/arm-none-eabi/7.3.1/../../../../arm-none-eabi/lib/thumb/v6-m/libnosys.a
END GROUP
START GROUP
LOAD /mnt/d/Git/acconeer/compilers/gcc-arm-none-eabi-7-2018-q2-update/bin/../lib/gcc/arm-none-eabi/7.3.1/thumb/v6-m/libgcc.a
LOAD /mnt/d/Git/acconeer/compilers/gcc-arm-none-eabi-7-2018-q2-update/bin/../lib/gcc/arm-none-eabi/7.3.1/../../../../arm-none-eabi/lib/thumb/v6-m/libc_nano.a
LOAD /mnt/d/Git/acconeer/compilers/gcc-arm-none-eabi-7-2018-q2-update/bin/../lib/gcc/arm-none-eabi/7.3.1/../../../../arm-none-eabi/lib/thumb/v6-m/libnosys.a
END GROUP
LOAD /mnt/d/Git/acconeer/compilers/gcc-arm-none-eabi-7-2018-q2-update/bin/../lib/gcc/arm-none-eabi/7.3.1/thumb/v6-m/crtend.o
LOAD /mnt/d/Git/acconeer/compilers/gcc-arm-none-eabi-7-2018-q2-update/bin/../lib/gcc/arm-none-eabi/7.3.1/thumb/v6-m/crtn.o
                0x0000000020009000                _estack = 0x20009000
                0x0000000000000200                _Min_Heap_Size = 0x200
                0x0000000000001400                _Min_Stack_Size = 0x1400

.isr_vector     0x0000000008000000       0xbc
                0x0000000008000000                . = ALIGN (0x4)
 *(.isr_vector)
 .isr_vector    0x0000000008000000       0xbc out/obj/startup_stm32g071xx.o
                0x0000000008000000                g_pfnVectors
                0x00000000080000bc                . = ALIGN (0x4)

.text           0x00000000080000bc    0x167a0
                0x00000000080000bc                . = ALIGN (0x4)
 *(.text)
 .text          0x00000000080000bc       0x48 /mnt/d/Git/acconeer/compilers/gcc-arm-none-eabi-7-2018-q2-update/bin/../lib/gcc/arm-none-eabi/7.3.1/thumb/v6-m/crtbegin.o
 .text          0x0000000008000104     0xb0c4 /tmp/cc5ufPvB.ltrans0.ltrans.o
                0x0000000008002abc                acc_sensor_protocol_r2_ack_event
                0x00000000080051b4                acc_assert_fail
                0x0000000008005698                acc_sensor_protocol_r2_is_sensor_running
                0x0000000008005720                acc_rss_integration_mem_alloc_debug
                0x0000000008006680                acc_rss_integration_sensor_device_transfer
                0x00000000080066bc                acc_sensor_r2_conf_write_instr
                0x0000000008007e6c                acc_rss_integration_get_sensor_reference_frequency
                0x000000000800aa60                HAL_UART_TxCpltCallback
                0x000000000800aa9c                HAL_UART_RxCpltCallback
                0x000000000800ab34                HAL_RTCEx_WakeUpTimerEventCallback
                0x000000000800ab40                HAL_RTC_AlarmAEventCallback
                0x000000000800ab50                SystemInit
                0x000000000800ab60                USART1_IRQHandler
                0x000000000800ab70                I2C1_IRQHandler
                0x000000000800ab98                DMA1_Channel2_3_IRQHandler
                0x000000000800aba8                DMA1_Channel1_IRQHandler
                0x000000000800abb8                EXTI4_15_IRQHandler
                0x000000000800abc2                EXTI2_3_IRQHandler
                0x000000000800abcc                RTC_TAMP_IRQHandler
                0x000000000800abe4                SysTick_Handler
                0x000000000800abec                PendSV_Handler
                0x000000000800abee                SVC_Handler
                0x000000000800abf0                HardFault_Handler
                0x000000000800abf2                NMI_Handler
                0x000000000800abf4                HAL_UART_MspDeInit
                0x000000000800ac5c                HAL_UART_MspInit
                0x000000000800ad80                HAL_SPI_MspInit
                0x000000000800ade0                HAL_RTC_MspInit
                0x000000000800ae28                HAL_I2C_MspInit
                0x000000000800aea0                HAL_MspInit
                0x000000000800b174                main
 .text          0x000000000800b1c8     0x51f4 /tmp/cc5ufPvB.ltrans1.ltrans.o
                0x000000000800ccd4                acc_rss_integration_mem_calloc_debug.constprop.64
                0x000000000800ccec                internal_buffer_processed_read.constprop.29
                0x000000000800cd94                acc_sensor_reg_write
                0x000000000800cdae                acc_diagnostic_log_data_i16.constprop.19
                0x000000000800cdb0                acc_confprogram_live_patch.constprop.15
                0x000000000800cf0c                get_dt.constprop.9
                0x000000000800cf44                points_to_meter.constprop.8
                0x000000000800cf70                HAL_UARTEx_SetRxFifoThreshold
                0x000000000800cfbc                HAL_UARTEx_SetTxFifoThreshold
                0x000000000800d004                HAL_UARTEx_DisableFifoMode
                0x000000000800d044                HAL_UART_IRQHandler
                0x000000000800d18c                HAL_UART_Receive_IT
                0x000000000800d2ec                HAL_UART_Transmit_IT
                0x000000000800d3c0                HAL_UART_DeInit
                0x000000000800d3fe                HAL_SPI_Init
                0x000000000800d4cc                HAL_RTCEx_WakeUpTimerIRQHandler
                0x000000000800d4ee                HAL_RTC_AlarmIRQHandler
                0x000000000800d52e                HAL_RTC_GetDate
                0x000000000800d578                HAL_RTC_GetTime
                0x000000000800d5d0                HAL_I2CEx_ConfigDigitalFilter
                0x000000000800d624                HAL_I2CEx_ConfigAnalogFilter
                0x000000000800d67c                HAL_I2C_ER_IRQHandler
                0x000000000800d6da                HAL_I2C_EV_IRQHandler
                0x000000000800d6ec                HAL_I2C_Init
                0x000000000800d7b8                HAL_ResumeTick
                0x000000000800d7c8                HAL_SuspendTick
                0x000000000800d7d8                HAL_GetTick
                0x000000000800d8c0                HAL_UART_Init
                0x000000000800d930                HAL_UART_Transmit
                0x000000000800dbd0                HAL_SPI_TransmitReceive
                0x000000000800dea0                HAL_RTCEx_DeactivateWakeUpTimer
                0x000000000800df2c                HAL_RTCEx_SetWakeUpTimer_IT
                0x000000000800e0c8                HAL_RTC_SetDate
                0x000000000800e174                HAL_RTC_SetTime
                0x000000000800e240                HAL_RTC_Init
                0x000000000800e2ec                HAL_RTC_DeactivateAlarm
                0x000000000800e3d0                HAL_RTC_SetAlarm_IT
                0x000000000800e580                HAL_Delay
                0x000000000800e614                HAL_IncTick
                0x000000000800e624                HAL_NVIC_DisableIRQ
                0x000000000800e644                HAL_NVIC_EnableIRQ
                0x000000000800e65c                HAL_NVIC_SetPriority
                0x000000000800e6fc                HAL_Init
                0x000000000800e724                HAL_PWREx_ControlVoltageScaling
                0x000000000800e778                HAL_PWR_DisableSleepOnExit
                0x000000000800e788                HAL_PWR_EnterSTOPMode
                0x000000000800e7d4                HAL_PWR_EnterSLEEPMode
                0x000000000800e820                HAL_DMA_IRQHandler
                0x000000000800e8ec                HAL_DMA_DeInit
                0x000000000800e978                HAL_DMA_Init
                0x000000000800ea28                HAL_FLASHEx_OBGetConfig
                0x000000000800ea84                HAL_FLASHEx_OBProgram
                0x000000000800eb6c                HAL_FLASH_OB_Launch
                0x000000000800eb80                HAL_FLASH_OB_Lock
                0x000000000800eba0                HAL_FLASH_OB_Unlock
                0x000000000800ebd0                HAL_FLASH_Lock
                0x000000000800ebf0                HAL_FLASH_Unlock
                0x000000000800ec20                HAL_RCCEx_PeriphCLKConfig
                0x000000000800ee64                HAL_RCC_ClockConfig
                0x000000000800efec                HAL_RCC_OscConfig
                0x000000000800f4a8                HAL_GPIO_EXTI_IRQHandler
                0x000000000800f4cc                HAL_GPIO_WritePin
                0x000000000800f4d8                HAL_GPIO_ReadPin
                0x000000000800f4e6                HAL_GPIO_DeInit
                0x000000000800f5dc                HAL_GPIO_Init
                0x000000000800f750                biquad_q3_12_complex_direct_form_1.lto_priv.532
                0x000000000800f858                acc_confprogram_copy
                0x000000000800f858                acc_utils_uint32_to_transfer_buffer
                0x000000000800f8e8                acc_confprogram_patch_offset
                0x000000000800fa3c                acc_diagnostic_log_data_u16
                0x000000000800fa3e                acc_diagnostic_log_scalar
                0x000000000800fa40                acc_diagnostic_log_array
                0x000000000800fa42                acc_diagnostic_log_set_parameter
                0x000000000800fa44                acc_diagnostic_log_declare_parameter
                0x000000000800fa46                acc_diagnostic_log_set_scope
                0x000000000800fa48                accumulator_mod.lto_priv.531
                0x000000000800fa84                acc_alg_basic_saturation_check_u16
                0x000000000800fae0                eval_even_poly_f32.lto_priv.534
                0x000000000800fb12                quarter_pi_cos_sin_f32.lto_priv.533
                0x000000000800fb5c                acc_alg_basic_math_q3_12_sin
                0x000000000800fb88                acc_alg_basic_math_q3_12_complex_scalar_abs
                0x000000000800fbf0                internal_reg_read.lto_priv.530
                0x000000000800fc3e                acc_sensor_diagnostics_r2_sensor_status
                0x0000000008010050                acc_sensor_protocol_r2_wait_for_event.constprop.26
                0x00000000080101b4                acc_sensor_protocol_r2_stop.constprop.24
                0x0000000008010240                acc_sensor_protocol_r2_prepare_load.constprop.20
                0x000000000801033c                acc_cpd_linear_sweep_get_info
                0x0000000008010368                acc_cpd_linear_sweep_update_program
 .text          0x00000000080103bc      0x334 /mnt/d/Git/acconeer/compilers/gcc-arm-none-eabi-7-2018-q2-update/bin/../lib/gcc/arm-none-eabi/7.3.1/thumb/v6-m/libgcc.a(addsf3.o)
                0x00000000080103bc                __aeabi_fadd
 .text          0x00000000080106f0      0x224 /mnt/d/Git/acconeer/compilers/gcc-arm-none-eabi-7-2018-q2-update/bin/../lib/gcc/arm-none-eabi/7.3.1/thumb/v6-m/libgcc.a(divsf3.o)
                0x00000000080106f0                __aeabi_fdiv
 .text          0x0000000008010914      0x264 /mnt/d/Git/acconeer/compilers/gcc-arm-none-eabi-7-2018-q2-update/bin/../lib/gcc/arm-none-eabi/7.3.1/thumb/v6-m/libgcc.a(mulsf3.o)
                0x0000000008010914                __aeabi_fmul
 .text          0x0000000008010b78      0x388 /mnt/d/Git/acconeer/compilers/gcc-arm-none-eabi-7-2018-q2-update/bin/../lib/gcc/arm-none-eabi/7.3.1/thumb/v6-m/libgcc.a(subsf3.o)
                0x0000000008010b78                __aeabi_fsub
 .text          0x0000000008010f00       0x3c /mnt/d/Git/acconeer/compilers/gcc-arm-none-eabi-7-2018-q2-update/bin/../lib/gcc/arm-none-eabi/7.3.1/thumb/v6-m/libgcc.a(_clzsi2.o)
                0x0000000008010f00                __clzsi2
 .text          0x0000000008010f3c       0x14 /mnt/d/Git/acconeer/compilers/gcc-arm-none-eabi-7-2018-q2-update/bin/../lib/gcc/arm-none-eabi/7.3.1/thumb/v6-m/libgcc.a(_thumb1_case_sqi.o)
                0x0000000008010f3c                __gnu_thumb1_case_sqi
 .text          0x0000000008010f50       0x14 /mnt/d/Git/acconeer/compilers/gcc-arm-none-eabi-7-2018-q2-update/bin/../lib/gcc/arm-none-eabi/7.3.1/thumb/v6-m/libgcc.a(_thumb1_case_uqi.o)
                0x0000000008010f50                __gnu_thumb1_case_uqi
 .text          0x0000000008010f64       0x14 /mnt/d/Git/acconeer/compilers/gcc-arm-none-eabi-7-2018-q2-update/bin/../lib/gcc/arm-none-eabi/7.3.1/thumb/v6-m/libgcc.a(_thumb1_case_uhi.o)
                0x0000000008010f64                __gnu_thumb1_case_uhi
 .text          0x0000000008010f78      0x114 /mnt/d/Git/acconeer/compilers/gcc-arm-none-eabi-7-2018-q2-update/bin/../lib/gcc/arm-none-eabi/7.3.1/thumb/v6-m/libgcc.a(_udivsi3.o)
                0x0000000008010f78                __udivsi3
                0x0000000008010f78                __aeabi_uidiv
                0x0000000008011084                __aeabi_uidivmod
 .text          0x000000000801108c      0x1d4 /mnt/d/Git/acconeer/compilers/gcc-arm-none-eabi-7-2018-q2-update/bin/../lib/gcc/arm-none-eabi/7.3.1/thumb/v6-m/libgcc.a(_divsi3.o)
                0x000000000801108c                __aeabi_idiv
                0x000000000801108c                __divsi3
                0x0000000008011258                __aeabi_idivmod
 .text          0x0000000008011260        0x4 /mnt/d/Git/acconeer/compilers/gcc-arm-none-eabi-7-2018-q2-update/bin/../lib/gcc/arm-none-eabi/7.3.1/thumb/v6-m/libgcc.a(_dvmd_tls.o)
                0x0000000008011260                __aeabi_ldiv0
                0x0000000008011260                __aeabi_idiv0
 .text          0x0000000008011264       0x7c /mnt/d/Git/acconeer/compilers/gcc-arm-none-eabi-7-2018-q2-update/bin/../lib/gcc/arm-none-eabi/7.3.1/thumb/v6-m/libgcc.a(_arm_cmpdf2.o)
                0x0000000008011264                __aeabi_cdrcmple
                0x0000000008011274                __aeabi_cdcmple
                0x0000000008011274                __aeabi_cdcmpeq
                0x0000000008011284                __aeabi_dcmpeq
                0x0000000008011290                __aeabi_dcmplt
                0x00000000080112a4                __aeabi_dcmple
                0x00000000080112b8                __aeabi_dcmpgt
                0x00000000080112cc                __aeabi_dcmpge
 .text          0x00000000080112e0       0x74 /mnt/d/Git/acconeer/compilers/gcc-arm-none-eabi-7-2018-q2-update/bin/../lib/gcc/arm-none-eabi/7.3.1/thumb/v6-m/libgcc.a(_arm_cmpsf2.o)
                0x00000000080112e0                __aeabi_cfrcmple
                0x00000000080112e8                __aeabi_cfcmple
                0x00000000080112e8                __aeabi_cfcmpeq
                0x00000000080112f8                __aeabi_fcmpeq
                0x0000000008011304                __aeabi_fcmplt
                0x0000000008011318                __aeabi_fcmple
                0x000000000801132c                __aeabi_fcmpgt
                0x0000000008011340                __aeabi_fcmpge
 .text          0x0000000008011354       0x40 /mnt/d/Git/acconeer/compilers/gcc-arm-none-eabi-7-2018-q2-update/bin/../lib/gcc/arm-none-eabi/7.3.1/thumb/v6-m/libgcc.a(_aeabi_uldivmod.o)
                0x0000000008011354                __aeabi_uldivmod
 .text          0x0000000008011394       0x30 /mnt/d/Git/acconeer/compilers/gcc-arm-none-eabi-7-2018-q2-update/bin/../lib/gcc/arm-none-eabi/7.3.1/thumb/v6-m/libgcc.a(_fixunssfsi.o)
                0x0000000008011394                __aeabi_f2uiz
                0x0000000008011394                __fixunssfsi
 .text          0x00000000080113c4      0x184 /mnt/d/Git/acconeer/compilers/gcc-arm-none-eabi-7-2018-q2-update/bin/../lib/gcc/arm-none-eabi/7.3.1/thumb/v6-m/libgcc.a(_udivmoddi4.o)
                0x00000000080113c4                __udivmoddi4
 .text          0x0000000008011548       0x50 /mnt/d/Git/acconeer/compilers/gcc-arm-none-eabi-7-2018-q2-update/bin/../lib/gcc/arm-none-eabi/7.3.1/thumb/v6-m/libgcc.a(eqsf2.o)
                0x0000000008011548                __nesf2
                0x0000000008011548                __eqsf2
 .text          0x0000000008011598       0x9c /mnt/d/Git/acconeer/compilers/gcc-arm-none-eabi-7-2018-q2-update/bin/../lib/gcc/arm-none-eabi/7.3.1/thumb/v6-m/libgcc.a(gesf2.o)
                0x0000000008011598                __gtsf2
                0x0000000008011598                __gesf2
 .text          0x0000000008011634       0xa0 /mnt/d/Git/acconeer/compilers/gcc-arm-none-eabi-7-2018-q2-update/bin/../lib/gcc/arm-none-eabi/7.3.1/thumb/v6-m/libgcc.a(lesf2.o)
                0x0000000008011634                __lesf2
                0x0000000008011634                __ltsf2
 .text          0x00000000080116d4       0x2c /mnt/d/Git/acconeer/compilers/gcc-arm-none-eabi-7-2018-q2-update/bin/../lib/gcc/arm-none-eabi/7.3.1/thumb/v6-m/libgcc.a(unordsf2.o)
                0x00000000080116d4                __aeabi_fcmpun
 .text          0x0000000008011700       0x40 /mnt/d/Git/acconeer/compilers/gcc-arm-none-eabi-7-2018-q2-update/bin/../lib/gcc/arm-none-eabi/7.3.1/thumb/v6-m/libgcc.a(fixsfsi.o)
                0x0000000008011700                __aeabi_f2iz
 .text          0x0000000008011740       0x94 /mnt/d/Git/acconeer/compilers/gcc-arm-none-eabi-7-2018-q2-update/bin/../lib/gcc/arm-none-eabi/7.3.1/thumb/v6-m/libgcc.a(floatsisf.o)
                0x0000000008011740                __aeabi_i2f
 .text          0x00000000080117d4       0x80 /mnt/d/Git/acconeer/compilers/gcc-arm-none-eabi-7-2018-q2-update/bin/../lib/gcc/arm-none-eabi/7.3.1/thumb/v6-m/libgcc.a(floatunsisf.o)
                0x00000000080117d4                __aeabi_ui2f
 .text          0x0000000008011854      0x638 /mnt/d/Git/acconeer/compilers/gcc-arm-none-eabi-7-2018-q2-update/bin/../lib/gcc/arm-none-eabi/7.3.1/thumb/v6-m/libgcc.a(adddf3.o)
                0x0000000008011854                __aeabi_dadd
 .text          0x0000000008011e8c      0x604 /mnt/d/Git/acconeer/compilers/gcc-arm-none-eabi-7-2018-q2-update/bin/../lib/gcc/arm-none-eabi/7.3.1/thumb/v6-m/libgcc.a(divdf3.o)
                0x0000000008011e8c                __aeabi_ddiv
 .text          0x0000000008012490       0x78 /mnt/d/Git/acconeer/compilers/gcc-arm-none-eabi-7-2018-q2-update/bin/../lib/gcc/arm-none-eabi/7.3.1/thumb/v6-m/libgcc.a(eqdf2.o)
                0x0000000008012490                __eqdf2
                0x0000000008012490                __nedf2
 .text          0x0000000008012508       0xc8 /mnt/d/Git/acconeer/compilers/gcc-arm-none-eabi-7-2018-q2-update/bin/../lib/gcc/arm-none-eabi/7.3.1/thumb/v6-m/libgcc.a(gedf2.o)
                0x0000000008012508                __gtdf2
                0x0000000008012508                __gedf2
 .text          0x00000000080125d0       0xd0 /mnt/d/Git/acconeer/compilers/gcc-arm-none-eabi-7-2018-q2-update/bin/../lib/gcc/arm-none-eabi/7.3.1/thumb/v6-m/libgcc.a(ledf2.o)
                0x00000000080125d0                __ltdf2
                0x00000000080125d0                __ledf2
 .text          0x00000000080126a0      0x4e4 /mnt/d/Git/acconeer/compilers/gcc-arm-none-eabi-7-2018-q2-update/bin/../lib/gcc/arm-none-eabi/7.3.1/thumb/v6-m/libgcc.a(muldf3.o)
                0x00000000080126a0                __aeabi_dmul
 .text          0x0000000008012b84      0x690 /mnt/d/Git/acconeer/compilers/gcc-arm-none-eabi-7-2018-q2-update/bin/../lib/gcc/arm-none-eabi/7.3.1/thumb/v6-m/libgcc.a(subdf3.o)
                0x0000000008012b84                __aeabi_dsub
 .text          0x0000000008013214       0x38 /mnt/d/Git/acconeer/compilers/gcc-arm-none-eabi-7-2018-q2-update/bin/../lib/gcc/arm-none-eabi/7.3.1/thumb/v6-m/libgcc.a(unorddf2.o)
                0x0000000008013214                __aeabi_dcmpun
 .text          0x000000000801324c       0x6c /mnt/d/Git/acconeer/compilers/gcc-arm-none-eabi-7-2018-q2-update/bin/../lib/gcc/arm-none-eabi/7.3.1/thumb/v6-m/libgcc.a(fixdfsi.o)
                0x000000000801324c                __aeabi_d2iz
 .text          0x00000000080132b8       0x74 /mnt/d/Git/acconeer/compilers/gcc-arm-none-eabi-7-2018-q2-update/bin/../lib/gcc/arm-none-eabi/7.3.1/thumb/v6-m/libgcc.a(floatsidf.o)
                0x00000000080132b8                __aeabi_i2d
 .text          0x000000000801332c       0x64 /mnt/d/Git/acconeer/compilers/gcc-arm-none-eabi-7-2018-q2-update/bin/../lib/gcc/arm-none-eabi/7.3.1/thumb/v6-m/libgcc.a(floatunsidf.o)
                0x000000000801332c                __aeabi_ui2d
 .text          0x0000000008013390       0xa4 /mnt/d/Git/acconeer/compilers/gcc-arm-none-eabi-7-2018-q2-update/bin/../lib/gcc/arm-none-eabi/7.3.1/thumb/v6-m/libgcc.a(extendsfdf2.o)
                0x0000000008013390                __aeabi_f2d
 .text          0x0000000008013434      0x108 /mnt/d/Git/acconeer/compilers/gcc-arm-none-eabi-7-2018-q2-update/bin/../lib/gcc/arm-none-eabi/7.3.1/thumb/v6-m/libgcc.a(truncdfsf2.o)
                0x0000000008013434                __aeabi_d2f
 .text          0x000000000801353c       0x18 /mnt/d/Git/acconeer/compilers/gcc-arm-none-eabi-7-2018-q2-update/bin/../lib/gcc/arm-none-eabi/7.3.1/thumb/v6-m/libgcc.a(_clzdi2.o)
                0x000000000801353c                __clzdi2
 .text          0x0000000008013554        0xe /mnt/d/Git/acconeer/compilers/gcc-arm-none-eabi-7-2018-q2-update/bin/../lib/gcc/arm-none-eabi/7.3.1/../../../../arm-none-eabi/lib/thumb/v6-m/libg_nano.a(lib_a-strlen.o)
                0x0000000008013554                strlen
 *(.text*)
 *fill*         0x0000000008013562        0x2 
 .text._write   0x0000000008013564       0x1c out/obj/syscalls.o
                0x0000000008013564                _write
 .text.Reset_Handler
                0x0000000008013580       0x50 out/obj/startup_stm32g071xx.o
                0x0000000008013580                Reset_Handler
 .text.Default_Handler
                0x00000000080135d0        0x2 out/obj/startup_stm32g071xx.o
                0x00000000080135d0                USART3_4_LPUART1_IRQHandler
                0x00000000080135d0                TIM1_CC_IRQHandler
                0x00000000080135d0                ADC1_COMP_IRQHandler
                0x00000000080135d0                PVD_IRQHandler
                0x00000000080135d0                TIM7_LPTIM2_IRQHandler
                0x00000000080135d0                SPI1_IRQHandler
                0x00000000080135d0                I2C2_IRQHandler
                0x00000000080135d0                TIM17_IRQHandler
                0x00000000080135d0                TIM16_IRQHandler
                0x00000000080135d0                TIM3_IRQHandler
                0x00000000080135d0                RCC_IRQHandler
                0x00000000080135d0                Default_Handler
                0x00000000080135d0                CEC_IRQHandler
                0x00000000080135d0                TIM14_IRQHandler
                0x00000000080135d0                TIM15_IRQHandler
                0x00000000080135d0                EXTI0_1_IRQHandler
                0x00000000080135d0                SPI2_IRQHandler
                0x00000000080135d0                TIM6_DAC_LPTIM1_IRQHandler
                0x00000000080135d0                WWDG_IRQHandler
                0x00000000080135d0                TIM2_IRQHandler
                0x00000000080135d0                DMA1_Ch4_7_DMAMUX1_OVR_IRQHandler
                0x00000000080135d0                UCPD1_2_IRQHandler
                0x00000000080135d0                USART2_IRQHandler
                0x00000000080135d0                FLASH_IRQHandler
                0x00000000080135d0                TIM1_BRK_UP_TRG_COM_IRQHandler
 *fill*         0x00000000080135d2        0x2 
 .text._sbrk    0x00000000080135d4       0x48 out/obj/sysmem.o
                0x00000000080135d4                _sbrk
 .text.__ieee754_sqrtf
                0x000000000801361c       0xb4 /mnt/d/Git/acconeer/compilers/gcc-arm-none-eabi-7-2018-q2-update/bin/../lib/gcc/arm-none-eabi/7.3.1/../../../../arm-none-eabi/lib/thumb/v6-m/libm.a(lib_a-ef_sqrt.o)
                0x000000000801361c                __ieee754_sqrtf
 .text.__errno  0x00000000080136d0        0xc /mnt/d/Git/acconeer/compilers/gcc-arm-none-eabi-7-2018-q2-update/bin/../lib/gcc/arm-none-eabi/7.3.1/../../../../arm-none-eabi/lib/thumb/v6-m/libg_nano.a(lib_a-errno.o)
                0x00000000080136d0                __errno
 .text.__sflush_r
                0x00000000080136dc      0x114 /mnt/d/Git/acconeer/compilers/gcc-arm-none-eabi-7-2018-q2-update/bin/../lib/gcc/arm-none-eabi/7.3.1/../../../../arm-none-eabi/lib/thumb/v6-m/libg_nano.a(lib_a-fflush.o)
                0x00000000080136dc                __sflush_r
 .text._fflush_r
                0x00000000080137f0       0x58 /mnt/d/Git/acconeer/compilers/gcc-arm-none-eabi-7-2018-q2-update/bin/../lib/gcc/arm-none-eabi/7.3.1/../../../../arm-none-eabi/lib/thumb/v6-m/libg_nano.a(lib_a-fflush.o)
                0x00000000080137f0                _fflush_r
 .text.fflush   0x0000000008013848       0x28 /mnt/d/Git/acconeer/compilers/gcc-arm-none-eabi-7-2018-q2-update/bin/../lib/gcc/arm-none-eabi/7.3.1/../../../../arm-none-eabi/lib/thumb/v6-m/libg_nano.a(lib_a-fflush.o)
                0x0000000008013848                fflush
 .text.std      0x0000000008013870       0x48 /mnt/d/Git/acconeer/compilers/gcc-arm-none-eabi-7-2018-q2-update/bin/../lib/gcc/arm-none-eabi/7.3.1/../../../../arm-none-eabi/lib/thumb/v6-m/libg_nano.a(lib_a-findfp.o)
 .text._cleanup_r
                0x00000000080138b8       0x10 /mnt/d/Git/acconeer/compilers/gcc-arm-none-eabi-7-2018-q2-update/bin/../lib/gcc/arm-none-eabi/7.3.1/../../../../arm-none-eabi/lib/thumb/v6-m/libg_nano.a(lib_a-findfp.o)
                0x00000000080138b8                _cleanup_r
 .text.__sfmoreglue
                0x00000000080138c8       0x2c /mnt/d/Git/acconeer/compilers/gcc-arm-none-eabi-7-2018-q2-update/bin/../lib/gcc/arm-none-eabi/7.3.1/../../../../arm-none-eabi/lib/thumb/v6-m/libg_nano.a(lib_a-findfp.o)
                0x00000000080138c8                __sfmoreglue
 .text.__sinit  0x00000000080138f4       0x68 /mnt/d/Git/acconeer/compilers/gcc-arm-none-eabi-7-2018-q2-update/bin/../lib/gcc/arm-none-eabi/7.3.1/../../../../arm-none-eabi/lib/thumb/v6-m/libg_nano.a(lib_a-findfp.o)
                0x00000000080138f4                __sinit
 .text.__sfp    0x000000000801395c       0x7c /mnt/d/Git/acconeer/compilers/gcc-arm-none-eabi-7-2018-q2-update/bin/../lib/gcc/arm-none-eabi/7.3.1/../../../../arm-none-eabi/lib/thumb/v6-m/libg_nano.a(lib_a-findfp.o)
                0x000000000801395c                __sfp
 .text._fwalk_reent
                0x00000000080139d8       0x42 /mnt/d/Git/acconeer/compilers/gcc-arm-none-eabi-7-2018-q2-update/bin/../lib/gcc/arm-none-eabi/7.3.1/../../../../arm-none-eabi/lib/thumb/v6-m/libg_nano.a(lib_a-fwalk.o)
                0x00000000080139d8                _fwalk_reent
 *fill*         0x0000000008013a1a        0x2 
 .text.__libc_init_array
                0x0000000008013a1c       0x48 /mnt/d/Git/acconeer/compilers/gcc-arm-none-eabi-7-2018-q2-update/bin/../lib/gcc/arm-none-eabi/7.3.1/../../../../arm-none-eabi/lib/thumb/v6-m/libg_nano.a(lib_a-init.o)
                0x0000000008013a1c                __libc_init_array
 .text.memset   0x0000000008013a64       0x10 /mnt/d/Git/acconeer/compilers/gcc-arm-none-eabi-7-2018-q2-update/bin/../lib/gcc/arm-none-eabi/7.3.1/../../../../arm-none-eabi/lib/thumb/v6-m/libg_nano.a(lib_a-memset.o)
                0x0000000008013a64                memset
 .text._free_r  0x0000000008013a74       0x94 /mnt/d/Git/acconeer/compilers/gcc-arm-none-eabi-7-2018-q2-update/bin/../lib/gcc/arm-none-eabi/7.3.1/../../../../arm-none-eabi/lib/thumb/v6-m/libg_nano.a(lib_a-nano-freer.o)
                0x0000000008013a74                _free_r
 .text._malloc_r
                0x0000000008013b08       0xbc /mnt/d/Git/acconeer/compilers/gcc-arm-none-eabi-7-2018-q2-update/bin/../lib/gcc/arm-none-eabi/7.3.1/../../../../arm-none-eabi/lib/thumb/v6-m/libg_nano.a(lib_a-nano-mallocr.o)
                0x0000000008013b08                _malloc_r
 .text._sbrk_r  0x0000000008013bc4       0x24 /mnt/d/Git/acconeer/compilers/gcc-arm-none-eabi-7-2018-q2-update/bin/../lib/gcc/arm-none-eabi/7.3.1/../../../../arm-none-eabi/lib/thumb/v6-m/libg_nano.a(lib_a-sbrkr.o)
                0x0000000008013bc4                _sbrk_r
 .text.__sread  0x0000000008013be8       0x28 /mnt/d/Git/acconeer/compilers/gcc-arm-none-eabi-7-2018-q2-update/bin/../lib/gcc/arm-none-eabi/7.3.1/../../../../arm-none-eabi/lib/thumb/v6-m/libg_nano.a(lib_a-stdio.o)
                0x0000000008013be8                __sread
 .text.__swrite
                0x0000000008013c10       0x38 /mnt/d/Git/acconeer/compilers/gcc-arm-none-eabi-7-2018-q2-update/bin/../lib/gcc/arm-none-eabi/7.3.1/../../../../arm-none-eabi/lib/thumb/v6-m/libg_nano.a(lib_a-stdio.o)
                0x0000000008013c10                __swrite
 .text.__sseek  0x0000000008013c48       0x2c /mnt/d/Git/acconeer/compilers/gcc-arm-none-eabi-7-2018-q2-update/bin/../lib/gcc/arm-none-eabi/7.3.1/../../../../arm-none-eabi/lib/thumb/v6-m/libg_nano.a(lib_a-stdio.o)
                0x0000000008013c48                __sseek
 .text.__sclose
                0x0000000008013c74        0xc /mnt/d/Git/acconeer/compilers/gcc-arm-none-eabi-7-2018-q2-update/bin/../lib/gcc/arm-none-eabi/7.3.1/../../../../arm-none-eabi/lib/thumb/v6-m/libg_nano.a(lib_a-stdio.o)
                0x0000000008013c74                __sclose
 .text._write_r
                0x0000000008013c80       0x28 /mnt/d/Git/acconeer/compilers/gcc-arm-none-eabi-7-2018-q2-update/bin/../lib/gcc/arm-none-eabi/7.3.1/../../../../arm-none-eabi/lib/thumb/v6-m/libg_nano.a(lib_a-writer.o)
                0x0000000008013c80                _write_r
 .text._close_r
                0x0000000008013ca8       0x24 /mnt/d/Git/acconeer/compilers/gcc-arm-none-eabi-7-2018-q2-update/bin/../lib/gcc/arm-none-eabi/7.3.1/../../../../arm-none-eabi/lib/thumb/v6-m/libg_nano.a(lib_a-closer.o)
                0x0000000008013ca8                _close_r
 .text._lseek_r
                0x0000000008013ccc       0x28 /mnt/d/Git/acconeer/compilers/gcc-arm-none-eabi-7-2018-q2-update/bin/../lib/gcc/arm-none-eabi/7.3.1/../../../../arm-none-eabi/lib/thumb/v6-m/libg_nano.a(lib_a-lseekr.o)
                0x0000000008013ccc                _lseek_r
 .text.__malloc_lock
                0x0000000008013cf4        0x2 /mnt/d/Git/acconeer/compilers/gcc-arm-none-eabi-7-2018-q2-update/bin/../lib/gcc/arm-none-eabi/7.3.1/../../../../arm-none-eabi/lib/thumb/v6-m/libg_nano.a(lib_a-mlock.o)
                0x0000000008013cf4                __malloc_lock
 .text.__malloc_unlock
                0x0000000008013cf6        0x2 /mnt/d/Git/acconeer/compilers/gcc-arm-none-eabi-7-2018-q2-update/bin/../lib/gcc/arm-none-eabi/7.3.1/../../../../arm-none-eabi/lib/thumb/v6-m/libg_nano.a(lib_a-mlock.o)
                0x0000000008013cf6                __malloc_unlock
 .text._read_r  0x0000000008013cf8       0x28 /mnt/d/Git/acconeer/compilers/gcc-arm-none-eabi-7-2018-q2-update/bin/../lib/gcc/arm-none-eabi/7.3.1/../../../../arm-none-eabi/lib/thumb/v6-m/libg_nano.a(lib_a-readr.o)
                0x0000000008013cf8                _read_r
 .text._close   0x0000000008013d20       0x10 /mnt/d/Git/acconeer/compilers/gcc-arm-none-eabi-7-2018-q2-update/bin/../lib/gcc/arm-none-eabi/7.3.1/../../../../arm-none-eabi/lib/thumb/v6-m/libnosys.a(close.o)
                0x0000000008013d20                _close
 .text._lseek   0x0000000008013d30       0x10 /mnt/d/Git/acconeer/compilers/gcc-arm-none-eabi-7-2018-q2-update/bin/../lib/gcc/arm-none-eabi/7.3.1/../../../../arm-none-eabi/lib/thumb/v6-m/libnosys.a(lseek.o)
                0x0000000008013d30                _lseek
 .text._read    0x0000000008013d40       0x10 /mnt/d/Git/acconeer/compilers/gcc-arm-none-eabi-7-2018-q2-update/bin/../lib/gcc/arm-none-eabi/7.3.1/../../../../arm-none-eabi/lib/thumb/v6-m/libnosys.a(read.o)
                0x0000000008013d40                _read
 .text.cos      0x0000000008013d50       0x8c /mnt/d/Git/acconeer/compilers/gcc-arm-none-eabi-7-2018-q2-update/bin/../lib/gcc/arm-none-eabi/7.3.1/../../../../arm-none-eabi/lib/thumb/v6-m/libm.a(lib_a-s_cos.o)
                0x0000000008013d50                cos
 .text.fmaxf    0x0000000008013ddc       0x2c /mnt/d/Git/acconeer/compilers/gcc-arm-none-eabi-7-2018-q2-update/bin/../lib/gcc/arm-none-eabi/7.3.1/../../../../arm-none-eabi/lib/thumb/v6-m/libm.a(lib_a-sf_fmax.o)
                0x0000000008013ddc                fmaxf
 .text.__fpclassifyf
                0x0000000008013e08       0x40 /mnt/d/Git/acconeer/compilers/gcc-arm-none-eabi-7-2018-q2-update/bin/../lib/gcc/arm-none-eabi/7.3.1/../../../../arm-none-eabi/lib/thumb/v6-m/libm.a(lib_a-sf_fpclassify.o)
                0x0000000008013e08                __fpclassifyf
 .text.roundf   0x0000000008013e48       0x44 /mnt/d/Git/acconeer/compilers/gcc-arm-none-eabi-7-2018-q2-update/bin/../lib/gcc/arm-none-eabi/7.3.1/../../../../arm-none-eabi/lib/thumb/v6-m/libm.a(lib_a-sf_round.o)
                0x0000000008013e48                roundf
 .text.sqrt     0x0000000008013e8c       0xc0 /mnt/d/Git/acconeer/compilers/gcc-arm-none-eabi-7-2018-q2-update/bin/../lib/gcc/arm-none-eabi/7.3.1/../../../../arm-none-eabi/lib/thumb/v6-m/libm.a(lib_a-w_sqrt.o)
                0x0000000008013e8c                sqrt
 .text.expf     0x0000000008013f4c       0xe8 /mnt/d/Git/acconeer/compilers/gcc-arm-none-eabi-7-2018-q2-update/bin/../lib/gcc/arm-none-eabi/7.3.1/../../../../arm-none-eabi/lib/thumb/v6-m/libm.a(lib_a-wf_exp.o)
                0x0000000008013f4c                expf
 .text.log10f   0x0000000008014034       0xf8 /mnt/d/Git/acconeer/compilers/gcc-arm-none-eabi-7-2018-q2-update/bin/../lib/gcc/arm-none-eabi/7.3.1/../../../../arm-none-eabi/lib/thumb/v6-m/libm.a(lib_a-wf_log10.o)
                0x0000000008014034                log10f
 .text.__ieee754_rem_pio2
                0x000000000801412c      0x420 /mnt/d/Git/acconeer/compilers/gcc-arm-none-eabi-7-2018-q2-update/bin/../lib/gcc/arm-none-eabi/7.3.1/../../../../arm-none-eabi/lib/thumb/v6-m/libm.a(lib_a-e_rem_pio2.o)
                0x000000000801412c                __ieee754_rem_pio2
 .text.__ieee754_sqrt
                0x000000000801454c      0x1b0 /mnt/d/Git/acconeer/compilers/gcc-arm-none-eabi-7-2018-q2-update/bin/../lib/gcc/arm-none-eabi/7.3.1/../../../../arm-none-eabi/lib/thumb/v6-m/libm.a(lib_a-e_sqrt.o)
                0x000000000801454c                __ieee754_sqrt
 .text.__ieee754_expf
                0x00000000080146fc      0x1f4 /mnt/d/Git/acconeer/compilers/gcc-arm-none-eabi-7-2018-q2-update/bin/../lib/gcc/arm-none-eabi/7.3.1/../../../../arm-none-eabi/lib/thumb/v6-m/libm.a(lib_a-ef_exp.o)
                0x00000000080146fc                __ieee754_expf
 .text.__ieee754_log10f
                0x00000000080148f0       0xb0 /mnt/d/Git/acconeer/compilers/gcc-arm-none-eabi-7-2018-q2-update/bin/../lib/gcc/arm-none-eabi/7.3.1/../../../../arm-none-eabi/lib/thumb/v6-m/libm.a(lib_a-ef_log10.o)
                0x00000000080148f0                __ieee754_log10f
 .text.__kernel_cos
                0x00000000080149a0      0x234 /mnt/d/Git/acconeer/compilers/gcc-arm-none-eabi-7-2018-q2-update/bin/../lib/gcc/arm-none-eabi/7.3.1/../../../../arm-none-eabi/lib/thumb/v6-m/libm.a(lib_a-k_cos.o)
                0x00000000080149a0                __kernel_cos
 .text.__kernel_rem_pio2
                0x0000000008014bd4      0x8c0 /mnt/d/Git/acconeer/compilers/gcc-arm-none-eabi-7-2018-q2-update/bin/../lib/gcc/arm-none-eabi/7.3.1/../../../../arm-none-eabi/lib/thumb/v6-m/libm.a(lib_a-k_rem_pio2.o)
                0x0000000008014bd4                __kernel_rem_pio2
 .text.__kernel_sin
                0x0000000008015494      0x164 /mnt/d/Git/acconeer/compilers/gcc-arm-none-eabi-7-2018-q2-update/bin/../lib/gcc/arm-none-eabi/7.3.1/../../../../arm-none-eabi/lib/thumb/v6-m/libm.a(lib_a-k_sin.o)
                0x0000000008015494                __kernel_sin
 .text.fabs     0x00000000080155f8        0x8 /mnt/d/Git/acconeer/compilers/gcc-arm-none-eabi-7-2018-q2-update/bin/../lib/gcc/arm-none-eabi/7.3.1/../../../../arm-none-eabi/lib/thumb/v6-m/libm.a(lib_a-s_fabs.o)
                0x00000000080155f8                fabs
 .text.floor    0x0000000008015600      0x138 /mnt/d/Git/acconeer/compilers/gcc-arm-none-eabi-7-2018-q2-update/bin/../lib/gcc/arm-none-eabi/7.3.1/../../../../arm-none-eabi/lib/thumb/v6-m/libm.a(lib_a-s_floor.o)
                0x0000000008015600                floor
 .text.matherr  0x0000000008015738        0x4 /mnt/d/Git/acconeer/compilers/gcc-arm-none-eabi-7-2018-q2-update/bin/../lib/gcc/arm-none-eabi/7.3.1/../../../../arm-none-eabi/lib/thumb/v6-m/libm.a(lib_a-s_matherr.o)
                0x0000000008015738                matherr
 .text.nan      0x000000000801573c        0xc /mnt/d/Git/acconeer/compilers/gcc-arm-none-eabi-7-2018-q2-update/bin/../lib/gcc/arm-none-eabi/7.3.1/../../../../arm-none-eabi/lib/thumb/v6-m/libm.a(lib_a-s_nan.o)
                0x000000000801573c                nan
 .text.scalbn   0x0000000008015748       0xd0 /mnt/d/Git/acconeer/compilers/gcc-arm-none-eabi-7-2018-q2-update/bin/../lib/gcc/arm-none-eabi/7.3.1/../../../../arm-none-eabi/lib/thumb/v6-m/libm.a(lib_a-s_scalbn.o)
                0x0000000008015748                scalbn
 .text.finitef  0x0000000008015818       0x14 /mnt/d/Git/acconeer/compilers/gcc-arm-none-eabi-7-2018-q2-update/bin/../lib/gcc/arm-none-eabi/7.3.1/../../../../arm-none-eabi/lib/thumb/v6-m/libm.a(lib_a-sf_finite.o)
                0x0000000008015818                finitef
 .text.__ieee754_logf
                0x000000000801582c      0x28c /mnt/d/Git/acconeer/compilers/gcc-arm-none-eabi-7-2018-q2-update/bin/../lib/gcc/arm-none-eabi/7.3.1/../../../../arm-none-eabi/lib/thumb/v6-m/libm.a(lib_a-ef_log.o)
                0x000000000801582c                __ieee754_logf
 .text.copysign
                0x0000000008015ab8       0x10 /mnt/d/Git/acconeer/compilers/gcc-arm-none-eabi-7-2018-q2-update/bin/../lib/gcc/arm-none-eabi/7.3.1/../../../../arm-none-eabi/lib/thumb/v6-m/libm.a(lib_a-s_copysign.o)
                0x0000000008015ab8                copysign
 .text.out_func
                0x0000000008015ac8       0x28 out/lib/libwrapprintf.a(acc_wrap_printf.o)
 .text.__wrap_puts
                0x0000000008015af0       0x24 out/lib/libwrapprintf.a(acc_wrap_printf.o)
                0x0000000008015af0                __wrap_puts
 .text.__wrap_printf
                0x0000000008015b14       0x48 out/lib/libwrapprintf.a(acc_wrap_printf.o)
                0x0000000008015b14                __wrap_printf
 .text.__wrap_vsnprintf
                0x0000000008015b5c        0x8 out/lib/libwrapprintf.a(acc_wrap_printf.o)
                0x0000000008015b5c                __wrap_vsnprintf
 .text._out_buffer
                0x0000000008015b64        0x8 out/lib/libwrapprintf.a(printf.o)
 .text._out_null
                0x0000000008015b6c        0x2 out/lib/libwrapprintf.a(printf.o)
 .text._out_fct
                0x0000000008015b6e        0xe out/lib/libwrapprintf.a(printf.o)
 .text._atoi    0x0000000008015b7c       0x24 out/lib/libwrapprintf.a(printf.o)
 .text._out_rev
                0x0000000008015ba0       0x8c out/lib/libwrapprintf.a(printf.o)
 .text._ntoa_format
                0x0000000008015c2c      0x112 out/lib/libwrapprintf.a(printf.o)
 .text._ntoa_long
                0x0000000008015d3e       0x9e out/lib/libwrapprintf.a(printf.o)
 .text._ntoa_long_long
                0x0000000008015ddc       0xe2 out/lib/libwrapprintf.a(printf.o)
 *fill*         0x0000000008015ebe        0x2 
 .text._vsnprintf
                0x0000000008015ec0      0x57c out/lib/libwrapprintf.a(printf.o)
 .text.vsnprintf_
                0x000000000801643c       0x1c out/lib/libwrapprintf.a(printf.o)
                0x000000000801643c                vsnprintf_
 .text.fctvprintf
                0x0000000008016458       0x20 out/lib/libwrapprintf.a(printf.o)
                0x0000000008016458                fctvprintf
 .text.malloc   0x0000000008016478       0x14 /mnt/d/Git/acconeer/compilers/gcc-arm-none-eabi-7-2018-q2-update/bin/../lib/gcc/arm-none-eabi/7.3.1/../../../../arm-none-eabi/lib/thumb/v6-m/libg_nano.a(lib_a-malloc.o)
                0x0000000008016478                malloc
 .text.free     0x000000000801648c       0x14 /mnt/d/Git/acconeer/compilers/gcc-arm-none-eabi-7-2018-q2-update/bin/../lib/gcc/arm-none-eabi/7.3.1/../../../../arm-none-eabi/lib/thumb/v6-m/libg_nano.a(lib_a-malloc.o)
                0x000000000801648c                free
 .text.memcpy   0x00000000080164a0       0x12 /mnt/d/Git/acconeer/compilers/gcc-arm-none-eabi-7-2018-q2-update/bin/../lib/gcc/arm-none-eabi/7.3.1/../../../../arm-none-eabi/lib/thumb/v6-m/libg_nano.a(lib_a-memcpy-stub.o)
                0x00000000080164a0                memcpy
 .text.memmove  0x00000000080164b2       0x26 /mnt/d/Git/acconeer/compilers/gcc-arm-none-eabi-7-2018-q2-update/bin/../lib/gcc/arm-none-eabi/7.3.1/../../../../arm-none-eabi/lib/thumb/v6-m/libg_nano.a(lib_a-memmove.o)
                0x00000000080164b2                memmove
 .text.putchar  0x00000000080164d8       0x28 /mnt/d/Git/acconeer/compilers/gcc-arm-none-eabi-7-2018-q2-update/bin/../lib/gcc/arm-none-eabi/7.3.1/../../../../arm-none-eabi/lib/thumb/v6-m/libg_nano.a(lib_a-putchar.o)
                0x00000000080164d8                putchar
 .text._putc_r  0x0000000008016500       0x6c /mnt/d/Git/acconeer/compilers/gcc-arm-none-eabi-7-2018-q2-update/bin/../lib/gcc/arm-none-eabi/7.3.1/../../../../arm-none-eabi/lib/thumb/v6-m/libg_nano.a(lib_a-putc.o)
                0x0000000008016500                _putc_r
 .text.__swbuf_r
                0x000000000801656c       0xac /mnt/d/Git/acconeer/compilers/gcc-arm-none-eabi-7-2018-q2-update/bin/../lib/gcc/arm-none-eabi/7.3.1/../../../../arm-none-eabi/lib/thumb/v6-m/libg_nano.a(lib_a-wbuf.o)
                0x000000000801656c                __swbuf_r
 .text.__swsetup_r
                0x0000000008016618       0xec /mnt/d/Git/acconeer/compilers/gcc-arm-none-eabi-7-2018-q2-update/bin/../lib/gcc/arm-none-eabi/7.3.1/../../../../arm-none-eabi/lib/thumb/v6-m/libg_nano.a(lib_a-wsetup.o)
                0x0000000008016618                __swsetup_r
 .text.__swhatbuf_r
                0x0000000008016704       0x50 /mnt/d/Git/acconeer/compilers/gcc-arm-none-eabi-7-2018-q2-update/bin/../lib/gcc/arm-none-eabi/7.3.1/../../../../arm-none-eabi/lib/thumb/v6-m/libg_nano.a(lib_a-makebuf.o)
                0x0000000008016704                __swhatbuf_r
 .text.__smakebuf_r
                0x0000000008016754       0x88 /mnt/d/Git/acconeer/compilers/gcc-arm-none-eabi-7-2018-q2-update/bin/../lib/gcc/arm-none-eabi/7.3.1/../../../../arm-none-eabi/lib/thumb/v6-m/libg_nano.a(lib_a-makebuf.o)
                0x0000000008016754                __smakebuf_r
 .text._fstat_r
                0x00000000080167dc       0x24 /mnt/d/Git/acconeer/compilers/gcc-arm-none-eabi-7-2018-q2-update/bin/../lib/gcc/arm-none-eabi/7.3.1/../../../../arm-none-eabi/lib/thumb/v6-m/libg_nano.a(lib_a-fstatr.o)
                0x00000000080167dc                _fstat_r
 .text._isatty_r
                0x0000000008016800       0x24 /mnt/d/Git/acconeer/compilers/gcc-arm-none-eabi-7-2018-q2-update/bin/../lib/gcc/arm-none-eabi/7.3.1/../../../../arm-none-eabi/lib/thumb/v6-m/libg_nano.a(lib_a-isattyr.o)
                0x0000000008016800                _isatty_r
 .text._fstat   0x0000000008016824       0x10 /mnt/d/Git/acconeer/compilers/gcc-arm-none-eabi-7-2018-q2-update/bin/../lib/gcc/arm-none-eabi/7.3.1/../../../../arm-none-eabi/lib/thumb/v6-m/libnosys.a(fstat.o)
                0x0000000008016824                _fstat
 .text._isatty  0x0000000008016834       0x10 /mnt/d/Git/acconeer/compilers/gcc-arm-none-eabi-7-2018-q2-update/bin/../lib/gcc/arm-none-eabi/7.3.1/../../../../arm-none-eabi/lib/thumb/v6-m/libnosys.a(isatty.o)
                0x0000000008016834                _isatty
 *(.glue_7)
 .glue_7        0x0000000008016844        0x0 linker stubs
 *(.glue_7t)
 .glue_7t       0x0000000008016844        0x0 linker stubs
 *(.eh_frame)
 .eh_frame      0x0000000008016844        0x0 /mnt/d/Git/acconeer/compilers/gcc-arm-none-eabi-7-2018-q2-update/bin/../lib/gcc/arm-none-eabi/7.3.1/thumb/v6-m/crtbegin.o
 *(.init)
 .init          0x0000000008016844        0x4 /mnt/d/Git/acconeer/compilers/gcc-arm-none-eabi-7-2018-q2-update/bin/../lib/gcc/arm-none-eabi/7.3.1/thumb/v6-m/crti.o
                0x0000000008016844                _init
 .init          0x0000000008016848        0x8 /mnt/d/Git/acconeer/compilers/gcc-arm-none-eabi-7-2018-q2-update/bin/../lib/gcc/arm-none-eabi/7.3.1/thumb/v6-m/crtn.o
 *(.fini)
 .fini          0x0000000008016850        0x4 /mnt/d/Git/acconeer/compilers/gcc-arm-none-eabi-7-2018-q2-update/bin/../lib/gcc/arm-none-eabi/7.3.1/thumb/v6-m/crti.o
                0x0000000008016850                _fini
 .fini          0x0000000008016854        0x8 /mnt/d/Git/acconeer/compilers/gcc-arm-none-eabi-7-2018-q2-update/bin/../lib/gcc/arm-none-eabi/7.3.1/thumb/v6-m/crtn.o
                0x000000000801685c                . = ALIGN (0x4)
                0x000000000801685c                _etext = .

.vfp11_veneer   0x000000000801685c        0x0
 .vfp11_veneer  0x000000000801685c        0x0 linker stubs

.v4_bx          0x000000000801685c        0x0
 .v4_bx         0x000000000801685c        0x0 linker stubs

.iplt           0x000000000801685c        0x0
 .iplt          0x000000000801685c        0x0 /mnt/d/Git/acconeer/compilers/gcc-arm-none-eabi-7-2018-q2-update/bin/../lib/gcc/arm-none-eabi/7.3.1/thumb/v6-m/crtbegin.o

.rodata         0x0000000008016860     0x9110
                0x0000000008016860                . = ALIGN (0x4)
 *(.rodata)
 .rodata        0x0000000008016860     0x451c /tmp/cc5ufPvB.ltrans0.ltrans.o
 .rodata        0x000000000801ad7c     0x1d40 /tmp/cc5ufPvB.ltrans1.ltrans.o
                0x000000000801ae58                __compound_literal.134.lto_priv.528
                0x000000000801ae60                __compound_literal.133.lto_priv.526
                0x000000000801ae74                __compound_literal.132.lto_priv.524
                0x000000000801ae80                __compound_literal.131.lto_priv.522
                0x000000000801ae88                __compound_literal.130.lto_priv.520
                0x000000000801ae9c                __compound_literal.129.lto_priv.518
                0x000000000801aea4                __compound_literal.128.lto_priv.516
                0x000000000801aeb0                __compound_literal.127.lto_priv.514
                0x000000000801aebc                __compound_literal.126.lto_priv.512
                0x000000000801aed0                __compound_literal.125.lto_priv.510
                0x000000000801aed8                __compound_literal.124.lto_priv.508
                0x000000000801aee0                __compound_literal.123.lto_priv.506
                0x000000000801aee8                __compound_literal.122.lto_priv.504
                0x000000000801aef0                __compound_literal.121.lto_priv.502
                0x000000000801aef8                __compound_literal.120.lto_priv.500
                0x000000000801af00                __compound_literal.119.lto_priv.498
                0x000000000801af18                __compound_literal.118.lto_priv.496
                0x000000000801af24                __compound_literal.117.lto_priv.494
                0x000000000801af2c                __compound_literal.116.lto_priv.492
                0x000000000801af40                __compound_literal.115.lto_priv.490
                0x000000000801af4c                __compound_literal.114.lto_priv.488
                0x000000000801b0e0                __compound_literal.113.lto_priv.486
                0x000000000801b0ec                __compound_literal.112.lto_priv.484
                0x000000000801b0f4                __compound_literal.111.lto_priv.482
                0x000000000801b0fc                __compound_literal.110.lto_priv.480
                0x000000000801b104                __compound_literal.109.lto_priv.478
                0x000000000801b10c                __compound_literal.108.lto_priv.476
                0x000000000801b12c                __compound_literal.107.lto_priv.474
                0x000000000801b134                __compound_literal.106.lto_priv.472
                0x000000000801b13c                __compound_literal.105.lto_priv.470
                0x000000000801b144                __compound_literal.104.lto_priv.468
                0x000000000801b14c                __compound_literal.103.lto_priv.466
                0x000000000801b184                __compound_literal.102.lto_priv.464
                0x000000000801b18c                __compound_literal.101.lto_priv.462
                0x000000000801b194                __compound_literal.100.lto_priv.460
                0x000000000801b19c                __compound_literal.99.lto_priv.458
                0x000000000801b1a4                __compound_literal.98.lto_priv.456
                0x000000000801b1b0                __compound_literal.97.lto_priv.454
                0x000000000801b1c4                __compound_literal.96.lto_priv.452
                0x000000000801b1cc                __compound_literal.95.lto_priv.450
                0x000000000801b1d4                __compound_literal.94.lto_priv.448
                0x000000000801b1e8                __compound_literal.93.lto_priv.446
                0x000000000801b1f0                __compound_literal.92.lto_priv.444
                0x000000000801b1f8                __compound_literal.91.lto_priv.442
                0x000000000801b200                __compound_literal.90.lto_priv.440
                0x000000000801b20c                __compound_literal.89.lto_priv.438
                0x000000000801b224                __compound_literal.88.lto_priv.436
                0x000000000801b22c                __compound_literal.87.lto_priv.434
                0x000000000801b234                __compound_literal.86.lto_priv.432
                0x000000000801b23c                __compound_literal.85.lto_priv.430
                0x000000000801b244                __compound_literal.84.lto_priv.428
                0x000000000801b24c                __compound_literal.83.lto_priv.426
                0x000000000801b254                __compound_literal.82.lto_priv.424
                0x000000000801b25c                __compound_literal.81.lto_priv.422
                0x000000000801b270                __compound_literal.80.lto_priv.420
                0x000000000801b278                __compound_literal.79.lto_priv.418
                0x000000000801b280                __compound_literal.78.lto_priv.416
                0x000000000801b288                __compound_literal.77.lto_priv.414
                0x000000000801b290                __compound_literal.76.lto_priv.412
                0x000000000801b29c                __compound_literal.75.lto_priv.410
                0x000000000801b2a4                __compound_literal.74.lto_priv.408
                0x000000000801b2ac                __compound_literal.73.lto_priv.406
                0x000000000801b2b4                __compound_literal.72.lto_priv.404
                0x000000000801b2bc                __compound_literal.71.lto_priv.402
                0x000000000801b2c4                __compound_literal.70.lto_priv.400
                0x000000000801b2fc                __compound_literal.69.lto_priv.398
                0x000000000801b304                __compound_literal.68.lto_priv.396
                0x000000000801b318                __compound_literal.67.lto_priv.394
                0x000000000801b324                __compound_literal.66.lto_priv.392
                0x000000000801b330                __compound_literal.65.lto_priv.390
                0x000000000801b344                __compound_literal.64.lto_priv.388
                0x000000000801b358                __compound_literal.63.lto_priv.386
                0x000000000801b36c                __compound_literal.62.lto_priv.384
                0x000000000801b374                __compound_literal.61.lto_priv.382
                0x000000000801b37c                __compound_literal.60.lto_priv.380
                0x000000000801b388                __compound_literal.59.lto_priv.378
                0x000000000801b39c                __compound_literal.58.lto_priv.376
                0x000000000801b3a4                __compound_literal.57.lto_priv.374
                0x000000000801b3ac                __compound_literal.56.lto_priv.372
                0x000000000801b3c0                __compound_literal.55.lto_priv.369
                0x000000000801b3d4                __compound_literal.54.lto_priv.366
                0x000000000801b3e0                __compound_literal.53.lto_priv.363
                0x000000000801b3e8                __compound_literal.52.lto_priv.360
                0x000000000801b418                __compound_literal.51.lto_priv.357
                0x000000000801b420                __compound_literal.50.lto_priv.354
                0x000000000801b428                __compound_literal.49.lto_priv.351
                0x000000000801b430                __compound_literal.48.lto_priv.348
                0x000000000801b438                __compound_literal.47.lto_priv.345
                0x000000000801b440                __compound_literal.46.lto_priv.342
                0x000000000801b448                __compound_literal.45.lto_priv.339
                0x000000000801b450                __compound_literal.44.lto_priv.336
                0x000000000801b458                __compound_literal.43.lto_priv.333
                0x000000000801b460                __compound_literal.42.lto_priv.330
                0x000000000801b468                __compound_literal.41.lto_priv.327
                0x000000000801b470                __compound_literal.40.lto_priv.324
                0x000000000801b478                __compound_literal.39.lto_priv.321
                0x000000000801b480                __compound_literal.38.lto_priv.318
                0x000000000801b488                __compound_literal.37.lto_priv.315
                0x000000000801b490                __compound_literal.36.lto_priv.312
                0x000000000801b49c                __compound_literal.35.lto_priv.308
                0x000000000801b4a8                __compound_literal.34.lto_priv.304
                0x000000000801b4b0                __compound_literal.33.lto_priv.300
                0x000000000801b4b8                __compound_literal.32.lto_priv.296
                0x000000000801b4c0                __compound_literal.31.lto_priv.292
                0x000000000801b4c8                __compound_literal.30.lto_priv.288
                0x000000000801b4d0                __compound_literal.29.lto_priv.284
                0x000000000801b4d8                __compound_literal.28.lto_priv.280
                0x000000000801b4e0                __compound_literal.27.lto_priv.276
                0x000000000801b4e8                __compound_literal.26.lto_priv.272
                0x000000000801b4f0                __compound_literal.25.lto_priv.268
                0x000000000801b4f8                __compound_literal.24.lto_priv.264
                0x000000000801b500                __compound_literal.23.lto_priv.260
                0x000000000801b508                __compound_literal.22.lto_priv.256
                0x000000000801b510                __compound_literal.21.lto_priv.252
                0x000000000801b518                __compound_literal.20.lto_priv.248
                0x000000000801b520                __compound_literal.19.lto_priv.244
                0x000000000801b528                __compound_literal.18.lto_priv.240
                0x000000000801b530                __compound_literal.17.lto_priv.236
                0x000000000801b538                __compound_literal.16.lto_priv.232
                0x000000000801b558                __compound_literal.15.lto_priv.228
                0x000000000801b560                __compound_literal.14.lto_priv.224
                0x000000000801b568                __compound_literal.13.lto_priv.220
                0x000000000801b570                __compound_literal.12.lto_priv.216
                0x000000000801b578                __compound_literal.11.lto_priv.212
                0x000000000801b580                __compound_literal.10.lto_priv.208
                0x000000000801b588                __compound_literal.9.lto_priv.204
                0x000000000801b590                __compound_literal.8.lto_priv.200
                0x000000000801b598                __compound_literal.7.lto_priv.196
                0x000000000801b5a0                __compound_literal.6.lto_priv.192
                0x000000000801b5a8                __compound_literal.5.lto_priv.188
                0x000000000801b5b0                __compound_literal.4.lto_priv.184
                0x000000000801b5b8                __compound_literal.3.lto_priv.180
                0x000000000801b5c0                __compound_literal.2.lto_priv.176
                0x000000000801b5c8                __compound_literal.1.lto_priv.172
                0x000000000801b5d0                __compound_literal.0.lto_priv.168
                0x000000000801b5d8                acc_image_a111_r2c_sweep_param_table
                0x000000000801bc14                log_funcs.lto_priv.145
                0x000000000801bc9c                acc_image_a111_r2c_sweep
 .rodata        0x000000000801cabc       0x80 /mnt/d/Git/acconeer/compilers/gcc-arm-none-eabi-7-2018-q2-update/bin/../lib/gcc/arm-none-eabi/7.3.1/thumb/v6-m/libgcc.a(divsf3.o)
 .rodata        0x000000000801cb3c       0x40 /mnt/d/Git/acconeer/compilers/gcc-arm-none-eabi-7-2018-q2-update/bin/../lib/gcc/arm-none-eabi/7.3.1/thumb/v6-m/libgcc.a(mulsf3.o)
 .rodata        0x000000000801cb7c       0x40 /mnt/d/Git/acconeer/compilers/gcc-arm-none-eabi-7-2018-q2-update/bin/../lib/gcc/arm-none-eabi/7.3.1/thumb/v6-m/libgcc.a(divdf3.o)
 .rodata        0x000000000801cbbc       0x40 /mnt/d/Git/acconeer/compilers/gcc-arm-none-eabi-7-2018-q2-update/bin/../lib/gcc/arm-none-eabi/7.3.1/thumb/v6-m/libgcc.a(muldf3.o)
 *(.rodata*)
 .rodata.str1.1
                0x000000000801cbfc     0x1aff /tmp/cc5ufPvB.ltrans0.ltrans.o
                                       0x1b55 (size before relaxing)
 *fill*         0x000000000801e6fb        0x1 
 .rodata.str1.4
                0x000000000801e6fc      0x682 /tmp/cc5ufPvB.ltrans0.ltrans.o
                                        0x6de (size before relaxing)
 .rodata.str1.1
                0x000000000801ed7e      0x6f4 /tmp/cc5ufPvB.ltrans1.ltrans.o
                                        0x72e (size before relaxing)
 *fill*         0x000000000801f472        0x2 
 .rodata.str1.4
                0x000000000801f474       0xab /tmp/cc5ufPvB.ltrans1.ltrans.o
 *fill*         0x000000000801f51f        0x1 
 .rodata.__sf_fake_stderr
                0x000000000801f520       0x20 /mnt/d/Git/acconeer/compilers/gcc-arm-none-eabi-7-2018-q2-update/bin/../lib/gcc/arm-none-eabi/7.3.1/../../../../arm-none-eabi/lib/thumb/v6-m/libg_nano.a(lib_a-findfp.o)
                0x000000000801f520                __sf_fake_stderr
 .rodata.__sf_fake_stdin
                0x000000000801f540       0x20 /mnt/d/Git/acconeer/compilers/gcc-arm-none-eabi-7-2018-q2-update/bin/../lib/gcc/arm-none-eabi/7.3.1/../../../../arm-none-eabi/lib/thumb/v6-m/libg_nano.a(lib_a-findfp.o)
                0x000000000801f540                __sf_fake_stdin
 .rodata.__sf_fake_stdout
                0x000000000801f560       0x20 /mnt/d/Git/acconeer/compilers/gcc-arm-none-eabi-7-2018-q2-update/bin/../lib/gcc/arm-none-eabi/7.3.1/../../../../arm-none-eabi/lib/thumb/v6-m/libg_nano.a(lib_a-findfp.o)
                0x000000000801f560                __sf_fake_stdout
 .rodata._global_impure_ptr
                0x000000000801f580        0x4 /mnt/d/Git/acconeer/compilers/gcc-arm-none-eabi-7-2018-q2-update/bin/../lib/gcc/arm-none-eabi/7.3.1/../../../../arm-none-eabi/lib/thumb/v6-m/libg_nano.a(lib_a-impure.o)
                0x000000000801f580                _global_impure_ptr
 .rodata.sqrt.str1.4
                0x000000000801f584        0x5 /mnt/d/Git/acconeer/compilers/gcc-arm-none-eabi-7-2018-q2-update/bin/../lib/gcc/arm-none-eabi/7.3.1/../../../../arm-none-eabi/lib/thumb/v6-m/libm.a(lib_a-w_sqrt.o)
 *fill*         0x000000000801f589        0x3 
 .rodata.expf.str1.4
                0x000000000801f58c        0x5 /mnt/d/Git/acconeer/compilers/gcc-arm-none-eabi-7-2018-q2-update/bin/../lib/gcc/arm-none-eabi/7.3.1/../../../../arm-none-eabi/lib/thumb/v6-m/libm.a(lib_a-wf_exp.o)
 *fill*         0x000000000801f591        0x3 
 .rodata.log10f.str1.4
                0x000000000801f594        0x7 /mnt/d/Git/acconeer/compilers/gcc-arm-none-eabi-7-2018-q2-update/bin/../lib/gcc/arm-none-eabi/7.3.1/../../../../arm-none-eabi/lib/thumb/v6-m/libm.a(lib_a-wf_log10.o)
                                          0x9 (size before relaxing)
 *fill*         0x000000000801f59b        0x1 
 .rodata.npio2_hw
                0x000000000801f59c       0x80 /mnt/d/Git/acconeer/compilers/gcc-arm-none-eabi-7-2018-q2-update/bin/../lib/gcc/arm-none-eabi/7.3.1/../../../../arm-none-eabi/lib/thumb/v6-m/libm.a(lib_a-e_rem_pio2.o)
 .rodata.two_over_pi
                0x000000000801f61c      0x108 /mnt/d/Git/acconeer/compilers/gcc-arm-none-eabi-7-2018-q2-update/bin/../lib/gcc/arm-none-eabi/7.3.1/../../../../arm-none-eabi/lib/thumb/v6-m/libm.a(lib_a-e_rem_pio2.o)
 .rodata.halF   0x000000000801f724        0x8 /mnt/d/Git/acconeer/compilers/gcc-arm-none-eabi-7-2018-q2-update/bin/../lib/gcc/arm-none-eabi/7.3.1/../../../../arm-none-eabi/lib/thumb/v6-m/libm.a(lib_a-ef_exp.o)
 .rodata.ln2HI  0x000000000801f72c        0x8 /mnt/d/Git/acconeer/compilers/gcc-arm-none-eabi-7-2018-q2-update/bin/../lib/gcc/arm-none-eabi/7.3.1/../../../../arm-none-eabi/lib/thumb/v6-m/libm.a(lib_a-ef_exp.o)
 .rodata.ln2LO  0x000000000801f734        0x8 /mnt/d/Git/acconeer/compilers/gcc-arm-none-eabi-7-2018-q2-update/bin/../lib/gcc/arm-none-eabi/7.3.1/../../../../arm-none-eabi/lib/thumb/v6-m/libm.a(lib_a-ef_exp.o)
 *fill*         0x000000000801f73c        0x4 
 .rodata.PIo2   0x000000000801f740       0x40 /mnt/d/Git/acconeer/compilers/gcc-arm-none-eabi-7-2018-q2-update/bin/../lib/gcc/arm-none-eabi/7.3.1/../../../../arm-none-eabi/lib/thumb/v6-m/libm.a(lib_a-k_rem_pio2.o)
 .rodata.init_jk
                0x000000000801f780       0x10 /mnt/d/Git/acconeer/compilers/gcc-arm-none-eabi-7-2018-q2-update/bin/../lib/gcc/arm-none-eabi/7.3.1/../../../../arm-none-eabi/lib/thumb/v6-m/libm.a(lib_a-k_rem_pio2.o)
 .rodata.__wrap_puts.str1.4
                0x000000000801f790        0x8 out/lib/libwrapprintf.a(acc_wrap_printf.o)
                                          0x2 (size before relaxing)
 .rodata._vsnprintf
                0x000000000801f790      0x1e0 out/lib/libwrapprintf.a(printf.o)
                0x000000000801f970                . = ALIGN (0x4)

.ARM.extab
 *(.ARM.extab* .gnu.linkonce.armextab.*)

.ARM            0x000000000801f970        0x8
                0x000000000801f970                __exidx_start = .
 *(.ARM.exidx*)
 .ARM.exidx     0x000000000801f970        0x8 /mnt/d/Git/acconeer/compilers/gcc-arm-none-eabi-7-2018-q2-update/bin/../lib/gcc/arm-none-eabi/7.3.1/thumb/v6-m/libgcc.a(_udivmoddi4.o)
                0x000000000801f978                __exidx_end = .

.rel.dyn        0x000000000801f978        0x0
 .rel.iplt      0x000000000801f978        0x0 /mnt/d/Git/acconeer/compilers/gcc-arm-none-eabi-7-2018-q2-update/bin/../lib/gcc/arm-none-eabi/7.3.1/thumb/v6-m/crtbegin.o

.preinit_array  0x000000000801f978        0x0
                0x000000000801f978                PROVIDE (__preinit_array_start = .)
 *(.preinit_array*)
                0x000000000801f978                PROVIDE (__preinit_array_end = .)

.init_array     0x000000000801f978        0x4
                0x000000000801f978                PROVIDE (__init_array_start = .)
 *(SORT_BY_NAME(.init_array.*))
 *(.init_array*)
 .init_array    0x000000000801f978        0x4 /mnt/d/Git/acconeer/compilers/gcc-arm-none-eabi-7-2018-q2-update/bin/../lib/gcc/arm-none-eabi/7.3.1/thumb/v6-m/crtbegin.o
                0x000000000801f97c                PROVIDE (__init_array_end = .)

.fini_array     0x000000000801f97c        0x4
                [!provide]                        PROVIDE (__fini_array_start = .)
 *(SORT_BY_NAME(.fini_array.*))
 *(.fini_array*)
 .fini_array    0x000000000801f97c        0x4 /mnt/d/Git/acconeer/compilers/gcc-arm-none-eabi-7-2018-q2-update/bin/../lib/gcc/arm-none-eabi/7.3.1/thumb/v6-m/crtbegin.o
                [!provide]                        PROVIDE (__fini_array_end = .)
                0x000000000801f980                _sidata = LOADADDR (.data)

.data           0x0000000020000000       0x70 load address 0x000000000801f980
                0x0000000020000000                . = ALIGN (0x4)
                0x0000000020000000                _sdata = .
 *(.data)
 .data          0x0000000020000000        0x8 /tmp/cc5ufPvB.ltrans1.ltrans.o
 *(.data*)
 .data._impure_ptr
                0x0000000020000008        0x4 /mnt/d/Git/acconeer/compilers/gcc-arm-none-eabi-7-2018-q2-update/bin/../lib/gcc/arm-none-eabi/7.3.1/../../../../arm-none-eabi/lib/thumb/v6-m/libg_nano.a(lib_a-impure.o)
                0x0000000020000008                _impure_ptr
 .data.impure_data
                0x000000002000000c       0x60 /mnt/d/Git/acconeer/compilers/gcc-arm-none-eabi-7-2018-q2-update/bin/../lib/gcc/arm-none-eabi/7.3.1/../../../../arm-none-eabi/lib/thumb/v6-m/libg_nano.a(lib_a-impure.o)
 .data.__fdlib_version
                0x000000002000006c        0x1 /mnt/d/Git/acconeer/compilers/gcc-arm-none-eabi-7-2018-q2-update/bin/../lib/gcc/arm-none-eabi/7.3.1/../../../../arm-none-eabi/lib/thumb/v6-m/libm.a(lib_a-s_lib_ver.o)
                0x000000002000006c                __fdlib_version
                0x0000000020000070                . = ALIGN (0x4)
 *fill*         0x000000002000006d        0x3 
                0x0000000020000070                _edata = .

.igot.plt       0x0000000020000070        0x0 load address 0x000000000801f9f0
 .igot.plt      0x0000000020000070        0x0 /mnt/d/Git/acconeer/compilers/gcc-arm-none-eabi-7-2018-q2-update/bin/../lib/gcc/arm-none-eabi/7.3.1/thumb/v6-m/crtbegin.o
                0x0000000020000070                . = ALIGN (0x4)

.bss            0x0000000020000070      0x650 load address 0x000000000801f9f0
                0x0000000020000070                _sbss = .
                0x0000000020000070                __bss_start__ = _sbss
 *(.bss)
 .bss           0x0000000020000070       0x1c /mnt/d/Git/acconeer/compilers/gcc-arm-none-eabi-7-2018-q2-update/bin/../lib/gcc/arm-none-eabi/7.3.1/thumb/v6-m/crtbegin.o
 .bss           0x000000002000008c      0x544 /tmp/cc5ufPvB.ltrans0.ltrans.o
 .bss           0x00000000200005d0       0x54 /tmp/cc5ufPvB.ltrans1.ltrans.o
                0x00000000200005d0                concrete_hal
 *(.bss*)
 .bss.__sbrk_heap_end
                0x0000000020000624        0x4 out/obj/sysmem.o
 .bss.__malloc_free_list
                0x0000000020000628        0x4 /mnt/d/Git/acconeer/compilers/gcc-arm-none-eabi-7-2018-q2-update/bin/../lib/gcc/arm-none-eabi/7.3.1/../../../../arm-none-eabi/lib/thumb/v6-m/libg_nano.a(lib_a-nano-mallocr.o)
                0x0000000020000628                __malloc_free_list
 .bss.__malloc_sbrk_start
                0x000000002000062c        0x4 /mnt/d/Git/acconeer/compilers/gcc-arm-none-eabi-7-2018-q2-update/bin/../lib/gcc/arm-none-eabi/7.3.1/../../../../arm-none-eabi/lib/thumb/v6-m/libg_nano.a(lib_a-nano-mallocr.o)
                0x000000002000062c                __malloc_sbrk_start
 *(COMMON)
 COMMON         0x0000000020000630       0x8c /tmp/cc5ufPvB.ltrans0.ltrans.o
                0x0000000020000630                huart2
 COMMON         0x00000000200006bc        0x4 /mnt/d/Git/acconeer/compilers/gcc-arm-none-eabi-7-2018-q2-update/bin/../lib/gcc/arm-none-eabi/7.3.1/../../../../arm-none-eabi/lib/thumb/v6-m/libg_nano.a(lib_a-reent.o)
                0x00000000200006bc                errno
                0x00000000200006c0                . = ALIGN (0x4)
                0x00000000200006c0                _ebss = .
                0x00000000200006c0                __bss_end__ = _ebss

._user_heap_stack
                0x00000000200006c0     0x1600 load address 0x000000000801f9f0
                0x00000000200006c0                . = ALIGN (0x8)
                [!provide]                        PROVIDE (end = .)
                0x00000000200006c0                PROVIDE (_end = .)
                0x00000000200008c0                . = (. + _Min_Heap_Size)
 *fill*         0x00000000200006c0      0x200 
                0x0000000020001cc0                . = (. + _Min_Stack_Size)
 *fill*         0x00000000200008c0     0x1400 
                0x0000000020001cc0                . = ALIGN (0x8)

/DISCARD/
 libc.a(*)
 libm.a(*)
 libgcc.a(*)

.ARM.attributes
                0x0000000000000000       0x28
 *(.ARM.attributes)
 .ARM.attributes
                0x0000000000000000       0x1e /mnt/d/Git/acconeer/compilers/gcc-arm-none-eabi-7-2018-q2-update/bin/../lib/gcc/arm-none-eabi/7.3.1/thumb/v6-m/crti.o
 .ARM.attributes
                0x000000000000001e       0x2c /mnt/d/Git/acconeer/compilers/gcc-arm-none-eabi-7-2018-q2-update/bin/../lib/gcc/arm-none-eabi/7.3.1/thumb/v6-m/crtbegin.o
 .ARM.attributes
                0x000000000000004a       0x30 /tmp/cc5ufPvB.ltrans0.ltrans.o
 .ARM.attributes
                0x000000000000007a       0x30 /tmp/cc5ufPvB.ltrans1.ltrans.o
 .ARM.attributes
                0x00000000000000aa       0x32 out/obj/syscalls.o
 .ARM.attributes
                0x00000000000000dc       0x21 out/obj/startup_stm32g071xx.o
 .ARM.attributes
                0x00000000000000fd       0x32 out/obj/sysmem.o
 .ARM.attributes
                0x000000000000012f       0x2c /mnt/d/Git/acconeer/compilers/gcc-arm-none-eabi-7-2018-q2-update/bin/../lib/gcc/arm-none-eabi/7.3.1/../../../../arm-none-eabi/lib/thumb/v6-m/libm.a(lib_a-ef_sqrt.o)
 .ARM.attributes
                0x000000000000015b       0x2c /mnt/d/Git/acconeer/compilers/gcc-arm-none-eabi-7-2018-q2-update/bin/../lib/gcc/arm-none-eabi/7.3.1/thumb/v6-m/libgcc.a(addsf3.o)
 .ARM.attributes
                0x0000000000000187       0x2c /mnt/d/Git/acconeer/compilers/gcc-arm-none-eabi-7-2018-q2-update/bin/../lib/gcc/arm-none-eabi/7.3.1/thumb/v6-m/libgcc.a(divsf3.o)
 .ARM.attributes
                0x00000000000001b3       0x2c /mnt/d/Git/acconeer/compilers/gcc-arm-none-eabi-7-2018-q2-update/bin/../lib/gcc/arm-none-eabi/7.3.1/thumb/v6-m/libgcc.a(mulsf3.o)
 .ARM.attributes
                0x00000000000001df       0x2c /mnt/d/Git/acconeer/compilers/gcc-arm-none-eabi-7-2018-q2-update/bin/../lib/gcc/arm-none-eabi/7.3.1/thumb/v6-m/libgcc.a(subsf3.o)
 .ARM.attributes
                0x000000000000020b       0x1e /mnt/d/Git/acconeer/compilers/gcc-arm-none-eabi-7-2018-q2-update/bin/../lib/gcc/arm-none-eabi/7.3.1/thumb/v6-m/libgcc.a(_clzsi2.o)
 .ARM.attributes
                0x0000000000000229       0x2c /mnt/d/Git/acconeer/compilers/gcc-arm-none-eabi-7-2018-q2-update/bin/../lib/gcc/arm-none-eabi/7.3.1/../../../../arm-none-eabi/lib/thumb/v6-m/libg_nano.a(lib_a-errno.o)
 .ARM.attributes
                0x0000000000000255       0x2c /mnt/d/Git/acconeer/compilers/gcc-arm-none-eabi-7-2018-q2-update/bin/../lib/gcc/arm-none-eabi/7.3.1/../../../../arm-none-eabi/lib/thumb/v6-m/libg_nano.a(lib_a-fflush.o)
 .ARM.attributes
                0x0000000000000281       0x2c /mnt/d/Git/acconeer/compilers/gcc-arm-none-eabi-7-2018-q2-update/bin/../lib/gcc/arm-none-eabi/7.3.1/../../../../arm-none-eabi/lib/thumb/v6-m/libg_nano.a(lib_a-findfp.o)
 .ARM.attributes
                0x00000000000002ad       0x2c /mnt/d/Git/acconeer/compilers/gcc-arm-none-eabi-7-2018-q2-update/bin/../lib/gcc/arm-none-eabi/7.3.1/../../../../arm-none-eabi/lib/thumb/v6-m/libg_nano.a(lib_a-fwalk.o)
 .ARM.attributes
                0x00000000000002d9       0x2c /mnt/d/Git/acconeer/compilers/gcc-arm-none-eabi-7-2018-q2-update/bin/../lib/gcc/arm-none-eabi/7.3.1/../../../../arm-none-eabi/lib/thumb/v6-m/libg_nano.a(lib_a-impure.o)
 .ARM.attributes
                0x0000000000000305       0x2c /mnt/d/Git/acconeer/compilers/gcc-arm-none-eabi-7-2018-q2-update/bin/../lib/gcc/arm-none-eabi/7.3.1/../../../../arm-none-eabi/lib/thumb/v6-m/libg_nano.a(lib_a-init.o)
 .ARM.attributes
                0x0000000000000331       0x2c /mnt/d/Git/acconeer/compilers/gcc-arm-none-eabi-7-2018-q2-update/bin/../lib/gcc/arm-none-eabi/7.3.1/../../../../arm-none-eabi/lib/thumb/v6-m/libg_nano.a(lib_a-memset.o)
 .ARM.attributes
                0x000000000000035d       0x2c /mnt/d/Git/acconeer/compilers/gcc-arm-none-eabi-7-2018-q2-update/bin/../lib/gcc/arm-none-eabi/7.3.1/../../../../arm-none-eabi/lib/thumb/v6-m/libg_nano.a(lib_a-nano-freer.o)
 .ARM.attributes
                0x0000000000000389       0x2c /mnt/d/Git/acconeer/compilers/gcc-arm-none-eabi-7-2018-q2-update/bin/../lib/gcc/arm-none-eabi/7.3.1/../../../../arm-none-eabi/lib/thumb/v6-m/libg_nano.a(lib_a-nano-mallocr.o)
 .ARM.attributes
                0x00000000000003b5       0x2c /mnt/d/Git/acconeer/compilers/gcc-arm-none-eabi-7-2018-q2-update/bin/../lib/gcc/arm-none-eabi/7.3.1/../../../../arm-none-eabi/lib/thumb/v6-m/libg_nano.a(lib_a-sbrkr.o)
 .ARM.attributes
                0x00000000000003e1       0x2c /mnt/d/Git/acconeer/compilers/gcc-arm-none-eabi-7-2018-q2-update/bin/../lib/gcc/arm-none-eabi/7.3.1/../../../../arm-none-eabi/lib/thumb/v6-m/libg_nano.a(lib_a-stdio.o)
 .ARM.attributes
                0x000000000000040d       0x2c /mnt/d/Git/acconeer/compilers/gcc-arm-none-eabi-7-2018-q2-update/bin/../lib/gcc/arm-none-eabi/7.3.1/../../../../arm-none-eabi/lib/thumb/v6-m/libg_nano.a(lib_a-writer.o)
 .ARM.attributes
                0x0000000000000439       0x2c /mnt/d/Git/acconeer/compilers/gcc-arm-none-eabi-7-2018-q2-update/bin/../lib/gcc/arm-none-eabi/7.3.1/../../../../arm-none-eabi/lib/thumb/v6-m/libg_nano.a(lib_a-closer.o)
 .ARM.attributes
                0x0000000000000465       0x2c /mnt/d/Git/acconeer/compilers/gcc-arm-none-eabi-7-2018-q2-update/bin/../lib/gcc/arm-none-eabi/7.3.1/../../../../arm-none-eabi/lib/thumb/v6-m/libg_nano.a(lib_a-lseekr.o)
 .ARM.attributes
                0x0000000000000491       0x2c /mnt/d/Git/acconeer/compilers/gcc-arm-none-eabi-7-2018-q2-update/bin/../lib/gcc/arm-none-eabi/7.3.1/../../../../arm-none-eabi/lib/thumb/v6-m/libg_nano.a(lib_a-mlock.o)
 .ARM.attributes
                0x00000000000004bd       0x2c /mnt/d/Git/acconeer/compilers/gcc-arm-none-eabi-7-2018-q2-update/bin/../lib/gcc/arm-none-eabi/7.3.1/../../../../arm-none-eabi/lib/thumb/v6-m/libg_nano.a(lib_a-readr.o)
 .ARM.attributes
                0x00000000000004e9       0x2c /mnt/d/Git/acconeer/compilers/gcc-arm-none-eabi-7-2018-q2-update/bin/../lib/gcc/arm-none-eabi/7.3.1/../../../../arm-none-eabi/lib/thumb/v6-m/libg_nano.a(lib_a-reent.o)
 .ARM.attributes
                0x0000000000000515       0x2c /mnt/d/Git/acconeer/compilers/gcc-arm-none-eabi-7-2018-q2-update/bin/../lib/gcc/arm-none-eabi/7.3.1/../../../../arm-none-eabi/lib/thumb/v6-m/libnosys.a(close.o)
 .ARM.attributes
                0x0000000000000541       0x2c /mnt/d/Git/acconeer/compilers/gcc-arm-none-eabi-7-2018-q2-update/bin/../lib/gcc/arm-none-eabi/7.3.1/../../../../arm-none-eabi/lib/thumb/v6-m/libnosys.a(lseek.o)
 .ARM.attributes
                0x000000000000056d       0x2c /mnt/d/Git/acconeer/compilers/gcc-arm-none-eabi-7-2018-q2-update/bin/../lib/gcc/arm-none-eabi/7.3.1/../../../../arm-none-eabi/lib/thumb/v6-m/libnosys.a(read.o)
 .ARM.attributes
                0x0000000000000599       0x1e /mnt/d/Git/acconeer/compilers/gcc-arm-none-eabi-7-2018-q2-update/bin/../lib/gcc/arm-none-eabi/7.3.1/thumb/v6-m/crtn.o
 .ARM.attributes
                0x00000000000005b7       0x2c /mnt/d/Git/acconeer/compilers/gcc-arm-none-eabi-7-2018-q2-update/bin/../lib/gcc/arm-none-eabi/7.3.1/../../../../arm-none-eabi/lib/thumb/v6-m/libm.a(lib_a-s_cos.o)
 .ARM.attributes
                0x00000000000005e3       0x2c /mnt/d/Git/acconeer/compilers/gcc-arm-none-eabi-7-2018-q2-update/bin/../lib/gcc/arm-none-eabi/7.3.1/../../../../arm-none-eabi/lib/thumb/v6-m/libm.a(lib_a-sf_fmax.o)
 .ARM.attributes
                0x000000000000060f       0x2c /mnt/d/Git/acconeer/compilers/gcc-arm-none-eabi-7-2018-q2-update/bin/../lib/gcc/arm-none-eabi/7.3.1/../../../../arm-none-eabi/lib/thumb/v6-m/libm.a(lib_a-sf_fpclassify.o)
 .ARM.attributes
                0x000000000000063b       0x2c /mnt/d/Git/acconeer/compilers/gcc-arm-none-eabi-7-2018-q2-update/bin/../lib/gcc/arm-none-eabi/7.3.1/../../../../arm-none-eabi/lib/thumb/v6-m/libm.a(lib_a-sf_round.o)
 .ARM.attributes
                0x0000000000000667       0x2c /mnt/d/Git/acconeer/compilers/gcc-arm-none-eabi-7-2018-q2-update/bin/../lib/gcc/arm-none-eabi/7.3.1/../../../../arm-none-eabi/lib/thumb/v6-m/libm.a(lib_a-w_sqrt.o)
 .ARM.attributes
                0x0000000000000693       0x2c /mnt/d/Git/acconeer/compilers/gcc-arm-none-eabi-7-2018-q2-update/bin/../lib/gcc/arm-none-eabi/7.3.1/../../../../arm-none-eabi/lib/thumb/v6-m/libm.a(lib_a-wf_exp.o)
 .ARM.attributes
                0x00000000000006bf       0x2c /mnt/d/Git/acconeer/compilers/gcc-arm-none-eabi-7-2018-q2-update/bin/../lib/gcc/arm-none-eabi/7.3.1/../../../../arm-none-eabi/lib/thumb/v6-m/libm.a(lib_a-wf_log10.o)
 .ARM.attributes
                0x00000000000006eb       0x2c /mnt/d/Git/acconeer/compilers/gcc-arm-none-eabi-7-2018-q2-update/bin/../lib/gcc/arm-none-eabi/7.3.1/../../../../arm-none-eabi/lib/thumb/v6-m/libm.a(lib_a-e_rem_pio2.o)
 .ARM.attributes
                0x0000000000000717       0x2c /mnt/d/Git/acconeer/compilers/gcc-arm-none-eabi-7-2018-q2-update/bin/../lib/gcc/arm-none-eabi/7.3.1/../../../../arm-none-eabi/lib/thumb/v6-m/libm.a(lib_a-e_sqrt.o)
 .ARM.attributes
                0x0000000000000743       0x2c /mnt/d/Git/acconeer/compilers/gcc-arm-none-eabi-7-2018-q2-update/bin/../lib/gcc/arm-none-eabi/7.3.1/../../../../arm-none-eabi/lib/thumb/v6-m/libm.a(lib_a-ef_exp.o)
 .ARM.attributes
                0x000000000000076f       0x2c /mnt/d/Git/acconeer/compilers/gcc-arm-none-eabi-7-2018-q2-update/bin/../lib/gcc/arm-none-eabi/7.3.1/../../../../arm-none-eabi/lib/thumb/v6-m/libm.a(lib_a-ef_log10.o)
 .ARM.attributes
                0x000000000000079b       0x2c /mnt/d/Git/acconeer/compilers/gcc-arm-none-eabi-7-2018-q2-update/bin/../lib/gcc/arm-none-eabi/7.3.1/../../../../arm-none-eabi/lib/thumb/v6-m/libm.a(lib_a-k_cos.o)
 .ARM.attributes
                0x00000000000007c7       0x2c /mnt/d/Git/acconeer/compilers/gcc-arm-none-eabi-7-2018-q2-update/bin/../lib/gcc/arm-none-eabi/7.3.1/../../../../arm-none-eabi/lib/thumb/v6-m/libm.a(lib_a-k_rem_pio2.o)
 .ARM.attributes
                0x00000000000007f3       0x2c /mnt/d/Git/acconeer/compilers/gcc-arm-none-eabi-7-2018-q2-update/bin/../lib/gcc/arm-none-eabi/7.3.1/../../../../arm-none-eabi/lib/thumb/v6-m/libm.a(lib_a-k_sin.o)
 .ARM.attributes
                0x000000000000081f       0x2c /mnt/d/Git/acconeer/compilers/gcc-arm-none-eabi-7-2018-q2-update/bin/../lib/gcc/arm-none-eabi/7.3.1/../../../../arm-none-eabi/lib/thumb/v6-m/libm.a(lib_a-s_fabs.o)
 .ARM.attributes
                0x000000000000084b       0x2c /mnt/d/Git/acconeer/compilers/gcc-arm-none-eabi-7-2018-q2-update/bin/../lib/gcc/arm-none-eabi/7.3.1/../../../../arm-none-eabi/lib/thumb/v6-m/libm.a(lib_a-s_floor.o)
 .ARM.attributes
                0x0000000000000877       0x2c /mnt/d/Git/acconeer/compilers/gcc-arm-none-eabi-7-2018-q2-update/bin/../lib/gcc/arm-none-eabi/7.3.1/../../../../arm-none-eabi/lib/thumb/v6-m/libm.a(lib_a-s_lib_ver.o)
 .ARM.attributes
                0x00000000000008a3       0x2c /mnt/d/Git/acconeer/compilers/gcc-arm-none-eabi-7-2018-q2-update/bin/../lib/gcc/arm-none-eabi/7.3.1/../../../../arm-none-eabi/lib/thumb/v6-m/libm.a(lib_a-s_matherr.o)
 .ARM.attributes
                0x00000000000008cf       0x2c /mnt/d/Git/acconeer/compilers/gcc-arm-none-eabi-7-2018-q2-update/bin/../lib/gcc/arm-none-eabi/7.3.1/../../../../arm-none-eabi/lib/thumb/v6-m/libm.a(lib_a-s_nan.o)
 .ARM.attributes
                0x00000000000008fb       0x2c /mnt/d/Git/acconeer/compilers/gcc-arm-none-eabi-7-2018-q2-update/bin/../lib/gcc/arm-none-eabi/7.3.1/../../../../arm-none-eabi/lib/thumb/v6-m/libm.a(lib_a-s_scalbn.o)
 .ARM.attributes
                0x0000000000000927       0x2c /mnt/d/Git/acconeer/compilers/gcc-arm-none-eabi-7-2018-q2-update/bin/../lib/gcc/arm-none-eabi/7.3.1/../../../../arm-none-eabi/lib/thumb/v6-m/libm.a(lib_a-sf_finite.o)
 .ARM.attributes
                0x0000000000000953       0x2c /mnt/d/Git/acconeer/compilers/gcc-arm-none-eabi-7-2018-q2-update/bin/../lib/gcc/arm-none-eabi/7.3.1/../../../../arm-none-eabi/lib/thumb/v6-m/libm.a(lib_a-ef_log.o)
 .ARM.attributes
                0x000000000000097f       0x2c /mnt/d/Git/acconeer/compilers/gcc-arm-none-eabi-7-2018-q2-update/bin/../lib/gcc/arm-none-eabi/7.3.1/../../../../arm-none-eabi/lib/thumb/v6-m/libm.a(lib_a-s_copysign.o)
 .ARM.attributes
                0x00000000000009ab       0x32 out/lib/libwrapprintf.a(acc_wrap_printf.o)
 .ARM.attributes
                0x00000000000009dd       0x32 out/lib/libwrapprintf.a(printf.o)
 .ARM.attributes
                0x0000000000000a0f       0x1e /mnt/d/Git/acconeer/compilers/gcc-arm-none-eabi-7-2018-q2-update/bin/../lib/gcc/arm-none-eabi/7.3.1/thumb/v6-m/libgcc.a(_thumb1_case_sqi.o)
 .ARM.attributes
                0x0000000000000a2d       0x1e /mnt/d/Git/acconeer/compilers/gcc-arm-none-eabi-7-2018-q2-update/bin/../lib/gcc/arm-none-eabi/7.3.1/thumb/v6-m/libgcc.a(_thumb1_case_uqi.o)
 .ARM.attributes
                0x0000000000000a4b       0x1e /mnt/d/Git/acconeer/compilers/gcc-arm-none-eabi-7-2018-q2-update/bin/../lib/gcc/arm-none-eabi/7.3.1/thumb/v6-m/libgcc.a(_thumb1_case_uhi.o)
 .ARM.attributes
                0x0000000000000a69       0x1e /mnt/d/Git/acconeer/compilers/gcc-arm-none-eabi-7-2018-q2-update/bin/../lib/gcc/arm-none-eabi/7.3.1/thumb/v6-m/libgcc.a(_udivsi3.o)
 .ARM.attributes
                0x0000000000000a87       0x1e /mnt/d/Git/acconeer/compilers/gcc-arm-none-eabi-7-2018-q2-update/bin/../lib/gcc/arm-none-eabi/7.3.1/thumb/v6-m/libgcc.a(_divsi3.o)
 .ARM.attributes
                0x0000000000000aa5       0x1e /mnt/d/Git/acconeer/compilers/gcc-arm-none-eabi-7-2018-q2-update/bin/../lib/gcc/arm-none-eabi/7.3.1/thumb/v6-m/libgcc.a(_dvmd_tls.o)
 .ARM.attributes
                0x0000000000000ac3       0x1e /mnt/d/Git/acconeer/compilers/gcc-arm-none-eabi-7-2018-q2-update/bin/../lib/gcc/arm-none-eabi/7.3.1/thumb/v6-m/libgcc.a(_arm_cmpdf2.o)
 .ARM.attributes
                0x0000000000000ae1       0x1e /mnt/d/Git/acconeer/compilers/gcc-arm-none-eabi-7-2018-q2-update/bin/../lib/gcc/arm-none-eabi/7.3.1/thumb/v6-m/libgcc.a(_arm_cmpsf2.o)
 .ARM.attributes
                0x0000000000000aff       0x1e /mnt/d/Git/acconeer/compilers/gcc-arm-none-eabi-7-2018-q2-update/bin/../lib/gcc/arm-none-eabi/7.3.1/thumb/v6-m/libgcc.a(_aeabi_uldivmod.o)
 .ARM.attributes
                0x0000000000000b1d       0x2c /mnt/d/Git/acconeer/compilers/gcc-arm-none-eabi-7-2018-q2-update/bin/../lib/gcc/arm-none-eabi/7.3.1/thumb/v6-m/libgcc.a(_fixunssfsi.o)
 .ARM.attributes
                0x0000000000000b49       0x2c /mnt/d/Git/acconeer/compilers/gcc-arm-none-eabi-7-2018-q2-update/bin/../lib/gcc/arm-none-eabi/7.3.1/thumb/v6-m/libgcc.a(_udivmoddi4.o)
 .ARM.attributes
                0x0000000000000b75       0x2c /mnt/d/Git/acconeer/compilers/gcc-arm-none-eabi-7-2018-q2-update/bin/../lib/gcc/arm-none-eabi/7.3.1/thumb/v6-m/libgcc.a(eqsf2.o)
 .ARM.attributes
                0x0000000000000ba1       0x2c /mnt/d/Git/acconeer/compilers/gcc-arm-none-eabi-7-2018-q2-update/bin/../lib/gcc/arm-none-eabi/7.3.1/thumb/v6-m/libgcc.a(gesf2.o)
 .ARM.attributes
                0x0000000000000bcd       0x2c /mnt/d/Git/acconeer/compilers/gcc-arm-none-eabi-7-2018-q2-update/bin/../lib/gcc/arm-none-eabi/7.3.1/thumb/v6-m/libgcc.a(lesf2.o)
 .ARM.attributes
                0x0000000000000bf9       0x2c /mnt/d/Git/acconeer/compilers/gcc-arm-none-eabi-7-2018-q2-update/bin/../lib/gcc/arm-none-eabi/7.3.1/thumb/v6-m/libgcc.a(unordsf2.o)
 .ARM.attributes
                0x0000000000000c25       0x2c /mnt/d/Git/acconeer/compilers/gcc-arm-none-eabi-7-2018-q2-update/bin/../lib/gcc/arm-none-eabi/7.3.1/thumb/v6-m/libgcc.a(fixsfsi.o)
 .ARM.attributes
                0x0000000000000c51       0x2c /mnt/d/Git/acconeer/compilers/gcc-arm-none-eabi-7-2018-q2-update/bin/../lib/gcc/arm-none-eabi/7.3.1/thumb/v6-m/libgcc.a(floatsisf.o)
 .ARM.attributes
                0x0000000000000c7d       0x2c /mnt/d/Git/acconeer/compilers/gcc-arm-none-eabi-7-2018-q2-update/bin/../lib/gcc/arm-none-eabi/7.3.1/thumb/v6-m/libgcc.a(floatunsisf.o)
 .ARM.attributes
                0x0000000000000ca9       0x2c /mnt/d/Git/acconeer/compilers/gcc-arm-none-eabi-7-2018-q2-update/bin/../lib/gcc/arm-none-eabi/7.3.1/thumb/v6-m/libgcc.a(adddf3.o)
 .ARM.attributes
                0x0000000000000cd5       0x2c /mnt/d/Git/acconeer/compilers/gcc-arm-none-eabi-7-2018-q2-update/bin/../lib/gcc/arm-none-eabi/7.3.1/thumb/v6-m/libgcc.a(divdf3.o)
 .ARM.attributes
                0x0000000000000d01       0x2c /mnt/d/Git/acconeer/compilers/gcc-arm-none-eabi-7-2018-q2-update/bin/../lib/gcc/arm-none-eabi/7.3.1/thumb/v6-m/libgcc.a(eqdf2.o)
 .ARM.attributes
                0x0000000000000d2d       0x2c /mnt/d/Git/acconeer/compilers/gcc-arm-none-eabi-7-2018-q2-update/bin/../lib/gcc/arm-none-eabi/7.3.1/thumb/v6-m/libgcc.a(gedf2.o)
 .ARM.attributes
                0x0000000000000d59       0x2c /mnt/d/Git/acconeer/compilers/gcc-arm-none-eabi-7-2018-q2-update/bin/../lib/gcc/arm-none-eabi/7.3.1/thumb/v6-m/libgcc.a(ledf2.o)
 .ARM.attributes
                0x0000000000000d85       0x2c /mnt/d/Git/acconeer/compilers/gcc-arm-none-eabi-7-2018-q2-update/bin/../lib/gcc/arm-none-eabi/7.3.1/thumb/v6-m/libgcc.a(muldf3.o)
 .ARM.attributes
                0x0000000000000db1       0x2c /mnt/d/Git/acconeer/compilers/gcc-arm-none-eabi-7-2018-q2-update/bin/../lib/gcc/arm-none-eabi/7.3.1/thumb/v6-m/libgcc.a(subdf3.o)
 .ARM.attributes
                0x0000000000000ddd       0x2c /mnt/d/Git/acconeer/compilers/gcc-arm-none-eabi-7-2018-q2-update/bin/../lib/gcc/arm-none-eabi/7.3.1/thumb/v6-m/libgcc.a(unorddf2.o)
 .ARM.attributes
                0x0000000000000e09       0x2c /mnt/d/Git/acconeer/compilers/gcc-arm-none-eabi-7-2018-q2-update/bin/../lib/gcc/arm-none-eabi/7.3.1/thumb/v6-m/libgcc.a(fixdfsi.o)
 .ARM.attributes
                0x0000000000000e35       0x2c /mnt/d/Git/acconeer/compilers/gcc-arm-none-eabi-7-2018-q2-update/bin/../lib/gcc/arm-none-eabi/7.3.1/thumb/v6-m/libgcc.a(floatsidf.o)
 .ARM.attributes
                0x0000000000000e61       0x2c /mnt/d/Git/acconeer/compilers/gcc-arm-none-eabi-7-2018-q2-update/bin/../lib/gcc/arm-none-eabi/7.3.1/thumb/v6-m/libgcc.a(floatunsidf.o)
 .ARM.attributes
                0x0000000000000e8d       0x2c /mnt/d/Git/acconeer/compilers/gcc-arm-none-eabi-7-2018-q2-update/bin/../lib/gcc/arm-none-eabi/7.3.1/thumb/v6-m/libgcc.a(extendsfdf2.o)
 .ARM.attributes
                0x0000000000000eb9       0x2c /mnt/d/Git/acconeer/compilers/gcc-arm-none-eabi-7-2018-q2-update/bin/../lib/gcc/arm-none-eabi/7.3.1/thumb/v6-m/libgcc.a(truncdfsf2.o)
 .ARM.attributes
                0x0000000000000ee5       0x1e /mnt/d/Git/acconeer/compilers/gcc-arm-none-eabi-7-2018-q2-update/bin/../lib/gcc/arm-none-eabi/7.3.1/thumb/v6-m/libgcc.a(_clzdi2.o)
 .ARM.attributes
                0x0000000000000f03       0x2c /mnt/d/Git/acconeer/compilers/gcc-arm-none-eabi-7-2018-q2-update/bin/../lib/gcc/arm-none-eabi/7.3.1/../../../../arm-none-eabi/lib/thumb/v6-m/libg_nano.a(lib_a-malloc.o)
 .ARM.attributes
                0x0000000000000f2f       0x2c /mnt/d/Git/acconeer/compilers/gcc-arm-none-eabi-7-2018-q2-update/bin/../lib/gcc/arm-none-eabi/7.3.1/../../../../arm-none-eabi/lib/thumb/v6-m/libg_nano.a(lib_a-memcpy-stub.o)
 .ARM.attributes
                0x0000000000000f5b       0x2c /mnt/d/Git/acconeer/compilers/gcc-arm-none-eabi-7-2018-q2-update/bin/../lib/gcc/arm-none-eabi/7.3.1/../../../../arm-none-eabi/lib/thumb/v6-m/libg_nano.a(lib_a-memmove.o)
 .ARM.attributes
                0x0000000000000f87       0x2c /mnt/d/Git/acconeer/compilers/gcc-arm-none-eabi-7-2018-q2-update/bin/../lib/gcc/arm-none-eabi/7.3.1/../../../../arm-none-eabi/lib/thumb/v6-m/libg_nano.a(lib_a-putchar.o)
 .ARM.attributes
                0x0000000000000fb3       0x1c /mnt/d/Git/acconeer/compilers/gcc-arm-none-eabi-7-2018-q2-update/bin/../lib/gcc/arm-none-eabi/7.3.1/../../../../arm-none-eabi/lib/thumb/v6-m/libg_nano.a(lib_a-strlen.o)
 .ARM.attributes
                0x0000000000000fcf       0x2c /mnt/d/Git/acconeer/compilers/gcc-arm-none-eabi-7-2018-q2-update/bin/../lib/gcc/arm-none-eabi/7.3.1/../../../../arm-none-eabi/lib/thumb/v6-m/libg_nano.a(lib_a-putc.o)
 .ARM.attributes
                0x0000000000000ffb       0x2c /mnt/d/Git/acconeer/compilers/gcc-arm-none-eabi-7-2018-q2-update/bin/../lib/gcc/arm-none-eabi/7.3.1/../../../../arm-none-eabi/lib/thumb/v6-m/libg_nano.a(lib_a-wbuf.o)
 .ARM.attributes
                0x0000000000001027       0x2c /mnt/d/Git/acconeer/compilers/gcc-arm-none-eabi-7-2018-q2-update/bin/../lib/gcc/arm-none-eabi/7.3.1/../../../../arm-none-eabi/lib/thumb/v6-m/libg_nano.a(lib_a-wsetup.o)
 .ARM.attributes
                0x0000000000001053       0x2c /mnt/d/Git/acconeer/compilers/gcc-arm-none-eabi-7-2018-q2-update/bin/../lib/gcc/arm-none-eabi/7.3.1/../../../../arm-none-eabi/lib/thumb/v6-m/libg_nano.a(lib_a-makebuf.o)
 .ARM.attributes
                0x000000000000107f       0x2c /mnt/d/Git/acconeer/compilers/gcc-arm-none-eabi-7-2018-q2-update/bin/../lib/gcc/arm-none-eabi/7.3.1/../../../../arm-none-eabi/lib/thumb/v6-m/libg_nano.a(lib_a-fstatr.o)
 .ARM.attributes
                0x00000000000010ab       0x2c /mnt/d/Git/acconeer/compilers/gcc-arm-none-eabi-7-2018-q2-update/bin/../lib/gcc/arm-none-eabi/7.3.1/../../../../arm-none-eabi/lib/thumb/v6-m/libg_nano.a(lib_a-isattyr.o)
 .ARM.attributes
                0x00000000000010d7       0x2c /mnt/d/Git/acconeer/compilers/gcc-arm-none-eabi-7-2018-q2-update/bin/../lib/gcc/arm-none-eabi/7.3.1/../../../../arm-none-eabi/lib/thumb/v6-m/libnosys.a(fstat.o)
 .ARM.attributes
                0x0000000000001103       0x2c /mnt/d/Git/acconeer/compilers/gcc-arm-none-eabi-7-2018-q2-update/bin/../lib/gcc/arm-none-eabi/7.3.1/../../../../arm-none-eabi/lib/thumb/v6-m/libnosys.a(isatty.o)
OUTPUT(out/main.elf elf32-littlearm)

.debug_info     0x0000000000000000    0x2a6b1
 .debug_info    0x0000000000000000    0x1f2ef /tmp/cc5ufPvB.ltrans0.ltrans.o
 .debug_info    0x000000000001f2ef     0x83af /tmp/cc5ufPvB.ltrans1.ltrans.o
 .debug_info    0x000000000002769e      0x7fc out/obj/syscalls.o
 .debug_info    0x0000000000027e9a      0x9a5 out/obj/sysmem.o
 .debug_info    0x000000000002883f      0xd03 out/lib/libwrapprintf.a(acc_wrap_printf.o)
 .debug_info    0x0000000000029542     0x116f out/lib/libwrapprintf.a(printf.o)

.debug_abbrev   0x0000000000000000     0x1a4f
 .debug_abbrev  0x0000000000000000      0x904 /tmp/cc5ufPvB.ltrans0.ltrans.o
 .debug_abbrev  0x0000000000000904      0x83e /tmp/cc5ufPvB.ltrans1.ltrans.o
 .debug_abbrev  0x0000000000001142      0x187 out/obj/syscalls.o
 .debug_abbrev  0x00000000000012c9      0x206 out/obj/sysmem.o
 .debug_abbrev  0x00000000000014cf      0x268 out/lib/libwrapprintf.a(acc_wrap_printf.o)
 .debug_abbrev  0x0000000000001737      0x318 out/lib/libwrapprintf.a(printf.o)

.debug_loc      0x0000000000000000    0x1a86e
 .debug_loc     0x0000000000000000    0x1337c /tmp/cc5ufPvB.ltrans0.ltrans.o
 .debug_loc     0x000000000001337c     0x5cf9 /tmp/cc5ufPvB.ltrans1.ltrans.o
 .debug_loc     0x0000000000019075       0x6b out/obj/syscalls.o
 .debug_loc     0x00000000000190e0       0x81 out/obj/sysmem.o
 .debug_loc     0x0000000000019161      0x26a out/lib/libwrapprintf.a(acc_wrap_printf.o)
 .debug_loc     0x00000000000193cb     0x14a3 out/lib/libwrapprintf.a(printf.o)

.debug_aranges  0x0000000000000000      0x170
 .debug_aranges
                0x0000000000000000       0x20 /tmp/cc5ufPvB.ltrans0.ltrans.o
 .debug_aranges
                0x0000000000000020       0x20 /tmp/cc5ufPvB.ltrans1.ltrans.o
 .debug_aranges
                0x0000000000000040       0x20 out/obj/syscalls.o
 .debug_aranges
                0x0000000000000060       0x20 out/obj/sysmem.o
 .debug_aranges
                0x0000000000000080       0x50 out/lib/libwrapprintf.a(acc_wrap_printf.o)
 .debug_aranges