Archive member included to satisfy reference by file (symbol)

lib/libacconeer.a(acc_rss.o)  out/obj/reg_interface.o (symbol from plugin) (acc_rss_activate)
lib/libacconeer.a(acc_service_envelope.o)
                              out/obj/reg_interface.o (symbol from plugin) (acc_service_envelope_configuration_create)
lib/libacconeer.a(acc_service_manager.o)
                              acc_rss.o (symbol from plugin) (acc_service_manager_activate)
lib/libacconeer.a(acc_service_sparse.o)
                              out/obj/reg_interface.o (symbol from plugin) (acc_service_sparse_configuration_create)
lib/libacconeer.a(acc_service.o)
                              acc_service_envelope.o (symbol from plugin) (acc_service_get_base_configuration)
lib/libacconeer.a(acc_base_configuration.o)
                              acc_service.o (symbol from plugin) (acc_base_configuration_sensor_get)
lib/libacconeer.a(acc_rss_integration.o)
                              acc_rss.o (symbol from plugin) (concrete_hal)
lib/libacconeer.a(acc_pipeline_direct.o)
                              acc_service_sparse.o (symbol from plugin) (acc_pipeline_direct_assemble)
lib/libacconeer.a(acc_pipeline_envelope.o)
                              acc_service_envelope.o (symbol from plugin) (acc_pipeline_envelope_assemble)
lib/libacconeer.a(acc_radar_engine_linear.o)
                              acc_service_envelope.o (symbol from plugin) (acc_radar_engine_linear_create)
lib/libacconeer.a(acc_radar_engine_sparse.o)
                              acc_service_sparse.o (symbol from plugin) (acc_radar_engine_sparse_create)
lib/libacconeer.a(acc_radar_engine.o)
                              acc_radar_engine_linear.o (symbol from plugin) (acc_radar_engine_acquire_adc_data)
lib/libacconeer.a(acc_radar_engine_common_sweep_w_dly.o)
                              acc_radar_engine_linear.o (symbol from plugin) (acc_radar_engine_common_sweep_w_dly_initialize_range)
lib/libacconeer.a(acc_radar_engine_common.o)
                              acc_radar_engine_linear.o (symbol from plugin) (acc_radar_engine_common_get_timeout_ms)
lib/libacconeer.a(acc_sensor_comm_r2.o)
                              acc_radar_engine_linear.o (symbol from plugin) (acc_sensor_r2_get_max_header_length)
lib/libacconeer.a(acc_sensor_manager.o)
                              acc_rss.o (symbol from plugin) (acc_sensor_manager_activate)
lib/libacconeer.a(acc_sensor_protocol_r2.o)
                              acc_radar_engine_linear.o (symbol from plugin) (acc_sensor_protocol_r2_ack_event)
lib/libacconeer.a(acc_sweep_manager.o)
                              acc_sensor_manager.o (symbol from plugin) (acc_sweep_manager_prepare)
lib/libacconeer.a(acc_utils.o)
                              acc_rss_integration.o (symbol from plugin) (acc_utils_swap16_array)
lib/libacconeer.a(acc_alg_cca.o)
                              acc_radar_engine_linear.o (symbol from plugin) (acc_alg_cca_calculate)
lib/libacconeer.a(acc_assert.o)
                              acc_rss_integration.o (symbol from plugin) (acc_assert_fail)
lib/libacconeer.a(acc_element.o)
                              acc_pipeline_envelope.o (symbol from plugin) (acc_element_sizeof)
lib/libacconeer.a(acc_element_abs.o)
                              acc_pipeline_envelope.o (symbol from plugin) (acc_element_abs_init)
lib/libacconeer.a(acc_element_centering.o)
                              acc_pipeline_envelope.o (symbol from plugin) (acc_element_centering_init)
lib/libacconeer.a(acc_element_converter.o)
                              acc_pipeline_envelope.o (symbol from plugin) (acc_element_converter_init)
lib/libacconeer.a(acc_element_crop.o)
                              acc_pipeline_envelope.o (symbol from plugin) (acc_element_crop_init)
lib/libacconeer.a(acc_element_depth_domain_low_pass_filter.o)
                              acc_pipeline_envelope.o (symbol from plugin) (acc_element_depth_domain_low_pass_filter_init)
lib/libacconeer.a(acc_element_iq_mixer.o)
                              acc_pipeline_envelope.o (symbol from plugin) (acc_element_iq_mixer_init)
lib/libacconeer.a(acc_element_noise_level_normalization.o)
                              acc_pipeline_envelope.o (symbol from plugin) (acc_element_noise_level_normalization_init)
lib/libacconeer.a(acc_element_phase_compensation.o)
                              acc_pipeline_envelope.o (symbol from plugin) (acc_element_phase_compensation_init)
lib/libacconeer.a(acc_element_saturation_check.o)
                              acc_pipeline_direct.o (symbol from plugin) (acc_element_saturation_check_init)
lib/libacconeer.a(acc_element_time_domain_low_pass_filter.o)
                              acc_pipeline_envelope.o (symbol from plugin) (acc_element_time_domain_low_pass_filter_init)
lib/libacconeer.a(acc_element_sink_callback.o)
                              acc_pipeline_direct.o (symbol from plugin) (acc_element_sink_callback_init)
lib/libacconeer.a(acc_element_source_adc.o)
[...]
Memory Configuration

Name             Origin             Length             Attributes
RAM              0x0000000020000000 0x0000000000009000 xrw
FLASH            0x0000000008000000 0x0000000000020000 xr
*default*        0x0000000000000000 0xffffffffffffffff

Linker script and memory map

LOAD /mnt/d/Git/acconeer/compilers/gcc-arm-none-eabi-7-2018-q2-update/bin/../lib/gcc/arm-none-eabi/7.3.1/thumb/v6-m/crti.o
LOAD /mnt/d/Git/acconeer/compilers/gcc-arm-none-eabi-7-2018-q2-update/bin/../lib/gcc/arm-none-eabi/7.3.1/thumb/v6-m/crtbegin.o
LOAD /mnt/d/Git/acconeer/compilers/gcc-arm-none-eabi-7-2018-q2-update/bin/../lib/gcc/arm-none-eabi/7.3.1/../../../../arm-none-eabi/lib/thumb/v6-m/crt0.o
LOAD /tmp/ccI063KQ.ltrans0.ltrans.o
LOAD /tmp/ccI063KQ.ltrans1.ltrans.o
LOAD out/obj/syscalls.o
LOAD out/obj/startup_stm32g071xx.o
LOAD out/obj/sysmem.o
START GROUP
LOAD lib/libacc_detector_distance.a
LOAD lib/libacc_detector_presence.a
LOAD lib/libacc_rf_certification_test.a
LOAD lib/libacconeer.a
LOAD /mnt/d/Git/acconeer/compilers/gcc-arm-none-eabi-7-2018-q2-update/bin/../lib/gcc/arm-none-eabi/7.3.1/../../../../arm-none-eabi/lib/thumb/v6-m/libm.a
LOAD out/lib/libwrapprintf.a
LOAD out/lib/libstm32cube_fw_g0.a
END GROUP
START GROUP
LOAD /mnt/d/Git/acconeer/compilers/gcc-arm-none-eabi-7-2018-q2-update/bin/../lib/gcc/arm-none-eabi/7.3.1/thumb/v6-m/libgcc.a
LOAD /mnt/d/Git/acconeer/compilers/gcc-arm-none-eabi-7-2018-q2-update/bin/../lib/gcc/arm-none-eabi/7.3.1/../../../../arm-none-eabi/lib/thumb/v6-m/libg_nano.a
LOAD /mnt/d/Git/acconeer/compilers/gcc-arm-none-eabi-7-2018-q2-update/bin/../lib/gcc/arm-none-eabi/7.3.1/../../../../arm-none-eabi/lib/thumb/v6-m/libc_nano.a
END GROUP
START GROUP
LOAD /mnt/d/Git/acconeer/compilers/gcc-arm-none-eabi-7-2018-q2-update/bin/../lib/gcc/arm-none-eabi/7.3.1/thumb/v6-m/libgcc.a
LOAD /mnt/d/Git/acconeer/compilers/gcc-arm-none-eabi-7-2018-q2-update/bin/../lib/gcc/arm-none-eabi/7.3.1/../../../../arm-none-eabi/lib/thumb/v6-m/libc_nano.a
LOAD /mnt/d/Git/acconeer/compilers/gcc-arm-none-eabi-7-2018-q2-update/bin/../lib/gcc/arm-none-eabi/7.3.1/../../../../arm-none-eabi/lib/thumb/v6-m/libnosys.a
END GROUP
START GROUP
LOAD /mnt/d/Git/acconeer/compilers/gcc-arm-none-eabi-7-2018-q2-update/bin/../lib/gcc/arm-none-eabi/7.3.1/thumb/v6-m/libgcc.a
LOAD /mnt/d/Git/acconeer/compilers/gcc-arm-none-eabi-7-2018-q2-update/bin/../lib/gcc/arm-none-eabi/7.3.1/../../../../arm-none-eabi/lib/thumb/v6-m/libc_nano.a
LOAD /mnt/d/Git/acconeer/compilers/gcc-arm-none-eabi-7-2018-q2-update/bin/../lib/gcc/arm-none-eabi/7.3.1/../../../../arm-none-eabi/lib/thumb/v6-m/libnosys.a
END GROUP
LOAD /mnt/d/Git/acconeer/compilers/gcc-arm-none-eabi-7-2018-q2-update/bin/../lib/gcc/arm-none-eabi/7.3.1/thumb/v6-m/crtend.o
LOAD /mnt/d/Git/acconeer/compilers/gcc-arm-none-eabi-7-2018-q2-update/bin/../lib/gcc/arm-none-eabi/7.3.1/thumb/v6-m/crtn.o
                0x0000000020009000                _estack = 0x20009000
                0x0000000000000200                _Min_Heap_Size = 0x200
                0x0000000000001400                _Min_Stack_Size = 0x1400

.isr_vector     0x0000000008000000       0xbc
                0x0000000008000000                . = ALIGN (0x4)
 *(.isr_vector)
 .isr_vector    0x0000000008000000       0xbc out/obj/startup_stm32g071xx.o
                0x0000000008000000                g_pfnVectors
                0x00000000080000bc                . = ALIGN (0x4)

.text           0x00000000080000bc    0x14a44
                0x00000000080000bc                . = ALIGN (0x4)
 *(.text)
 .text          0x00000000080000bc       0x48 /mnt/d/Git/acconeer/compilers/gcc-arm-none-eabi-7-2018-q2-update/bin/../lib/gcc/arm-none-eabi/7.3.1/thumb/v6-m/crtbegin.o
 .text          0x0000000008000104     0x8168 /tmp/ccI063KQ.ltrans0.ltrans.o
                0x0000000008000300                filter_no_operation.lto_priv.167
                0x0000000008000598                reset.lto_priv.162.lto_priv.249
                0x0000000008001518                acc_sensor_protocol_r2_ack_event
                0x00000000080028c4                acc_assert_fail
                0x00000000080028e4                do_phase_compensation_q3_12.lto_priv.250
                0x0000000008002b8c                acc_sensor_protocol_r2_wait_for_specific_event
                0x0000000008002bec                acc_sensor_protocol_r2_is_sensor_running
                0x0000000008002c06                acc_sensor_protocol_r2_run_program
                0x0000000008002e98                acc_sensor_manager_hibernate_enter.lto_priv.247
                0x0000000008002ed0                acc_rss_integration_mem_alloc_debug
                0x0000000008002ef4                acc_rss_integration_sensor_device_transfer
                0x0000000008002f30                acc_sensor_r2_load_confmem
                0x0000000008002f98                acc_rss_integration_sensor_device_power_off
                0x0000000008003d54                acc_sensor_manager_power_on_and_start_sensor.lto_priv.248
                0x00000000080040f8                acc_rss_integration_get_sensor_reference_frequency
                0x00000000080057f0                HAL_UART_RxCpltCallback
                0x0000000008005858                RegInt_getreg
                0x0000000008005aec                RegInt_setregf
                0x000000000800633c                SystemInit
                0x000000000800634c                USART1_IRQHandler
                0x00000000080064f0                I2C1_IRQHandler
                0x0000000008006588                DMA1_Channel2_3_IRQHandler
                0x0000000008006598                DMA1_Channel1_IRQHandler
                0x00000000080065a8                EXTI4_15_IRQHandler
                0x00000000080065b2                EXTI2_3_IRQHandler
                0x00000000080065bc                RTC_TAMP_IRQHandler
                0x0000000008006620                SysTick_Handler
                0x0000000008006630                PendSV_Handler
                0x0000000008006632                NMI_Handler
                0x0000000008006634                SVC_Handler
                0x0000000008006636                HardFault_Handler
                0x000000000800823c                acc_sensor_r2_conf_write_instr
 .text          0x000000000800826c     0x3ff4 /tmp/ccI063KQ.ltrans1.ltrans.o
                0x000000000800848c                UART_DMAAbortOnError.lto_priv.342
                0x00000000080086b0                validate.lto_priv.161
                0x0000000008008718                reset.lto_priv.166.lto_priv.328
                0x000000000800871a                consume.lto_priv.327
                0x0000000008008730                validate.lto_priv.160
                0x0000000008008784                reset.lto_priv.165
                0x0000000008008794                filter_q3_12_complex.lto_priv.274
                0x0000000008008814                validate.lto_priv.159
                0x0000000008008868                event.lto_priv.171
                0x0000000008008884                saturation_check_i16.lto_priv.331
                0x00000000080088e0                validate.lto_priv.158
                0x0000000008008950                event.lto_priv.170.lto_priv.339
                0x0000000008008b7c                event.lto_priv.172
                0x0000000008008bae                reset.lto_priv.164.lto_priv.329
                0x0000000008008bb6                reset.lto_priv.163.lto_priv.340
                0x0000000008008bbe                phase_compensate_q3_12_complex.lto_priv.341
                0x0000000008008bd2                SPI_WaitFlagStateUntilTimeout.part.0.constprop.157
                0x0000000008008c3c                HAL_RTCEx_DeactivateWakeUpTimer.constprop.148
                0x0000000008008cbc                HAL_RTCEx_SetWakeUpTimer_IT.constprop.147
                0x0000000008008d78                acc_integration_sleep_us.constprop.145
                0x0000000008008dbc                HAL_GPIO_DeInit.constprop.142
                0x0000000008008e6c                HAL_UART_Transmit_IT.constprop.119
                0x0000000008008f34                RTC_ExitInitMode.constprop.106
                0x0000000008008f84                RTC_EnterInitMode.constprop.105
                0x0000000008008fc8                FLASH_WaitForLastOperation.constprop.92
                0x0000000008009044                HAL_UART_Receive_IT.constprop.83
                0x0000000008009160                Reg_regor.constprop.76
                0x0000000008009178                acc_rss_integration_mem_calloc_debug.constprop.75
                0x0000000008009190                internal_buffer_processed_read.constprop.30
                0x000000000800921c                acc_sensor_reg_write
                0x0000000008009236                acc_diagnostic_log_data_i16.constprop.20
                0x0000000008009238                acc_confprogram_live_patch.constprop.16
                0x0000000008009368                get_dt.constprop.10
                0x00000000080093a0                points_to_meter.constprop.9
                0x00000000080093cc                UARTEx_SetNbDataToProcess.lto_priv.643
                0x0000000008009430                HAL_UARTEx_DisableFifoMode
                0x0000000008009468                HAL_UART_Transmit
                0x000000000800953c                RTC_ByteToBcd2
                0x0000000008009552                HAL_RTC_SetAlarm_IT.constprop.129
                0x0000000008009690                HAL_InitTick
                0x00000000080096ec                HAL_DMA_DeInit.part.1
                0x0000000008009770                HAL_DMA_IRQHandler
                0x0000000008009818                HAL_DMA_Abort_IT
                0x0000000008009894                I2C_ITError.lto_priv.644
                0x0000000008009bc4                HAL_RCC_GetSysClockFreq
                0x0000000008009c50                HAL_GPIO_EXTI_IRQHandler
                0x0000000008009c68                HAL_GPIO_Init
                0x0000000008009db8                HAL_UART_Init.constprop.94
                0x000000000800a89c                biquad_q3_12_complex_direct_form_1.lto_priv.639
                0x000000000800a998                acc_confprogram_copy
                0x000000000800a998                acc_utils_uint32_to_transfer_buffer
                0x000000000800aa28                acc_confprogram_patch_offset
                0x000000000800ab4c                acc_diagnostic_log_data_u16
                0x000000000800ab4e                acc_diagnostic_log_scalar
                0x000000000800ab50                acc_diagnostic_log_array
                0x000000000800ab52                acc_diagnostic_log_set_parameter
                0x000000000800ab54                acc_diagnostic_log_declare_parameter
                0x000000000800ab56                acc_diagnostic_log_set_scope
                0x000000000800ab58                accumulator_mod.lto_priv.638
                0x000000000800ab94                acc_alg_basic_saturation_check_u16
                0x000000000800abf0                saturation_check_u16.lto_priv.330
                0x000000000800abf8                eval_even_poly_f32.lto_priv.642
                0x000000000800ac2a                quarter_pi_cos_sin_f32.lto_priv.641
                0x000000000800ac70                acc_alg_basic_math_q3_12_sin
                0x000000000800ac9c                acc_alg_basic_math_q3_12_complex_scalar_abs
                0x000000000800ad00                internal_reg_read.lto_priv.640
                0x000000000800ad4e                acc_sensor_diagnostics_r2_sensor_status
                0x000000000800b144                acc_sensor_protocol_r2_wait_for_event.constprop.27
                0x000000000800b298                acc_sensor_protocol_r2_stop.constprop.25
                0x000000000800b324                acc_sensor_protocol_r2_prepare_load.constprop.21
                0x000000000800b414                acc_cpd_linear_sweep_get_info
                0x000000000800b43e                acc_cpd_linear_sweep_update_program
                0x000000000800b494                acc_probes_execute
                0x000000000800b4b0                acc_cpd_linear_sweep_load_program
                0x000000000800bd88                acc_probes_execute_primitive_probe
                0x000000000800bda0                acc_probes_execute_uint16
                0x000000000800bdbe                acc_cpd_cbank_and_vana_calibration
                0x000000000800c0b8                acc_element_source_adc_inject_data
                0x000000000800c0e0                acc_element_source_adc_produce
 .text          0x000000000800c260      0x334 /mnt/d/Git/acconeer/compilers/gcc-arm-none-eabi-7-2018-q2-update/bin/../lib/gcc/arm-none-eabi/7.3.1/thumb/v6-m/libgcc.a(addsf3.o)
                0x000000000800c260                __aeabi_fadd
 .text          0x000000000800c594      0x224 /mnt/d/Git/acconeer/compilers/gcc-arm-none-eabi-7-2018-q2-update/bin/../lib/gcc/arm-none-eabi/7.3.1/thumb/v6-m/libgcc.a(divsf3.o)
                0x000000000800c594                __aeabi_fdiv
 .text          0x000000000800c7b8      0x264 /mnt/d/Git/acconeer/compilers/gcc-arm-none-eabi-7-2018-q2-update/bin/../lib/gcc/arm-none-eabi/7.3.1/thumb/v6-m/libgcc.a(mulsf3.o)
                0x000000000800c7b8                __aeabi_fmul
 .text          0x000000000800ca1c      0x388 /mnt/d/Git/acconeer/compilers/gcc-arm-none-eabi-7-2018-q2-update/bin/../lib/gcc/arm-none-eabi/7.3.1/thumb/v6-m/libgcc.a(subsf3.o)
                0x000000000800ca1c                __aeabi_fsub
 .text          0x000000000800cda4       0x3c /mnt/d/Git/acconeer/compilers/gcc-arm-none-eabi-7-2018-q2-update/bin/../lib/gcc/arm-none-eabi/7.3.1/thumb/v6-m/libgcc.a(_clzsi2.o)
                0x000000000800cda4                __clzsi2
 .text          0x000000000800cde0       0x14 /mnt/d/Git/acconeer/compilers/gcc-arm-none-eabi-7-2018-q2-update/bin/../lib/gcc/arm-none-eabi/7.3.1/thumb/v6-m/libgcc.a(_thumb1_case_sqi.o)
                0x000000000800cde0                __gnu_thumb1_case_sqi
 .text          0x000000000800cdf4       0x14 /mnt/d/Git/acconeer/compilers/gcc-arm-none-eabi-7-2018-q2-update/bin/../lib/gcc/arm-none-eabi/7.3.1/thumb/v6-m/libgcc.a(_thumb1_case_uqi.o)
                0x000000000800cdf4                __gnu_thumb1_case_uqi
 .text          0x000000000800ce08       0x14 /mnt/d/Git/acconeer/compilers/gcc-arm-none-eabi-7-2018-q2-update/bin/../lib/gcc/arm-none-eabi/7.3.1/thumb/v6-m/libgcc.a(_thumb1_case_uhi.o)
                0x000000000800ce08                __gnu_thumb1_case_uhi
 .text          0x000000000800ce1c      0x114 /mnt/d/Git/acconeer/compilers/gcc-arm-none-eabi-7-2018-q2-update/bin/../lib/gcc/arm-none-eabi/7.3.1/thumb/v6-m/libgcc.a(_udivsi3.o)
                0x000000000800ce1c                __udivsi3
                0x000000000800ce1c                __aeabi_uidiv
                0x000000000800cf28                __aeabi_uidivmod
 .text          0x000000000800cf30      0x1d4 /mnt/d/Git/acconeer/compilers/gcc-arm-none-eabi-7-2018-q2-update/bin/../lib/gcc/arm-none-eabi/7.3.1/thumb/v6-m/libgcc.a(_divsi3.o)
                0x000000000800cf30                __aeabi_idiv
                0x000000000800cf30                __divsi3
                0x000000000800d0fc                __aeabi_idivmod
 .text          0x000000000800d104        0x4 /mnt/d/Git/acconeer/compilers/gcc-arm-none-eabi-7-2018-q2-update/bin/../lib/gcc/arm-none-eabi/7.3.1/thumb/v6-m/libgcc.a(_dvmd_tls.o)
                0x000000000800d104                __aeabi_ldiv0
                0x000000000800d104                __aeabi_idiv0
 .text          0x000000000800d108       0x7c /mnt/d/Git/acconeer/compilers/gcc-arm-none-eabi-7-2018-q2-update/bin/../lib/gcc/arm-none-eabi/7.3.1/thumb/v6-m/libgcc.a(_arm_cmpdf2.o)
                0x000000000800d108                __aeabi_cdrcmple
                0x000000000800d118                __aeabi_cdcmple
                0x000000000800d118                __aeabi_cdcmpeq
                0x000000000800d128                __aeabi_dcmpeq
                0x000000000800d134                __aeabi_dcmplt
                0x000000000800d148                __aeabi_dcmple
                0x000000000800d15c                __aeabi_dcmpgt
                0x000000000800d170                __aeabi_dcmpge
 .text          0x000000000800d184       0x74 /mnt/d/Git/acconeer/compilers/gcc-arm-none-eabi-7-2018-q2-update/bin/../lib/gcc/arm-none-eabi/7.3.1/thumb/v6-m/libgcc.a(_arm_cmpsf2.o)
                0x000000000800d184                __aeabi_cfrcmple
                0x000000000800d18c                __aeabi_cfcmple
                0x000000000800d18c                __aeabi_cfcmpeq
                0x000000000800d19c                __aeabi_fcmpeq
                0x000000000800d1a8                __aeabi_fcmplt
                0x000000000800d1bc                __aeabi_fcmple
                0x000000000800d1d0                __aeabi_fcmpgt
                0x000000000800d1e4                __aeabi_fcmpge
 .text          0x000000000800d1f8       0x40 /mnt/d/Git/acconeer/compilers/gcc-arm-none-eabi-7-2018-q2-update/bin/../lib/gcc/arm-none-eabi/7.3.1/thumb/v6-m/libgcc.a(_aeabi_uldivmod.o)
                0x000000000800d1f8                __aeabi_uldivmod
 .text          0x000000000800d238       0x30 /mnt/d/Git/acconeer/compilers/gcc-arm-none-eabi-7-2018-q2-update/bin/../lib/gcc/arm-none-eabi/7.3.1/thumb/v6-m/libgcc.a(_fixunssfsi.o)
                0x000000000800d238                __aeabi_f2uiz
                0x000000000800d238                __fixunssfsi
 .text          0x000000000800d268      0x184 /mnt/d/Git/acconeer/compilers/gcc-arm-none-eabi-7-2018-q2-update/bin/../lib/gcc/arm-none-eabi/7.3.1/thumb/v6-m/libgcc.a(_udivmoddi4.o)
                0x000000000800d268                __udivmoddi4
 .text          0x000000000800d3ec       0x50 /mnt/d/Git/acconeer/compilers/gcc-arm-none-eabi-7-2018-q2-update/bin/../lib/gcc/arm-none-eabi/7.3.1/thumb/v6-m/libgcc.a(eqsf2.o)
                0x000000000800d3ec                __nesf2
                0x000000000800d3ec                __eqsf2
 .text          0x000000000800d43c       0x9c /mnt/d/Git/acconeer/compilers/gcc-arm-none-eabi-7-2018-q2-update/bin/../lib/gcc/arm-none-eabi/7.3.1/thumb/v6-m/libgcc.a(gesf2.o)
                0x000000000800d43c                __gtsf2
                0x000000000800d43c                __gesf2
 .text          0x000000000800d4d8       0xa0 /mnt/d/Git/acconeer/compilers/gcc-arm-none-eabi-7-2018-q2-update/bin/../lib/gcc/arm-none-eabi/7.3.1/thumb/v6-m/libgcc.a(lesf2.o)
                0x000000000800d4d8                __lesf2
                0x000000000800d4d8                __ltsf2
 .text          0x000000000800d578       0x2c /mnt/d/Git/acconeer/compilers/gcc-arm-none-eabi-7-2018-q2-update/bin/../lib/gcc/arm-none-eabi/7.3.1/thumb/v6-m/libgcc.a(unordsf2.o)
                0x000000000800d578                __aeabi_fcmpun
 .text          0x000000000800d5a4       0x40 /mnt/d/Git/acconeer/compilers/gcc-arm-none-eabi-7-2018-q2-update/bin/../lib/gcc/arm-none-eabi/7.3.1/thumb/v6-m/libgcc.a(fixsfsi.o)
                0x000000000800d5a4                __aeabi_f2iz
 .text          0x000000000800d5e4       0x94 /mnt/d/Git/acconeer/compilers/gcc-arm-none-eabi-7-2018-q2-update/bin/../lib/gcc/arm-none-eabi/7.3.1/thumb/v6-m/libgcc.a(floatsisf.o)
                0x000000000800d5e4                __aeabi_i2f
 .text          0x000000000800d678       0x80 /mnt/d/Git/acconeer/compilers/gcc-arm-none-eabi-7-2018-q2-update/bin/../lib/gcc/arm-none-eabi/7.3.1/thumb/v6-m/libgcc.a(floatunsisf.o)
                0x000000000800d678                __aeabi_ui2f
 .text          0x000000000800d6f8      0x638 /mnt/d/Git/acconeer/compilers/gcc-arm-none-eabi-7-2018-q2-update/bin/../lib/gcc/arm-none-eabi/7.3.1/thumb/v6-m/libgcc.a(adddf3.o)
                0x000000000800d6f8                __aeabi_dadd
 .text          0x000000000800dd30      0x604 /mnt/d/Git/acconeer/compilers/gcc-arm-none-eabi-7-2018-q2-update/bin/../lib/gcc/arm-none-eabi/7.3.1/thumb/v6-m/libgcc.a(divdf3.o)
                0x000000000800dd30                __aeabi_ddiv
 .text          0x000000000800e334       0x78 /mnt/d/Git/acconeer/compilers/gcc-arm-none-eabi-7-2018-q2-update/bin/../lib/gcc/arm-none-eabi/7.3.1/thumb/v6-m/libgcc.a(eqdf2.o)
                0x000000000800e334                __eqdf2
                0x000000000800e334                __nedf2
 .text          0x000000000800e3ac       0xc8 /mnt/d/Git/acconeer/compilers/gcc-arm-none-eabi-7-2018-q2-update/bin/../lib/gcc/arm-none-eabi/7.3.1/thumb/v6-m/libgcc.a(gedf2.o)
                0x000000000800e3ac                __gtdf2
                0x000000000800e3ac                __gedf2
 .text          0x000000000800e474       0xd0 /mnt/d/Git/acconeer/compilers/gcc-arm-none-eabi-7-2018-q2-update/bin/../lib/gcc/arm-none-eabi/7.3.1/thumb/v6-m/libgcc.a(ledf2.o)
                0x000000000800e474                __ltdf2
                0x000000000800e474                __ledf2
 .text          0x000000000800e544      0x4e4 /mnt/d/Git/acconeer/compilers/gcc-arm-none-eabi-7-2018-q2-update/bin/../lib/gcc/arm-none-eabi/7.3.1/thumb/v6-m/libgcc.a(muldf3.o)
                0x000000000800e544                __aeabi_dmul
 .text          0x000000000800ea28      0x690 /mnt/d/Git/acconeer/compilers/gcc-arm-none-eabi-7-2018-q2-update/bin/../lib/gcc/arm-none-eabi/7.3.1/thumb/v6-m/libgcc.a(subdf3.o)
                0x000000000800ea28                __aeabi_dsub
 .text          0x000000000800f0b8       0x38 /mnt/d/Git/acconeer/compilers/gcc-arm-none-eabi-7-2018-q2-update/bin/../lib/gcc/arm-none-eabi/7.3.1/thumb/v6-m/libgcc.a(unorddf2.o)
                0x000000000800f0b8                __aeabi_dcmpun
 .text          0x000000000800f0f0       0x6c /mnt/d/Git/acconeer/compilers/gcc-arm-none-eabi-7-2018-q2-update/bin/../lib/gcc/arm-none-eabi/7.3.1/thumb/v6-m/libgcc.a(fixdfsi.o)
                0x000000000800f0f0                __aeabi_d2iz
 .text          0x000000000800f15c       0x74 /mnt/d/Git/acconeer/compilers/gcc-arm-none-eabi-7-2018-q2-update/bin/../lib/gcc/arm-none-eabi/7.3.1/thumb/v6-m/libgcc.a(floatsidf.o)
                0x000000000800f15c                __aeabi_i2d
 .text          0x000000000800f1d0       0x64 /mnt/d/Git/acconeer/compilers/gcc-arm-none-eabi-7-2018-q2-update/bin/../lib/gcc/arm-none-eabi/7.3.1/thumb/v6-m/libgcc.a(floatunsidf.o)
                0x000000000800f1d0                __aeabi_ui2d
 .text          0x000000000800f234       0xa4 /mnt/d/Git/acconeer/compilers/gcc-arm-none-eabi-7-2018-q2-update/bin/../lib/gcc/arm-none-eabi/7.3.1/thumb/v6-m/libgcc.a(extendsfdf2.o)
                0x000000000800f234                __aeabi_f2d
 .text          0x000000000800f2d8      0x108 /mnt/d/Git/acconeer/compilers/gcc-arm-none-eabi-7-2018-q2-update/bin/../lib/gcc/arm-none-eabi/7.3.1/thumb/v6-m/libgcc.a(truncdfsf2.o)
                0x000000000800f2d8                __aeabi_d2f
 .text          0x000000000800f3e0       0x18 /mnt/d/Git/acconeer/compilers/gcc-arm-none-eabi-7-2018-q2-update/bin/../lib/gcc/arm-none-eabi/7.3.1/thumb/v6-m/libgcc.a(_clzdi2.o)
                0x000000000800f3e0                __clzdi2
 .text          0x000000000800f3f8        0xe /mnt/d/Git/acconeer/compilers/gcc-arm-none-eabi-7-2018-q2-update/bin/../lib/gcc/arm-none-eabi/7.3.1/../../../../arm-none-eabi/lib/thumb/v6-m/libg_nano.a(lib_a-strlen.o)
                0x000000000800f3f8                strlen
 *(.text*)
 *fill*         0x000000000800f406        0x2 
 .text.startup  0x000000000800f408     0x2968 /tmp/ccI063KQ.ltrans0.ltrans.o
                0x000000000800f408                main
 .text._write   0x0000000008011d70       0x1c out/obj/syscalls.o
                0x0000000008011d70                _write
 .text.Reset_Handler
                0x0000000008011d8c       0x50 out/obj/startup_stm32g071xx.o
                0x0000000008011d8c                Reset_Handler
 .text.Default_Handler
                0x0000000008011ddc        0x2 out/obj/startup_stm32g071xx.o
                0x0000000008011ddc                USART3_4_LPUART1_IRQHandler
                0x0000000008011ddc                TIM1_CC_IRQHandler
                0x0000000008011ddc                ADC1_COMP_IRQHandler
                0x0000000008011ddc                PVD_IRQHandler
                0x0000000008011ddc                TIM7_LPTIM2_IRQHandler
                0x0000000008011ddc                SPI1_IRQHandler
                0x0000000008011ddc                I2C2_IRQHandler
                0x0000000008011ddc                TIM17_IRQHandler
                0x0000000008011ddc                TIM16_IRQHandler
                0x0000000008011ddc                TIM3_IRQHandler
                0x0000000008011ddc                RCC_IRQHandler
                0x0000000008011ddc                Default_Handler
                0x0000000008011ddc                CEC_IRQHandler
                0x0000000008011ddc                TIM14_IRQHandler
                0x0000000008011ddc                TIM15_IRQHandler
                0x0000000008011ddc                EXTI0_1_IRQHandler
                0x0000000008011ddc                SPI2_IRQHandler
                0x0000000008011ddc                TIM6_DAC_LPTIM1_IRQHandler
                0x0000000008011ddc                WWDG_IRQHandler
                0x0000000008011ddc                TIM2_IRQHandler
                0x0000000008011ddc                DMA1_Ch4_7_DMAMUX1_OVR_IRQHandler
                0x0000000008011ddc                UCPD1_2_IRQHandler
                0x0000000008011ddc                USART2_IRQHandler
                0x0000000008011ddc                FLASH_IRQHandler
                0x0000000008011ddc                TIM1_BRK_UP_TRG_COM_IRQHandler
 *fill*         0x0000000008011dde        0x2 
 .text._sbrk    0x0000000008011de0       0x40 out/obj/sysmem.o
                0x0000000008011de0                _sbrk
 .text.__ieee754_sqrtf
                0x0000000008011e20       0xb4 /mnt/d/Git/acconeer/compilers/gcc-arm-none-eabi-7-2018-q2-update/bin/../lib/gcc/arm-none-eabi/7.3.1/../../../../arm-none-eabi/lib/thumb/v6-m/libm.a(lib_a-ef_sqrt.o)
                0x0000000008011e20                __ieee754_sqrtf
 .text.__errno  0x0000000008011ed4        0xc /mnt/d/Git/acconeer/compilers/gcc-arm-none-eabi-7-2018-q2-update/bin/../lib/gcc/arm-none-eabi/7.3.1/../../../../arm-none-eabi/lib/thumb/v6-m/libg_nano.a(lib_a-errno.o)
                0x0000000008011ed4                __errno
 .text.__sflush_r
                0x0000000008011ee0      0x114 /mnt/d/Git/acconeer/compilers/gcc-arm-none-eabi-7-2018-q2-update/bin/../lib/gcc/arm-none-eabi/7.3.1/../../../../arm-none-eabi/lib/thumb/v6-m/libg_nano.a(lib_a-fflush.o)
                0x0000000008011ee0                __sflush_r
 .text._fflush_r
                0x0000000008011ff4       0x58 /mnt/d/Git/acconeer/compilers/gcc-arm-none-eabi-7-2018-q2-update/bin/../lib/gcc/arm-none-eabi/7.3.1/../../../../arm-none-eabi/lib/thumb/v6-m/libg_nano.a(lib_a-fflush.o)
                0x0000000008011ff4                _fflush_r
 .text.fflush   0x000000000801204c       0x28 /mnt/d/Git/acconeer/compilers/gcc-arm-none-eabi-7-2018-q2-update/bin/../lib/gcc/arm-none-eabi/7.3.1/../../../../arm-none-eabi/lib/thumb/v6-m/libg_nano.a(lib_a-fflush.o)
                0x000000000801204c                fflush
 .text.std      0x0000000008012074       0x48 /mnt/d/Git/acconeer/compilers/gcc-arm-none-eabi-7-2018-q2-update/bin/../lib/gcc/arm-none-eabi/7.3.1/../../../../arm-none-eabi/lib/thumb/v6-m/libg_nano.a(lib_a-findfp.o)
 .text._cleanup_r
                0x00000000080120bc       0x10 /mnt/d/Git/acconeer/compilers/gcc-arm-none-eabi-7-2018-q2-update/bin/../lib/gcc/arm-none-eabi/7.3.1/../../../../arm-none-eabi/lib/thumb/v6-m/libg_nano.a(lib_a-findfp.o)
                0x00000000080120bc                _cleanup_r
 .text.__sfmoreglue
                0x00000000080120cc       0x2c /mnt/d/Git/acconeer/compilers/gcc-arm-none-eabi-7-2018-q2-update/bin/../lib/gcc/arm-none-eabi/7.3.1/../../../../arm-none-eabi/lib/thumb/v6-m/libg_nano.a(lib_a-findfp.o)
                0x00000000080120cc                __sfmoreglue
 .text.__sinit  0x00000000080120f8       0x68 /mnt/d/Git/acconeer/compilers/gcc-arm-none-eabi-7-2018-q2-update/bin/../lib/gcc/arm-none-eabi/7.3.1/../../../../arm-none-eabi/lib/thumb/v6-m/libg_nano.a(lib_a-findfp.o)
                0x00000000080120f8                __sinit
 .text.__sfp    0x0000000008012160       0x7c /mnt/d/Git/acconeer/compilers/gcc-arm-none-eabi-7-2018-q2-update/bin/../lib/gcc/arm-none-eabi/7.3.1/../../../../arm-none-eabi/lib/thumb/v6-m/libg_nano.a(lib_a-findfp.o)
                0x0000000008012160                __sfp
 .text._fwalk_reent
                0x00000000080121dc       0x42 /mnt/d/Git/acconeer/compilers/gcc-arm-none-eabi-7-2018-q2-update/bin/../lib/gcc/arm-none-eabi/7.3.1/../../../../arm-none-eabi/lib/thumb/v6-m/libg_nano.a(lib_a-fwalk.o)
                0x00000000080121dc                _fwalk_reent
 *fill*         0x000000000801221e        0x2 
 .text.__libc_init_array
                0x0000000008012220       0x48 /mnt/d/Git/acconeer/compilers/gcc-arm-none-eabi-7-2018-q2-update/bin/../lib/gcc/arm-none-eabi/7.3.1/../../../../arm-none-eabi/lib/thumb/v6-m/libg_nano.a(lib_a-init.o)
                0x0000000008012220                __libc_init_array
 .text.memset   0x0000000008012268       0x10 /mnt/d/Git/acconeer/compilers/gcc-arm-none-eabi-7-2018-q2-update/bin/../lib/gcc/arm-none-eabi/7.3.1/../../../../arm-none-eabi/lib/thumb/v6-m/libg_nano.a(lib_a-memset.o)
                0x0000000008012268                memset
 .text._free_r  0x0000000008012278       0x94 /mnt/d/Git/acconeer/compilers/gcc-arm-none-eabi-7-2018-q2-update/bin/../lib/gcc/arm-none-eabi/7.3.1/../../../../arm-none-eabi/lib/thumb/v6-m/libg_nano.a(lib_a-nano-freer.o)
                0x0000000008012278                _free_r
 .text._malloc_r
                0x000000000801230c       0xbc /mnt/d/Git/acconeer/compilers/gcc-arm-none-eabi-7-2018-q2-update/bin/../lib/gcc/arm-none-eabi/7.3.1/../../../../arm-none-eabi/lib/thumb/v6-m/libg_nano.a(lib_a-nano-mallocr.o)
                0x000000000801230c                _malloc_r
 .text._sbrk_r  0x00000000080123c8       0x24 /mnt/d/Git/acconeer/compilers/gcc-arm-none-eabi-7-2018-q2-update/bin/../lib/gcc/arm-none-eabi/7.3.1/../../../../arm-none-eabi/lib/thumb/v6-m/libg_nano.a(lib_a-sbrkr.o)
                0x00000000080123c8                _sbrk_r
 .text.__sread  0x00000000080123ec       0x28 /mnt/d/Git/acconeer/compilers/gcc-arm-none-eabi-7-2018-q2-update/bin/../lib/gcc/arm-none-eabi/7.3.1/../../../../arm-none-eabi/lib/thumb/v6-m/libg_nano.a(lib_a-stdio.o)
                0x00000000080123ec                __sread
 .text.__swrite
                0x0000000008012414       0x38 /mnt/d/Git/acconeer/compilers/gcc-arm-none-eabi-7-2018-q2-update/bin/../lib/gcc/arm-none-eabi/7.3.1/../../../../arm-none-eabi/lib/thumb/v6-m/libg_nano.a(lib_a-stdio.o)
                0x0000000008012414                __swrite
 .text.__sseek  0x000000000801244c       0x2c /mnt/d/Git/acconeer/compilers/gcc-arm-none-eabi-7-2018-q2-update/bin/../lib/gcc/arm-none-eabi/7.3.1/../../../../arm-none-eabi/lib/thumb/v6-m/libg_nano.a(lib_a-stdio.o)
                0x000000000801244c                __sseek
 .text.__sclose
                0x0000000008012478        0xc /mnt/d/Git/acconeer/compilers/gcc-arm-none-eabi-7-2018-q2-update/bin/../lib/gcc/arm-none-eabi/7.3.1/../../../../arm-none-eabi/lib/thumb/v6-m/libg_nano.a(lib_a-stdio.o)
                0x0000000008012478                __sclose
 .text._write_r
                0x0000000008012484       0x28 /mnt/d/Git/acconeer/compilers/gcc-arm-none-eabi-7-2018-q2-update/bin/../lib/gcc/arm-none-eabi/7.3.1/../../../../arm-none-eabi/lib/thumb/v6-m/libg_nano.a(lib_a-writer.o)
                0x0000000008012484                _write_r
 .text._close_r
                0x00000000080124ac       0x24 /mnt/d/Git/acconeer/compilers/gcc-arm-none-eabi-7-2018-q2-update/bin/../lib/gcc/arm-none-eabi/7.3.1/../../../../arm-none-eabi/lib/thumb/v6-m/libg_nano.a(lib_a-closer.o)
                0x00000000080124ac                _close_r
 .text._lseek_r
                0x00000000080124d0       0x28 /mnt/d/Git/acconeer/compilers/gcc-arm-none-eabi-7-2018-q2-update/bin/../lib/gcc/arm-none-eabi/7.3.1/../../../../arm-none-eabi/lib/thumb/v6-m/libg_nano.a(lib_a-lseekr.o)
                0x00000000080124d0                _lseek_r
 .text.__malloc_lock
                0x00000000080124f8        0x2 /mnt/d/Git/acconeer/compilers/gcc-arm-none-eabi-7-2018-q2-update/bin/../lib/gcc/arm-none-eabi/7.3.1/../../../../arm-none-eabi/lib/thumb/v6-m/libg_nano.a(lib_a-mlock.o)
                0x00000000080124f8                __malloc_lock
 .text.__malloc_unlock
                0x00000000080124fa        0x2 /mnt/d/Git/acconeer/compilers/gcc-arm-none-eabi-7-2018-q2-update/bin/../lib/gcc/arm-none-eabi/7.3.1/../../../../arm-none-eabi/lib/thumb/v6-m/libg_nano.a(lib_a-mlock.o)
                0x00000000080124fa                __malloc_unlock
 .text._read_r  0x00000000080124fc       0x28 /mnt/d/Git/acconeer/compilers/gcc-arm-none-eabi-7-2018-q2-update/bin/../lib/gcc/arm-none-eabi/7.3.1/../../../../arm-none-eabi/lib/thumb/v6-m/libg_nano.a(lib_a-readr.o)
                0x00000000080124fc                _read_r
 .text._close   0x0000000008012524       0x10 /mnt/d/Git/acconeer/compilers/gcc-arm-none-eabi-7-2018-q2-update/bin/../lib/gcc/arm-none-eabi/7.3.1/../../../../arm-none-eabi/lib/thumb/v6-m/libnosys.a(close.o)
                0x0000000008012524                _close
 .text._lseek   0x0000000008012534       0x10 /mnt/d/Git/acconeer/compilers/gcc-arm-none-eabi-7-2018-q2-update/bin/../lib/gcc/arm-none-eabi/7.3.1/../../../../arm-none-eabi/lib/thumb/v6-m/libnosys.a(lseek.o)
                0x0000000008012534                _lseek
 .text._read    0x0000000008012544       0x10 /mnt/d/Git/acconeer/compilers/gcc-arm-none-eabi-7-2018-q2-update/bin/../lib/gcc/arm-none-eabi/7.3.1/../../../../arm-none-eabi/lib/thumb/v6-m/libnosys.a(read.o)
                0x0000000008012544                _read
 .text.cos      0x0000000008012554       0x8c /mnt/d/Git/acconeer/compilers/gcc-arm-none-eabi-7-2018-q2-update/bin/../lib/gcc/arm-none-eabi/7.3.1/../../../../arm-none-eabi/lib/thumb/v6-m/libm.a(lib_a-s_cos.o)
                0x0000000008012554                cos
 .text.fmaxf    0x00000000080125e0       0x2c /mnt/d/Git/acconeer/compilers/gcc-arm-none-eabi-7-2018-q2-update/bin/../lib/gcc/arm-none-eabi/7.3.1/../../../../arm-none-eabi/lib/thumb/v6-m/libm.a(lib_a-sf_fmax.o)
                0x00000000080125e0                fmaxf
 .text.__fpclassifyf
                0x000000000801260c       0x40 /mnt/d/Git/acconeer/compilers/gcc-arm-none-eabi-7-2018-q2-update/bin/../lib/gcc/arm-none-eabi/7.3.1/../../../../arm-none-eabi/lib/thumb/v6-m/libm.a(lib_a-sf_fpclassify.o)
                0x000000000801260c                __fpclassifyf
 .text.roundf   0x000000000801264c       0x44 /mnt/d/Git/acconeer/compilers/gcc-arm-none-eabi-7-2018-q2-update/bin/../lib/gcc/arm-none-eabi/7.3.1/../../../../arm-none-eabi/lib/thumb/v6-m/libm.a(lib_a-sf_round.o)
                0x000000000801264c                roundf
 .text.sqrt     0x0000000008012690       0xc0 /mnt/d/Git/acconeer/compilers/gcc-arm-none-eabi-7-2018-q2-update/bin/../lib/gcc/arm-none-eabi/7.3.1/../../../../arm-none-eabi/lib/thumb/v6-m/libm.a(lib_a-w_sqrt.o)
                0x0000000008012690                sqrt
 .text.expf     0x0000000008012750       0xe8 /mnt/d/Git/acconeer/compilers/gcc-arm-none-eabi-7-2018-q2-update/bin/../lib/gcc/arm-none-eabi/7.3.1/../../../../arm-none-eabi/lib/thumb/v6-m/libm.a(lib_a-wf_exp.o)
                0x0000000008012750                expf
 .text.log10f   0x0000000008012838       0xf8 /mnt/d/Git/acconeer/compilers/gcc-arm-none-eabi-7-2018-q2-update/bin/../lib/gcc/arm-none-eabi/7.3.1/../../../../arm-none-eabi/lib/thumb/v6-m/libm.a(lib_a-wf_log10.o)
                0x0000000008012838                log10f
 .text.__ieee754_rem_pio2
                0x0000000008012930      0x420 /mnt/d/Git/acconeer/compilers/gcc-arm-none-eabi-7-2018-q2-update/bin/../lib/gcc/arm-none-eabi/7.3.1/../../../../arm-none-eabi/lib/thumb/v6-m/libm.a(lib_a-e_rem_pio2.o)
                0x0000000008012930                __ieee754_rem_pio2
 .text.__ieee754_sqrt
                0x0000000008012d50      0x1b0 /mnt/d/Git/acconeer/compilers/gcc-arm-none-eabi-7-2018-q2-update/bin/../lib/gcc/arm-none-eabi/7.3.1/../../../../arm-none-eabi/lib/thumb/v6-m/libm.a(lib_a-e_sqrt.o)
                0x0000000008012d50                __ieee754_sqrt
 .text.__ieee754_expf
                0x0000000008012f00      0x1f4 /mnt/d/Git/acconeer/compilers/gcc-arm-none-eabi-7-2018-q2-update/bin/../lib/gcc/arm-none-eabi/7.3.1/../../../../arm-none-eabi/lib/thumb/v6-m/libm.a(lib_a-ef_exp.o)
                0x0000000008012f00                __ieee754_expf
 .text.__ieee754_log10f
                0x00000000080130f4       0xb0 /mnt/d/Git/acconeer/compilers/gcc-arm-none-eabi-7-2018-q2-update/bin/../lib/gcc/arm-none-eabi/7.3.1/../../../../arm-none-eabi/lib/thumb/v6-m/libm.a(lib_a-ef_log10.o)
                0x00000000080130f4                __ieee754_log10f
 .text.__kernel_cos
                0x00000000080131a4      0x234 /mnt/d/Git/acconeer/compilers/gcc-arm-none-eabi-7-2018-q2-update/bin/../lib/gcc/arm-none-eabi/7.3.1/../../../../arm-none-eabi/lib/thumb/v6-m/libm.a(lib_a-k_cos.o)
                0x00000000080131a4                __kernel_cos
 .text.__kernel_rem_pio2
                0x00000000080133d8      0x8c0 /mnt/d/Git/acconeer/compilers/gcc-arm-none-eabi-7-2018-q2-update/bin/../lib/gcc/arm-none-eabi/7.3.1/../../../../arm-none-eabi/lib/thumb/v6-m/libm.a(lib_a-k_rem_pio2.o)
                0x00000000080133d8                __kernel_rem_pio2
 .text.__kernel_sin
                0x0000000008013c98      0x164 /mnt/d/Git/acconeer/compilers/gcc-arm-none-eabi-7-2018-q2-update/bin/../lib/gcc/arm-none-eabi/7.3.1/../../../../arm-none-eabi/lib/thumb/v6-m/libm.a(lib_a-k_sin.o)
                0x0000000008013c98                __kernel_sin
 .text.fabs     0x0000000008013dfc        0x8 /mnt/d/Git/acconeer/compilers/gcc-arm-none-eabi-7-2018-q2-update/bin/../lib/gcc/arm-none-eabi/7.3.1/../../../../arm-none-eabi/lib/thumb/v6-m/libm.a(lib_a-s_fabs.o)
                0x0000000008013dfc                fabs
 .text.floor    0x0000000008013e04      0x138 /mnt/d/Git/acconeer/compilers/gcc-arm-none-eabi-7-2018-q2-update/bin/../lib/gcc/arm-none-eabi/7.3.1/../../../../arm-none-eabi/lib/thumb/v6-m/libm.a(lib_a-s_floor.o)
                0x0000000008013e04                floor
 .text.matherr  0x0000000008013f3c        0x4 /mnt/d/Git/acconeer/compilers/gcc-arm-none-eabi-7-2018-q2-update/bin/../lib/gcc/arm-none-eabi/7.3.1/../../../../arm-none-eabi/lib/thumb/v6-m/libm.a(lib_a-s_matherr.o)
                0x0000000008013f3c                matherr
 .text.nan      0x0000000008013f40        0xc /mnt/d/Git/acconeer/compilers/gcc-arm-none-eabi-7-2018-q2-update/bin/../lib/gcc/arm-none-eabi/7.3.1/../../../../arm-none-eabi/lib/thumb/v6-m/libm.a(lib_a-s_nan.o)
                0x0000000008013f40                nan
 .text.scalbn   0x0000000008013f4c       0xd0 /mnt/d/Git/acconeer/compilers/gcc-arm-none-eabi-7-2018-q2-update/bin/../lib/gcc/arm-none-eabi/7.3.1/../../../../arm-none-eabi/lib/thumb/v6-m/libm.a(lib_a-s_scalbn.o)
                0x0000000008013f4c                scalbn
 .text.finitef  0x000000000801401c       0x14 /mnt/d/Git/acconeer/compilers/gcc-arm-none-eabi-7-2018-q2-update/bin/../lib/gcc/arm-none-eabi/7.3.1/../../../../arm-none-eabi/lib/thumb/v6-m/libm.a(lib_a-sf_finite.o)
                0x000000000801401c                finitef
 .text.__ieee754_logf
                0x0000000008014030      0x28c /mnt/d/Git/acconeer/compilers/gcc-arm-none-eabi-7-2018-q2-update/bin/../lib/gcc/arm-none-eabi/7.3.1/../../../../arm-none-eabi/lib/thumb/v6-m/libm.a(lib_a-ef_log.o)
                0x0000000008014030                __ieee754_logf
 .text.copysign
                0x00000000080142bc       0x10 /mnt/d/Git/acconeer/compilers/gcc-arm-none-eabi-7-2018-q2-update/bin/../lib/gcc/arm-none-eabi/7.3.1/../../../../arm-none-eabi/lib/thumb/v6-m/libm.a(lib_a-s_copysign.o)
                0x00000000080142bc                copysign
 .text.out_func
                0x00000000080142cc       0x20 out/lib/libwrapprintf.a(acc_wrap_printf.o)
 .text.__wrap_puts
                0x00000000080142ec       0x24 out/lib/libwrapprintf.a(acc_wrap_printf.o)
                0x00000000080142ec                __wrap_puts
 .text.__wrap_printf
                0x0000000008014310       0x44 out/lib/libwrapprintf.a(acc_wrap_printf.o)
                0x0000000008014310                __wrap_printf
 .text.__wrap_vsnprintf
                0x0000000008014354        0x8 out/lib/libwrapprintf.a(acc_wrap_printf.o)
                0x0000000008014354                __wrap_vsnprintf
 .text._out_buffer
                0x000000000801435c        0x8 out/lib/libwrapprintf.a(printf.o)
 .text._out_null
                0x0000000008014364        0x2 out/lib/libwrapprintf.a(printf.o)
 .text._out_fct
                0x0000000008014366        0xe out/lib/libwrapprintf.a(printf.o)
 .text._ntoa_format
                0x0000000008014374      0x14a out/lib/libwrapprintf.a(printf.o)
 .text._ntoa_long
                0x00000000080144be       0x90 out/lib/libwrapprintf.a(printf.o)
 .text._ntoa_long_long
                0x000000000801454e       0xa4 out/lib/libwrapprintf.a(printf.o)
 *fill*         0x00000000080145f2        0x2 
 .text._vsnprintf
                0x00000000080145f4      0x45c out/lib/libwrapprintf.a(printf.o)
 .text.vsnprintf_
                0x0000000008014a50       0x18 out/lib/libwrapprintf.a(printf.o)
                0x0000000008014a50                vsnprintf_
 .text.fctvprintf
                0x0000000008014a68       0x20 out/lib/libwrapprintf.a(printf.o)
                0x0000000008014a68                fctvprintf
 .text.malloc   0x0000000008014a88       0x14 /mnt/d/Git/acconeer/compilers/gcc-arm-none-eabi-7-2018-q2-update/bin/../lib/gcc/arm-none-eabi/7.3.1/../../../../arm-none-eabi/lib/thumb/v6-m/libg_nano.a(lib_a-malloc.o)
                0x0000000008014a88                malloc
 .text.free     0x0000000008014a9c       0x14 /mnt/d/Git/acconeer/compilers/gcc-arm-none-eabi-7-2018-q2-update/bin/../lib/gcc/arm-none-eabi/7.3.1/../../../../arm-none-eabi/lib/thumb/v6-m/libg_nano.a(lib_a-malloc.o)
                0x0000000008014a9c                free
 .text.memcpy   0x0000000008014ab0       0x12 /mnt/d/Git/acconeer/compilers/gcc-arm-none-eabi-7-2018-q2-update/bin/../lib/gcc/arm-none-eabi/7.3.1/../../../../arm-none-eabi/lib/thumb/v6-m/libg_nano.a(lib_a-memcpy-stub.o)
                0x0000000008014ab0                memcpy
 .text.memmove  0x0000000008014ac2       0x26 /mnt/d/Git/acconeer/compilers/gcc-arm-none-eabi-7-2018-q2-update/bin/../lib/gcc/arm-none-eabi/7.3.1/../../../../arm-none-eabi/lib/thumb/v6-m/libg_nano.a(lib_a-memmove.o)
                0x0000000008014ac2                memmove
 *(.glue_7)
 .glue_7        0x0000000008014ae8        0x0 linker stubs
 *(.glue_7t)
 .glue_7t       0x0000000008014ae8        0x0 linker stubs
 *(.eh_frame)
 .eh_frame      0x0000000008014ae8        0x0 /mnt/d/Git/acconeer/compilers/gcc-arm-none-eabi-7-2018-q2-update/bin/../lib/gcc/arm-none-eabi/7.3.1/thumb/v6-m/crtbegin.o
 *(.init)
 .init          0x0000000008014ae8        0x4 /mnt/d/Git/acconeer/compilers/gcc-arm-none-eabi-7-2018-q2-update/bin/../lib/gcc/arm-none-eabi/7.3.1/thumb/v6-m/crti.o
                0x0000000008014ae8                _init
 .init          0x0000000008014aec        0x8 /mnt/d/Git/acconeer/compilers/gcc-arm-none-eabi-7-2018-q2-update/bin/../lib/gcc/arm-none-eabi/7.3.1/thumb/v6-m/crtn.o
 *(.fini)
 .fini          0x0000000008014af4        0x4 /mnt/d/Git/acconeer/compilers/gcc-arm-none-eabi-7-2018-q2-update/bin/../lib/gcc/arm-none-eabi/7.3.1/thumb/v6-m/crti.o
                0x0000000008014af4                _fini
 .fini          0x0000000008014af8        0x8 /mnt/d/Git/acconeer/compilers/gcc-arm-none-eabi-7-2018-q2-update/bin/../lib/gcc/arm-none-eabi/7.3.1/thumb/v6-m/crtn.o
                0x0000000008014b00                . = ALIGN (0x4)
                0x0000000008014b00                _etext = .

.vfp11_veneer   0x0000000008014b00        0x0
 .vfp11_veneer  0x0000000008014b00        0x0 linker stubs

.v4_bx          0x0000000008014b00        0x0
 .v4_bx         0x0000000008014b00        0x0 linker stubs

.iplt           0x0000000008014b00        0x0
 .iplt          0x0000000008014b00        0x0 /mnt/d/Git/acconeer/compilers/gcc-arm-none-eabi-7-2018-q2-update/bin/../lib/gcc/arm-none-eabi/7.3.1/thumb/v6-m/crtbegin.o

.rodata         0x0000000008014b00     0x8b50
                0x0000000008014b00                . = ALIGN (0x4)
 *(.rodata)
 .rodata        0x0000000008014b00     0x345c /tmp/ccI063KQ.ltrans0.ltrans.o
 .rodata        0x0000000008017f5c     0x2aa4 /tmp/ccI063KQ.ltrans1.ltrans.o
                0x000000000801814c                __compound_literal.134.lto_priv.631
                0x0000000008018152                __compound_literal.133.lto_priv.629
                0x0000000008018164                __compound_literal.132.lto_priv.627
                0x0000000008018170                __compound_literal.131.lto_priv.625
                0x0000000008018176                __compound_literal.130.lto_priv.623
                0x0000000008018188                __compound_literal.129.lto_priv.621
                0x000000000801818e                __compound_literal.128.lto_priv.619
                0x000000000801819a                __compound_literal.127.lto_priv.617
                0x00000000080181a6                __compound_literal.126.lto_priv.615
                0x00000000080181b8                __compound_literal.125.lto_priv.613
                0x00000000080181be                __compound_literal.124.lto_priv.611
                0x00000000080181c4                __compound_literal.123.lto_priv.609
                0x00000000080181ca                __compound_literal.122.lto_priv.607
                0x00000000080181d0                __compound_literal.121.lto_priv.605
                0x00000000080181d6                __compound_literal.120.lto_priv.603
                0x00000000080181dc                __compound_literal.119.lto_priv.601
                0x00000000080181f4                __compound_literal.118.lto_priv.599
                0x0000000008018200                __compound_literal.117.lto_priv.597
                0x0000000008018206                __compound_literal.116.lto_priv.595
                0x0000000008018218                __compound_literal.115.lto_priv.593
                0x0000000008018224                __compound_literal.114.lto_priv.591
                0x00000000080183b6                __compound_literal.113.lto_priv.589
                0x00000000080183c2                __compound_literal.112.lto_priv.587
                0x00000000080183c8                __compound_literal.111.lto_priv.585
                0x00000000080183ce                __compound_literal.110.lto_priv.583
                0x00000000080183d4                __compound_literal.109.lto_priv.581
                0x00000000080183da                __compound_literal.108.lto_priv.579
                0x00000000080183f8                __compound_literal.107.lto_priv.577
                0x00000000080183fe                __compound_literal.106.lto_priv.575
                0x0000000008018404                __compound_literal.105.lto_priv.573
                0x000000000801840a                __compound_literal.104.lto_priv.571
                0x0000000008018410                __compound_literal.103.lto_priv.569
                0x0000000008018446                __compound_literal.102.lto_priv.567
                0x000000000801844c                __compound_literal.101.lto_priv.565
                0x0000000008018452                __compound_literal.100.lto_priv.563
                0x0000000008018458                __compound_literal.99.lto_priv.561
                0x000000000801845e                __compound_literal.98.lto_priv.559
                0x000000000801846a                __compound_literal.97.lto_priv.557
                0x000000000801847c                __compound_literal.96.lto_priv.555
                0x0000000008018482                __compound_literal.95.lto_priv.553
                0x0000000008018488                __compound_literal.94.lto_priv.551
                0x000000000801849a                __compound_literal.93.lto_priv.549
                0x00000000080184a0                __compound_literal.92.lto_priv.547
                0x00000000080184a6                __compound_literal.91.lto_priv.545
                0x00000000080184ac                __compound_literal.90.lto_priv.543
                0x00000000080184b8                __compound_literal.89.lto_priv.541
                0x00000000080184d0                __compound_literal.88.lto_priv.539
                0x00000000080184d6                __compound_literal.87.lto_priv.537
                0x00000000080184dc                __compound_literal.86.lto_priv.535
                0x00000000080184e2                __compound_literal.85.lto_priv.533
                0x00000000080184e8                __compound_literal.84.lto_priv.531
                0x00000000080184ee                __compound_literal.83.lto_priv.529
                0x00000000080184f4                __compound_literal.82.lto_priv.527
                0x00000000080184fa                __compound_literal.81.lto_priv.525
                0x000000000801850c                __compound_literal.80.lto_priv.523
                0x0000000008018512                __compound_literal.79.lto_priv.521
                0x0000000008018518                __compound_literal.78.lto_priv.519
                0x000000000801851e                __compound_literal.77.lto_priv.517
                0x0000000008018524                __compound_literal.76.lto_priv.515
                0x0000000008018530                __compound_literal.75.lto_priv.513
                0x0000000008018536                __compound_literal.74.lto_priv.511
                0x000000000801853c                __compound_literal.73.lto_priv.509
                0x0000000008018542                __compound_literal.72.lto_priv.507
                0x0000000008018548                __compound_literal.71.lto_priv.505
                0x000000000801854e                __compound_literal.70.lto_priv.503
                0x0000000008018584                __compound_literal.69.lto_priv.501
                0x000000000801858a                __compound_literal.68.lto_priv.499
                0x000000000801859c                __compound_literal.67.lto_priv.497
                0x00000000080185a8                __compound_literal.66.lto_priv.495
                0x00000000080185b4                __compound_literal.65.lto_priv.493
                0x00000000080185c6                __compound_literal.64.lto_priv.491
                0x00000000080185d8                __compound_literal.63.lto_priv.489
                0x00000000080185ea                __compound_literal.62.lto_priv.487
                0x00000000080185f0                __compound_literal.61.lto_priv.485
                0x00000000080185f6                __compound_literal.60.lto_priv.483
                0x0000000008018602                __compound_literal.59.lto_priv.481
                0x0000000008018614                __compound_literal.58.lto_priv.479
                0x000000000801861a                __compound_literal.57.lto_priv.477
                0x0000000008018620                __compound_literal.56.lto_priv.475.lto_priv.637
                0x0000000008018632                __compound_literal.55.lto_priv.472
                0x0000000008018644                __compound_literal.54.lto_priv.469
                0x0000000008018650                __compound_literal.53.lto_priv.466
                0x0000000008018656                __compound_literal.52.lto_priv.463
                0x0000000008018686                __compound_literal.51.lto_priv.460
                0x000000000801868c                __compound_literal.50.lto_priv.457
                0x0000000008018692                __compound_literal.49.lto_priv.454
                0x0000000008018698                __compound_literal.48.lto_priv.451
                0x000000000801869e                __compound_literal.47.lto_priv.448
                0x00000000080186a4                __compound_literal.46.lto_priv.445
                0x00000000080186aa                __compound_literal.45.lto_priv.442
                0x00000000080186b0                __compound_literal.44.lto_priv.439
                0x00000000080186b6                __compound_literal.43.lto_priv.436
                0x00000000080186bc                __compound_literal.42.lto_priv.433
                0x00000000080186c2                __compound_literal.41.lto_priv.430
                0x00000000080186c8                __compound_literal.40.lto_priv.427
                0x00000000080186ce                __compound_literal.39.lto_priv.424
                0x00000000080186d4                __compound_literal.38.lto_priv.421
                0x00000000080186da                __compound_literal.37.lto_priv.418
                0x00000000080186e0                __compound_literal.36.lto_priv.246
                0x00000000080186ec                __compound_literal.35.lto_priv.244
                0x00000000080186f8                __compound_literal.34.lto_priv.242
                0x00000000080186fe                __compound_literal.33.lto_priv.240
                0x0000000008018704                __compound_literal.32.lto_priv.238
                0x000000000801870a                __compound_literal.31.lto_priv.236
                0x0000000008018710                __compound_literal.30.lto_priv.234
                0x0000000008018716                __compound_literal.29.lto_priv.232
                0x000000000801871c                __compound_literal.28.lto_priv.230
                0x0000000008018722                __compound_literal.27.lto_priv.228
                0x0000000008018728                __compound_literal.26.lto_priv.226
                0x000000000801872e                __compound_literal.25.lto_priv.224
                0x0000000008018734                __compound_literal.24.lto_priv.222
                0x000000000801873a                __compound_literal.23.lto_priv.220.lto_priv.636
                0x0000000008018740                __compound_literal.22.lto_priv.218.lto_priv.635
                0x0000000008018746                __compound_literal.21.lto_priv.216
                0x000000000801874c                __compound_literal.20.lto_priv.214
                0x0000000008018752                __compound_literal.19.lto_priv.212.lto_priv.634
                0x0000000008018758                __compound_literal.18.lto_priv.210
                0x000000000801875e                __compound_literal.17.lto_priv.208
                0x0000000008018764                __compound_literal.16.lto_priv.206
                0x0000000008018782                __compound_literal.15.lto_priv.204
                0x0000000008018788                __compound_literal.14.lto_priv.202
                0x000000000801878e                __compound_literal.13.lto_priv.200
                0x0000000008018794                __compound_literal.12.lto_priv.198
                0x000000000801879a                __compound_literal.11.lto_priv.196
                0x00000000080187a0                __compound_literal.10.lto_priv.194
                0x00000000080187a6                __compound_literal.9.lto_priv.192.lto_priv.633
                0x00000000080187ac                __compound_literal.8.lto_priv.190
                0x00000000080187b2                __compound_literal.7.lto_priv.188
                0x00000000080187b8                __compound_literal.6.lto_priv.186
                0x00000000080187be                __compound_literal.5.lto_priv.184
                0x00000000080187c4                __compound_literal.4.lto_priv.182
                0x00000000080187ca                __compound_literal.3.lto_priv.180
                0x00000000080187d0                __compound_literal.2.lto_priv.178
                0x00000000080187d6                __compound_literal.1.lto_priv.176
                0x00000000080187dc                __compound_literal.0.lto_priv.174
                0x00000000080187e2                CSWTCH.1.lto_priv.336
                0x0000000008018a34                acc_image_a111_r2c_sweep_param_table
                0x0000000008019070                uwTickFreq
                0x0000000008019074                log_funcs.lto_priv.312
                0x0000000008019be0                acc_image_a111_r2c_sweep
 .rodata        0x000000000801aa00       0x80 /mnt/d/Git/acconeer/compilers/gcc-arm-none-eabi-7-2018-q2-update/bin/../lib/gcc/arm-none-eabi/7.3.1/thumb/v6-m/libgcc.a(divsf3.o)
 .rodata        0x000000000801aa80       0x40 /mnt/d/Git/acconeer/compilers/gcc-arm-none-eabi-7-2018-q2-update/bin/../lib/gcc/arm-none-eabi/7.3.1/thumb/v6-m/libgcc.a(mulsf3.o)
 .rodata        0x000000000801aac0       0x40 /mnt/d/Git/acconeer/compilers/gcc-arm-none-eabi-7-2018-q2-update/bin/../lib/gcc/arm-none-eabi/7.3.1/thumb/v6-m/libgcc.a(divdf3.o)
 .rodata        0x000000000801ab00       0x40 /mnt/d/Git/acconeer/compilers/gcc-arm-none-eabi-7-2018-q2-update/bin/../lib/gcc/arm-none-eabi/7.3.1/thumb/v6-m/libgcc.a(muldf3.o)
 *(.rodata*)
 .rodata.str1.1
                0x000000000801ab40     0x1d3b /tmp/ccI063KQ.ltrans0.ltrans.o
                                       0x1ddc (size before relaxing)
 .rodata.str1.1
                0x000000000801c87b      0xb64 /tmp/ccI063KQ.ltrans1.ltrans.o
                                        0xc7e (size before relaxing)
 *fill*         0x000000000801d3df        0x1 
 .rodata.__sf_fake_stderr
                0x000000000801d3e0       0x20 /mnt/d/Git/acconeer/compilers/gcc-arm-none-eabi-7-2018-q2-update/bin/../lib/gcc/arm-none-eabi/7.3.1/../../../../arm-none-eabi/lib/thumb/v6-m/libg_nano.a(lib_a-findfp.o)
                0x000000000801d3e0                __sf_fake_stderr
 .rodata.__sf_fake_stdin
                0x000000000801d400       0x20 /mnt/d/Git/acconeer/compilers/gcc-arm-none-eabi-7-2018-q2-update/bin/../lib/gcc/arm-none-eabi/7.3.1/../../../../arm-none-eabi/lib/thumb/v6-m/libg_nano.a(lib_a-findfp.o)
                0x000000000801d400                __sf_fake_stdin
 .rodata.__sf_fake_stdout
                0x000000000801d420       0x20 /mnt/d/Git/acconeer/compilers/gcc-arm-none-eabi-7-2018-q2-update/bin/../lib/gcc/arm-none-eabi/7.3.1/../../../../arm-none-eabi/lib/thumb/v6-m/libg_nano.a(lib_a-findfp.o)
                0x000000000801d420                __sf_fake_stdout
 .rodata._global_impure_ptr
                0x000000000801d440        0x4 /mnt/d/Git/acconeer/compilers/gcc-arm-none-eabi-7-2018-q2-update/bin/../lib/gcc/arm-none-eabi/7.3.1/../../../../arm-none-eabi/lib/thumb/v6-m/libg_nano.a(lib_a-impure.o)
                0x000000000801d440                _global_impure_ptr
 .rodata.sqrt.str1.4
                0x000000000801d444        0x5 /mnt/d/Git/acconeer/compilers/gcc-arm-none-eabi-7-2018-q2-update/bin/../lib/gcc/arm-none-eabi/7.3.1/../../../../arm-none-eabi/lib/thumb/v6-m/libm.a(lib_a-w_sqrt.o)
 *fill*         0x000000000801d449        0x3 
 .rodata.expf.str1.4
                0x000000000801d44c        0x5 /mnt/d/Git/acconeer/compilers/gcc-arm-none-eabi-7-2018-q2-update/bin/../lib/gcc/arm-none-eabi/7.3.1/../../../../arm-none-eabi/lib/thumb/v6-m/libm.a(lib_a-wf_exp.o)
 *fill*         0x000000000801d451        0x3 
 .rodata.log10f.str1.4
                0x000000000801d454        0x8 /mnt/d/Git/acconeer/compilers/gcc-arm-none-eabi-7-2018-q2-update/bin/../lib/gcc/arm-none-eabi/7.3.1/../../../../arm-none-eabi/lib/thumb/v6-m/libm.a(lib_a-wf_log10.o)
                                          0x9 (size before relaxing)
 .rodata.npio2_hw
                0x000000000801d45c       0x80 /mnt/d/Git/acconeer/compilers/gcc-arm-none-eabi-7-2018-q2-update/bin/../lib/gcc/arm-none-eabi/7.3.1/../../../../arm-none-eabi/lib/thumb/v6-m/libm.a(lib_a-e_rem_pio2.o)
 .rodata.two_over_pi
                0x000000000801d4dc      0x108 /mnt/d/Git/acconeer/compilers/gcc-arm-none-eabi-7-2018-q2-update/bin/../lib/gcc/arm-none-eabi/7.3.1/../../../../arm-none-eabi/lib/thumb/v6-m/libm.a(lib_a-e_rem_pio2.o)
 .rodata.halF   0x000000000801d5e4        0x8 /mnt/d/Git/acconeer/compilers/gcc-arm-none-eabi-7-2018-q2-update/bin/../lib/gcc/arm-none-eabi/7.3.1/../../../../arm-none-eabi/lib/thumb/v6-m/libm.a(lib_a-ef_exp.o)
 .rodata.ln2HI  0x000000000801d5ec        0x8 /mnt/d/Git/acconeer/compilers/gcc-arm-none-eabi-7-2018-q2-update/bin/../lib/gcc/arm-none-eabi/7.3.1/../../../../arm-none-eabi/lib/thumb/v6-m/libm.a(lib_a-ef_exp.o)
 .rodata.ln2LO  0x000000000801d5f4        0x8 /mnt/d/Git/acconeer/compilers/gcc-arm-none-eabi-7-2018-q2-update/bin/../lib/gcc/arm-none-eabi/7.3.1/../../../../arm-none-eabi/lib/thumb/v6-m/libm.a(lib_a-ef_exp.o)
 *fill*         0x000000000801d5fc        0x4 
 .rodata.PIo2   0x000000000801d600       0x40 /mnt/d/Git/acconeer/compilers/gcc-arm-none-eabi-7-2018-q2-update/bin/../lib/gcc/arm-none-eabi/7.3.1/../../../../arm-none-eabi/lib/thumb/v6-m/libm.a(lib_a-k_rem_pio2.o)
 .rodata.init_jk
                0x000000000801d640       0x10 /mnt/d/Git/acconeer/compilers/gcc-arm-none-eabi-7-2018-q2-update/bin/../lib/gcc/arm-none-eabi/7.3.1/../../../../arm-none-eabi/lib/thumb/v6-m/libm.a(lib_a-k_rem_pio2.o)
 .rodata.__wrap_puts.str1.1
                0x000000000801d650      0xb64 out/lib/libwrapprintf.a(acc_wrap_printf.o)
                                          0x2 (size before relaxing)
                0x000000000801e1b4                . = ALIGN (0x4)

.ARM.extab
 *(.ARM.extab* .gnu.linkonce.armextab.*)

.ARM            0x000000000801d650        0x8
                0x000000000801d650                __exidx_start = .
 *(.ARM.exidx*)
 .ARM.exidx     0x000000000801d650        0x8 /mnt/d/Git/acconeer/compilers/gcc-arm-none-eabi-7-2018-q2-update/bin/../lib/gcc/arm-none-eabi/7.3.1/thumb/v6-m/libgcc.a(_udivmoddi4.o)
                0x000000000801d658                __exidx_end = .

.rel.dyn        0x000000000801d658        0x0
 .rel.iplt      0x000000000801d658        0x0 /mnt/d/Git/acconeer/compilers/gcc-arm-none-eabi-7-2018-q2-update/bin/../lib/gcc/arm-none-eabi/7.3.1/thumb/v6-m/crtbegin.o

.preinit_array  0x000000000801d658        0x0
                0x000000000801d658                PROVIDE (__preinit_array_start = .)
 *(.preinit_array*)
                0x000000000801d658                PROVIDE (__preinit_array_end = .)

.init_array     0x000000000801d658        0x4
                0x000000000801d658                PROVIDE (__init_array_start = .)
 *(SORT_BY_NAME(.init_array.*))
 *(.init_array*)
 .init_array    0x000000000801d658        0x4 /mnt/d/Git/acconeer/compilers/gcc-arm-none-eabi-7-2018-q2-update/bin/../lib/gcc/arm-none-eabi/7.3.1/thumb/v6-m/crtbegin.o
                0x000000000801d65c                PROVIDE (__init_array_end = .)

.fini_array     0x000000000801d65c        0x4
                [!provide]                        PROVIDE (__fini_array_start = .)
 *(SORT_BY_NAME(.fini_array.*))
 *(.fini_array*)
 .fini_array    0x000000000801d65c        0x4 /mnt/d/Git/acconeer/compilers/gcc-arm-none-eabi-7-2018-q2-update/bin/../lib/gcc/arm-none-eabi/7.3.1/thumb/v6-m/crtbegin.o
                [!provide]                        PROVIDE (__fini_array_end = .)
                0x000000000801d660                _sidata = LOADADDR (.data)

.data           0x0000000020000000       0x70 load address 0x000000000801d660
                0x0000000020000000                . = ALIGN (0x4)
                0x0000000020000000                _sdata = .
 *(.data)
 .data          0x0000000020000000        0x8 /tmp/ccI063KQ.ltrans1.ltrans.o
                0x0000000020000000                SystemCoreClock
                0x0000000020000004                uwTickPrio
 *(.data*)
 .data._impure_ptr
                0x0000000020000008        0x4 /mnt/d/Git/acconeer/compilers/gcc-arm-none-eabi-7-2018-q2-update/bin/../lib/gcc/arm-none-eabi/7.3.1/../../../../arm-none-eabi/lib/thumb/v6-m/libg_nano.a(lib_a-impure.o)
                0x0000000020000008                _impure_ptr
 .data.impure_data
                0x000000002000000c       0x60 /mnt/d/Git/acconeer/compilers/gcc-arm-none-eabi-7-2018-q2-update/bin/../lib/gcc/arm-none-eabi/7.3.1/../../../../arm-none-eabi/lib/thumb/v6-m/libg_nano.a(lib_a-impure.o)
 .data.__fdlib_version
                0x000000002000006c        0x1 /mnt/d/Git/acconeer/compilers/gcc-arm-none-eabi-7-2018-q2-update/bin/../lib/gcc/arm-none-eabi/7.3.1/../../../../arm-none-eabi/lib/thumb/v6-m/libm.a(lib_a-s_lib_ver.o)
                0x000000002000006c                __fdlib_version
                0x0000000020000070                . = ALIGN (0x4)
 *fill*         0x000000002000006d        0x3 
                0x0000000020000070                _edata = .

.igot.plt       0x0000000020000070        0x0 load address 0x000000000801d6d0
 .igot.plt      0x0000000020000070        0x0 /mnt/d/Git/acconeer/compilers/gcc-arm-none-eabi-7-2018-q2-update/bin/../lib/gcc/arm-none-eabi/7.3.1/thumb/v6-m/crtbegin.o
                0x0000000020000070                . = ALIGN (0x4)

.bss            0x0000000020000070      0x658 load address 0x000000000801d6d0
                0x0000000020000070                _sbss = .
                0x0000000020000070                __bss_start__ = _sbss
 *(.bss)
 .bss           0x0000000020000070       0x1c /mnt/d/Git/acconeer/compilers/gcc-arm-none-eabi-7-2018-q2-update/bin/../lib/gcc/arm-none-eabi/7.3.1/thumb/v6-m/crtbegin.o
 .bss           0x000000002000008c      0x32c /tmp/ccI063KQ.ltrans0.ltrans.o
 .bss           0x00000000200003b8      0x274 /tmp/ccI063KQ.ltrans1.ltrans.o
                0x00000000200003b8                hrtc
                0x00000000200003e4                uwTick
                0x00000000200003e8                concrete_hal
                0x0000000020000420                hspi1
                0x0000000020000484                rtc_wakeup_triggered
                0x0000000020000488                pFlash
                0x00000000200004a0                uart_rx_buff
                0x00000000200004e0                hdma_usart1_tx
                0x000000002000053c                hdma_usart1_rx
                0x0000000020000598                sensor_info.lto_priv.275
                0x000000002000059c                manager_func_substitution.lto_priv.276
                0x00000000200005a0                huart1
 *(.bss*)
 .bss.__sbrk_heap_end
                0x000000002000062c        0x4 out/obj/sysmem.o
 .bss.__malloc_free_list
                0x0000000020000630        0x4 /mnt/d/Git/acconeer/compilers/gcc-arm-none-eabi-7-2018-q2-update/bin/../lib/gcc/arm-none-eabi/7.3.1/../../../../arm-none-eabi/lib/thumb/v6-m/libg_nano.a(lib_a-nano-mallocr.o)
                0x0000000020000630                __malloc_free_list
 .bss.__malloc_sbrk_start
                0x0000000020000634        0x4 /mnt/d/Git/acconeer/compilers/gcc-arm-none-eabi-7-2018-q2-update/bin/../lib/gcc/arm-none-eabi/7.3.1/../../../../arm-none-eabi/lib/thumb/v6-m/libg_nano.a(lib_a-nano-mallocr.o)
                0x0000000020000634                __malloc_sbrk_start
 *(COMMON)
 COMMON         0x0000000020000638       0x8c /tmp/ccI063KQ.ltrans0.ltrans.o
                0x0000000020000638                huart2
 COMMON         0x00000000200006c4        0x4 /mnt/d/Git/acconeer/compilers/gcc-arm-none-eabi-7-2018-q2-update/bin/../lib/gcc/arm-none-eabi/7.3.1/../../../../arm-none-eabi/lib/thumb/v6-m/libg_nano.a(lib_a-reent.o)
                0x00000000200006c4                errno
                0x00000000200006c8                . = ALIGN (0x4)
                0x00000000200006c8                _ebss = .
                0x00000000200006c8                __bss_end__ = _ebss

._user_heap_stack
                0x00000000200006c8     0x1600 load address 0x000000000801d6d0
                0x00000000200006c8                . = ALIGN (0x8)
                [!provide]                        PROVIDE (end = .)
                0x00000000200006c8                PROVIDE (_end = .)
                0x00000000200008c8                . = (. + _Min_Heap_Size)
 *fill*         0x00000000200006c8      0x200 
                0x0000000020001cc8                . = (. + _Min_Stack_Size)
 *fill*         0x00000000200008c8     0x1400 
                0x0000000020001cc8                . = ALIGN (0x8)

/DISCARD/
 libc.a(*)
 libm.a(*)
 libgcc.a(*)

.ARM.attributes
                0x0000000000000000       0x28
 *(.ARM.attributes)
 .ARM.attributes
                0x0000000000000000       0x1e /mnt/d/Git/acconeer/compilers/gcc-arm-none-eabi-7-2018-q2-update/bin/../lib/gcc/arm-none-eabi/7.3.1/thumb/v6-m/crti.o
 .ARM.attributes
                0x000000000000001e       0x2c /mnt/d/Git/acconeer/compilers/gcc-arm-none-eabi-7-2018-q2-update/bin/../lib/gcc/arm-none-eabi/7.3.1/thumb/v6-m/crtbegin.o
 .ARM.attributes
                0x000000000000004a       0x30 /tmp/ccI063KQ.ltrans0.ltrans.o
 .ARM.attributes
                0x000000000000007a       0x30 /tmp/ccI063KQ.ltrans1.ltrans.o
 .ARM.attributes
                0x00000000000000aa       0x32 out/obj/syscalls.o
 .ARM.attributes
                0x00000000000000dc       0x21 out/obj/startup_stm32g071xx.o
 .ARM.attributes
                0x00000000000000fd       0x32 out/obj/sysmem.o
 .ARM.attributes
                0x000000000000012f       0x2c /mnt/d/Git/acconeer/compilers/gcc-arm-none-eabi-7-2018-q2-update/bin/../lib/gcc/arm-none-eabi/7.3.1/../../../../arm-none-eabi/lib/thumb/v6-m/libm.a(lib_a-ef_sqrt.o)
 .ARM.attributes
                0x000000000000015b       0x2c /mnt/d/Git/acconeer/compilers/gcc-arm-none-eabi-7-2018-q2-update/bin/../lib/gcc/arm-none-eabi/7.3.1/thumb/v6-m/libgcc.a(addsf3.o)
 .ARM.attributes
                0x0000000000000187       0x2c /mnt/d/Git/acconeer/compilers/gcc-arm-none-eabi-7-2018-q2-update/bin/../lib/gcc/arm-none-eabi/7.3.1/thumb/v6-m/libgcc.a(divsf3.o)
 .ARM.attributes
                0x00000000000001b3       0x2c /mnt/d/Git/acconeer/compilers/gcc-arm-none-eabi-7-2018-q2-update/bin/../lib/gcc/arm-none-eabi/7.3.1/thumb/v6-m/libgcc.a(mulsf3.o)
 .ARM.attributes
                0x00000000000001df       0x2c /mnt/d/Git/acconeer/compilers/gcc-arm-none-eabi-7-2018-q2-update/bin/../lib/gcc/arm-none-eabi/7.3.1/thumb/v6-m/libgcc.a(subsf3.o)
 .ARM.attributes
                0x000000000000020b       0x1e /mnt/d/Git/acconeer/compilers/gcc-arm-none-eabi-7-2018-q2-update/bin/../lib/gcc/arm-none-eabi/7.3.1/thumb/v6-m/libgcc.a(_clzsi2.o)
 .ARM.attributes
                0x0000000000000229       0x2c /mnt/d/Git/acconeer/compilers/gcc-arm-none-eabi-7-2018-q2-update/bin/../lib/gcc/arm-none-eabi/7.3.1/../../../../arm-none-eabi/lib/thumb/v6-m/libg_nano.a(lib_a-errno.o)
 .ARM.attributes
                0x0000000000000255       0x2c /mnt/d/Git/acconeer/compilers/gcc-arm-none-eabi-7-2018-q2-update/bin/../lib/gcc/arm-none-eabi/7.3.1/../../../../arm-none-eabi/lib/thumb/v6-m/libg_nano.a(lib_a-fflush.o)
 .ARM.attributes
                0x0000000000000281       0x2c /mnt/d/Git/acconeer/compilers/gcc-arm-none-eabi-7-2018-q2-update/bin/../lib/gcc/arm-none-eabi/7.3.1/../../../../arm-none-eabi/lib/thumb/v6-m/libg_nano.a(lib_a-findfp.o)
 .ARM.attributes
                0x00000000000002ad       0x2c /mnt/d/Git/acconeer/compilers/gcc-arm-none-eabi-7-2018-q2-update/bin/../lib/gcc/arm-none-eabi/7.3.1/../../../../arm-none-eabi/lib/thumb/v6-m/libg_nano.a(lib_a-fwalk.o)
 .ARM.attributes
                0x00000000000002d9       0x2c /mnt/d/Git/acconeer/compilers/gcc-arm-none-eabi-7-2018-q2-update/bin/../lib/gcc/arm-none-eabi/7.3.1/../../../../arm-none-eabi/lib/thumb/v6-m/libg_nano.a(lib_a-impure.o)
 .ARM.attributes
                0x0000000000000305       0x2c /mnt/d/Git/acconeer/compilers/gcc-arm-none-eabi-7-2018-q2-update/bin/../lib/gcc/arm-none-eabi/7.3.1/../../../../arm-none-eabi/lib/thumb/v6-m/libg_nano.a(lib_a-init.o)
 .ARM.attributes
                0x0000000000000331       0x2c /mnt/d/Git/acconeer/compilers/gcc-arm-none-eabi-7-2018-q2-update/bin/../lib/gcc/arm-none-eabi/7.3.1/../../../../arm-none-eabi/lib/thumb/v6-m/libg_nano.a(lib_a-memset.o)
 .ARM.attributes
                0x000000000000035d       0x2c /mnt/d/Git/acconeer/compilers/gcc-arm-none-eabi-7-2018-q2-update/bin/../lib/gcc/arm-none-eabi/7.3.1/../../../../arm-none-eabi/lib/thumb/v6-m/libg_nano.a(lib_a-nano-freer.o)
 .ARM.attributes
                0x0000000000000389       0x2c /mnt/d/Git/acconeer/compilers/gcc-arm-none-eabi-7-2018-q2-update/bin/../lib/gcc/arm-none-eabi/7.3.1/../../../../arm-none-eabi/lib/thumb/v6-m/libg_nano.a(lib_a-nano-mallocr.o)
 .ARM.attributes
                0x00000000000003b5       0x2c /mnt/d/Git/acconeer/compilers/gcc-arm-none-eabi-7-2018-q2-update/bin/../lib/gcc/arm-none-eabi/7.3.1/../../../../arm-none-eabi/lib/thumb/v6-m/libg_nano.a(lib_a-sbrkr.o)
 .ARM.attributes
                0x00000000000003e1       0x2c /mnt/d/Git/acconeer/compilers/gcc-arm-none-eabi-7-2018-q2-update/bin/../lib/gcc/arm-none-eabi/7.3.1/../../../../arm-none-eabi/lib/thumb/v6-m/libg_nano.a(lib_a-stdio.o)
 .ARM.attributes
                0x000000000000040d       0x2c /mnt/d/Git/acconeer/compilers/gcc-arm-none-eabi-7-2018-q2-update/bin/../lib/gcc/arm-none-eabi/7.3.1/../../../../arm-none-eabi/lib/thumb/v6-m/libg_nano.a(lib_a-writer.o)
 .ARM.attributes
                0x0000000000000439       0x2c /mnt/d/Git/acconeer/compilers/gcc-arm-none-eabi-7-2018-q2-update/bin/../lib/gcc/arm-none-eabi/7.3.1/../../../../arm-none-eabi/lib/thumb/v6-m/libg_nano.a(lib_a-closer.o)
 .ARM.attributes
                0x0000000000000465       0x2c /mnt/d/Git/acconeer/compilers/gcc-arm-none-eabi-7-2018-q2-update/bin/../lib/gcc/arm-none-eabi/7.3.1/../../../../arm-none-eabi/lib/thumb/v6-m/libg_nano.a(lib_a-lseekr.o)
 .ARM.attributes
                0x0000000000000491       0x2c /mnt/d/Git/acconeer/compilers/gcc-arm-none-eabi-7-2018-q2-update/bin/../lib/gcc/arm-none-eabi/7.3.1/../../../../arm-none-eabi/lib/thumb/v6-m/libg_nano.a(lib_a-mlock.o)
 .ARM.attributes
                0x00000000000004bd       0x2c /mnt/d/Git/acconeer/compilers/gcc-arm-none-eabi-7-2018-q2-update/bin/../lib/gcc/arm-none-eabi/7.3.1/../../../../arm-none-eabi/lib/thumb/v6-m/libg_nano.a(lib_a-readr.o)
 .ARM.attributes
                0x00000000000004e9       0x2c /mnt/d/Git/acconeer/compilers/gcc-arm-none-eabi-7-2018-q2-update/bin/../lib/gcc/arm-none-eabi/7.3.1/../../../../arm-none-eabi/lib/thumb/v6-m/libg_nano.a(lib_a-reent.o)
 .ARM.attributes
                0x0000000000000515       0x2c /mnt/d/Git/acconeer/compilers/gcc-arm-none-eabi-7-2018-q2-update/bin/../lib/gcc/arm-none-eabi/7.3.1/../../../../arm-none-eabi/lib/thumb/v6-m/libnosys.a(close.o)
 .ARM.attributes
                0x0000000000000541       0x2c /mnt/d/Git/acconeer/compilers/gcc-arm-none-eabi-7-2018-q2-update/bin/../lib/gcc/arm-none-eabi/7.3.1/../../../../arm-none-eabi/lib/thumb/v6-m/libnosys.a(lseek.o)
 .ARM.attributes
                0x000000000000056d       0x2c /mnt/d/Git/acconeer/compilers/gcc-arm-none-eabi-7-2018-q2-update/bin/../lib/gcc/arm-none-eabi/7.3.1/../../../../arm-none-eabi/lib/thumb/v6-m/libnosys.a(read.o)
 .ARM.attributes
                0x0000000000000599       0x1e /mnt/d/Git/acconeer/compilers/gcc-arm-none-eabi-7-2018-q2-update/bin/../lib/gcc/arm-none-eabi/7.3.1/thumb/v6-m/crtn.o
 .ARM.attributes
                0x00000000000005b7       0x2c /mnt/d/Git/acconeer/compilers/gcc-arm-none-eabi-7-2018-q2-update/bin/../lib/gcc/arm-none-eabi/7.3.1/../../../../arm-none-eabi/lib/thumb/v6-m/libm.a(lib_a-s_cos.o)
 .ARM.attributes
                0x00000000000005e3       0x2c /mnt/d/Git/acconeer/compilers/gcc-arm-none-eabi-7-2018-q2-update/bin/../lib/gcc/arm-none-eabi/7.3.1/../../../../arm-none-eabi/lib/thumb/v6-m/libm.a(lib_a-sf_fmax.o)
 .ARM.attributes
                0x000000000000060f       0x2c /mnt/d/Git/acconeer/compilers/gcc-arm-none-eabi-7-2018-q2-update/bin/../lib/gcc/arm-none-eabi/7.3.1/../../../../arm-none-eabi/lib/thumb/v6-m/libm.a(lib_a-sf_fpclassify.o)
 .ARM.attributes
                0x000000000000063b       0x2c /mnt/d/Git/acconeer/compilers/gcc-arm-none-eabi-7-2018-q2-update/bin/../lib/gcc/arm-none-eabi/7.3.1/../../../../arm-none-eabi/lib/thumb/v6-m/libm.a(lib_a-sf_round.o)
 .ARM.attributes
                0x0000000000000667       0x2c /mnt/d/Git/acconeer/compilers/gcc-arm-none-eabi-7-2018-q2-update/bin/../lib/gcc/arm-none-eabi/7.3.1/../../../../arm-none-eabi/lib/thumb/v6-m/libm.a(lib_a-w_sqrt.o)
 .ARM.attributes
                0x0000000000000693       0x2c /mnt/d/Git/acconeer/compilers/gcc-arm-none-eabi-7-2018-q2-update/bin/../lib/gcc/arm-none-eabi/7.3.1/../../../../arm-none-eabi/lib/thumb/v6-m/libm.a(lib_a-wf_exp.o)
 .ARM.attributes
                0x00000000000006bf       0x2c /mnt/d/Git/acconeer/compilers/gcc-arm-none-eabi-7-2018-q2-update/bin/../lib/gcc/arm-none-eabi/7.3.1/../../../../arm-none-eabi/lib/thumb/v6-m/libm.a(lib_a-wf_log10.o)
 .ARM.attributes
                0x00000000000006eb       0x2c /mnt/d/Git/acconeer/compilers/gcc-arm-none-eabi-7-2018-q2-update/bin/../lib/gcc/arm-none-eabi/7.3.1/../../../../arm-none-eabi/lib/thumb/v6-m/libm.a(lib_a-e_rem_pio2.o)
 .ARM.attributes
                0x0000000000000717       0x2c /mnt/d/Git/acconeer/compilers/gcc-arm-none-eabi-7-2018-q2-update/bin/../lib/gcc/arm-none-eabi/7.3.1/../../../../arm-none-eabi/lib/thumb/v6-m/libm.a(lib_a-e_sqrt.o)
 .ARM.attributes
                0x0000000000000743       0x2c /mnt/d/Git/acconeer/compilers/gcc-arm-none-eabi-7-2018-q2-update/bin/../lib/gcc/arm-none-eabi/7.3.1/../../../../arm-none-eabi/lib/thumb/v6-m/libm.a(lib_a-ef_exp.o)
 .ARM.attributes
                0x000000000000076f       0x2c /mnt/d/Git/acconeer/compilers/gcc-arm-none-eabi-7-2018-q2-update/bin/../lib/gcc/arm-none-eabi/7.3.1/../../../../arm-none-eabi/lib/thumb/v6-m/libm.a(lib_a-ef_log10.o)
 .ARM.attributes
                0x000000000000079b       0x2c /mnt/d/Git/acconeer/compilers/gcc-arm-none-eabi-7-2018-q2-update/bin/../lib/gcc/arm-none-eabi/7.3.1/../../../../arm-none-eabi/lib/thumb/v6-m/libm.a(lib_a-k_cos.o)
 .ARM.attributes
                0x00000000000007c7       0x2c /mnt/d/Git/acconeer/compilers/gcc-arm-none-eabi-7-2018-q2-update/bin/../lib/gcc/arm-none-eabi/7.3.1/../../../../arm-none-eabi/lib/thumb/v6-m/libm.a(lib_a-k_rem_pio2.o)
 .ARM.attributes
                0x00000000000007f3       0x2c /mnt/d/Git/acconeer/compilers/gcc-arm-none-eabi-7-2018-q2-update/bin/../lib/gcc/arm-none-eabi/7.3.1/../../../../arm-none-eabi/lib/thumb/v6-m/libm.a(lib_a-k_sin.o)
 .ARM.attributes
                0x000000000000081f       0x2c /mnt/d/Git/acconeer/compilers/gcc-arm-none-eabi-7-2018-q2-update/bin/../lib/gcc/arm-none-eabi/7.3.1/../../../../arm-none-eabi/lib/thumb/v6-m/libm.a(lib_a-s_fabs.o)
 .ARM.attributes
                0x000000000000084b       0x2c /mnt/d/Git/acconeer/compilers/gcc-arm-none-eabi-7-2018-q2-update/bin/../lib/gcc/arm-none-eabi/7.3.1/../../../../arm-none-eabi/lib/thumb/v6-m/libm.a(lib_a-s_floor.o)
 .ARM.attributes
                0x0000000000000877       0x2c /mnt/d/Git/acconeer/compilers/gcc-arm-none-eabi-7-2018-q2-update/bin/../lib/gcc/arm-none-eabi/7.3.1/../../../../arm-none-eabi/lib/thumb/v6-m/libm.a(lib_a-s_lib_ver.o)
 .ARM.attributes
                0x00000000000008a3       0x2c /mnt/d/Git/acconeer/compilers/gcc-arm-none-eabi-7-2018-q2-update/bin/../lib/gcc/arm-none-eabi/7.3.1/../../../../arm-none-eabi/lib/thumb/v6-m/libm.a(lib_a-s_matherr.o)
 .ARM.attributes
                0x00000000000008cf       0x2c /mnt/d/Git/acconeer/compilers/gcc-arm-none-eabi-7-2018-q2-update/bin/../lib/gcc/arm-none-eabi/7.3.1/../../../../arm-none-eabi/lib/thumb/v6-m/libm.a(lib_a-s_nan.o)
 .ARM.attributes
                0x00000000000008fb       0x2c /mnt/d/Git/acconeer/compilers/gcc-arm-none-eabi-7-2018-q2-update/bin/../lib/gcc/arm-none-eabi/7.3.1/../../../../arm-none-eabi/lib/thumb/v6-m/libm.a(lib_a-s_scalbn.o)
 .ARM.attributes
                0x0000000000000927       0x2c /mnt/d/Git/acconeer/compilers/gcc-arm-none-eabi-7-2018-q2-update/bin/../lib/gcc/arm-none-eabi/7.3.1/../../../../arm-none-eabi/lib/thumb/v6-m/libm.a(lib_a-sf_finite.o)
 .ARM.attributes
                0x0000000000000953       0x2c /mnt/d/Git/acconeer/compilers/gcc-arm-none-eabi-7-2018-q2-update/bin/../lib/gcc/arm-none-eabi/7.3.1/../../../../arm-none-eabi/lib/thumb/v6-m/libm.a(lib_a-ef_log.o)
 .ARM.attributes
                0x000000000000097f       0x2c /mnt/d/Git/acconeer/compilers/gcc-arm-none-eabi-7-2018-q2-update/bin/../lib/gcc/arm-none-eabi/7.3.1/../../../../arm-none-eabi/lib/thumb/v6-m/libm.a(lib_a-s_copysign.o)
 .ARM.attributes
                0x00000000000009ab       0x32 out/lib/libwrapprintf.a(acc_wrap_printf.o)
 .ARM.attributes
                0x00000000000009dd       0x32 out/lib/libwrapprintf.a(printf.o)
 .ARM.attributes
                0x0000000000000a0f       0x1e /mnt/d/Git/acconeer/compilers/gcc-arm-none-eabi-7-2018-q2-update/bin/../lib/gcc/arm-none-eabi/7.3.1/thumb/v6-m/libgcc.a(_thumb1_case_sqi.o)
 .ARM.attributes
                0x0000000000000a2d       0x1e /mnt/d/Git/acconeer/compilers/gcc-arm-none-eabi-7-2018-q2-update/bin/../lib/gcc/arm-none-eabi/7.3.1/thumb/v6-m/libgcc.a(_thumb1_case_uqi.o)
 .ARM.attributes
                0x0000000000000a4b       0x1e /mnt/d/Git/acconeer/compilers/gcc-arm-none-eabi-7-2018-q2-update/bin/../lib/gcc/arm-none-eabi/7.3.1/thumb/v6-m/libgcc.a(_thumb1_case_uhi.o)
 .ARM.attributes
                0x0000000000000a69       0x1e /mnt/d/Git/acconeer/compilers/gcc-arm-none-eabi-7-2018-q2-update/bin/../lib/gcc/arm-none-eabi/7.3.1/thumb/v6-m/libgcc.a(_udivsi3.o)
 .ARM.attributes
                0x0000000000000a87       0x1e /mnt/d/Git/acconeer/compilers/gcc-arm-none-eabi-7-2018-q2-update/bin/../lib/gcc/arm-none-eabi/7.3.1/thumb/v6-m/libgcc.a(_divsi3.o)
 .ARM.attributes
                0x0000000000000aa5       0x1e /mnt/d/Git/acconeer/compilers/gcc-arm-none-eabi-7-2018-q2-update/bin/../lib/gcc/arm-none-eabi/7.3.1/thumb/v6-m/libgcc.a(_dvmd_tls.o)
 .ARM.attributes
                0x0000000000000ac3       0x1e /mnt/d/Git/acconeer/compilers/gcc-arm-none-eabi-7-2018-q2-update/bin/../lib/gcc/arm-none-eabi/7.3.1/thumb/v6-m/libgcc.a(_arm_cmpdf2.o)
 .ARM.attributes
                0x0000000000000ae1       0x1e /mnt/d/Git/acconeer/compilers/gcc-arm-none-eabi-7-2018-q2-update/bin/../lib/gcc/arm-none-eabi/7.3.1/thumb/v6-m/libgcc.a(_arm_cmpsf2.o)
 .ARM.attributes
                0x0000000000000aff       0x1e /mnt/d/Git/acconeer/compilers/gcc-arm-none-eabi-7-2018-q2-update/bin/../lib/gcc/arm-none-eabi/7.3.1/thumb/v6-m/libgcc.a(_aeabi_uldivmod.o)
 .ARM.attributes
                0x0000000000000b1d       0x2c /mnt/d/Git/acconeer/compilers/gcc-arm-none-eabi-7-2018-q2-update/bin/../lib/gcc/arm-none-eabi/7.3.1/thumb/v6-m/libgcc.a(_fixunssfsi.o)
 .ARM.attributes
                0x0000000000000b49       0x2c /mnt/d/Git/acconeer/compilers/gcc-arm-none-eabi-7-2018-q2-update/bin/../lib/gcc/arm-none-eabi/7.3.1/thumb/v6-m/libgcc.a(_udivmoddi4.o)
 .ARM.attributes
                0x0000000000000b75       0x2c /mnt/d/Git/acconeer/compilers/gcc-arm-none-eabi-7-2018-q2-update/bin/../lib/gcc/arm-none-eabi/7.3.1/thumb/v6-m/libgcc.a(eqsf2.o)
 .ARM.attributes
                0x0000000000000ba1       0x2c /mnt/d/Git/acconeer/compilers/gcc-arm-none-eabi-7-2018-q2-update/bin/../lib/gcc/arm-none-eabi/7.3.1/thumb/v6-m/libgcc.a(gesf2.o)
 .ARM.attributes
                0x0000000000000bcd       0x2c /mnt/d/Git/acconeer/compilers/gcc-arm-none-eabi-7-2018-q2-update/bin/../lib/gcc/arm-none-eabi/7.3.1/thumb/v6-m/libgcc.a(lesf2.o)
 .ARM.attributes
                0x0000000000000bf9       0x2c /mnt/d/Git/acconeer/compilers/gcc-arm-none-eabi-7-2018-q2-update/bin/../lib/gcc/arm-none-eabi/7.3.1/thumb/v6-m/libgcc.a(unordsf2.o)
 .ARM.attributes
                0x0000000000000c25       0x2c /mnt/d/Git/acconeer/compilers/gcc-arm-none-eabi-7-2018-q2-update/bin/../lib/gcc/arm-none-eabi/7.3.1/thumb/v6-m/libgcc.a(fixsfsi.o)
 .ARM.attributes
                0x0000000000000c51       0x2c /mnt/d/Git/acconeer/compilers/gcc-arm-none-eabi-7-2018-q2-update/bin/../lib/gcc/arm-none-eabi/7.3.1/thumb/v6-m/libgcc.a(floatsisf.o)
 .ARM.attributes
                0x0000000000000c7d       0x2c /mnt/d/Git/acconeer/compilers/gcc-arm-none-eabi-7-2018-q2-update/bin/../lib/gcc/arm-none-eabi/7.3.1/thumb/v6-m/libgcc.a(floatunsisf.o)
 .ARM.attributes
                0x0000000000000ca9       0x2c /mnt/d/Git/acconeer/compilers/gcc-arm-none-eabi-7-2018-q2-update/bin/../lib/gcc/arm-none-eabi/7.3.1/thumb/v6-m/libgcc.a(adddf3.o)
 .ARM.attributes
                0x0000000000000cd5       0x2c /mnt/d/Git/acconeer/compilers/gcc-arm-none-eabi-7-2018-q2-update/bin/../lib/gcc/arm-none-eabi/7.3.1/thumb/v6-m/libgcc.a(divdf3.o)
 .ARM.attributes
                0x0000000000000d01       0x2c /mnt/d/Git/acconeer/compilers/gcc-arm-none-eabi-7-2018-q2-update/bin/../lib/gcc/arm-none-eabi/7.3.1/thumb/v6-m/libgcc.a(eqdf2.o)
 .ARM.attributes
                0x0000000000000d2d       0x2c /mnt/d/Git/acconeer/compilers/gcc-arm-none-eabi-7-2018-q2-update/bin/../lib/gcc/arm-none-eabi/7.3.1/thumb/v6-m/libgcc.a(gedf2.o)
 .ARM.attributes
                0x0000000000000d59       0x2c /mnt/d/Git/acconeer/compilers/gcc-arm-none-eabi-7-2018-q2-update/bin/../lib/gcc/arm-none-eabi/7.3.1/thumb/v6-m/libgcc.a(ledf2.o)
 .ARM.attributes
                0x0000000000000d85       0x2c /mnt/d/Git/acconeer/compilers/gcc-arm-none-eabi-7-2018-q2-update/bin/../lib/gcc/arm-none-eabi/7.3.1/thumb/v6-m/libgcc.a(muldf3.o)
 .ARM.attributes
                0x0000000000000db1       0x2c /mnt/d/Git/acconeer/compilers/gcc-arm-none-eabi-7-2018-q2-update/bin/../lib/gcc/arm-none-eabi/7.3.1/thumb/v6-m/libgcc.a(subdf3.o)
 .ARM.attributes
                0x0000000000000ddd       0x2c /mnt/d/Git/acconeer/compilers/gcc-arm-none-eabi-7-2018-q2-update/bin/../lib/gcc/arm-none-eabi/7.3.1/thumb/v6-m/libgcc.a(unorddf2.o)
 .ARM.attributes
                0x0000000000000e09       0x2c /mnt/d/Git/acconeer/compilers/gcc-arm-none-eabi-7-2018-q2-update/bin/../lib/gcc/arm-none-eabi/7.3.1/thumb/v6-m/libgcc.a(fixdfsi.o)
 .ARM.attributes
                0x0000000000000e35       0x2c /mnt/d/Git/acconeer/compilers/gcc-arm-none-eabi-7-2018-q2-update/bin/../lib/gcc/arm-none-eabi/7.3.1/thumb/v6-m/libgcc.a(floatsidf.o)
 .ARM.attributes
                0x0000000000000e61       0x2c /mnt/d/Git/acconeer/compilers/gcc-arm-none-eabi-7-2018-q2-update/bin/../lib/gcc/arm-none-eabi/7.3.1/thumb/v6-m/libgcc.a(floatunsidf.o)
 .ARM.attributes
                0x0000000000000e8d       0x2c /mnt/d/Git/acconeer/compilers/gcc-arm-none-eabi-7-2018-q2-update/bin/../lib/gcc/arm-none-eabi/7.3.1/thumb/v6-m/libgcc.a(extendsfdf2.o)
 .ARM.attributes
                0x0000000000000eb9       0x2c /mnt/d/Git/acconeer/compilers/gcc-arm-none-eabi-7-2018-q2-update/bin/../lib/gcc/arm-none-eabi/7.3.1/thumb/v6-m/libgcc.a(truncdfsf2.o)
 .ARM.attributes
                0x0000000000000ee5       0x1e /mnt/d/Git/acconeer/compilers/gcc-arm-none-eabi-7-2018-q2-update/bin/../lib/gcc/arm-none-eabi/7.3.1/thumb/v6-m/libgcc.a(_clzdi2.o)
 .ARM.attributes
                0x0000000000000f03       0x2c /mnt/d/Git/acconeer/compilers/gcc-arm-none-eabi-7-2018-q2-update/bin/../lib/gcc/arm-none-eabi/7.3.1/../../../../arm-none-eabi/lib/thumb/v6-m/libg_nano.a(lib_a-malloc.o)
 .ARM.attributes
                0x0000000000000f2f       0x2c /mnt/d/Git/acconeer/compilers/gcc-arm-none-eabi-7-2018-q2-update/bin/../lib/gcc/arm-none-eabi/7.3.1/../../../../arm-none-eabi/lib/thumb/v6-m/libg_nano.a(lib_a-memcpy-stub.o)
 .ARM.attributes
                0x0000000000000f5b       0x2c /mnt/d/Git/acconeer/compilers/gcc-arm-none-eabi-7-2018-q2-update/bin/../lib/gcc/arm-none-eabi/7.3.1/../../../../arm-none-eabi/lib/thumb/v6-m/libg_nano.a(lib_a-memmove.o)
 .ARM.attributes
                0x0000000000000f87       0x1c /mnt/d/Git/acconeer/compilers/gcc-arm-none-eabi-7-2018-q2-update/bin/../lib/gcc/arm-none-eabi/7.3.1/../../../../arm-none-eabi/lib/thumb/v6-m/libg_nano.a(lib_a-strlen.o)
OUTPUT(out/main.elf elf32-littlearm)

.debug_info     0x0000000000000000    0x2d55e
 .debug_info    0x0000000000000000    0x1eba5 /tmp/ccI063KQ.ltrans0.ltrans.o
 .debug_info    0x000000000001eba5     0xbb3e /tmp/ccI063KQ.ltrans1.ltrans.o
 .debug_info    0x000000000002a6e3      0x7fc out/obj/syscalls.o
 .debug_info    0x000000000002aedf      0x9a7 out/obj/sysmem.o
 .debug_info    0x000000000002b886      0xd4a out/lib/libwrapprintf.a(acc_wrap_printf.o)
 .debug_info    0x000000000002c5d0      0xf8e out/lib/libwrapprintf.a(printf.o)

.debug_abbrev   0x0000000000000000     0x1c18
 .debug_abbrev  0x0000000000000000      0xa10 /tmp/ccI063KQ.ltrans0.ltrans.o
 .debug_abbrev  0x0000000000000a10      0x8c3 /tmp/ccI063KQ.ltrans1.ltrans.o
 .debug_abbrev  0x00000000000012d3      0x187 out/obj/syscalls.o
 .debug_abbrev  0x000000000000145a      0x1f9 out/obj/sysmem.o
 .debug_abbrev  0x0000000000001653      0x2c7 out/lib/libwrapprintf.a(acc_wrap_printf.o)
 .debug_abbrev  0x000000000000191a      0x2fe out/lib/libwrapprintf.a(printf.o)

.debug_loc      0x0000000000000000    0x1919f
 .debug_loc     0x0000000000000000    0x1224a /tmp/ccI063KQ.ltrans0.ltrans.o
 .debug_loc     0x000000000001224a     0x55cc /tmp/ccI063KQ.ltrans1.ltrans.o
 .debug_loc     0x0000000000017816       0x6b out/obj/syscalls.o
 .debug_loc     0x0000000000017881       0x4a out/obj/sysmem.o
 .debug_loc     0x00000000000178cb      0x279 out/lib/libwrapprintf.a(acc_wrap_printf.o)
 .debug_loc     0x0000000000017b44     0x165b out/lib/libwrapprintf.a(printf.o)

.debug_aranges  0x0000000000000000      0x168
 .debug_aranges
                0x0000000000000000       0x28 /tmp/ccI063KQ.ltrans0.ltrans.o
 .debug_aranges
                0x0000000000000028       0x20 /tmp/ccI063KQ.ltrans1.ltrans.o
 .debug_aranges
                0x0000000000000048       0x20 out/obj/syscalls.o
 .debug_aranges
                0x0000000000000068       0x20 out/obj/sysmem.o
 .debug_aranges
                0x0000000000000088       0x50 out/lib/libwrapprintf.a(acc_wrap_printf.o)
 .debug_aranges
                0x00000000000000d8       0x90 out/lib/libwrapprintf.a(printf.o)

.debug_ranges   0x0000000000000000     0x5d08
 .debug_ranges  0x0000000000000000     0x4da0 /tmp/ccI063KQ.ltrans0.ltrans.o
 .debug_ranges  0x0000000000004da0      0xd70 /tmp/ccI063KQ.ltrans1.ltrans.o
 .debug_ranges  0x0000000000005b10       0x10 out/obj/syscalls.o
 .debug_ranges  0x0000000000005b20       0x10 out/obj/sysmem.o
 .debug_ranges  0x0000000000005b30       0x40 out/lib/libwrapprintf.a(acc_wrap_printf.o)
 .debug_ranges  0x0000000000005b70      0x198 out/lib/libwrapprintf.a(printf.o)

.debug_line     0x0000000000000000     0x7ff7
 .debug_line    0x0000000000000000     0x5170 /tmp/ccI063KQ.ltrans0.ltrans.o
 .debug_line    0x0000000000005170     0x2267 /tmp/ccI063KQ.ltrans1.ltrans.o
 .debug_line    0x00000000000073d7      0x270 out/obj/syscalls.o
 .debug_line    0x0000000000007647      0x1c5 out/obj/sysmem.o
 .debug_line    0x000000000000780c      0x2d1 out/lib/libwrapprintf.a(acc_wrap_printf.o)
 .debug_line    0x0000000000007add      0x51a out/lib/libwrapprintf.a(printf.o)

.debug_str      0x0000000000000000     0xcb4c
 .debug_str     0x0000000000000000     0x9d20 /tmp/ccI063KQ.ltrans0.ltrans.o
                                       0xb27b (size before relaxing)
 .debug_str     0x0000000000009d20     0x20fc /tmp/ccI063KQ.ltrans1.ltrans.o
                                       0x6119 (size before relaxing)
 .debug_str     0x000000000000be1c      0x66f out/obj/syscalls.o
                                        0x74e (size before relaxing)
 .debug_str     0x000000000000c48b      0x4f8 out/obj/sysmem.o
                                        0x620 (size before relaxing)
 .debug_str     0x000000000000c983       0xb3 out/lib/libwrapprintf.a(acc_wrap_printf.o)
                                        0x680 (size before relaxing)
 .debug_str     0x000000000000ca36      0x116 out/lib/libwrapprintf.a(printf.o)
                                        0x337 (size before relaxing)

.comment        0x0000000000000000       0x7f
 .comment       0x0000000000000000       0x80 /tmp/ccI063KQ.ltrans0.ltrans.o
 .comment       0x0000000000000000       0x80 /tmp/ccI063KQ.ltrans1.ltrans.o
 .comment       0x0000000000000000       0x7f out/obj/syscalls.o
                                         0x80 (size before relaxing)
 .comment       0x000000000000007f       0x80 out/obj/sysmem.o
 .comment       0x000000000000007f       0x80 out/lib/libwrapprintf.a(acc_wrap_printf.o)
 .comment       0x000000000000007f       0x80 out/lib/libwrapprintf.a(printf.o)

.debug_frame    0x0000000000000000     0x3084
 .debug_frame   0x0000000000000000     0x1400 /tmp/ccI063KQ.ltrans0.ltrans.o
 .debug_frame   0x0000000000001400      0xa94 /tmp/ccI063KQ.ltrans1.ltrans.o
 .debug_frame   0x0000000000001e94       0x28 out/obj/syscalls.o
 .debug_frame   0x0000000000001ebc       0x28 out/obj/sysmem.o
 .debug_frame   0x0000000000001ee4       0x2c /mnt/d/Git/acconeer/compilers/gcc-arm-none-eabi-7-2018-q2-update/bin/../lib/gcc/arm-none-eabi/7.3.1/../../../../arm-none-eabi/lib/thumb/v6-m/libm.a(lib_a-ef_sqrt.o)
 .debug_frame   0x0000000000001f10       0x38 /mnt/d/Git/acconeer/compilers/gcc-arm-none-eabi-7-2018-q2-update/bin/../lib/gcc/arm-none-eabi/7.3.1/thumb/v6-m/libgcc.a(addsf3.o)
 .debug_frame   0x0000000000001f48       0x3c /mnt/d/Git/acconeer/compilers/gcc-arm-none-eabi-7-2018-q2-update/bin/../lib/gcc/arm-none-eabi/7.3.1/thumb/v6-m/libgcc.a(divsf3.o)
 .debug_frame   0x0000000000001f84       0x3c /mnt/d/Git/acconeer/compilers/gcc-arm-none-eabi-7-2018-q2-update/bin/../lib/gcc/arm-none-eabi/7.3.1/thumb/v6-m/libgcc.a(mulsf3.o)
 .debug_frame   0x0000000000001fc0       0x38 /mnt/d/Git/acconeer/compilers/gcc-arm-none-eabi-7-2018-q2-update/bin/../lib/gcc/arm-none-eabi/7.3.1/thumb/v6-m/libgcc.a(subsf3.o)
 .debug_frame   0x0000000000001ff8       0x20 /mnt/d/Git/acconeer/compilers/gcc-arm-none-eabi-7-2018-q2-update/bin/../lib/gcc/arm-none-eabi/7.3.1/../../../../arm-none-eabi/lib/thumb/v6-m/libg_nano.a(lib_a-errno.o)
 .debug_frame   0x0000000000002018       0x68 /mnt/d/Git/acconeer/compilers/gcc-arm-none-eabi-7-2018-q2-update/bin/../lib/gcc/arm-none-eabi/7.3.1/../../../../arm-none-eabi/lib/thumb/v6-m/libg_nano.a(lib_a-fflush.o)